classify	Set up job	﻿2026-10-03T13:41:46.8029952Z Current runner version: '2.337.0'
classify	Set up job	2026-10-03T13:41:46.8055383Z ##[group]Runner Image Provisioner
classify	Set up job	2026-10-03T13:41:46.8056326Z Hosted Compute Agent
classify	Set up job	2026-10-03T13:41:46.8057071Z Version: 20260901.588
classify	Set up job	2026-10-03T13:41:46.8057747Z Commit: f88ec8081b781fac6c440065ac7ff9e710ce3d0b
classify	Set up job	2026-10-03T13:41:46.8058492Z Build Date: 2026-09-01T19:56:44Z
classify	Set up job	2026-10-03T13:41:46.8059490Z Worker ID: {a036836d-c4e6-48bf-b45d-e80a3f240a57}
classify	Set up job	2026-10-03T13:41:46.8060258Z Azure Region: westus2
classify	Set up job	2026-10-03T13:41:46.8060899Z ##[endgroup]
classify	Set up job	2026-10-03T13:41:46.8062472Z ##[group]Operating System
classify	Set up job	2026-10-03T13:41:46.8063128Z Ubuntu
classify	Set up job	2026-10-03T13:41:46.8063774Z 24.04.5
classify	Set up job	2026-10-03T13:41:46.8064314Z LTS
classify	Set up job	2026-10-03T13:41:46.8064880Z ##[endgroup]
classify	Set up job	2026-10-03T13:41:46.8065504Z ##[group]Runner Image
classify	Set up job	2026-10-03T13:41:46.8066116Z Image: ubuntu-24.04
classify	Set up job	2026-10-03T13:41:46.8066747Z Version: 20260927.320.1
classify	Set up job	2026-10-03T13:41:46.8067825Z Included Software: https://github.com/actions/runner-images/blob/ubuntu24/20260927.320/images/ubuntu/Ubuntu2404-Readme.md
classify	Set up job	2026-10-03T13:41:46.8069896Z Image Release: https://github.com/actions/runner-images/releases/tag/ubuntu24%2F20260927.320
classify	Set up job	2026-10-03T13:41:46.8070931Z ##[endgroup]
classify	Set up job	2026-10-03T13:41:46.8072154Z ##[group]GITHUB_TOKEN Permissions
classify	Set up job	2026-10-03T13:41:46.8074004Z Contents: read
classify	Set up job	2026-10-03T13:41:46.8074788Z Metadata: read
classify	Set up job	2026-10-03T13:41:46.8075385Z ##[endgroup]
classify	Set up job	2026-10-03T13:41:46.8077509Z Secret source: Actions
classify	Set up job	2026-10-03T13:41:46.8078602Z Cache mode: write
classify	Set up job	2026-10-03T13:41:46.8079574Z Prepare workflow directory
classify	Set up job	2026-10-03T13:41:46.8414258Z Prepare all required actions
classify	Set up job	2026-10-03T13:41:46.8463098Z Getting action download info
classify	Set up job	2026-10-03T13:41:47.2176748Z Download action repository 'actions/checkout@v4' (SHA:11d5960a326750d5838078e36cf38b85af677262)
classify	Set up job	2026-10-03T13:41:47.4157521Z Complete job name: classify
classify	Run actions/checkout@v4	﻿2026-10-03T13:41:47.4952571Z ##[group]Run actions/checkout@v4
classify	Run actions/checkout@v4	2026-10-03T13:41:47.4953485Z with:
classify	Run actions/checkout@v4	2026-10-03T13:41:47.4954051Z   fetch-depth: 0
classify	Run actions/checkout@v4	2026-10-03T13:41:47.4954571Z   ref: a78f7f96227e25980c5a51255e92a2e6a34a1bf0
classify	Run actions/checkout@v4	2026-10-03T13:41:47.4955244Z   repository: nilesthump/IM-platform
classify	Run actions/checkout@v4	2026-10-03T13:41:47.4959518Z   token: ***
classify	Run actions/checkout@v4	2026-10-03T13:41:47.4959989Z   ssh-strict: true
classify	Run actions/checkout@v4	2026-10-03T13:41:47.4960451Z   ssh-user: git
classify	Run actions/checkout@v4	2026-10-03T13:41:47.4960922Z   persist-credentials: true
classify	Run actions/checkout@v4	2026-10-03T13:41:47.4961438Z   clean: true
classify	Run actions/checkout@v4	2026-10-03T13:41:47.4961910Z   sparse-checkout-cone-mode: true
classify	Run actions/checkout@v4	2026-10-03T13:41:47.4962458Z   fetch-tags: false
classify	Run actions/checkout@v4	2026-10-03T13:41:47.4962921Z   show-progress: true
classify	Run actions/checkout@v4	2026-10-03T13:41:47.4963384Z   lfs: false
classify	Run actions/checkout@v4	2026-10-03T13:41:47.4963820Z   submodules: false
classify	Run actions/checkout@v4	2026-10-03T13:41:47.4964283Z   set-safe-directory: true
classify	Run actions/checkout@v4	2026-10-03T13:41:47.4964806Z   allow-unsafe-pr-checkout: false
classify	Run actions/checkout@v4	2026-10-03T13:41:47.4965623Z ##[endgroup]
classify	Run actions/checkout@v4	2026-10-03T13:41:47.6018629Z Syncing repository: nilesthump/IM-platform
classify	Run actions/checkout@v4	2026-10-03T13:41:47.6021832Z ##[group]Getting Git version info
classify	Run actions/checkout@v4	2026-10-03T13:41:47.6023248Z Working directory is '/home/runner/work/IM-platform/IM-platform'
classify	Run actions/checkout@v4	2026-10-03T13:41:47.6025156Z [command]/usr/bin/git version
classify	Run actions/checkout@v4	2026-10-03T13:41:47.6139930Z git version 2.55.0
classify	Run actions/checkout@v4	2026-10-03T13:41:47.6162896Z ##[endgroup]
classify	Run actions/checkout@v4	2026-10-03T13:41:47.6180735Z Temporarily overriding HOME='/home/runner/work/_temp/186db771-28b4-4641-b811-fefd72438303' before making global git config changes
classify	Run actions/checkout@v4	2026-10-03T13:41:47.6183194Z Adding repository directory to the temporary git global config as a safe directory
classify	Run actions/checkout@v4	2026-10-03T13:41:47.6187728Z [command]/usr/bin/git config --global --add safe.directory /home/runner/work/IM-platform/IM-platform
classify	Run actions/checkout@v4	2026-10-03T13:41:47.6250871Z Deleting the contents of '/home/runner/work/IM-platform/IM-platform'
classify	Run actions/checkout@v4	2026-10-03T13:41:47.6255216Z ##[group]Initializing the repository
classify	Run actions/checkout@v4	2026-10-03T13:41:47.6260801Z [command]/usr/bin/git init /home/runner/work/IM-platform/IM-platform
classify	Run actions/checkout@v4	2026-10-03T13:41:47.6394513Z hint: Using 'master' as the name for the initial branch. This default branch name
classify	Run actions/checkout@v4	2026-10-03T13:41:47.6396477Z hint: will change to "main" in Git 3.0. To configure the initial branch name
classify	Run actions/checkout@v4	2026-10-03T13:41:47.6398336Z hint: to use in all of your new repositories, which will suppress this warning,
classify	Run actions/checkout@v4	2026-10-03T13:41:47.6400652Z hint: call:
classify	Run actions/checkout@v4	2026-10-03T13:41:47.6401677Z hint:
classify	Run actions/checkout@v4	2026-10-03T13:41:47.6403097Z hint: 	git config --global init.defaultBranch <name>
classify	Run actions/checkout@v4	2026-10-03T13:41:47.6404188Z hint:
classify	Run actions/checkout@v4	2026-10-03T13:41:47.6405299Z hint: Names commonly chosen instead of 'master' are 'main', 'trunk' and
classify	Run actions/checkout@v4	2026-10-03T13:41:47.6406654Z hint: 'development'. The just-created branch can be renamed via this command:
classify	Run actions/checkout@v4	2026-10-03T13:41:47.6407792Z hint:
classify	Run actions/checkout@v4	2026-10-03T13:41:47.6409025Z hint: 	git branch -m <name>
classify	Run actions/checkout@v4	2026-10-03T13:41:47.6410098Z hint:
classify	Run actions/checkout@v4	2026-10-03T13:41:47.6411197Z hint: Disable this message with "git config set advice.defaultBranchName false"
classify	Run actions/checkout@v4	2026-10-03T13:41:47.6412939Z Initialized empty Git repository in /home/runner/work/IM-platform/IM-platform/.git/
classify	Run actions/checkout@v4	2026-10-03T13:41:47.6415776Z [command]/usr/bin/git remote add origin https://github.com/nilesthump/IM-platform
classify	Run actions/checkout@v4	2026-10-03T13:41:47.6474185Z ##[endgroup]
classify	Run actions/checkout@v4	2026-10-03T13:41:47.6475538Z ##[group]Disabling automatic garbage collection
classify	Run actions/checkout@v4	2026-10-03T13:41:47.6478934Z [command]/usr/bin/git config --local gc.auto 0
classify	Run actions/checkout@v4	2026-10-03T13:41:47.6514901Z ##[endgroup]
classify	Run actions/checkout@v4	2026-10-03T13:41:47.6516179Z ##[group]Setting up auth
classify	Run actions/checkout@v4	2026-10-03T13:41:47.6525656Z [command]/usr/bin/git config --local --name-only --get-regexp core\.sshCommand
classify	Run actions/checkout@v4	2026-10-03T13:41:47.6560360Z [command]/usr/bin/git submodule foreach --recursive sh -c "git config --local --name-only --get-regexp 'core\.sshCommand' && git config --local --unset-all 'core.sshCommand' || :"
classify	Run actions/checkout@v4	2026-10-03T13:41:47.6976735Z [command]/usr/bin/git config --local --name-only --get-regexp http\.https\:\/\/github\.com\/\.extraheader
classify	Run actions/checkout@v4	2026-10-03T13:41:47.7016773Z [command]/usr/bin/git submodule foreach --recursive sh -c "git config --local --name-only --get-regexp 'http\.https\:\/\/github\.com\/\.extraheader' && git config --local --unset-all 'http.https://github.com/.extraheader' || :"
classify	Run actions/checkout@v4	2026-10-03T13:41:47.7240367Z [command]/usr/bin/git config --local --name-only --get-regexp ^includeIf\.gitdir:
classify	Run actions/checkout@v4	2026-10-03T13:41:47.7276268Z [command]/usr/bin/git submodule foreach --recursive git config --local --show-origin --name-only --get-regexp remote.origin.url
classify	Run actions/checkout@v4	2026-10-03T13:41:47.7499959Z [command]/usr/bin/git config --local http.https://github.com/.extraheader AUTHORIZATION: basic ***
classify	Run actions/checkout@v4	2026-10-03T13:41:47.7539777Z ##[endgroup]
classify	Run actions/checkout@v4	2026-10-03T13:41:47.7540617Z ##[group]Fetching the repository
classify	Run actions/checkout@v4	2026-10-03T13:41:47.7549901Z [command]/usr/bin/git -c protocol.version=2 fetch --prune --no-recurse-submodules origin +refs/heads/*:refs/remotes/origin/* +refs/tags/*:refs/tags/*
classify	Run actions/checkout@v4	2026-10-03T13:41:49.5634359Z From https://github.com/nilesthump/IM-platform
classify	Run actions/checkout@v4	2026-10-03T13:41:49.5636693Z  * [new branch]      docs/workspace-constraints-20261003 -> origin/docs/workspace-constraints-20261003
classify	Run actions/checkout@v4	2026-10-03T13:41:49.5639381Z  * [new branch]      fix/LOOP1-CI-001-s0-placeholder -> origin/fix/LOOP1-CI-001-s0-placeholder
classify	Run actions/checkout@v4	2026-10-03T13:41:49.5641193Z  * [new branch]      main                   -> origin/main
classify	Run actions/checkout@v4	2026-10-03T13:41:49.5642804Z  * [new branch]      recovery/s1-handoff-20261001 -> origin/recovery/s1-handoff-20261001
classify	Run actions/checkout@v4	2026-10-03T13:41:49.5644934Z  * [new branch]      recovery/s2-open-record-20261001 -> origin/recovery/s2-open-record-20261001
classify	Run actions/checkout@v4	2026-10-03T13:41:49.5646892Z  * [new branch]      rollback/pr7-20261001  -> origin/rollback/pr7-20261001
classify	Run actions/checkout@v4	2026-10-03T13:41:49.5648691Z  * [new branch]      task/LOOP1-ARCH-REMEDIATION -> origin/task/LOOP1-ARCH-REMEDIATION
classify	Run actions/checkout@v4	2026-10-03T13:41:49.5650771Z  * [new branch]      task/LOOP1-CI-001      -> origin/task/LOOP1-CI-001
classify	Run actions/checkout@v4	2026-10-03T13:41:49.5652941Z  * [new branch]      task/LOOP1-CLIENT-ARCH-CLARIFICATION-001 -> origin/task/LOOP1-CLIENT-ARCH-CLARIFICATION-001
classify	Run actions/checkout@v4	2026-10-03T13:41:49.5655529Z  * [new branch]      task/LOOP1-CLIENT-MVP-PLAN-20261003 -> origin/task/LOOP1-CLIENT-MVP-PLAN-20261003
classify	Run actions/checkout@v4	2026-10-03T13:41:49.5657688Z  * [new branch]      task/LOOP1-CLIENT-SEND-001 -> origin/task/LOOP1-CLIENT-SEND-001
classify	Run actions/checkout@v4	2026-10-03T13:41:49.5660044Z  * [new branch]      task/LOOP1-CLIENT-SQLITE-001 -> origin/task/LOOP1-CLIENT-SQLITE-001
classify	Run actions/checkout@v4	2026-10-03T13:41:49.5662378Z  * [new branch]      task/LOOP1-CLIENT-SQLITE-001-ts-kotlin -> origin/task/LOOP1-CLIENT-SQLITE-001-ts-kotlin
classify	Run actions/checkout@v4	2026-10-03T13:41:49.5664855Z  * [new branch]      task/LOOP1-CLIENT-UI-ARCH-001 -> origin/task/LOOP1-CLIENT-UI-ARCH-001
classify	Run actions/checkout@v4	2026-10-03T13:41:49.5666842Z  * [new branch]      task/LOOP1-E2E-001     -> origin/task/LOOP1-E2E-001
classify	Run actions/checkout@v4	2026-10-03T13:41:49.5668525Z  * [new branch]      task/LOOP1-GO-AUTH-001 -> origin/task/LOOP1-GO-AUTH-001
classify	Run actions/checkout@v4	2026-10-03T13:41:49.5670491Z  * [new branch]      task/LOOP1-GO-MSG-001  -> origin/task/LOOP1-GO-MSG-001
classify	Run actions/checkout@v4	2026-10-03T13:41:49.5672348Z  * [new branch]      task/LOOP1-GO-SOCIAL-001-v1.1 -> origin/task/LOOP1-GO-SOCIAL-001-v1.1
classify	Run actions/checkout@v4	2026-10-03T13:41:49.5674234Z  * [new branch]      task/LOOP1-SYNC-001    -> origin/task/LOOP1-SYNC-001
classify	Run actions/checkout@v4	2026-10-03T13:41:49.5678273Z [command]/usr/bin/git rev-parse --verify --quiet a78f7f96227e25980c5a51255e92a2e6a34a1bf0^{object}
classify	Run actions/checkout@v4	2026-10-03T13:41:49.5706820Z a78f7f96227e25980c5a51255e92a2e6a34a1bf0
classify	Run actions/checkout@v4	2026-10-03T13:41:49.5714618Z ##[endgroup]
classify	Run actions/checkout@v4	2026-10-03T13:41:49.5716565Z ##[group]Determining the checkout info
classify	Run actions/checkout@v4	2026-10-03T13:41:49.5718407Z ##[endgroup]
classify	Run actions/checkout@v4	2026-10-03T13:41:49.5730799Z [command]/usr/bin/git sparse-checkout disable
classify	Run actions/checkout@v4	2026-10-03T13:41:49.5787496Z [command]/usr/bin/git config --local --unset-all extensions.worktreeConfig
classify	Run actions/checkout@v4	2026-10-03T13:41:49.5830070Z ##[group]Checking out the ref
classify	Run actions/checkout@v4	2026-10-03T13:41:49.5833679Z [command]/usr/bin/git checkout --progress --force a78f7f96227e25980c5a51255e92a2e6a34a1bf0
classify	Run actions/checkout@v4	2026-10-03T13:41:50.1311188Z Note: switching to 'a78f7f96227e25980c5a51255e92a2e6a34a1bf0'.
classify	Run actions/checkout@v4	2026-10-03T13:41:50.1312886Z 
classify	Run actions/checkout@v4	2026-10-03T13:41:50.1313411Z You are in 'detached HEAD' state. You can look around, make experimental
classify	Run actions/checkout@v4	2026-10-03T13:41:50.1314570Z changes and commit them, and you can discard any commits you make in this
classify	Run actions/checkout@v4	2026-10-03T13:41:50.1315659Z state without impacting any branches by switching back to a branch.
classify	Run actions/checkout@v4	2026-10-03T13:41:50.1316542Z 
classify	Run actions/checkout@v4	2026-10-03T13:41:50.1316960Z If you want to create a new branch to retain commits you create, you may
classify	Run actions/checkout@v4	2026-10-03T13:41:50.1317932Z do so (now or later) by using -c with the switch command. Example:
classify	Run actions/checkout@v4	2026-10-03T13:41:50.1318474Z 
classify	Run actions/checkout@v4	2026-10-03T13:41:50.1319009Z   git switch -c <new-branch-name>
classify	Run actions/checkout@v4	2026-10-03T13:41:50.1319484Z 
classify	Run actions/checkout@v4	2026-10-03T13:41:50.1319748Z Or undo this operation with:
classify	Run actions/checkout@v4	2026-10-03T13:41:50.1320103Z 
classify	Run actions/checkout@v4	2026-10-03T13:41:50.1320344Z   git switch -
classify	Run actions/checkout@v4	2026-10-03T13:41:50.1320659Z 
classify	Run actions/checkout@v4	2026-10-03T13:41:50.1321204Z Turn off this advice by setting config variable advice.detachedHead to false
classify	Run actions/checkout@v4	2026-10-03T13:41:50.1321850Z 
classify	Run actions/checkout@v4	2026-10-03T13:41:50.1322312Z HEAD is now at a78f7f9 Complete sealed Go implementation prompt provenance
classify	Run actions/checkout@v4	2026-10-03T13:41:50.1349997Z ##[endgroup]
classify	Run actions/checkout@v4	2026-10-03T13:41:50.1401903Z [command]/usr/bin/git log -1 --format=%H
classify	Run actions/checkout@v4	2026-10-03T13:41:50.1433825Z a78f7f96227e25980c5a51255e92a2e6a34a1bf0
classify	Diagnose checkout status	﻿2026-10-03T13:41:50.1649821Z ##[group]Run $status = @(git -c core.excludesFile=.git/info/exclude status --porcelain=v1 --untracked-files=all 2>&1)
classify	Diagnose checkout status	2026-10-03T13:41:50.1650823Z ^[[36;1m$status = @(git -c core.excludesFile=.git/info/exclude status --porcelain=v1 --untracked-files=all 2>&1)^[[0m
classify	Diagnose checkout status	2026-10-03T13:41:50.1651494Z ^[[36;1mif ($LASTEXITCODE -ne 0) { exit $LASTEXITCODE }^[[0m
classify	Diagnose checkout status	2026-10-03T13:41:50.1651959Z ^[[36;1mWrite-Host "checkout_status_entries=$($status.Count)"^[[0m
classify	Diagnose checkout status	2026-10-03T13:41:50.1652480Z ^[[36;1mforeach ($entry in $status) { Write-Host "checkout_status=$entry" }^[[0m
classify	Diagnose checkout status	2026-10-03T13:41:50.1681475Z shell: /usr/bin/pwsh -command ". '{0}'"
classify	Diagnose checkout status	2026-10-03T13:41:50.1681862Z ##[endgroup]
classify	Diagnose checkout status	2026-10-03T13:41:51.6070449Z checkout_status_entries=0
classify	Verify clean repository recovery	﻿2026-10-03T13:41:51.7002046Z ##[group]Run ./tools/verify-loop1-ctrl-002.ps1 -Mode Acceptance
classify	Verify clean repository recovery	2026-10-03T13:41:51.7002584Z ^[[36;1m./tools/verify-loop1-ctrl-002.ps1 -Mode Acceptance^[[0m
classify	Verify clean repository recovery	2026-10-03T13:41:51.7027885Z shell: /usr/bin/pwsh -command ". '{0}'"
classify	Verify clean repository recovery	2026-10-03T13:41:51.7028199Z ##[endgroup]
classify	Verify clean repository recovery	2026-10-03T13:42:14.4605850Z PASS: generic repository recovery verified task=LOOP1-SYNC-GO-001 state=review mode=Acceptance queues=5 task_specs=30.
classify	Verify clean repository recovery	2026-10-03T13:42:14.4615220Z GIT: branch=HEAD status_entries=0 diff_lines=0 recent_commits=5.
classify	Test path matrix	﻿2026-10-03T13:42:14.5115432Z ##[group]Run python3 -m unittest discover -s tests/ci -v
classify	Test path matrix	2026-10-03T13:42:14.5115890Z ^[[36;1mpython3 -m unittest discover -s tests/ci -v^[[0m
classify	Test path matrix	2026-10-03T13:42:14.5179689Z shell: /usr/bin/bash -e {0}
classify	Test path matrix	2026-10-03T13:42:14.5179967Z env:
classify	Test path matrix	2026-10-03T13:42:14.5180181Z   PYTHONDONTWRITEBYTECODE: 1
classify	Test path matrix	2026-10-03T13:42:14.5180441Z ##[endgroup]
classify	Test path matrix	2026-10-03T13:42:14.6253764Z test_actual_storage_runner_and_deleted_fixture_select_actual_clients (test_classify.ClientStoragePaths.test_actual_storage_runner_and_deleted_fixture_select_actual_clients) ... ok
classify	Test path matrix	2026-10-03T13:42:14.6256174Z test_ci_changes_run_all_jobs (test_classify.PathMatrixTests.test_ci_changes_run_all_jobs) ... ok
classify	Test path matrix	2026-10-03T13:42:14.6257440Z test_client_changes_always_select_architecture (test_classify.PathMatrixTests.test_client_changes_always_select_architecture) ... ok
classify	Test path matrix	2026-10-03T13:42:14.6554214Z test_deleted_e2e_path_still_selects_live_checks (test_classify.PathMatrixTests.test_deleted_e2e_path_still_selects_live_checks) ... ok
classify	Test path matrix	2026-10-03T13:42:14.6801938Z test_deleted_send_fixture_still_runs_actual_checks (test_classify.PathMatrixTests.test_deleted_send_fixture_still_runs_actual_checks) ... ok
classify	Test path matrix	2026-10-03T13:42:14.6804041Z test_deploy_changes_run_deploy_validation (test_classify.PathMatrixTests.test_deploy_changes_run_deploy_validation) ... ok
classify	Test path matrix	2026-10-03T13:42:14.6806378Z test_e2e_paths_select_go_deploy_and_boundaries (test_classify.PathMatrixTests.test_e2e_paths_select_go_deploy_and_boundaries) ... ok
classify	Test path matrix	2026-10-03T13:42:14.7544727Z test_git_diff_includes_both_sides_of_shared_renames (test_classify.PathMatrixTests.test_git_diff_includes_both_sides_of_shared_renames) ... ok
classify	Test path matrix	2026-10-03T13:42:14.7795132Z test_git_diff_includes_deleted_shared_file (test_classify.PathMatrixTests.test_git_diff_includes_deleted_shared_file) ... ok
classify	Test path matrix	2026-10-03T13:42:14.7803837Z test_github_outputs_are_lowercase_booleans (test_classify.PathMatrixTests.test_github_outputs_are_lowercase_booleans) ... ok
classify	Test path matrix	2026-10-03T13:42:14.7807770Z test_governance_changes_cannot_skip_architecture (test_classify.PathMatrixTests.test_governance_changes_cannot_skip_architecture) ... ok
classify	Test path matrix	2026-10-03T13:42:14.8062972Z test_governance_deleted_and_renamed_paths_still_trigger (test_classify.PathMatrixTests.test_governance_deleted_and_renamed_paths_still_trigger) ... ok
classify	Test path matrix	2026-10-03T13:42:14.8064239Z test_profile_and_client_changes_are_local (test_classify.PathMatrixTests.test_profile_and_client_changes_are_local) ... ok
classify	Test path matrix	2026-10-03T13:42:14.8065526Z test_rejects_paths_outside_repo (test_classify.PathMatrixTests.test_rejects_paths_outside_repo) ... ok
classify	Test path matrix	2026-10-03T13:42:14.8066709Z test_send_verification_paths_select_actual_runtimes (test_classify.PathMatrixTests.test_send_verification_paths_select_actual_runtimes) ... ok
classify	Test path matrix	2026-10-03T13:42:14.8069285Z test_shared_changes_fan_out_to_full_compatibility (test_classify.PathMatrixTests.test_shared_changes_fan_out_to_full_compatibility) ... ok
classify	Test path matrix	2026-10-03T13:42:14.8070482Z test_union_and_deleted_paths (test_classify.PathMatrixTests.test_union_and_deleted_paths) ... ok
classify	Test path matrix	2026-10-03T13:42:14.8071449Z test_unrelated_files_do_not_schedule_product_jobs (test_classify.PathMatrixTests.test_unrelated_files_do_not_schedule_product_jobs) ... ok
classify	Test path matrix	2026-10-03T13:42:14.8074094Z test_architecture_jobs_missing_invalid_skipped_failed_cancelled (test_gate.GateTests.test_architecture_jobs_missing_invalid_skipped_failed_cancelled) ... ok
classify	Test path matrix	2026-10-03T13:42:14.8075349Z test_classifier_failure_fails_gate (test_gate.GateTests.test_classifier_failure_fails_gate) ... ok
classify	Test path matrix	2026-10-03T13:42:14.8076206Z test_selected_job_must_succeed (test_gate.GateTests.test_selected_job_must_succeed) ... ok
classify	Test path matrix	2026-10-03T13:42:14.8077111Z test_shared_subchecks_require_compatibility (test_gate.GateTests.test_shared_subchecks_require_compatibility) ... ok
classify	Test path matrix	2026-10-03T13:42:14.8078483Z test_recursive_live_go_verification_and_role_smoke_present (test_go_regression.GoRegressionTests.test_recursive_live_go_verification_and_role_smoke_present) ... ok
classify	Test path matrix	2026-10-03T13:42:14.8080384Z test_role_smoke_change_and_deletion_select_actual_jobs (test_go_regression.GoRegressionTests.test_role_smoke_change_and_deletion_select_actual_jobs) ... ok
classify	Test path matrix	2026-10-03T13:42:14.8231904Z test_websocket_upgrade_eof_terminates (test_go_regression.GoRegressionTests.test_websocket_upgrade_eof_terminates) ... ok
classify	Test path matrix	2026-10-03T13:42:14.8233863Z test_all_affected_workflow_jobs_use_boundary_checker (test_s0_boundary.S0BoundaryTests.test_all_affected_workflow_jobs_use_boundary_checker) ... ok
classify	Test path matrix	2026-10-03T13:42:14.8242841Z test_allowed_entry_name_is_only_allowed_at_profile_root (test_s0_boundary.S0BoundaryTests.test_allowed_entry_name_is_only_allowed_at_profile_root) ... ok
classify	Test path matrix	2026-10-03T13:42:14.8250029Z test_allowed_name_and_profile_root_symlink_checks_without_os_link_privilege (test_s0_boundary.S0BoundaryTests.test_allowed_name_and_profile_root_symlink_checks_without_os_link_privilege) ... ok
classify	Test path matrix	2026-10-03T13:42:14.8306764Z test_committed_skeleton_contains_no_unexpected_source (test_s0_boundary.S0BoundaryTests.test_committed_skeleton_contains_no_unexpected_source) ... ok
classify	Test path matrix	2026-10-03T13:42:14.8384937Z test_empty_markers_are_ignored_but_new_source_is_rejected (test_s0_boundary.S0BoundaryTests.test_empty_markers_are_ignored_but_new_source_is_rejected) ... ok
classify	Test path matrix	2026-10-03T13:42:14.8411582Z test_symlinks_cannot_hide_behind_allowed_names_or_profile_root (test_s0_boundary.S0BoundaryTests.test_symlinks_cannot_hide_behind_allowed_names_or_profile_root) ... ok
classify	Test path matrix	2026-10-03T13:42:14.8414218Z test_rejects_runner_context_at_deploy_job_env (test_workflow_context.WorkflowContextTests.test_rejects_runner_context_at_deploy_job_env) ... ok
classify	Test path matrix	2026-10-03T13:42:14.8416477Z test_runner_context_is_absent_from_job_env (test_workflow_context.WorkflowContextTests.test_runner_context_is_absent_from_job_env) ... ok
classify	Test path matrix	2026-10-03T13:42:14.8417368Z 
classify	Test path matrix	2026-10-03T13:42:14.8417556Z ----------------------------------------------------------------------
classify	Test path matrix	2026-10-03T13:42:14.8417968Z Ran 33 tests in 0.217s
classify	Test path matrix	2026-10-03T13:42:14.8418140Z 
classify	Test path matrix	2026-10-03T13:42:14.8418232Z OK
classify	Test path matrix	2026-10-03T13:42:14.8418433Z {
classify	Test path matrix	2026-10-03T13:42:14.8418646Z   "paths": [
classify	Test path matrix	2026-10-03T13:42:14.8419150Z     "contracts/errors/x.json"
classify	Test path matrix	2026-10-03T13:42:14.8419449Z   ],
classify	Test path matrix	2026-10-03T13:42:14.8419652Z   "jobs": {
classify	Test path matrix	2026-10-03T13:42:14.8419865Z     "go": true,
classify	Test path matrix	2026-10-03T13:42:14.8420103Z     "java": true,
classify	Test path matrix	2026-10-03T13:42:14.8420331Z     "web": true,
classify	Test path matrix	2026-10-03T13:42:14.8420561Z     "desktop": true,
classify	Test path matrix	2026-10-03T13:42:14.8420808Z     "mobile": true,
classify	Test path matrix	2026-10-03T13:42:14.8421047Z     "shared": true,
classify	Test path matrix	2026-10-03T13:42:14.8421286Z     "old_client": true,
classify	Test path matrix	2026-10-03T13:42:14.8421536Z     "plugin": true,
classify	Test path matrix	2026-10-03T13:42:14.8421770Z     "migration": true,
classify	Test path matrix	2026-10-03T13:42:14.8422026Z     "compatibility": true,
classify	Test path matrix	2026-10-03T13:42:14.8422292Z     "deploy": false,
classify	Test path matrix	2026-10-03T13:42:14.8422539Z     "architecture": true,
classify	Test path matrix	2026-10-03T13:42:14.8422800Z     "source_go": true,
classify	Test path matrix	2026-10-03T13:42:14.8423053Z     "source_java": true
classify	Test path matrix	2026-10-03T13:42:14.8423295Z   }
classify	Test path matrix	2026-10-03T13:42:14.8423491Z }
classify	Classify full diff, including deletions	﻿2026-10-03T13:42:14.8591749Z ##[group]Run base="$BASE_SHA"
classify	Classify full diff, including deletions	2026-10-03T13:42:14.8592092Z ^[[36;1mbase="$BASE_SHA"^[[0m
classify	Classify full diff, including deletions	2026-10-03T13:42:14.8592378Z ^[[36;1mif [[ -z "$base" || "$base" =~ ^0+$ ]]; then^[[0m
classify	Classify full diff, including deletions	2026-10-03T13:42:14.8592730Z ^[[36;1m  base=$(git hash-object -t tree /dev/null)^[[0m
classify	Classify full diff, including deletions	2026-10-03T13:42:14.8593026Z ^[[36;1mfi^[[0m
classify	Classify full diff, including deletions	2026-10-03T13:42:14.8593419Z ^[[36;1mpython3 ci/classify.py --base "$base" --head "$HEAD_SHA" --github-output "$GITHUB_OUTPUT"^[[0m
classify	Classify full diff, including deletions	2026-10-03T13:42:14.8657702Z shell: /usr/bin/bash --noprofile --norc -e -o pipefail {0}
classify	Classify full diff, including deletions	2026-10-03T13:42:14.8658103Z env:
classify	Classify full diff, including deletions	2026-10-03T13:42:14.8658355Z   BASE_SHA: 4d5fe1235e4f01111d78cc67b2880b52cac072f2
classify	Classify full diff, including deletions	2026-10-03T13:42:14.8658974Z   HEAD_SHA: a78f7f96227e25980c5a51255e92a2e6a34a1bf0
classify	Classify full diff, including deletions	2026-10-03T13:42:14.8659433Z   PYTHONDONTWRITEBYTECODE: 1
classify	Classify full diff, including deletions	2026-10-03T13:42:14.8659694Z ##[endgroup]
classify	Classify full diff, including deletions	2026-10-03T13:42:14.9051600Z {
classify	Classify full diff, including deletions	2026-10-03T13:42:14.9051953Z   "paths": [
classify	Classify full diff, including deletions	2026-10-03T13:42:14.9052322Z     ".github/workflows/ci.yml",
classify	Classify full diff, including deletions	2026-10-03T13:42:14.9052836Z     "backend/go/core/auth.go",
classify	Classify full diff, including deletions	2026-10-03T13:42:14.9053230Z     "backend/go/core/sync.go",
classify	Classify full diff, including deletions	2026-10-03T13:42:14.9053735Z     "backend/go/core/sync_http_test.go",
classify	Classify full diff, including deletions	2026-10-03T13:42:14.9054042Z     "spec/progress/current.md",
classify	Classify full diff, including deletions	2026-10-03T13:42:14.9054401Z     "spec/progress/evidence/LOOP1-SYNC-GO-001/human-consent.md",
classify	Classify full diff, including deletions	2026-10-03T13:42:14.9054886Z     "spec/progress/evidence/LOOP1-SYNC-GO-001/implementation/handoff.md",
classify	Classify full diff, including deletions	2026-10-03T13:42:14.9055460Z     "spec/progress/evidence/LOOP1-SYNC-GO-001/implementation/recorder/archive-manifest.json",
classify	Classify full diff, including deletions	2026-10-03T13:42:14.9056256Z     "spec/progress/evidence/LOOP1-SYNC-GO-001/implementation/recorder/prompts/P-SYNC-GO-IMPLEMENTATION-20261003/metadata.json",
classify	Classify full diff, including deletions	2026-10-03T13:42:14.9057157Z     "spec/progress/evidence/LOOP1-SYNC-GO-001/implementation/recorder/prompts/P-SYNC-GO-IMPLEMENTATION-20261003/prompt.txt",
classify	Classify full diff, including deletions	2026-10-03T13:42:14.9058181Z     "spec/progress/evidence/LOOP1-SYNC-GO-001/implementation/recorder/runs/R-SYNC-GO-IMPLEMENTATION-20261003/blobs/C-01efdebe-e328-4f14-9eb4-d4adce00786d.stderr.txt",
classify	Classify full diff, including deletions	2026-10-03T13:42:14.9059529Z     "spec/progress/evidence/LOOP1-SYNC-GO-001/implementation/recorder/runs/R-SYNC-GO-IMPLEMENTATION-20261003/blobs/C-01efdebe-e328-4f14-9eb4-d4adce00786d.stdout.txt",
classify	Classify full diff, including deletions	2026-10-03T13:42:14.9060720Z     "spec/progress/evidence/LOOP1-SYNC-GO-001/implementation/recorder/runs/R-SYNC-GO-IMPLEMENTATION-20261003/blobs/C-037bb8a7-2e34-415c-8f1b-ee5556c7f323.stderr.txt",
classify	Classify full diff, including deletions	2026-10-03T13:42:14.9061893Z     "spec/progress/evidence/LOOP1-SYNC-GO-001/implementation/recorder/runs/R-SYNC-GO-IMPLEMENTATION-20261003/blobs/C-037bb8a7-2e34-415c-8f1b-ee5556c7f323.stdout.txt",
classify	Classify full diff, including deletions	2026-10-03T13:42:14.9063057Z     "spec/progress/evidence/LOOP1-SYNC-GO-001/implementation/recorder/runs/R-SYNC-GO-IMPLEMENTATION-20261003/blobs/C-043405be-8dc6-4872-b945-db2b69c83d7e.stderr.txt",
classify	Classify full diff, including deletions	2026-10-03T13:42:14.9064214Z     "spec/progress/evidence/LOOP1-SYNC-GO-001/implementation/recorder/runs/R-SYNC-GO-IMPLEMENTATION-20261003/blobs/C-043405be-8dc6-4872-b945-db2b69c83d7e.stdout.txt",
classify	Classify full diff, including deletions	2026-10-03T13:42:14.9065399Z     "spec/progress/evidence/LOOP1-SYNC-GO-001/implementation/recorder/runs/R-SYNC-GO-IMPLEMENTATION-20261003/blobs/C-09a5cd32-fa7a-4d53-9ce9-c354b620296e.stderr.txt",
classify	Classify full diff, including deletions	2026-10-03T13:42:14.9066570Z     "spec/progress/evidence/LOOP1-SYNC-GO-001/implementation/recorder/runs/R-SYNC-GO-IMPLEMENTATION-20261003/blobs/C-09a5cd32-fa7a-4d53-9ce9-c354b620296e.stdout.txt",
classify	Classify full diff, including deletions	2026-10-03T13:42:14.9067747Z     "spec/progress/evidence/LOOP1-SYNC-GO-001/implementation/recorder/runs/R-SYNC-GO-IMPLEMENTATION-20261003/blobs/C-0a047aa0-51af-4610-8424-22d25381bf6f.stderr.txt",
classify	Classify full diff, including deletions	2026-10-03T13:42:14.9069099Z     "spec/progress/evidence/LOOP1-SYNC-GO-001/implementation/recorder/runs/R-SYNC-GO-IMPLEMENTATION-20261003/blobs/C-0a047aa0-51af-4610-8424-22d25381bf6f.stdout.txt",
classify	Classify full diff, including deletions	2026-10-03T13:42:14.9070299Z     "spec/progress/evidence/LOOP1-SYNC-GO-001/implementation/recorder/runs/R-SYNC-GO-IMPLEMENTATION-20261003/blobs/C-0c3778fb-1f33-4862-b745-2ae768526e39.stderr.txt",
classify	Classify full diff, including deletions	2026-10-03T13:42:14.9071455Z     "spec/progress/evidence/LOOP1-SYNC-GO-001/implementation/recorder/runs/R-SYNC-GO-IMPLEMENTATION-20261003/blobs/C-0c3778fb-1f33-4862-b745-2ae768526e39.stdout.txt",
classify	Classify full diff, including deletions	2026-10-03T13:42:14.9072878Z     "spec/progress/evidence/LOOP1-SYNC-GO-001/implementation/recorder/runs/R-SYNC-GO-IMPLEMENTATION-20261003/blobs/C-0c99d43a-ef26-4206-88a9-45a95d0b93f5.stderr.txt",
classify	Classify full diff, including deletions	2026-10-03T13:42:14.9074661Z     "spec/progress/evidence/LOOP1-SYNC-GO-001/implementation/recorder/runs/R-SYNC-GO-IMPLEMENTATION-20261003/blobs/C-0c99d43a-ef26-4206-88a9-45a95d0b93f5.stdout.txt",
classify	Classify full diff, including deletions	2026-10-03T13:42:14.9076462Z     "spec/progress/evidence/LOOP1-SYNC-GO-001/implementation/recorder/runs/R-SYNC-GO-IMPLEMENTATION-20261003/blobs/C-0f434c56-1e33-40d1-bc42-b3f0e081773b.stderr.txt",
classify	Classify full diff, including deletions	2026-10-03T13:42:14.9078423Z     "spec/progress/evidence/LOOP1-SYNC-GO-001/implementation/recorder/runs/R-SYNC-GO-IMPLEMENTATION-20261003/blobs/C-0f434c56-1e33-40d1-bc42-b3f0e081773b.stdout.txt",
classify	Classify full diff, including deletions	2026-10-03T13:42:14.9080617Z     "spec/progress/evidence/LOOP1-SYNC-GO-001/implementation/recorder/runs/R-SYNC-GO-IMPLEMENTATION-20261003/blobs/C-11edc63b-35a1-4535-b039-c6915240f4cb.stderr.txt",
classify	Classify full diff, including deletions	2026-10-03T13:42:14.9081997Z     "spec/progress/evidence/LOOP1-SYNC-GO-001/implementation/recorder/runs/R-SYNC-GO-IMPLEMENTATION-20261003/blobs/C-11edc63b-35a1-4535-b039-c6915240f4cb.stdout.txt",
classify	Classify full diff, including deletions	2026-10-03T13:42:14.9083210Z     "spec/progress/evidence/LOOP1-SYNC-GO-001/implementation/recorder/runs/R-SYNC-GO-IMPLEMENTATION-20261003/blobs/C-121707e2-6e31-400a-974f-2be8bcb30089.stderr.txt",
classify	Classify full diff, including deletions	2026-10-03T13:42:14.9085191Z     "spec/progress/evidence/LOOP1-SYNC-GO-001/implementation/recorder/runs/R-SYNC-GO-IMPLEMENTATION-20261003/blobs/C-121707e2-6e31-400a-974f-2be8bcb30089.stdout.txt",
classify	Classify full diff, including deletions	2026-10-03T13:42:14.9087387Z     "spec/progress/evidence/LOOP1-SYNC-GO-001/implementation/recorder/runs/R-SYNC-GO-IMPLEMENTATION-20261003/blobs/C-158cd6a4-d087-4251-b463-7944d02f70ad.stderr.txt",
classify	Classify full diff, including deletions	2026-10-03T13:42:14.9089711Z     "spec/progress/evidence/LOOP1-SYNC-GO-001/implementation/recorder/runs/R-SYNC-GO-IMPLEMENTATION-20261003/blobs/C-158cd6a4-d087-4251-b463-7944d02f70ad.stdout.txt",
classify	Classify full diff, including deletions	2026-10-03T13:42:14.9091878Z     "spec/progress/evidence/LOOP1-SYNC-GO-001/implementation/recorder/runs/R-SYNC-GO-IMPLEMENTATION-20261003/blobs/C-25118c42-c2f5-45b8-81c1-e8ad8f6dedeb.stderr.txt",
classify	Classify full diff, including deletions	2026-10-03T13:42:14.9093931Z     "spec/progress/evidence/LOOP1-SYNC-GO-001/implementation/recorder/runs/R-SYNC-GO-IMPLEMENTATION-20261003/blobs/C-25118c42-c2f5-45b8-81c1-e8ad8f6dedeb.stdout.txt",
classify	Classify full diff, including deletions	2026-10-03T13:42:14.9096087Z     "spec/progress/evidence/LOOP1-SYNC-GO-001/implementation/recorder/runs/R-SYNC-GO-IMPLEMENTATION-20261003/blobs/C-256111a5-3672-4ca9-ba26-811e67bef4d4.stderr.txt",
classify	Classify full diff, including deletions	2026-10-03T13:42:14.9098023Z     "spec/progress/evidence/LOOP1-SYNC-GO-001/implementation/recorder/runs/R-SYNC-GO-IMPLEMENTATION-20261003/blobs/C-256111a5-3672-4ca9-ba26-811e67bef4d4.stdout.txt",
classify	Classify full diff, including deletions	2026-10-03T13:42:14.9100250Z     "spec/progress/evidence/LOOP1-SYNC-GO-001/implementation/recorder/runs/R-SYNC-GO-IMPLEMENTATION-20261003/blobs/C-28238319-f5f1-47ae-b862-f320e901ef94.stderr.txt",
classify	Classify full diff, including deletions	2026-10-03T13:42:14.9102266Z     "spec/progress/evidence/LOOP1-SYNC-GO-001/implementation/recorder/runs/R-SYNC-GO-IMPLEMENTATION-20261003/blobs/C-28238319-f5f1-47ae-b862-f320e901ef94.stdout.txt",
classify	Classify full diff, including deletions	2026-10-03T13:42:14.9104308Z     "spec/progress/evidence/LOOP1-SYNC-GO-001/implementation/recorder/runs/R-SYNC-GO-IMPLEMENTATION-20261003/blobs/C-2c027cb9-df40-4199-9b69-c29af00c3241.stderr.txt",
classify	Classify full diff, including deletions	2026-10-03T13:42:14.9106346Z     "spec/progress/evidence/LOOP1-SYNC-GO-001/implementation/recorder/runs/R-SYNC-GO-IMPLEMENTATION-20261003/blobs/C-2c027cb9-df40-4199-9b69-c29af00c3241.stdout.txt",
classify	Classify full diff, including deletions	2026-10-03T13:42:14.9108383Z     "spec/progress/evidence/LOOP1-SYNC-GO-001/implementation/recorder/runs/R-SYNC-GO-IMPLEMENTATION-20261003/blobs/C-2c3bce11-0bf4-4eb8-80fd-c8dfcd095a26.stderr.txt",
classify	Classify full diff, including deletions	2026-10-03T13:42:14.9110801Z     "spec/progress/evidence/LOOP1-SYNC-GO-001/implementation/recorder/runs/R-SYNC-GO-IMPLEMENTATION-20261003/blobs/C-2c3bce11-0bf4-4eb8-80fd-c8dfcd095a26.stdout.txt",
classify	Classify full diff, including deletions	2026-10-03T13:42:14.9112803Z     "spec/progress/evidence/LOOP1-SYNC-GO-001/implementation/recorder/runs/R-SYNC-GO-IMPLEMENTATION-20261003/blobs/C-2ecca873-b280-4cef-8796-86822f0a5fa4.stderr.txt",
classify	Classify full diff, including deletions	2026-10-03T13:42:14.9114188Z     "spec/progress/evidence/LOOP1-SYNC-GO-001/implementation/recorder/runs/R-SYNC-GO-IMPLEMENTATION-20261003/blobs/C-2ecca873-b280-4cef-8796-86822f0a5fa4.stdout.txt",
classify	Classify full diff, including deletions	2026-10-03T13:42:14.9115367Z     "spec/progress/evidence/LOOP1-SYNC-GO-001/implementation/recorder/runs/R-SYNC-GO-IMPLEMENTATION-20261003/blobs/C-3525fd14-adb1-42ba-88b4-8ee1ef103df5.stderr.txt",
classify	Classify full diff, including deletions	2026-10-03T13:42:14.9116509Z     "spec/progress/evidence/LOOP1-SYNC-GO-001/implementation/recorder/runs/R-SYNC-GO-IMPLEMENTATION-20261003/blobs/C-3525fd14-adb1-42ba-88b4-8ee1ef103df5.stdout.txt",
classify	Classify full diff, including deletions	2026-10-03T13:42:14.9117641Z     "spec/progress/evidence/LOOP1-SYNC-GO-001/implementation/recorder/runs/R-SYNC-GO-IMPLEMENTATION-20261003/blobs/C-36bfcb9f-563d-4183-8c84-24ae10f9a124.stderr.txt",
classify	Classify full diff, including deletions	2026-10-03T13:42:14.9118990Z     "spec/progress/evidence/LOOP1-SYNC-GO-001/implementation/recorder/runs/R-SYNC-GO-IMPLEMENTATION-20261003/blobs/C-36bfcb9f-563d-4183-8c84-24ae10f9a124.stdout.txt",
classify	Classify full diff, including deletions	2026-10-03T13:42:14.9120281Z     "spec/progress/evidence/LOOP1-SYNC-GO-001/implementation/recorder/runs/R-SYNC-GO-IMPLEMENTATION-20261003/blobs/C-3738cdaa-193d-4bc9-a724-b6ed60126749.stderr.txt",
classify	Classify full diff, including deletions	2026-10-03T13:42:14.9121424Z     "spec/progress/evidence/LOOP1-SYNC-GO-001/implementation/recorder/runs/R-SYNC-GO-IMPLEMENTATION-20261003/blobs/C-3738cdaa-193d-4bc9-a724-b6ed60126749.stdout.txt",
classify	Classify full diff, including deletions	2026-10-03T13:42:14.9122556Z     "spec/progress/evidence/LOOP1-SYNC-GO-001/implementation/recorder/runs/R-SYNC-GO-IMPLEMENTATION-20261003/blobs/C-3ab1dc35-b7d5-4934-95db-5b9e78227f66.stderr.txt",
classify	Classify full diff, including deletions	2026-10-03T13:42:14.9123687Z     "spec/progress/evidence/LOOP1-SYNC-GO-001/implementation/recorder/runs/R-SYNC-GO-IMPLEMENTATION-20261003/blobs/C-3ab1dc35-b7d5-4934-95db-5b9e78227f66.stdout.txt",
classify	Classify full diff, including deletions	2026-10-03T13:42:14.9124837Z     "spec/progress/evidence/LOOP1-SYNC-GO-001/implementation/recorder/runs/R-SYNC-GO-IMPLEMENTATION-20261003/blobs/C-3bbfa8f1-fdd3-45ed-af32-2bbdc1378b88.stderr.txt",
classify	Classify full diff, including deletions	2026-10-03T13:42:14.9125987Z     "spec/progress/evidence/LOOP1-SYNC-GO-001/implementation/recorder/runs/R-SYNC-GO-IMPLEMENTATION-20261003/blobs/C-3bbfa8f1-fdd3-45ed-af32-2bbdc1378b88.stdout.txt",
classify	Classify full diff, including deletions	2026-10-03T13:42:14.9127135Z     "spec/progress/evidence/LOOP1-SYNC-GO-001/implementation/recorder/runs/R-SYNC-GO-IMPLEMENTATION-20261003/blobs/C-3e93972a-b5b3-41fe-8a26-5376416620d8.stderr.txt",
classify	Classify full diff, including deletions	2026-10-03T13:42:14.9128261Z     "spec/progress/evidence/LOOP1-SYNC-GO-001/implementation/recorder/runs/R-SYNC-GO-IMPLEMENTATION-20261003/blobs/C-3e93972a-b5b3-41fe-8a26-5376416620d8.stdout.txt",
classify	Classify full diff, including deletions	2026-10-03T13:42:14.9129519Z     "spec/progress/evidence/LOOP1-SYNC-GO-001/implementation/recorder/runs/R-SYNC-GO-IMPLEMENTATION-20261003/blobs/C-3f6aa9c8-7008-4526-bd12-2b1d80a3a6f2.stderr.txt",
classify	Classify full diff, including deletions	2026-10-03T13:42:14.9130643Z     "spec/progress/evidence/LOOP1-SYNC-GO-001/implementation/recorder/runs/R-SYNC-GO-IMPLEMENTATION-20261003/blobs/C-3f6aa9c8-7008-4526-bd12-2b1d80a3a6f2.stdout.txt",
classify	Classify full diff, including deletions	2026-10-03T13:42:14.9131833Z     "spec/progress/evidence/LOOP1-SYNC-GO-001/implementation/recorder/runs/R-SYNC-GO-IMPLEMENTATION-20261003/blobs/C-41040eb2-1ccc-4351-80bb-09db2476a06a.stderr.txt",
classify	Classify full diff, including deletions	2026-10-03T13:42:14.9132971Z     "spec/progress/evidence/LOOP1-SYNC-GO-001/implementation/recorder/runs/R-SYNC-GO-IMPLEMENTATION-20261003/blobs/C-41040eb2-1ccc-4351-80bb-09db2476a06a.stdout.txt",
classify	Classify full diff, including deletions	2026-10-03T13:42:14.9134518Z     "spec/progress/evidence/LOOP1-SYNC-GO-001/implementation/recorder/runs/R-SYNC-GO-IMPLEMENTATION-20261003/blobs/C-41a05df5-6329-42dc-92a2-ef49c9b97275.stderr.txt",
classify	Classify full diff, including deletions	2026-10-03T13:42:14.9136577Z     "spec/progress/evidence/LOOP1-SYNC-GO-001/implementation/recorder/runs/R-SYNC-GO-IMPLEMENTATION-20261003/blobs/C-41a05df5-6329-42dc-92a2-ef49c9b97275.stdout.txt",
classify	Classify full diff, including deletions	2026-10-03T13:42:14.9138528Z     "spec/progress/evidence/LOOP1-SYNC-GO-001/implementation/recorder/runs/R-SYNC-GO-IMPLEMENTATION-20261003/blobs/C-4200aa58-d518-4463-87d6-f2de33783f27.stderr.txt",
classify	Classify full diff, including deletions	2026-10-03T13:42:14.9139911Z     "spec/progress/evidence/LOOP1-SYNC-GO-001/implementation/recorder/runs/R-SYNC-GO-IMPLEMENTATION-20261003/blobs/C-4200aa58-d518-4463-87d6-f2de33783f27.stdout.txt",
classify	Classify full diff, including deletions	2026-10-03T13:42:14.9141255Z     "spec/progress/evidence/LOOP1-SYNC-GO-001/implementation/recorder/runs/R-SYNC-GO-IMPLEMENTATION-20261003/blobs/C-435b12d5-737c-40fd-856c-238941f61ad4.stderr.txt",
classify	Classify full diff, including deletions	2026-10-03T13:42:14.9142390Z     "spec/progress/evidence/LOOP1-SYNC-GO-001/implementation/recorder/runs/R-SYNC-GO-IMPLEMENTATION-20261003/blobs/C-435b12d5-737c-40fd-856c-238941f61ad4.stdout.txt",
classify	Classify full diff, including deletions	2026-10-03T13:42:14.9143522Z     "spec/progress/evidence/LOOP1-SYNC-GO-001/implementation/recorder/runs/R-SYNC-GO-IMPLEMENTATION-20261003/blobs/C-45b40566-ea83-4b1d-8df3-515237151c5a.stderr.txt",
classify	Classify full diff, including deletions	2026-10-03T13:42:14.9144658Z     "spec/progress/evidence/LOOP1-SYNC-GO-001/implementation/recorder/runs/R-SYNC-GO-IMPLEMENTATION-20261003/blobs/C-45b40566-ea83-4b1d-8df3-515237151c5a.stdout.txt",
classify	Classify full diff, including deletions	2026-10-03T13:42:14.9145791Z     "spec/progress/evidence/LOOP1-SYNC-GO-001/implementation/recorder/runs/R-SYNC-GO-IMPLEMENTATION-20261003/blobs/C-4cb85962-5a93-4b27-9892-dde04409bed2.stderr.txt",
classify	Classify full diff, including deletions	2026-10-03T13:42:14.9147070Z     "spec/progress/evidence/LOOP1-SYNC-GO-001/implementation/recorder/runs/R-SYNC-GO-IMPLEMENTATION-20261003/blobs/C-4cb85962-5a93-4b27-9892-dde04409bed2.stdout.txt",
classify	Classify full diff, including deletions	2026-10-03T13:42:14.9148206Z     "spec/progress/evidence/LOOP1-SYNC-GO-001/implementation/recorder/runs/R-SYNC-GO-IMPLEMENTATION-20261003/blobs/C-51fcf766-128a-4131-982a-4c1ffe3dae9e.stderr.txt",
classify	Classify full diff, including deletions	2026-10-03T13:42:14.9149469Z     "spec/progress/evidence/LOOP1-SYNC-GO-001/implementation/recorder/runs/R-SYNC-GO-IMPLEMENTATION-20261003/blobs/C-51fcf766-128a-4131-982a-4c1ffe3dae9e.stdout.txt",
classify	Classify full diff, including deletions	2026-10-03T13:42:14.9150601Z     "spec/progress/evidence/LOOP1-SYNC-GO-001/implementation/recorder/runs/R-SYNC-GO-IMPLEMENTATION-20261003/blobs/C-529ea80e-2a45-4e90-b88b-a5792d3f7108.stderr.txt",
classify	Classify full diff, including deletions	2026-10-03T13:42:14.9151739Z     "spec/progress/evidence/LOOP1-SYNC-GO-001/implementation/recorder/runs/R-SYNC-GO-IMPLEMENTATION-20261003/blobs/C-529ea80e-2a45-4e90-b88b-a5792d3f7108.stdout.txt",
classify	Classify full diff, including deletions	2026-10-03T13:42:14.9152924Z     "spec/progress/evidence/LOOP1-SYNC-GO-001/implementation/recorder/runs/R-SYNC-GO-IMPLEMENTATION-20261003/blobs/C-544a01b7-9593-4762-be2c-bb9472619b7b.stderr.txt",
classify	Classify full diff, including deletions	2026-10-03T13:42:14.9154049Z     "spec/progress/evidence/LOOP1-SYNC-GO-001/implementation/recorder/runs/R-SYNC-GO-IMPLEMENTATION-20261003/blobs/C-544a01b7-9593-4762-be2c-bb9472619b7b.stdout.txt",
classify	Classify full diff, including deletions	2026-10-03T13:42:14.9155189Z     "spec/progress/evidence/LOOP1-SYNC-GO-001/implementation/recorder/runs/R-SYNC-GO-IMPLEMENTATION-20261003/blobs/C-5921d3f8-7db5-4086-a6cb-9e1943cc0e6a.stderr.txt",
classify	Classify full diff, including deletions	2026-10-03T13:42:14.9156332Z     "spec/progress/evidence/LOOP1-SYNC-GO-001/implementation/recorder/runs/R-SYNC-GO-IMPLEMENTATION-20261003/blobs/C-5921d3f8-7db5-4086-a6cb-9e1943cc0e6a.stdout.txt",
classify	Classify full diff, including deletions	2026-10-03T13:42:14.9157464Z     "spec/progress/evidence/LOOP1-SYNC-GO-001/implementation/recorder/runs/R-SYNC-GO-IMPLEMENTATION-20261003/blobs/C-5973708f-e729-4112-bd6d-caf4d7948259.stderr.txt",
classify	Classify full diff, including deletions	2026-10-03T13:42:14.9158606Z     "spec/progress/evidence/LOOP1-SYNC-GO-001/implementation/recorder/runs/R-SYNC-GO-IMPLEMENTATION-20261003/blobs/C-5973708f-e729-4112-bd6d-caf4d7948259.stdout.txt",
classify	Classify full diff, including deletions	2026-10-03T13:42:14.9159847Z     "spec/progress/evidence/LOOP1-SYNC-GO-001/implementation/recorder/runs/R-SYNC-GO-IMPLEMENTATION-20261003/blobs/C-59976e6b-a230-4d43-9cae-5a454894d033.stderr.txt",
classify	Classify full diff, including deletions	2026-10-03T13:42:14.9160979Z     "spec/progress/evidence/LOOP1-SYNC-GO-001/implementation/recorder/runs/R-SYNC-GO-IMPLEMENTATION-20261003/blobs/C-59976e6b-a230-4d43-9cae-5a454894d033.stdout.txt",
classify	Classify full diff, including deletions	2026-10-03T13:42:14.9162113Z     "spec/progress/evidence/LOOP1-SYNC-GO-001/implementation/recorder/runs/R-SYNC-GO-IMPLEMENTATION-20261003/blobs/C-5af1826b-11e2-4294-b2fa-dc084647e113.stderr.txt",
classify	Classify full diff, including deletions	2026-10-03T13:42:14.9163243Z     "spec/progress/evidence/LOOP1-SYNC-GO-001/implementation/recorder/runs/R-SYNC-GO-IMPLEMENTATION-20261003/blobs/C-5af1826b-11e2-4294-b2fa-dc084647e113.stdout.txt",
classify	Classify full diff, including deletions	2026-10-03T13:42:14.9164379Z     "spec/progress/evidence/LOOP1-SYNC-GO-001/implementation/recorder/runs/R-SYNC-GO-IMPLEMENTATION-20261003/blobs/C-5c184170-4315-447a-98c1-e069c6038a9d.stderr.txt",
classify	Classify full diff, including deletions	2026-10-03T13:42:14.9165627Z     "spec/progress/evidence/LOOP1-SYNC-GO-001/implementation/recorder/runs/R-SYNC-GO-IMPLEMENTATION-20261003/blobs/C-5c184170-4315-447a-98c1-e069c6038a9d.stdout.txt",
classify	Classify full diff, including deletions	2026-10-03T13:42:14.9166754Z     "spec/progress/evidence/LOOP1-SYNC-GO-001/implementation/recorder/runs/R-SYNC-GO-IMPLEMENTATION-20261003/blobs/C-5fe4cc76-295a-4466-a4fc-85f6e7745470.stderr.txt",
classify	Classify full diff, including deletions	2026-10-03T13:42:14.9167888Z     "spec/progress/evidence/LOOP1-SYNC-GO-001/implementation/recorder/runs/R-SYNC-GO-IMPLEMENTATION-20261003/blobs/C-5fe4cc76-295a-4466-a4fc-85f6e7745470.stdout.txt",
classify	Classify full diff, including deletions	2026-10-03T13:42:14.9169125Z     "spec/progress/evidence/LOOP1-SYNC-GO-001/implementation/recorder/runs/R-SYNC-GO-IMPLEMENTATION-20261003/blobs/C-63232aa6-c8c7-4843-ad40-20e00aadc1ab.stderr.txt",
classify	Classify full diff, including deletions	2026-10-03T13:42:14.9170272Z     "spec/progress/evidence/LOOP1-SYNC-GO-001/implementation/recorder/runs/R-SYNC-GO-IMPLEMENTATION-20261003/blobs/C-63232aa6-c8c7-4843-ad40-20e00aadc1ab.stdout.txt",
classify	Classify full diff, including deletions	2026-10-03T13:42:14.9171543Z     "spec/progress/evidence/LOOP1-SYNC-GO-001/implementation/recorder/runs/R-SYNC-GO-IMPLEMENTATION-20261003/blobs/C-6469eb94-c64e-47e3-a0c5-a9a3ad86631a.stderr.txt",
classify	Classify full diff, including deletions	2026-10-03T13:42:14.9172692Z     "spec/progress/evidence/LOOP1-SYNC-GO-001/implementation/recorder/runs/R-SYNC-GO-IMPLEMENTATION-20261003/blobs/C-6469eb94-c64e-47e3-a0c5-a9a3ad86631a.stdout.txt",
classify	Classify full diff, including deletions	2026-10-03T13:42:14.9173840Z     "spec/progress/evidence/LOOP1-SYNC-GO-001/implementation/recorder/runs/R-SYNC-GO-IMPLEMENTATION-20261003/blobs/C-6d40c011-a0df-4d83-b5e6-bafad8041b5a.stderr.txt",
classify	Classify full diff, including deletions	2026-10-03T13:42:14.9174979Z     "spec/progress/evidence/LOOP1-SYNC-GO-001/implementation/recorder/runs/R-SYNC-GO-IMPLEMENTATION-20261003/blobs/C-6d40c011-a0df-4d83-b5e6-bafad8041b5a.stdout.txt",
classify	Classify full diff, including deletions	2026-10-03T13:42:14.9176124Z     "spec/progress/evidence/LOOP1-SYNC-GO-001/implementation/recorder/runs/R-SYNC-GO-IMPLEMENTATION-20261003/blobs/C-6ddab98d-2a94-4ae0-983f-54150d4dc1de.stderr.txt",
classify	Classify full diff, including deletions	2026-10-03T13:42:14.9177282Z     "spec/progress/evidence/LOOP1-SYNC-GO-001/implementation/recorder/runs/R-SYNC-GO-IMPLEMENTATION-20261003/blobs/C-6ddab98d-2a94-4ae0-983f-54150d4dc1de.stdout.txt",
classify	Classify full diff, including deletions	2026-10-03T13:42:14.9178435Z     "spec/progress/evidence/LOOP1-SYNC-GO-001/implementation/recorder/runs/R-SYNC-GO-IMPLEMENTATION-20261003/blobs/C-759541d9-5210-4dfb-a2c4-a3bcaa35a4f7.stderr.txt",
classify	Classify full diff, including deletions	2026-10-03T13:42:14.9179720Z     "spec/progress/evidence/LOOP1-SYNC-GO-001/implementation/recorder/runs/R-SYNC-GO-IMPLEMENTATION-20261003/blobs/C-759541d9-5210-4dfb-a2c4-a3bcaa35a4f7.stdout.txt",
classify	Classify full diff, including deletions	2026-10-03T13:42:14.9180861Z     "spec/progress/evidence/LOOP1-SYNC-GO-001/implementation/recorder/runs/R-SYNC-GO-IMPLEMENTATION-20261003/blobs/C-7b09a2e1-3a3e-47b6-a16b-fd509a4f83b0.stderr.txt",
classify	Classify full diff, including deletions	2026-10-03T13:42:14.9182003Z     "spec/progress/evidence/LOOP1-SYNC-GO-001/implementation/recorder/runs/R-SYNC-GO-IMPLEMENTATION-20261003/blobs/C-7b09a2e1-3a3e-47b6-a16b-fd509a4f83b0.stdout.txt",
classify	Classify full diff, including deletions	2026-10-03T13:42:14.9183158Z     "spec/progress/evidence/LOOP1-SYNC-GO-001/implementation/recorder/runs/R-SYNC-GO-IMPLEMENTATION-20261003/blobs/C-7cb9d942-ff5f-4a13-bdb5-224597bec93e.stderr.txt",
classify	Classify full diff, including deletions	2026-10-03T13:42:14.9184323Z     "spec/progress/evidence/LOOP1-SYNC-GO-001/implementation/recorder/runs/R-SYNC-GO-IMPLEMENTATION-20261003/blobs/C-7cb9d942-ff5f-4a13-bdb5-224597bec93e.stdout.txt",
classify	Classify full diff, including deletions	2026-10-03T13:42:14.9185467Z     "spec/progress/evidence/LOOP1-SYNC-GO-001/implementation/recorder/runs/R-SYNC-GO-IMPLEMENTATION-20261003/blobs/C-7f5b004e-c50b-4359-91a5-552e9807113a.stderr.txt",
classify	Classify full diff, including deletions	2026-10-03T13:42:14.9186598Z     "spec/progress/evidence/LOOP1-SYNC-GO-001/implementation/recorder/runs/R-SYNC-GO-IMPLEMENTATION-20261003/blobs/C-7f5b004e-c50b-4359-91a5-552e9807113a.stdout.txt",
classify	Classify full diff, including deletions	2026-10-03T13:42:14.9187724Z     "spec/progress/evidence/LOOP1-SYNC-GO-001/implementation/recorder/runs/R-SYNC-GO-IMPLEMENTATION-20261003/blobs/C-83c682b2-799c-48a4-a911-5614ec830d32.stderr.txt",
classify	Classify full diff, including deletions	2026-10-03T13:42:14.9188953Z     "spec/progress/evidence/LOOP1-SYNC-GO-001/implementation/recorder/runs/R-SYNC-GO-IMPLEMENTATION-20261003/blobs/C-83c682b2-799c-48a4-a911-5614ec830d32.stdout.txt",
classify	Classify full diff, including deletions	2026-10-03T13:42:14.9190239Z     "spec/progress/evidence/LOOP1-SYNC-GO-001/implementation/recorder/runs/R-SYNC-GO-IMPLEMENTATION-20261003/blobs/C-858076b6-49b2-4e8c-9bb7-4cf2f1938598.stderr.txt",
classify	Classify full diff, including deletions	2026-10-03T13:42:14.9191374Z     "spec/progress/evidence/LOOP1-SYNC-GO-001/implementation/recorder/runs/R-SYNC-GO-IMPLEMENTATION-20261003/blobs/C-858076b6-49b2-4e8c-9bb7-4cf2f1938598.stdout.txt",
classify	Classify full diff, including deletions	2026-10-03T13:42:14.9192509Z     "spec/progress/evidence/LOOP1-SYNC-GO-001/implementation/recorder/runs/R-SYNC-GO-IMPLEMENTATION-20261003/blobs/C-88893f06-db79-4358-8370-dee8625c2ac9.stderr.txt",
classify	Classify full diff, including deletions	2026-10-03T13:42:14.9193637Z     "spec/progress/evidence/LOOP1-SYNC-GO-001/implementation/recorder/runs/R-SYNC-GO-IMPLEMENTATION-20261003/blobs/C-88893f06-db79-4358-8370-dee8625c2ac9.stdout.txt",
classify	Classify full diff, including deletions	2026-10-03T13:42:14.9194756Z     "spec/progress/evidence/LOOP1-SYNC-GO-001/implementation/recorder/runs/R-SYNC-GO-IMPLEMENTATION-20261003/blobs/C-8b86cb36-6896-4759-a6b0-c91651eaebb5.stderr.txt",
classify	Classify full diff, including deletions	2026-10-03T13:42:14.9196012Z     "spec/progress/evidence/LOOP1-SYNC-GO-001/implementation/recorder/runs/R-SYNC-GO-IMPLEMENTATION-20261003/blobs/C-8b86cb36-6896-4759-a6b0-c91651eaebb5.stdout.txt",
classify	Classify full diff, including deletions	2026-10-03T13:42:14.9197151Z     "spec/progress/evidence/LOOP1-SYNC-GO-001/implementation/recorder/runs/R-SYNC-GO-IMPLEMENTATION-20261003/blobs/C-8d6659e4-ef12-4965-94be-489cc5d80d2b.stderr.txt",
classify	Classify full diff, including deletions	2026-10-03T13:42:14.9198289Z     "spec/progress/evidence/LOOP1-SYNC-GO-001/implementation/recorder/runs/R-SYNC-GO-IMPLEMENTATION-20261003/blobs/C-8d6659e4-ef12-4965-94be-489cc5d80d2b.stdout.txt",
classify	Classify full diff, including deletions	2026-10-03T13:42:14.9199538Z     "spec/progress/evidence/LOOP1-SYNC-GO-001/implementation/recorder/runs/R-SYNC-GO-IMPLEMENTATION-20261003/blobs/C-8eda3f99-fe2a-4f6d-9eb9-8710c9675aca.stderr.txt",
classify	Classify full diff, including deletions	2026-10-03T13:42:14.9200673Z     "spec/progress/evidence/LOOP1-SYNC-GO-001/implementation/recorder/runs/R-SYNC-GO-IMPLEMENTATION-20261003/blobs/C-8eda3f99-fe2a-4f6d-9eb9-8710c9675aca.stdout.txt",
classify	Classify full diff, including deletions	2026-10-03T13:42:14.9201824Z     "spec/progress/evidence/LOOP1-SYNC-GO-001/implementation/recorder/runs/R-SYNC-GO-IMPLEMENTATION-20261003/blobs/C-90c2c406-1a40-4569-bf9a-8b2696fce029.stderr.txt",
classify	Classify full diff, including deletions	2026-10-03T13:42:14.9202945Z     "spec/progress/evidence/LOOP1-SYNC-GO-001/implementation/recorder/runs/R-SYNC-GO-IMPLEMENTATION-20261003/blobs/C-90c2c406-1a40-4569-bf9a-8b2696fce029.stdout.txt",
classify	Classify full diff, including deletions	2026-10-03T13:42:14.9204083Z     "spec/progress/evidence/LOOP1-SYNC-GO-001/implementation/recorder/runs/R-SYNC-GO-IMPLEMENTATION-20261003/blobs/C-97735c51-221e-4e05-8faf-77d3dfa09aa1.stderr.txt",
classify	Classify full diff, including deletions	2026-10-03T13:42:14.9205226Z     "spec/progress/evidence/LOOP1-SYNC-GO-001/implementation/recorder/runs/R-SYNC-GO-IMPLEMENTATION-20261003/blobs/C-97735c51-221e-4e05-8faf-77d3dfa09aa1.stdout.txt",
classify	Classify full diff, including deletions	2026-10-03T13:42:14.9206354Z     "spec/progress/evidence/LOOP1-SYNC-GO-001/implementation/recorder/runs/R-SYNC-GO-IMPLEMENTATION-20261003/blobs/C-9f783dd2-5d5a-4c05-8d27-c0722fc44fa0.stderr.txt",
classify	Classify full diff, including deletions	2026-10-03T13:42:14.9207496Z     "spec/progress/evidence/LOOP1-SYNC-GO-001/implementation/recorder/runs/R-SYNC-GO-IMPLEMENTATION-20261003/blobs/C-9f783dd2-5d5a-4c05-8d27-c0722fc44fa0.stdout.txt",
classify	Classify full diff, including deletions	2026-10-03T13:42:14.9208629Z     "spec/progress/evidence/LOOP1-SYNC-GO-001/implementation/recorder/runs/R-SYNC-GO-IMPLEMENTATION-20261003/blobs/C-a2f279dd-50d0-4356-afbd-723217431728.stderr.txt",
classify	Classify full diff, including deletions	2026-10-03T13:42:14.9209856Z     "spec/progress/evidence/LOOP1-SYNC-GO-001/implementation/recorder/runs/R-SYNC-GO-IMPLEMENTATION-20261003/blobs/C-a2f279dd-50d0-4356-afbd-723217431728.stdout.txt",
classify	Classify full diff, including deletions	2026-10-03T13:42:14.9210995Z     "spec/progress/evidence/LOOP1-SYNC-GO-001/implementation/recorder/runs/R-SYNC-GO-IMPLEMENTATION-20261003/blobs/C-a79ff235-e954-4d0d-813c-715860138fa3.stderr.txt",
classify	Classify full diff, including deletions	2026-10-03T13:42:14.9212128Z     "spec/progress/evidence/LOOP1-SYNC-GO-001/implementation/recorder/runs/R-SYNC-GO-IMPLEMENTATION-20261003/blobs/C-a79ff235-e954-4d0d-813c-715860138fa3.stdout.txt",
classify	Classify full diff, including deletions	2026-10-03T13:42:14.9213389Z     "spec/progress/evidence/LOOP1-SYNC-GO-001/implementation/recorder/runs/R-SYNC-GO-IMPLEMENTATION-20261003/blobs/C-a80b8212-77f5-40b6-8478-5e443f88d35e.stderr.txt",
classify	Classify full diff, including deletions	2026-10-03T13:42:14.9214512Z     "spec/progress/evidence/LOOP1-SYNC-GO-001/implementation/recorder/runs/R-SYNC-GO-IMPLEMENTATION-20261003/blobs/C-a80b8212-77f5-40b6-8478-5e443f88d35e.stdout.txt",
classify	Classify full diff, including deletions	2026-10-03T13:42:14.9215647Z     "spec/progress/evidence/LOOP1-SYNC-GO-001/implementation/recorder/runs/R-SYNC-GO-IMPLEMENTATION-20261003/blobs/C-a92fb508-a2df-4225-864f-cf6fbb96a7f2.stderr.txt",
classify	Classify full diff, including deletions	2026-10-03T13:42:14.9216807Z     "spec/progress/evidence/LOOP1-SYNC-GO-001/implementation/recorder/runs/R-SYNC-GO-IMPLEMENTATION-20261003/blobs/C-a92fb508-a2df-4225-864f-cf6fbb96a7f2.stdout.txt",
classify	Classify full diff, including deletions	2026-10-03T13:42:14.9217955Z     "spec/progress/evidence/LOOP1-SYNC-GO-001/implementation/recorder/runs/R-SYNC-GO-IMPLEMENTATION-20261003/blobs/C-aa46018d-e41a-4867-8b30-6342e573fe5a.stderr.txt",
classify	Classify full diff, including deletions	2026-10-03T13:42:14.9219225Z     "spec/progress/evidence/LOOP1-SYNC-GO-001/implementation/recorder/runs/R-SYNC-GO-IMPLEMENTATION-20261003/blobs/C-aa46018d-e41a-4867-8b30-6342e573fe5a.stdout.txt",
classify	Classify full diff, including deletions	2026-10-03T13:42:14.9220505Z     "spec/progress/evidence/LOOP1-SYNC-GO-001/implementation/recorder/runs/R-SYNC-GO-IMPLEMENTATION-20261003/blobs/C-ae511d61-fad8-4a39-9889-61a216e2c0c3.stderr.txt",
classify	Classify full diff, including deletions	2026-10-03T13:42:14.9221638Z     "spec/progress/evidence/LOOP1-SYNC-GO-001/implementation/recorder/runs/R-SYNC-GO-IMPLEMENTATION-20261003/blobs/C-ae511d61-fad8-4a39-9889-61a216e2c0c3.stdout.txt",
classify	Classify full diff, including deletions	2026-10-03T13:42:14.9222795Z     "spec/progress/evidence/LOOP1-SYNC-GO-001/implementation/recorder/runs/R-SYNC-GO-IMPLEMENTATION-20261003/blobs/C-b417d69b-730d-46dc-b1bd-2ab6e6e33a1d.stderr.txt",
classify	Classify full diff, including deletions	2026-10-03T13:42:14.9223932Z     "spec/progress/evidence/LOOP1-SYNC-GO-001/implementation/recorder/runs/R-SYNC-GO-IMPLEMENTATION-20261003/blobs/C-b417d69b-730d-46dc-b1bd-2ab6e6e33a1d.stdout.txt",
classify	Classify full diff, including deletions	2026-10-03T13:42:14.9225068Z     "spec/progress/evidence/LOOP1-SYNC-GO-001/implementation/recorder/runs/R-SYNC-GO-IMPLEMENTATION-20261003/blobs/C-b75104ff-8677-439a-aa84-93475c7980f8.stderr.txt",
classify	Classify full diff, including deletions	2026-10-03T13:42:14.9226204Z     "spec/progress/evidence/LOOP1-SYNC-GO-001/implementation/recorder/runs/R-SYNC-GO-IMPLEMENTATION-20261003/blobs/C-b75104ff-8677-439a-aa84-93475c7980f8.stdout.txt",
classify	Classify full diff, including deletions	2026-10-03T13:42:14.9227341Z     "spec/progress/evidence/LOOP1-SYNC-GO-001/implementation/recorder/runs/R-SYNC-GO-IMPLEMENTATION-20261003/blobs/C-b802d9ef-01b4-4c14-a372-1743f117a951.stderr.txt",
classify	Classify full diff, including deletions	2026-10-03T13:42:14.9228480Z     "spec/progress/evidence/LOOP1-SYNC-GO-001/implementation/recorder/runs/R-SYNC-GO-IMPLEMENTATION-20261003/blobs/C-b802d9ef-01b4-4c14-a372-1743f117a951.stdout.txt",
classify	Classify full diff, including deletions	2026-10-03T13:42:14.9229726Z     "spec/progress/evidence/LOOP1-SYNC-GO-001/implementation/recorder/runs/R-SYNC-GO-IMPLEMENTATION-20261003/blobs/C-ba41bca7-882a-4d20-ade6-94ba69d0cc50.stderr.txt",
classify	Classify full diff, including deletions	2026-10-03T13:42:14.9230873Z     "spec/progress/evidence/LOOP1-SYNC-GO-001/implementation/recorder/runs/R-SYNC-GO-IMPLEMENTATION-20261003/blobs/C-ba41bca7-882a-4d20-ade6-94ba69d0cc50.stdout.txt",
classify	Classify full diff, including deletions	2026-10-03T13:42:14.9232025Z     "spec/progress/evidence/LOOP1-SYNC-GO-001/implementation/recorder/runs/R-SYNC-GO-IMPLEMENTATION-20261003/blobs/C-bf83f12b-7d17-4687-a038-8b9b65379c2d.stderr.txt",
classify	Classify full diff, including deletions	2026-10-03T13:42:14.9233159Z     "spec/progress/evidence/LOOP1-SYNC-GO-001/implementation/recorder/runs/R-SYNC-GO-IMPLEMENTATION-20261003/blobs/C-bf83f12b-7d17-4687-a038-8b9b65379c2d.stdout.txt",
classify	Classify full diff, including deletions	2026-10-03T13:42:14.9234291Z     "spec/progress/evidence/LOOP1-SYNC-GO-001/implementation/recorder/runs/R-SYNC-GO-IMPLEMENTATION-20261003/blobs/C-c1844a16-2d6f-4509-8ee7-9d5dcf341b5b.stderr.txt",
classify	Classify full diff, including deletions	2026-10-03T13:42:14.9235427Z     "spec/progress/evidence/LOOP1-SYNC-GO-001/implementation/recorder/runs/R-SYNC-GO-IMPLEMENTATION-20261003/blobs/C-c1844a16-2d6f-4509-8ee7-9d5dcf341b5b.stdout.txt",
classify	Classify full diff, including deletions	2026-10-03T13:42:14.9236564Z     "spec/progress/evidence/LOOP1-SYNC-GO-001/implementation/recorder/runs/R-SYNC-GO-IMPLEMENTATION-20261003/blobs/C-c748b90b-48dd-4805-bf98-79710b9219fd.stderr.txt",
classify	Classify full diff, including deletions	2026-10-03T13:42:14.9237808Z     "spec/progress/evidence/LOOP1-SYNC-GO-001/implementation/recorder/runs/R-SYNC-GO-IMPLEMENTATION-20261003/blobs/C-c748b90b-48dd-4805-bf98-79710b9219fd.stdout.txt",
classify	Classify full diff, including deletions	2026-10-03T13:42:14.9239033Z     "spec/progress/evidence/LOOP1-SYNC-GO-001/implementation/recorder/runs/R-SYNC-GO-IMPLEMENTATION-20261003/blobs/C-c8576d84-6566-4e62-8096-0b470f821676.stderr.txt",
classify	Classify full diff, including deletions	2026-10-03T13:42:14.9240154Z     "spec/progress/evidence/LOOP1-SYNC-GO-001/implementation/recorder/runs/R-SYNC-GO-IMPLEMENTATION-20261003/blobs/C-c8576d84-6566-4e62-8096-0b470f821676.stdout.txt",
classify	Classify full diff, including deletions	2026-10-03T13:42:14.9241276Z     "spec/progress/evidence/LOOP1-SYNC-GO-001/implementation/recorder/runs/R-SYNC-GO-IMPLEMENTATION-20261003/blobs/C-d2c097f2-794b-4784-930b-4c6e7f98b036.stderr.txt",
classify	Classify full diff, including deletions	2026-10-03T13:42:14.9242403Z     "spec/progress/evidence/LOOP1-SYNC-GO-001/implementation/recorder/runs/R-SYNC-GO-IMPLEMENTATION-20261003/blobs/C-d2c097f2-794b-4784-930b-4c6e7f98b036.stdout.txt",
classify	Classify full diff, including deletions	2026-10-03T13:42:14.9243531Z     "spec/progress/evidence/LOOP1-SYNC-GO-001/implementation/recorder/runs/R-SYNC-GO-IMPLEMENTATION-20261003/blobs/C-d3e99dce-495b-4220-8642-667bc0599437.stderr.txt",
classify	Classify full diff, including deletions	2026-10-03T13:42:14.9244797Z     "spec/progress/evidence/LOOP1-SYNC-GO-001/implementation/recorder/runs/R-SYNC-GO-IMPLEMENTATION-20261003/blobs/C-d3e99dce-495b-4220-8642-667bc0599437.stdout.txt",
classify	Classify full diff, including deletions	2026-10-03T13:42:14.9245924Z     "spec/progress/evidence/LOOP1-SYNC-GO-001/implementation/recorder/runs/R-SYNC-GO-IMPLEMENTATION-20261003/blobs/C-d4b817a8-18ad-48c1-8b73-51ab43f64642.stderr.txt",
classify	Classify full diff, including deletions	2026-10-03T13:42:14.9247062Z     "spec/progress/evidence/LOOP1-SYNC-GO-001/implementation/recorder/runs/R-SYNC-GO-IMPLEMENTATION-20261003/blobs/C-d4b817a8-18ad-48c1-8b73-51ab43f64642.stdout.txt",
classify	Classify full diff, including deletions	2026-10-03T13:42:14.9248235Z     "spec/progress/evidence/LOOP1-SYNC-GO-001/implementation/recorder/runs/R-SYNC-GO-IMPLEMENTATION-20261003/blobs/C-d704772f-4312-4677-a9e2-6068af1fdf9d.stderr.txt",
classify	Classify full diff, including deletions	2026-10-03T13:42:14.9249478Z     "spec/progress/evidence/LOOP1-SYNC-GO-001/implementation/recorder/runs/R-SYNC-GO-IMPLEMENTATION-20261003/blobs/C-d704772f-4312-4677-a9e2-6068af1fdf9d.stdout.txt",
classify	Classify full diff, including deletions	2026-10-03T13:42:14.9250607Z     "spec/progress/evidence/LOOP1-SYNC-GO-001/implementation/recorder/runs/R-SYNC-GO-IMPLEMENTATION-20261003/blobs/C-dc30159c-d801-4322-b8b6-585b7b254672.stderr.txt",
classify	Classify full diff, including deletions	2026-10-03T13:42:14.9251736Z     "spec/progress/evidence/LOOP1-SYNC-GO-001/implementation/recorder/runs/R-SYNC-GO-IMPLEMENTATION-20261003/blobs/C-dc30159c-d801-4322-b8b6-585b7b254672.stdout.txt",
classify	Classify full diff, including deletions	2026-10-03T13:42:14.9252899Z     "spec/progress/evidence/LOOP1-SYNC-GO-001/implementation/recorder/runs/R-SYNC-GO-IMPLEMENTATION-20261003/blobs/C-e0e70c7b-0c5c-4e38-a3fe-2be3ec641d33.stderr.txt",
classify	Classify full diff, including deletions	2026-10-03T13:42:14.9254041Z     "spec/progress/evidence/LOOP1-SYNC-GO-001/implementation/recorder/runs/R-SYNC-GO-IMPLEMENTATION-20261003/blobs/C-e0e70c7b-0c5c-4e38-a3fe-2be3ec641d33.stdout.txt",
classify	Classify full diff, including deletions	2026-10-03T13:42:14.9255181Z     "spec/progress/evidence/LOOP1-SYNC-GO-001/implementation/recorder/runs/R-SYNC-GO-IMPLEMENTATION-20261003/blobs/C-e327b3e4-2855-4527-9bc6-ff94ba15bd0c.stderr.txt",
classify	Classify full diff, including deletions	2026-10-03T13:42:14.9256332Z     "spec/progress/evidence/LOOP1-SYNC-GO-001/implementation/recorder/runs/R-SYNC-GO-IMPLEMENTATION-20261003/blobs/C-e327b3e4-2855-4527-9bc6-ff94ba15bd0c.stdout.txt",
classify	Classify full diff, including deletions	2026-10-03T13:42:14.9257468Z     "spec/progress/evidence/LOOP1-SYNC-GO-001/implementation/recorder/runs/R-SYNC-GO-IMPLEMENTATION-20261003/blobs/C-e5fbf270-38be-44ba-82f3-93762332a140.stderr.txt",
classify	Classify full diff, including deletions	2026-10-03T13:42:14.9258602Z     "spec/progress/evidence/LOOP1-SYNC-GO-001/implementation/recorder/runs/R-SYNC-GO-IMPLEMENTATION-20261003/blobs/C-e5fbf270-38be-44ba-82f3-93762332a140.stdout.txt",
classify	Classify full diff, including deletions	2026-10-03T13:42:14.9259859Z     "spec/progress/evidence/LOOP1-SYNC-GO-001/implementation/recorder/runs/R-SYNC-GO-IMPLEMENTATION-20261003/blobs/C-e6764902-54e5-4b80-90a7-a1cdb917e423.stderr.txt",
classify	Classify full diff, including deletions	2026-10-03T13:42:14.9260982Z     "spec/progress/evidence/LOOP1-SYNC-GO-001/implementation/recorder/runs/R-SYNC-GO-IMPLEMENTATION-20261003/blobs/C-e6764902-54e5-4b80-90a7-a1cdb917e423.stdout.txt",
classify	Classify full diff, including deletions	2026-10-03T13:42:14.9262251Z     "spec/progress/evidence/LOOP1-SYNC-GO-001/implementation/recorder/runs/R-SYNC-GO-IMPLEMENTATION-20261003/blobs/C-ea8e1a60-4fc6-4649-93cf-00c7bbbebbcf.stderr.txt",
classify	Classify full diff, including deletions	2026-10-03T13:42:14.9263392Z     "spec/progress/evidence/LOOP1-SYNC-GO-001/implementation/recorder/runs/R-SYNC-GO-IMPLEMENTATION-20261003/blobs/C-ea8e1a60-4fc6-4649-93cf-00c7bbbebbcf.stdout.txt",
classify	Classify full diff, including deletions	2026-10-03T13:42:14.9264536Z     "spec/progress/evidence/LOOP1-SYNC-GO-001/implementation/recorder/runs/R-SYNC-GO-IMPLEMENTATION-20261003/blobs/C-effcacfa-7993-43b4-921f-653bedd915c9.stderr.txt",
classify	Classify full diff, including deletions	2026-10-03T13:42:14.9265678Z     "spec/progress/evidence/LOOP1-SYNC-GO-001/implementation/recorder/runs/R-SYNC-GO-IMPLEMENTATION-20261003/blobs/C-effcacfa-7993-43b4-921f-653bedd915c9.stdout.txt",
classify	Classify full diff, including deletions	2026-10-03T13:42:14.9266821Z     "spec/progress/evidence/LOOP1-SYNC-GO-001/implementation/recorder/runs/R-SYNC-GO-IMPLEMENTATION-20261003/blobs/C-f2c254d3-b7c4-495f-a2fc-54ab0581d1f8.stderr.txt",
classify	Classify full diff, including deletions	2026-10-03T13:42:14.9267971Z     "spec/progress/evidence/LOOP1-SYNC-GO-001/implementation/recorder/runs/R-SYNC-GO-IMPLEMENTATION-20261003/blobs/C-f2c254d3-b7c4-495f-a2fc-54ab0581d1f8.stdout.txt",
classify	Classify full diff, including deletions	2026-10-03T13:42:14.9269351Z     "spec/progress/evidence/LOOP1-SYNC-GO-001/implementation/recorder/runs/R-SYNC-GO-IMPLEMENTATION-20261003/blobs/C-f3af710f-6491-4d64-a3b7-618c3b9e363a.stderr.txt",
classify	Classify full diff, including deletions	2026-10-03T13:42:14.9270478Z     "spec/progress/evidence/LOOP1-SYNC-GO-001/implementation/recorder/runs/R-SYNC-GO-IMPLEMENTATION-20261003/blobs/C-f3af710f-6491-4d64-a3b7-618c3b9e363a.stdout.txt",
classify	Classify full diff, including deletions	2026-10-03T13:42:14.9271620Z     "spec/progress/evidence/LOOP1-SYNC-GO-001/implementation/recorder/runs/R-SYNC-GO-IMPLEMENTATION-20261003/blobs/C-f869cd3a-f32c-477b-904c-5b868b154542.stderr.txt",
classify	Classify full diff, including deletions	2026-10-03T13:42:14.9272752Z     "spec/progress/evidence/LOOP1-SYNC-GO-001/implementation/recorder/runs/R-SYNC-GO-IMPLEMENTATION-20261003/blobs/C-f869cd3a-f32c-477b-904c-5b868b154542.stdout.txt",
classify	Classify full diff, including deletions	2026-10-03T13:42:14.9273890Z     "spec/progress/evidence/LOOP1-SYNC-GO-001/implementation/recorder/runs/R-SYNC-GO-IMPLEMENTATION-20261003/blobs/C-f8a7caf9-d2cc-4490-bd7e-5d5ab6a05967.stderr.txt",
classify	Classify full diff, including deletions	2026-10-03T13:42:14.9275047Z     "spec/progress/evidence/LOOP1-SYNC-GO-001/implementation/recorder/runs/R-SYNC-GO-IMPLEMENTATION-20261003/blobs/C-f8a7caf9-d2cc-4490-bd7e-5d5ab6a05967.stdout.txt",
classify	Classify full diff, including deletions	2026-10-03T13:42:14.9276190Z     "spec/progress/evidence/LOOP1-SYNC-GO-001/implementation/recorder/runs/R-SYNC-GO-IMPLEMENTATION-20261003/blobs/C-f8e0b766-2d15-4c61-b9a2-69d67fab3789.stderr.txt",
classify	Classify full diff, including deletions	2026-10-03T13:42:14.9277329Z     "spec/progress/evidence/LOOP1-SYNC-GO-001/implementation/recorder/runs/R-SYNC-GO-IMPLEMENTATION-20261003/blobs/C-f8e0b766-2d15-4c61-b9a2-69d67fab3789.stdout.txt",
classify	Classify full diff, including deletions	2026-10-03T13:42:14.9278317Z     "spec/progress/evidence/LOOP1-SYNC-GO-001/implementation/recorder/runs/R-SYNC-GO-IMPLEMENTATION-20261003/diff.patch",
classify	Classify full diff, including deletions	2026-10-03T13:42:14.9279262Z     "spec/progress/evidence/LOOP1-SYNC-GO-001/implementation/recorder/runs/R-SYNC-GO-IMPLEMENTATION-20261003/events.jsonl",
classify	Classify full diff, including deletions	2026-10-03T13:42:14.9280136Z     "spec/progress/evidence/LOOP1-SYNC-GO-001/implementation/recorder/runs/R-SYNC-GO-IMPLEMENTATION-20261003/final_state.json",
classify	Classify full diff, including deletions	2026-10-03T13:42:14.9281012Z     "spec/progress/evidence/LOOP1-SYNC-GO-001/implementation/recorder/runs/R-SYNC-GO-IMPLEMENTATION-20261003/initial_state.json",
classify	Classify full diff, including deletions	2026-10-03T13:42:14.9281885Z     "spec/progress/evidence/LOOP1-SYNC-GO-001/implementation/recorder/runs/R-SYNC-GO-IMPLEMENTATION-20261003/metadata.json",
classify	Classify full diff, including deletions	2026-10-03T13:42:14.9282728Z     "spec/progress/evidence/LOOP1-SYNC-GO-001/implementation/recorder/runs/R-SYNC-GO-IMPLEMENTATION-20261003/summary.json",
classify	Classify full diff, including deletions	2026-10-03T13:42:14.9283313Z     "spec/tasks/review/LOOP1-SYNC-GO-001.md",
classify	Classify full diff, including deletions	2026-10-03T13:42:14.9283618Z     "tools/verify_sync_runtime.py"
classify	Classify full diff, including deletions	2026-10-03T13:42:14.9283868Z   ],
classify	Classify full diff, including deletions	2026-10-03T13:42:14.9284046Z   "jobs": {
classify	Classify full diff, including deletions	2026-10-03T13:42:14.9284236Z     "go": true,
classify	Classify full diff, including deletions	2026-10-03T13:42:14.9284432Z     "java": true,
classify	Classify full diff, including deletions	2026-10-03T13:42:14.9284638Z     "web": true,
classify	Classify full diff, including deletions	2026-10-03T13:42:14.9284836Z     "desktop": true,
classify	Classify full diff, including deletions	2026-10-03T13:42:14.9285211Z     "mobile": true,
classify	Classify full diff, including deletions	2026-10-03T13:42:14.9285418Z     "shared": true,
classify	Classify full diff, including deletions	2026-10-03T13:42:14.9285626Z     "old_client": true,
classify	Classify full diff, including deletions	2026-10-03T13:42:14.9285840Z     "plugin": true,
classify	Classify full diff, including deletions	2026-10-03T13:42:14.9286043Z     "migration": true,
classify	Classify full diff, including deletions	2026-10-03T13:42:14.9286268Z     "compatibility": true,
classify	Classify full diff, including deletions	2026-10-03T13:42:14.9286498Z     "deploy": true,
classify	Classify full diff, including deletions	2026-10-03T13:42:14.9286708Z     "architecture": true,
classify	Classify full diff, including deletions	2026-10-03T13:42:14.9286934Z     "source_go": true,
classify	Classify full diff, including deletions	2026-10-03T13:42:14.9287146Z     "source_java": true
classify	Classify full diff, including deletions	2026-10-03T13:42:14.9287353Z   }
classify	Classify full diff, including deletions	2026-10-03T13:42:14.9287532Z }
classify	Post Run actions/checkout@v4	﻿2026-10-03T13:42:14.9418593Z Post job cleanup.
classify	Post Run actions/checkout@v4	2026-10-03T13:42:15.0286574Z [command]/usr/bin/git version
classify	Post Run actions/checkout@v4	2026-10-03T13:42:15.0334146Z git version 2.55.0
classify	Post Run actions/checkout@v4	2026-10-03T13:42:15.0376717Z Temporarily overriding HOME='/home/runner/work/_temp/fbbd8e28-27a7-484b-aacf-ae33a834d915' before making global git config changes
classify	Post Run actions/checkout@v4	2026-10-03T13:42:15.0378127Z Adding repository directory to the temporary git global config as a safe directory
classify	Post Run actions/checkout@v4	2026-10-03T13:42:15.0383220Z [command]/usr/bin/git config --global --add safe.directory /home/runner/work/IM-platform/IM-platform
classify	Post Run actions/checkout@v4	2026-10-03T13:42:15.0424683Z [command]/usr/bin/git config --local --name-only --get-regexp core\.sshCommand
classify	Post Run actions/checkout@v4	2026-10-03T13:42:15.0461622Z [command]/usr/bin/git submodule foreach --recursive sh -c "git config --local --name-only --get-regexp 'core\.sshCommand' && git config --local --unset-all 'core.sshCommand' || :"
classify	Post Run actions/checkout@v4	2026-10-03T13:42:15.0771363Z [command]/usr/bin/git config --local --name-only --get-regexp http\.https\:\/\/github\.com\/\.extraheader
classify	Post Run actions/checkout@v4	2026-10-03T13:42:15.0840352Z http.https://github.com/.extraheader
classify	Post Run actions/checkout@v4	2026-10-03T13:42:15.0880467Z [command]/usr/bin/git config --local --unset-all http.https://github.com/.extraheader
classify	Post Run actions/checkout@v4	2026-10-03T13:42:15.0893262Z [command]/usr/bin/git submodule foreach --recursive sh -c "git config --local --name-only --get-regexp 'http\.https\:\/\/github\.com\/\.extraheader' && git config --local --unset-all 'http.https://github.com/.extraheader' || :"
classify	Post Run actions/checkout@v4	2026-10-03T13:42:15.1241953Z [command]/usr/bin/git config --local --name-only --get-regexp ^includeIf\.gitdir:
classify	Post Run actions/checkout@v4	2026-10-03T13:42:15.1292268Z [command]/usr/bin/git submodule foreach --recursive git config --local --show-origin --name-only --get-regexp remote.origin.url
classify	Complete job	﻿2026-10-03T13:42:15.1775572Z Evaluate and set job outputs
classify	Complete job	2026-10-03T13:42:15.1786070Z Set output 'go'
classify	Complete job	2026-10-03T13:42:15.1787698Z Set output 'java'
classify	Complete job	2026-10-03T13:42:15.1788403Z Set output 'web'
classify	Complete job	2026-10-03T13:42:15.1788962Z Set output 'desktop'
classify	Complete job	2026-10-03T13:42:15.1789451Z Set output 'mobile'
classify	Complete job	2026-10-03T13:42:15.1789751Z Set output 'shared'
classify	Complete job	2026-10-03T13:42:15.1790032Z Set output 'old_client'
classify	Complete job	2026-10-03T13:42:15.1790340Z Set output 'plugin'
classify	Complete job	2026-10-03T13:42:15.1790633Z Set output 'migration'
classify	Complete job	2026-10-03T13:42:15.1790955Z Set output 'compatibility'
classify	Complete job	2026-10-03T13:42:15.1791269Z Set output 'deploy'
classify	Complete job	2026-10-03T13:42:15.1791560Z Set output 'architecture'
classify	Complete job	2026-10-03T13:42:15.1791870Z Set output 'source_go'
classify	Complete job	2026-10-03T13:42:15.1792166Z Set output 'source_java'
classify	Complete job	2026-10-03T13:42:15.1792891Z Cleaning up orphan processes
classify	Complete job	2026-10-03T13:42:15.2086997Z ##[warning]Node.js 20 is deprecated. The following actions target Node.js 20 but are being forced to run on Node.js 24: actions/checkout@v4. For more information see: https://github.blog/changelog/2025-09-19-deprecation-of-node-20-on-github-actions-runners/
