architecture	Set up job	﻿2026-10-03T12:19:48.7550279Z Current runner version: '2.337.0'
architecture	Set up job	2026-10-03T12:19:48.7579441Z ##[group]Runner Image Provisioner
architecture	Set up job	2026-10-03T12:19:48.7580342Z Hosted Compute Agent
architecture	Set up job	2026-10-03T12:19:48.7580996Z Version: 20260901.588
architecture	Set up job	2026-10-03T12:19:48.7581683Z Commit: f88ec8081b781fac6c440065ac7ff9e710ce3d0b
architecture	Set up job	2026-10-03T12:19:48.7582430Z Build Date: 2026-09-01T19:56:44Z
architecture	Set up job	2026-10-03T12:19:48.7583184Z Worker ID: {818cca61-a09e-4235-a7b5-81430c22c1f4}
architecture	Set up job	2026-10-03T12:19:48.7583927Z Azure Region: eastus
architecture	Set up job	2026-10-03T12:19:48.7584633Z ##[endgroup]
architecture	Set up job	2026-10-03T12:19:48.7586588Z ##[group]Operating System
architecture	Set up job	2026-10-03T12:19:48.7587237Z Ubuntu
architecture	Set up job	2026-10-03T12:19:48.7587859Z 24.04.5
architecture	Set up job	2026-10-03T12:19:48.7588407Z LTS
architecture	Set up job	2026-10-03T12:19:48.7589299Z ##[endgroup]
architecture	Set up job	2026-10-03T12:19:48.7589955Z ##[group]Runner Image
architecture	Set up job	2026-10-03T12:19:48.7590572Z Image: ubuntu-24.04
architecture	Set up job	2026-10-03T12:19:48.7591188Z Version: 20260927.320.1
architecture	Set up job	2026-10-03T12:19:48.7592280Z Included Software: https://github.com/actions/runner-images/blob/ubuntu24/20260927.320/images/ubuntu/Ubuntu2404-Readme.md
architecture	Set up job	2026-10-03T12:19:48.7594217Z Image Release: https://github.com/actions/runner-images/releases/tag/ubuntu24%2F20260927.320
architecture	Set up job	2026-10-03T12:19:48.7595187Z ##[endgroup]
architecture	Set up job	2026-10-03T12:19:48.7596360Z ##[group]GITHUB_TOKEN Permissions
architecture	Set up job	2026-10-03T12:19:48.7598489Z Contents: read
architecture	Set up job	2026-10-03T12:19:48.7599495Z Metadata: read
architecture	Set up job	2026-10-03T12:19:48.7600055Z ##[endgroup]
architecture	Set up job	2026-10-03T12:19:48.7602560Z Secret source: Actions
architecture	Set up job	2026-10-03T12:19:48.7603505Z Cache mode: write
architecture	Set up job	2026-10-03T12:19:48.7604720Z Prepare workflow directory
architecture	Set up job	2026-10-03T12:19:48.8010942Z Prepare all required actions
architecture	Set up job	2026-10-03T12:19:48.8060251Z Getting action download info
architecture	Set up job	2026-10-03T12:19:49.0550744Z Download action repository 'actions/checkout@v4' (SHA:11d5960a326750d5838078e36cf38b85af677262)
architecture	Set up job	2026-10-03T12:19:49.1660414Z Download action repository 'actions/setup-go@v5' (SHA:40f1582b2485089dde7abd97c1529aa768e1baff)
architecture	Set up job	2026-10-03T12:19:49.3585439Z Download action repository 'actions/setup-java@v4' (SHA:cf277c60eb25467037889841efdb72551f06f6c3)
architecture	Set up job	2026-10-03T12:19:49.6997216Z Complete job name: architecture
architecture	Run actions/checkout@v4	﻿2026-10-03T12:19:49.7861198Z ##[group]Run actions/checkout@v4
architecture	Run actions/checkout@v4	2026-10-03T12:19:49.7862729Z with:
architecture	Run actions/checkout@v4	2026-10-03T12:19:49.7863592Z   repository: nilesthump/IM-platform
architecture	Run actions/checkout@v4	2026-10-03T12:19:49.7872641Z   token: ***
architecture	Run actions/checkout@v4	2026-10-03T12:19:49.7873557Z   ssh-strict: true
architecture	Run actions/checkout@v4	2026-10-03T12:19:49.7874405Z   ssh-user: git
architecture	Run actions/checkout@v4	2026-10-03T12:19:49.7875268Z   persist-credentials: true
architecture	Run actions/checkout@v4	2026-10-03T12:19:49.7876169Z   clean: true
architecture	Run actions/checkout@v4	2026-10-03T12:19:49.7876954Z   sparse-checkout-cone-mode: true
architecture	Run actions/checkout@v4	2026-10-03T12:19:49.7877922Z   fetch-depth: 1
architecture	Run actions/checkout@v4	2026-10-03T12:19:49.7878735Z   fetch-tags: false
architecture	Run actions/checkout@v4	2026-10-03T12:19:49.7879827Z   show-progress: true
architecture	Run actions/checkout@v4	2026-10-03T12:19:49.7880665Z   lfs: false
architecture	Run actions/checkout@v4	2026-10-03T12:19:49.7881136Z   submodules: false
architecture	Run actions/checkout@v4	2026-10-03T12:19:49.7881637Z   set-safe-directory: true
architecture	Run actions/checkout@v4	2026-10-03T12:19:49.7882188Z   allow-unsafe-pr-checkout: false
architecture	Run actions/checkout@v4	2026-10-03T12:19:49.7883158Z env:
architecture	Run actions/checkout@v4	2026-10-03T12:19:49.7883644Z   PYTHONDONTWRITEBYTECODE: 1
architecture	Run actions/checkout@v4	2026-10-03T12:19:49.7884187Z ##[endgroup]
architecture	Run actions/checkout@v4	2026-10-03T12:19:49.8991197Z Syncing repository: nilesthump/IM-platform
architecture	Run actions/checkout@v4	2026-10-03T12:19:49.8994616Z ##[group]Getting Git version info
architecture	Run actions/checkout@v4	2026-10-03T12:19:49.8996141Z Working directory is '/home/runner/work/IM-platform/IM-platform'
architecture	Run actions/checkout@v4	2026-10-03T12:19:49.8998082Z [command]/usr/bin/git version
architecture	Run actions/checkout@v4	2026-10-03T12:19:49.9072352Z git version 2.55.0
architecture	Run actions/checkout@v4	2026-10-03T12:19:49.9102715Z ##[endgroup]
architecture	Run actions/checkout@v4	2026-10-03T12:19:49.9120453Z Temporarily overriding HOME='/home/runner/work/_temp/d080c84f-3325-4460-9ed9-9d8b0c2a3fe5' before making global git config changes
architecture	Run actions/checkout@v4	2026-10-03T12:19:49.9123158Z Adding repository directory to the temporary git global config as a safe directory
architecture	Run actions/checkout@v4	2026-10-03T12:19:49.9128389Z [command]/usr/bin/git config --global --add safe.directory /home/runner/work/IM-platform/IM-platform
architecture	Run actions/checkout@v4	2026-10-03T12:19:49.9188414Z Deleting the contents of '/home/runner/work/IM-platform/IM-platform'
architecture	Run actions/checkout@v4	2026-10-03T12:19:49.9193055Z ##[group]Initializing the repository
architecture	Run actions/checkout@v4	2026-10-03T12:19:49.9199318Z [command]/usr/bin/git init /home/runner/work/IM-platform/IM-platform
architecture	Run actions/checkout@v4	2026-10-03T12:19:49.9321609Z hint: Using 'master' as the name for the initial branch. This default branch name
architecture	Run actions/checkout@v4	2026-10-03T12:19:49.9323753Z hint: will change to "main" in Git 3.0. To configure the initial branch name
architecture	Run actions/checkout@v4	2026-10-03T12:19:49.9325339Z hint: to use in all of your new repositories, which will suppress this warning,
architecture	Run actions/checkout@v4	2026-10-03T12:19:49.9326333Z hint: call:
architecture	Run actions/checkout@v4	2026-10-03T12:19:49.9326825Z hint:
architecture	Run actions/checkout@v4	2026-10-03T12:19:49.9327467Z hint: 	git config --global init.defaultBranch <name>
architecture	Run actions/checkout@v4	2026-10-03T12:19:49.9328255Z hint:
architecture	Run actions/checkout@v4	2026-10-03T12:19:49.9329400Z hint: Names commonly chosen instead of 'master' are 'main', 'trunk' and
architecture	Run actions/checkout@v4	2026-10-03T12:19:49.9330683Z hint: 'development'. The just-created branch can be renamed via this command:
architecture	Run actions/checkout@v4	2026-10-03T12:19:49.9331685Z hint:
architecture	Run actions/checkout@v4	2026-10-03T12:19:49.9332186Z hint: 	git branch -m <name>
architecture	Run actions/checkout@v4	2026-10-03T12:19:49.9332783Z hint:
architecture	Run actions/checkout@v4	2026-10-03T12:19:49.9333586Z hint: Disable this message with "git config set advice.defaultBranchName false"
architecture	Run actions/checkout@v4	2026-10-03T12:19:49.9340433Z Initialized empty Git repository in /home/runner/work/IM-platform/IM-platform/.git/
architecture	Run actions/checkout@v4	2026-10-03T12:19:49.9354374Z [command]/usr/bin/git remote add origin https://github.com/nilesthump/IM-platform
architecture	Run actions/checkout@v4	2026-10-03T12:19:49.9413361Z ##[endgroup]
architecture	Run actions/checkout@v4	2026-10-03T12:19:49.9414859Z ##[group]Disabling automatic garbage collection
architecture	Run actions/checkout@v4	2026-10-03T12:19:49.9417238Z [command]/usr/bin/git config --local gc.auto 0
architecture	Run actions/checkout@v4	2026-10-03T12:19:49.9453925Z ##[endgroup]
architecture	Run actions/checkout@v4	2026-10-03T12:19:49.9455318Z ##[group]Setting up auth
architecture	Run actions/checkout@v4	2026-10-03T12:19:49.9462139Z [command]/usr/bin/git config --local --name-only --get-regexp core\.sshCommand
architecture	Run actions/checkout@v4	2026-10-03T12:19:49.9499138Z [command]/usr/bin/git submodule foreach --recursive sh -c "git config --local --name-only --get-regexp 'core\.sshCommand' && git config --local --unset-all 'core.sshCommand' || :"
architecture	Run actions/checkout@v4	2026-10-03T12:19:49.9923086Z [command]/usr/bin/git config --local --name-only --get-regexp http\.https\:\/\/github\.com\/\.extraheader
architecture	Run actions/checkout@v4	2026-10-03T12:19:49.9963917Z [command]/usr/bin/git submodule foreach --recursive sh -c "git config --local --name-only --get-regexp 'http\.https\:\/\/github\.com\/\.extraheader' && git config --local --unset-all 'http.https://github.com/.extraheader' || :"
architecture	Run actions/checkout@v4	2026-10-03T12:19:50.0202229Z [command]/usr/bin/git config --local --name-only --get-regexp ^includeIf\.gitdir:
architecture	Run actions/checkout@v4	2026-10-03T12:19:50.0245211Z [command]/usr/bin/git submodule foreach --recursive git config --local --show-origin --name-only --get-regexp remote.origin.url
architecture	Run actions/checkout@v4	2026-10-03T12:19:50.0495497Z [command]/usr/bin/git config --local http.https://github.com/.extraheader AUTHORIZATION: basic ***
architecture	Run actions/checkout@v4	2026-10-03T12:19:50.0545894Z ##[endgroup]
architecture	Run actions/checkout@v4	2026-10-03T12:19:50.0558800Z ##[group]Fetching the repository
architecture	Run actions/checkout@v4	2026-10-03T12:19:50.0561368Z [command]/usr/bin/git -c protocol.version=2 fetch --no-tags --prune --no-recurse-submodules --depth=1 origin +c2ff0502fdad80f463abe038a960ca1b798e6d7a:refs/remotes/origin/main
architecture	Run actions/checkout@v4	2026-10-03T12:19:51.6896170Z From https://github.com/nilesthump/IM-platform
architecture	Run actions/checkout@v4	2026-10-03T12:19:51.6897427Z  * [new ref]         c2ff0502fdad80f463abe038a960ca1b798e6d7a -> origin/main
architecture	Run actions/checkout@v4	2026-10-03T12:19:51.6902489Z ##[endgroup]
architecture	Run actions/checkout@v4	2026-10-03T12:19:51.6903702Z ##[group]Determining the checkout info
architecture	Run actions/checkout@v4	2026-10-03T12:19:51.6905605Z ##[endgroup]
architecture	Run actions/checkout@v4	2026-10-03T12:19:51.6914022Z [command]/usr/bin/git sparse-checkout disable
architecture	Run actions/checkout@v4	2026-10-03T12:19:51.6974340Z [command]/usr/bin/git config --local --unset-all extensions.worktreeConfig
architecture	Run actions/checkout@v4	2026-10-03T12:19:51.7009070Z ##[group]Checking out the ref
architecture	Run actions/checkout@v4	2026-10-03T12:19:51.7016367Z [command]/usr/bin/git checkout --progress --force -B main refs/remotes/origin/main
architecture	Run actions/checkout@v4	2026-10-03T12:19:52.2571503Z Switched to a new branch 'main'
architecture	Run actions/checkout@v4	2026-10-03T12:19:52.2574799Z branch 'main' set up to track 'origin/main'.
architecture	Run actions/checkout@v4	2026-10-03T12:19:52.2603803Z ##[endgroup]
architecture	Run actions/checkout@v4	2026-10-03T12:19:52.2670638Z [command]/usr/bin/git log -1 --format=%H
architecture	Run actions/checkout@v4	2026-10-03T12:19:52.2702436Z c2ff0502fdad80f463abe038a960ca1b798e6d7a
architecture	Run actions/setup-go@v5	﻿2026-10-03T12:19:52.3075890Z ##[group]Run actions/setup-go@v5
architecture	Run actions/setup-go@v5	2026-10-03T12:19:52.3076294Z with:
architecture	Run actions/setup-go@v5	2026-10-03T12:19:52.3076517Z   go-version: 1.23
architecture	Run actions/setup-go@v5	2026-10-03T12:19:52.3076759Z   check-latest: false
architecture	Run actions/setup-go@v5	2026-10-03T12:19:52.3080380Z   token: ***
architecture	Run actions/setup-go@v5	2026-10-03T12:19:52.3080662Z   cache: true
architecture	Run actions/setup-go@v5	2026-10-03T12:19:52.3080886Z env:
architecture	Run actions/setup-go@v5	2026-10-03T12:19:52.3081109Z   PYTHONDONTWRITEBYTECODE: 1
architecture	Run actions/setup-go@v5	2026-10-03T12:19:52.3081396Z ##[endgroup]
architecture	Run actions/setup-go@v5	2026-10-03T12:19:52.4509473Z Setup go version spec 1.23
architecture	Run actions/setup-go@v5	2026-10-03T12:19:52.4561183Z Attempting to download 1.23...
architecture	Run actions/setup-go@v5	2026-10-03T12:19:52.4679695Z (node:2299) [DEP0040] DeprecationWarning: The `punycode` module is deprecated. Please use a userland alternative instead.
architecture	Run actions/setup-go@v5	2026-10-03T12:19:52.4681180Z (Use `node --trace-deprecation ...` to show where the warning was created)
architecture	Run actions/setup-go@v5	2026-10-03T12:19:52.8970904Z matching 1.23...
architecture	Run actions/setup-go@v5	2026-10-03T12:19:52.9023893Z Acquiring 1.23.12 from https://github.com/actions/go-versions/releases/download/1.23.12-16792118003/go-1.23.12-linux-x64.tar.gz
architecture	Run actions/setup-go@v5	2026-10-03T12:19:53.3950968Z Extracting Go...
architecture	Run actions/setup-go@v5	2026-10-03T12:19:53.4111508Z [command]/usr/bin/tar xz --warning=no-unknown-keyword --overwrite -C /home/runner/work/_temp/f6fc0158-5ec3-4ee1-9e74-b40bee5090c4 -f /home/runner/work/_temp/f49b04e8-f733-493a-87ab-4c84337452d5
architecture	Run actions/setup-go@v5	2026-10-03T12:19:55.1332486Z Successfully extracted go to /home/runner/work/_temp/f6fc0158-5ec3-4ee1-9e74-b40bee5090c4
architecture	Run actions/setup-go@v5	2026-10-03T12:19:55.1333255Z Adding to the cache ...
architecture	Run actions/setup-go@v5	2026-10-03T12:20:00.5268545Z Successfully cached go to /opt/hostedtoolcache/go/1.23.12/x64
architecture	Run actions/setup-go@v5	2026-10-03T12:20:00.5272513Z Added go to the path
architecture	Run actions/setup-go@v5	2026-10-03T12:20:00.5275639Z Successfully set up Go version 1.23
architecture	Run actions/setup-go@v5	2026-10-03T12:20:00.5588669Z [command]/opt/hostedtoolcache/go/1.23.12/x64/bin/go env GOMODCACHE
architecture	Run actions/setup-go@v5	2026-10-03T12:20:00.5643156Z [command]/opt/hostedtoolcache/go/1.23.12/x64/bin/go env GOCACHE
architecture	Run actions/setup-go@v5	2026-10-03T12:20:00.5710179Z /home/runner/go/pkg/mod
architecture	Run actions/setup-go@v5	2026-10-03T12:20:00.5712818Z /home/runner/.cache/go-build
architecture	Run actions/setup-go@v5	2026-10-03T12:20:00.5751082Z ##[warning]Restore cache failed: Dependencies file is not found in /home/runner/work/IM-platform/IM-platform. Supported file pattern: go.sum
architecture	Run actions/setup-go@v5	2026-10-03T12:20:00.5784071Z go version go1.23.12 linux/amd64
architecture	Run actions/setup-go@v5	2026-10-03T12:20:00.5784393Z 
architecture	Run actions/setup-go@v5	2026-10-03T12:20:00.5784832Z ##[group]go env
architecture	Run actions/setup-go@v5	2026-10-03T12:20:00.7287469Z GO111MODULE=''
architecture	Run actions/setup-go@v5	2026-10-03T12:20:00.7288009Z GOARCH='amd64'
architecture	Run actions/setup-go@v5	2026-10-03T12:20:00.7288376Z GOBIN=''
architecture	Run actions/setup-go@v5	2026-10-03T12:20:00.7288750Z GOCACHE='/home/runner/.cache/go-build'
architecture	Run actions/setup-go@v5	2026-10-03T12:20:00.7289527Z GOENV='/home/runner/.config/go/env'
architecture	Run actions/setup-go@v5	2026-10-03T12:20:00.7289850Z GOEXE=''
architecture	Run actions/setup-go@v5	2026-10-03T12:20:00.7290057Z GOEXPERIMENT=''
architecture	Run actions/setup-go@v5	2026-10-03T12:20:00.7290271Z GOFLAGS=''
architecture	Run actions/setup-go@v5	2026-10-03T12:20:00.7290475Z GOHOSTARCH='amd64'
architecture	Run actions/setup-go@v5	2026-10-03T12:20:00.7290691Z GOHOSTOS='linux'
architecture	Run actions/setup-go@v5	2026-10-03T12:20:00.7290900Z GOINSECURE=''
architecture	Run actions/setup-go@v5	2026-10-03T12:20:00.7291136Z GOMODCACHE='/home/runner/go/pkg/mod'
architecture	Run actions/setup-go@v5	2026-10-03T12:20:00.7291429Z GONOPROXY=''
architecture	Run actions/setup-go@v5	2026-10-03T12:20:00.7291634Z GONOSUMDB=''
architecture	Run actions/setup-go@v5	2026-10-03T12:20:00.7291838Z GOOS='linux'
architecture	Run actions/setup-go@v5	2026-10-03T12:20:00.7292061Z GOPATH='/home/runner/go'
architecture	Run actions/setup-go@v5	2026-10-03T12:20:00.7292309Z GOPRIVATE=''
architecture	Run actions/setup-go@v5	2026-10-03T12:20:00.7292579Z GOPROXY='https://proxy.golang.org,direct'
architecture	Run actions/setup-go@v5	2026-10-03T12:20:00.7292970Z GOROOT='/opt/hostedtoolcache/go/1.23.12/x64'
architecture	Run actions/setup-go@v5	2026-10-03T12:20:00.7293328Z GOSUMDB='sum.golang.org'
architecture	Run actions/setup-go@v5	2026-10-03T12:20:00.7293574Z GOTMPDIR=''
architecture	Run actions/setup-go@v5	2026-10-03T12:20:00.7293788Z GOTOOLCHAIN='auto'
architecture	Run actions/setup-go@v5	2026-10-03T12:20:00.7294160Z GOTOOLDIR='/opt/hostedtoolcache/go/1.23.12/x64/pkg/tool/linux_amd64'
architecture	Run actions/setup-go@v5	2026-10-03T12:20:00.7294550Z GOVCS=''
architecture	Run actions/setup-go@v5	2026-10-03T12:20:00.7294780Z GOVERSION='go1.23.12'
architecture	Run actions/setup-go@v5	2026-10-03T12:20:00.7295010Z GODEBUG=''
architecture	Run actions/setup-go@v5	2026-10-03T12:20:00.7295215Z GOTELEMETRY='local'
architecture	Run actions/setup-go@v5	2026-10-03T12:20:00.7295491Z GOTELEMETRYDIR='/home/runner/.config/go/telemetry'
architecture	Run actions/setup-go@v5	2026-10-03T12:20:00.7295812Z GCCGO='gccgo'
architecture	Run actions/setup-go@v5	2026-10-03T12:20:00.7296013Z GOAMD64='v1'
architecture	Run actions/setup-go@v5	2026-10-03T12:20:00.7296213Z AR='ar'
architecture	Run actions/setup-go@v5	2026-10-03T12:20:00.7296402Z CC='gcc'
architecture	Run actions/setup-go@v5	2026-10-03T12:20:00.7296588Z CXX='g++'
architecture	Run actions/setup-go@v5	2026-10-03T12:20:00.7296805Z CGO_ENABLED='1'
architecture	Run actions/setup-go@v5	2026-10-03T12:20:00.7297013Z GOMOD='/dev/null'
architecture	Run actions/setup-go@v5	2026-10-03T12:20:00.7297220Z GOWORK=''
architecture	Run actions/setup-go@v5	2026-10-03T12:20:00.7297424Z CGO_CFLAGS='-O2 -g'
architecture	Run actions/setup-go@v5	2026-10-03T12:20:00.7297653Z CGO_CPPFLAGS=''
architecture	Run actions/setup-go@v5	2026-10-03T12:20:00.7298157Z CGO_CXXFLAGS='-O2 -g'
architecture	Run actions/setup-go@v5	2026-10-03T12:20:00.7298387Z CGO_FFLAGS='-O2 -g'
architecture	Run actions/setup-go@v5	2026-10-03T12:20:00.7298605Z CGO_LDFLAGS='-O2 -g'
architecture	Run actions/setup-go@v5	2026-10-03T12:20:00.7299115Z PKG_CONFIG='pkg-config'
architecture	Run actions/setup-go@v5	2026-10-03T12:20:00.7300167Z GOGCCFLAGS='-fPIC -m64 -pthread -Wl,--no-gc-sections -fmessage-length=0 -ffile-prefix-map=/tmp/go-build1393245654=/tmp/go-build -gno-record-gcc-switches'
architecture	Run actions/setup-go@v5	2026-10-03T12:20:00.7300827Z 
architecture	Run actions/setup-go@v5	2026-10-03T12:20:00.7301202Z ##[endgroup]
architecture	Run actions/setup-java@v4	﻿2026-10-03T12:20:00.7626540Z ##[group]Run actions/setup-java@v4
architecture	Run actions/setup-java@v4	2026-10-03T12:20:00.7626853Z with:
architecture	Run actions/setup-java@v4	2026-10-03T12:20:00.7627054Z   distribution: temurin
architecture	Run actions/setup-java@v4	2026-10-03T12:20:00.7627279Z   java-version: 21
architecture	Run actions/setup-java@v4	2026-10-03T12:20:00.7627488Z   java-package: jdk
architecture	Run actions/setup-java@v4	2026-10-03T12:20:00.7627705Z   check-latest: false
architecture	Run actions/setup-java@v4	2026-10-03T12:20:00.7627916Z   server-id: github
architecture	Run actions/setup-java@v4	2026-10-03T12:20:00.7628132Z   server-username: GITHUB_ACTOR
architecture	Run actions/setup-java@v4	2026-10-03T12:20:00.7628387Z   server-password: GITHUB_TOKEN
architecture	Run actions/setup-java@v4	2026-10-03T12:20:00.7628641Z   overwrite-settings: true
architecture	Run actions/setup-java@v4	2026-10-03T12:20:00.7629189Z   job-status: success
architecture	Run actions/setup-java@v4	2026-10-03T12:20:00.7631762Z   token: ***
architecture	Run actions/setup-java@v4	2026-10-03T12:20:00.7631972Z env:
architecture	Run actions/setup-java@v4	2026-10-03T12:20:00.7632177Z   PYTHONDONTWRITEBYTECODE: 1
architecture	Run actions/setup-java@v4	2026-10-03T12:20:00.7632421Z ##[endgroup]
architecture	Run actions/setup-java@v4	2026-10-03T12:20:00.9456666Z ##[warning]setup-java v4 is deprecated and will no longer receive updates. Please migrate to actions/setup-java@v5.
architecture	Run actions/setup-java@v4	2026-10-03T12:20:00.9459961Z ##[group]Installed distributions
architecture	Run actions/setup-java@v4	2026-10-03T12:20:00.9527832Z Resolved Java 21.0.12+1 from tool-cache
architecture	Run actions/setup-java@v4	2026-10-03T12:20:00.9528566Z Setting Java 21.0.12+1 as the default
architecture	Run actions/setup-java@v4	2026-10-03T12:20:00.9539727Z (node:2371) [DEP0040] DeprecationWarning: The `punycode` module is deprecated. Please use a userland alternative instead.
architecture	Run actions/setup-java@v4	2026-10-03T12:20:00.9541317Z (Use `node --trace-deprecation ...` to show where the warning was created)
architecture	Run actions/setup-java@v4	2026-10-03T12:20:00.9544183Z Creating toolchains.xml for JDK version 21 from temurin
architecture	Run actions/setup-java@v4	2026-10-03T12:20:00.9623057Z Writing to /home/runner/.m2/toolchains.xml
architecture	Run actions/setup-java@v4	2026-10-03T12:20:00.9624059Z 
architecture	Run actions/setup-java@v4	2026-10-03T12:20:00.9624500Z Java configuration:
architecture	Run actions/setup-java@v4	2026-10-03T12:20:00.9625154Z   Distribution: temurin
architecture	Run actions/setup-java@v4	2026-10-03T12:20:00.9625602Z   Version: 21.0.12+1
architecture	Run actions/setup-java@v4	2026-10-03T12:20:00.9626234Z   Path: /opt/hostedtoolcache/Java_Temurin-Hotspot_jdk/21.0.12-1/x64
architecture	Run actions/setup-java@v4	2026-10-03T12:20:00.9626750Z 
architecture	Run actions/setup-java@v4	2026-10-03T12:20:00.9627257Z ##[endgroup]
architecture	Run actions/setup-java@v4	2026-10-03T12:20:00.9644584Z Creating settings.xml with server-id: github
architecture	Run actions/setup-java@v4	2026-10-03T12:20:00.9691580Z Writing to /home/runner/.m2/settings.xml
architecture	Canonical integrity and authority structure	﻿2026-10-03T12:20:00.9916040Z ##[group]Run ./tools/verify-frozen-architecture.ps1
architecture	Canonical integrity and authority structure	2026-10-03T12:20:00.9916791Z ^[[36;1m./tools/verify-frozen-architecture.ps1^[[0m
architecture	Canonical integrity and authority structure	2026-10-03T12:20:00.9957769Z shell: /usr/bin/pwsh -command ". '{0}'"
architecture	Canonical integrity and authority structure	2026-10-03T12:20:00.9958272Z env:
architecture	Canonical integrity and authority structure	2026-10-03T12:20:00.9958620Z   PYTHONDONTWRITEBYTECODE: 1
architecture	Canonical integrity and authority structure	2026-10-03T12:20:00.9959580Z   JAVA_HOME: /opt/hostedtoolcache/Java_Temurin-Hotspot_jdk/21.0.12-1/x64
architecture	Canonical integrity and authority structure	2026-10-03T12:20:00.9960449Z   JAVA_HOME_21_X64: /opt/hostedtoolcache/Java_Temurin-Hotspot_jdk/21.0.12-1/x64
architecture	Canonical integrity and authority structure	2026-10-03T12:20:00.9961120Z ##[endgroup]
architecture	Canonical integrity and authority structure	2026-10-03T12:20:05.0367668Z PASS: v1.1 current SHA/PDF provenance/ADR and section-bound semantic structure; historical migration semantic_change=false; current revision semantic_change=true
architecture	Canonical integrity and authority structure	2026-10-03T12:20:05.2019681Z test_android_complete_literal_plugin_notations_remain_approved (test_client_technology.ClientTechnologyControls.test_android_complete_literal_plugin_notations_remain_approved) ... ok
architecture	Canonical integrity and authority structure	2026-10-03T12:20:05.2256059Z test_android_compose_gradle_source_and_tooling (test_client_technology.ClientTechnologyControls.test_android_compose_gradle_source_and_tooling) ... ok
architecture	Canonical integrity and authority structure	2026-10-03T12:20:05.2376910Z test_android_literal_and_direct_catalog_plugins_remain_approved (test_client_technology.ClientTechnologyControls.test_android_literal_and_direct_catalog_plugins_remain_approved) ... ok
architecture	Canonical integrity and authority structure	2026-10-03T12:20:05.2825104Z test_android_negative_real_gradle_catalog_import_build_workflow_controls (test_client_technology.ClientTechnologyControls.test_android_negative_real_gradle_catalog_import_build_workflow_controls) ... ok
architecture	Canonical integrity and authority structure	2026-10-03T12:20:05.2929957Z test_android_plugin_block_shortcuts_and_generic_apply_fail_closed (test_client_technology.ClientTechnologyControls.test_android_plugin_block_shortcuts_and_generic_apply_fail_closed) ... ok
architecture	Canonical integrity and authority structure	2026-10-03T12:20:05.3034021Z test_android_plugin_declarations_fail_closed (test_client_technology.ClientTechnologyControls.test_android_plugin_declarations_fail_closed) ... ok
architecture	Canonical integrity and authority structure	2026-10-03T12:20:05.3331407Z test_android_plugin_selectors_require_complete_literal_arguments (test_client_technology.ClientTechnologyControls.test_android_plugin_selectors_require_complete_literal_arguments) ... ok
architecture	Canonical integrity and authority structure	2026-10-03T12:20:05.3490251Z test_android_quoted_dispatch_text_remains_data (test_client_technology.ClientTechnologyControls.test_android_quoted_dispatch_text_remains_data) ... ok
architecture	Canonical integrity and authority structure	2026-10-03T12:20:05.3660448Z test_android_quoted_member_dispatch_fails_closed (test_client_technology.ClientTechnologyControls.test_android_quoted_member_dispatch_fails_closed) ... ok
architecture	Canonical integrity and authority structure	2026-10-03T12:20:05.3814130Z test_android_supported_apply_and_quoted_contexts_remain_approved (test_client_technology.ClientTechnologyControls.test_android_supported_apply_and_quoted_contexts_remain_approved) ... ok
architecture	Canonical integrity and authority structure	2026-10-03T12:20:05.3980814Z test_android_unsupported_plugin_applications_fail_closed (test_client_technology.ClientTechnologyControls.test_android_unsupported_plugin_applications_fail_closed) ... ok
architecture	Canonical integrity and authority structure	2026-10-03T12:20:05.4059441Z test_approved_ts_native_config_assets (test_client_technology.ClientTechnologyControls.test_approved_ts_native_config_assets) ... ok
architecture	Canonical integrity and authority structure	2026-10-03T12:20:05.4075722Z test_authority_missing_or_mutated_is_failure (test_client_technology.ClientTechnologyControls.test_authority_missing_or_mutated_is_failure) ... ok
architecture	Canonical integrity and authority structure	2026-10-03T12:20:05.4798382Z test_current_active_clients (test_client_technology.ClientTechnologyControls.test_current_active_clients) ... ok
architecture	Canonical integrity and authority structure	2026-10-03T12:20:05.5012075Z test_forbidden_source_and_config_controls (test_client_technology.ClientTechnologyControls.test_forbidden_source_and_config_controls) ... ok
architecture	Canonical integrity and authority structure	2026-10-03T12:20:05.5037671Z test_history_is_not_active_client_implementation (test_client_technology.ClientTechnologyControls.test_history_is_not_active_client_implementation) ... ok
architecture	Canonical integrity and authority structure	2026-10-03T12:20:05.5065469Z test_symlink_cannot_bypass_boundary (test_client_technology.ClientTechnologyControls.test_symlink_cannot_bypass_boundary) ... ok
architecture	Canonical integrity and authority structure	2026-10-03T12:20:05.5109224Z test_task_paths_and_passing_tests_cannot_approve_framework (test_client_technology.ClientTechnologyControls.test_task_paths_and_passing_tests_cannot_approve_framework) ... ok
architecture	Canonical integrity and authority structure	2026-10-03T12:20:05.5273875Z test_unapproved_generic_dependencies_and_imports (test_client_technology.ClientTechnologyControls.test_unapproved_generic_dependencies_and_imports) ... ok
architecture	Canonical integrity and authority structure	2026-10-03T12:20:05.5544481Z test_current_document (test_frozen_architecture.ArchitectureIntegrityTests.test_current_document) ... ok
architecture	Canonical integrity and authority structure	2026-10-03T12:20:05.6882932Z test_hash_and_provenance_mutations (test_frozen_architecture.ArchitectureIntegrityTests.test_hash_and_provenance_mutations) ... ok
architecture	Canonical integrity and authority structure	2026-10-03T12:20:05.7130593Z test_layout_flexibility_preserves_semantics (test_frozen_architecture.ArchitectureIntegrityTests.test_layout_flexibility_preserves_semantics) ... ok
architecture	Canonical integrity and authority structure	2026-10-03T12:20:06.3385153Z test_semantic_negative_controls (test_frozen_architecture.ArchitectureIntegrityTests.test_semantic_negative_controls) ... ok
architecture	Canonical integrity and authority structure	2026-10-03T12:20:06.3436658Z test_active_task_path_is_never_architecture_waiver (test_source_boundaries.SourceTests.test_active_task_path_is_never_architecture_waiver) ... ok
architecture	Canonical integrity and authority structure	2026-10-03T12:20:11.1974975Z test_arbitrarily_named_go_root_assembly_helper_valid (test_source_boundaries.SourceTests.test_arbitrarily_named_go_root_assembly_helper_valid) ... ok
architecture	Canonical integrity and authority structure	2026-10-03T12:20:11.2013328Z test_arbitrarily_named_java_root_assembly_helper_valid (test_source_boundaries.SourceTests.test_arbitrarily_named_java_root_assembly_helper_valid) ... ok
architecture	Canonical integrity and authority structure	2026-10-03T12:20:11.3112076Z test_cross_service_alias_import_and_build_tag (test_source_boundaries.SourceTests.test_cross_service_alias_import_and_build_tag) ... ok
architecture	Canonical integrity and authority structure	2026-10-03T12:20:11.3167090Z test_current_governance_and_task_migration_scope_valid (test_source_boundaries.SourceTests.test_current_governance_and_task_migration_scope_valid) ... ok
architecture	Canonical integrity and authority structure	2026-10-03T12:20:11.3196823Z test_current_java_placeholder_valid_and_no_early_business_required (test_source_boundaries.SourceTests.test_current_java_placeholder_valid_and_no_early_business_required) ... ok
architecture	Canonical integrity and authority structure	2026-10-03T12:20:11.3235001Z test_future_java_business_root_and_shared_disguise (test_source_boundaries.SourceTests.test_future_java_business_root_and_shared_disguise) ... ok
architecture	Canonical integrity and authority structure	2026-10-03T12:20:11.3260678Z test_future_java_cross_service_shared_reverse_and_fully_qualified (test_source_boundaries.SourceTests.test_future_java_cross_service_shared_reverse_and_fully_qualified) ... ok
architecture	Canonical integrity and authority structure	2026-10-03T12:20:13.6107554Z test_future_java_single_layout_compiles_and_imports_checked (test_source_boundaries.SourceTests.test_future_java_single_layout_compiles_and_imports_checked) ... ok
architecture	Canonical integrity and authority structure	2026-10-03T12:20:13.7151428Z test_gateway_cannot_write_session_or_outbox (test_source_boundaries.SourceTests.test_gateway_cannot_write_session_or_outbox) ... ok
architecture	Canonical integrity and authority structure	2026-10-03T12:20:13.7185474Z test_java_dynamic_jdbc_shared_repository_and_gateway_write_rejected (test_source_boundaries.SourceTests.test_java_dynamic_jdbc_shared_repository_and_gateway_write_rejected) ... ok
architecture	Canonical integrity and authority structure	2026-10-03T12:20:13.7212294Z test_java_gateway_dynamic_update_with_select_decoy_rejected (test_source_boundaries.SourceTests.test_java_gateway_dynamic_update_with_select_decoy_rejected) ... ok
architecture	Canonical integrity and authority structure	2026-10-03T12:20:13.7270719Z test_java_gateway_execute_cannot_borrow_unrelated_select_literal (test_source_boundaries.SourceTests.test_java_gateway_execute_cannot_borrow_unrelated_select_literal) ... ok
architecture	Canonical integrity and authority structure	2026-10-03T12:20:13.7302491Z test_java_gateway_executequery_and_connection_lifecycle_valid (test_source_boundaries.SourceTests.test_java_gateway_executequery_and_connection_lifecycle_valid) ... ok
architecture	Canonical integrity and authority structure	2026-10-03T12:20:13.7327232Z test_java_gateway_readonly_session_and_shared_token_primitive_valid (test_source_boundaries.SourceTests.test_java_gateway_readonly_session_and_shared_token_primitive_valid) ... ok
architecture	Canonical integrity and authority structure	2026-10-03T12:20:13.7507671Z test_java_noncore_jdbc_transaction_controls_rejected (test_source_boundaries.SourceTests.test_java_noncore_jdbc_transaction_controls_rejected) ... ok
architecture	Canonical integrity and authority structure	2026-10-03T12:20:13.7515322Z test_java_placeholder_cannot_grow_business (test_source_boundaries.SourceTests.test_java_placeholder_cannot_grow_business) ... ok
architecture	Canonical integrity and authority structure	2026-10-03T12:20:13.7538259Z test_java_unicode_import_cannot_bypass_dependency (test_source_boundaries.SourceTests.test_java_unicode_import_cannot_bypass_dependency) ... ok
architecture	Canonical integrity and authority structure	2026-10-03T12:20:15.7878621Z test_legal_single_module_go_runtime_and_blackbox_test (test_source_boundaries.SourceTests.test_legal_single_module_go_runtime_and_blackbox_test) ... ok
architecture	Canonical integrity and authority structure	2026-10-03T12:20:15.8984174Z test_main_whitelisted_name_cannot_hide_business (test_source_boundaries.SourceTests.test_main_whitelisted_name_cannot_hide_business) ... ok
architecture	Canonical integrity and authority structure	2026-10-03T12:20:15.9009921Z test_placeholder_exit_and_business_not_permanent_exception (test_source_boundaries.SourceTests.test_placeholder_exit_and_business_not_permanent_exception) ... ok
architecture	Canonical integrity and authority structure	2026-10-03T12:20:15.9066293Z test_plain_bullet_task_path_checked_and_legal_core_accepted (test_source_boundaries.SourceTests.test_plain_bullet_task_path_checked_and_legal_core_accepted) ... ok
architecture	Canonical integrity and authority structure	2026-10-03T12:20:16.0177607Z test_real_old_go_layout_rejected_without_name_hardcoding (test_source_boundaries.SourceTests.test_real_old_go_layout_rejected_without_name_hardcoding) ... ok
architecture	Canonical integrity and authority structure	2026-10-03T12:20:16.1324938Z test_root_new_business_and_unapproved_internal (test_source_boundaries.SourceTests.test_root_new_business_and_unapproved_internal) ... ok
architecture	Canonical integrity and authority structure	2026-10-03T12:20:16.2492165Z test_root_test_name_cannot_hide_business (test_source_boundaries.SourceTests.test_root_test_name_cannot_hide_business) ... ok
architecture	Canonical integrity and authority structure	2026-10-03T12:20:16.3602850Z test_shared_generic_repository_call_rejected_without_sql_literal (test_source_boundaries.SourceTests.test_shared_generic_repository_call_rejected_without_sql_literal) ... ok
architecture	Canonical integrity and authority structure	2026-10-03T12:20:16.3635332Z test_shared_java_connection_factory_is_support_not_repository (test_source_boundaries.SourceTests.test_shared_java_connection_factory_is_support_not_repository) ... ok
architecture	Canonical integrity and authority structure	2026-10-03T12:20:16.4747261Z test_shared_reverse_dependency_and_moved_full_auth (test_source_boundaries.SourceTests.test_shared_reverse_dependency_and_moved_full_auth) ... ok
architecture	Canonical integrity and authority structure	2026-10-03T12:20:16.5907805Z test_syntax_failure_cannot_be_skipped (test_source_boundaries.SourceTests.test_syntax_failure_cannot_be_skipped) ... ok
architecture	Canonical integrity and authority structure	2026-10-03T12:20:16.5965003Z test_workflow_missing_commands_dependencies_and_suppression_rejected (test_source_boundaries.SourceTests.test_workflow_missing_commands_dependencies_and_suppression_rejected) ... ok
architecture	Canonical integrity and authority structure	2026-10-03T12:20:16.5967003Z 
architecture	Canonical integrity and authority structure	2026-10-03T12:20:16.5967450Z ----------------------------------------------------------------------
architecture	Canonical integrity and authority structure	2026-10-03T12:20:16.5968392Z Ran 53 tests in 11.434s
architecture	Canonical integrity and authority structure	2026-10-03T12:20:16.5968754Z 
architecture	Canonical integrity and authority structure	2026-10-03T12:20:16.5969173Z OK
architecture	Current governance references and task scopes	﻿2026-10-03T12:20:16.7527715Z ##[group]Run python3 ci/check_architecture.py --scope governance
architecture	Current governance references and task scopes	2026-10-03T12:20:16.7528335Z ^[[36;1mpython3 ci/check_architecture.py --scope governance^[[0m
architecture	Current governance references and task scopes	2026-10-03T12:20:16.7594495Z shell: /usr/bin/bash -e {0}
architecture	Current governance references and task scopes	2026-10-03T12:20:16.7594832Z env:
architecture	Current governance references and task scopes	2026-10-03T12:20:16.7595121Z   PYTHONDONTWRITEBYTECODE: 1
architecture	Current governance references and task scopes	2026-10-03T12:20:16.7595603Z   JAVA_HOME: /opt/hostedtoolcache/Java_Temurin-Hotspot_jdk/21.0.12-1/x64
architecture	Current governance references and task scopes	2026-10-03T12:20:16.7596282Z   JAVA_HOME_21_X64: /opt/hostedtoolcache/Java_Temurin-Hotspot_jdk/21.0.12-1/x64
architecture	Current governance references and task scopes	2026-10-03T12:20:16.7596801Z ##[endgroup]
architecture	Current governance references and task scopes	2026-10-03T12:20:16.8191042Z PASS: scope=governance violations=0; static checks supplement independent Review
architecture	Active client technology/source/dependency/configuration guard	﻿2026-10-03T12:20:16.8290595Z ##[group]Run python3 ci/check_architecture.py --scope clients --json
architecture	Active client technology/source/dependency/configuration guard	2026-10-03T12:20:16.8291226Z ^[[36;1mpython3 ci/check_architecture.py --scope clients --json^[[0m
architecture	Active client technology/source/dependency/configuration guard	2026-10-03T12:20:16.8376100Z shell: /usr/bin/bash -e {0}
architecture	Active client technology/source/dependency/configuration guard	2026-10-03T12:20:16.8376417Z env:
architecture	Active client technology/source/dependency/configuration guard	2026-10-03T12:20:16.8376664Z   PYTHONDONTWRITEBYTECODE: 1
architecture	Active client technology/source/dependency/configuration guard	2026-10-03T12:20:16.8377108Z   JAVA_HOME: /opt/hostedtoolcache/Java_Temurin-Hotspot_jdk/21.0.12-1/x64
architecture	Active client technology/source/dependency/configuration guard	2026-10-03T12:20:16.8377729Z   JAVA_HOME_21_X64: /opt/hostedtoolcache/Java_Temurin-Hotspot_jdk/21.0.12-1/x64
architecture	Active client technology/source/dependency/configuration guard	2026-10-03T12:20:16.8378194Z ##[endgroup]
architecture	Active client technology/source/dependency/configuration guard	2026-10-03T12:20:16.9712291Z {
architecture	Active client technology/source/dependency/configuration guard	2026-10-03T12:20:16.9713020Z   "result": "PASS",
architecture	Active client technology/source/dependency/configuration guard	2026-10-03T12:20:16.9713602Z   "scope": "clients",
architecture	Active client technology/source/dependency/configuration guard	2026-10-03T12:20:16.9714039Z   "violations": [],
architecture	Active client technology/source/dependency/configuration guard	2026-10-03T12:20:16.9714426Z   "graphs": {}
architecture	Active client technology/source/dependency/configuration guard	2026-10-03T12:20:16.9714756Z }
architecture	Checker positive and negative controls	﻿2026-10-03T12:20:16.9823198Z ##[group]Run python3 -m unittest discover -s tests/architecture -v
architecture	Checker positive and negative controls	2026-10-03T12:20:16.9823769Z ^[[36;1mpython3 -m unittest discover -s tests/architecture -v^[[0m
architecture	Checker positive and negative controls	2026-10-03T12:20:16.9891059Z shell: /usr/bin/bash -e {0}
architecture	Checker positive and negative controls	2026-10-03T12:20:16.9891412Z env:
architecture	Checker positive and negative controls	2026-10-03T12:20:16.9891684Z   PYTHONDONTWRITEBYTECODE: 1
architecture	Checker positive and negative controls	2026-10-03T12:20:16.9892162Z   JAVA_HOME: /opt/hostedtoolcache/Java_Temurin-Hotspot_jdk/21.0.12-1/x64
architecture	Checker positive and negative controls	2026-10-03T12:20:16.9892822Z   JAVA_HOME_21_X64: /opt/hostedtoolcache/Java_Temurin-Hotspot_jdk/21.0.12-1/x64
architecture	Checker positive and negative controls	2026-10-03T12:20:16.9893331Z ##[endgroup]
architecture	Checker positive and negative controls	2026-10-03T12:20:17.1076730Z test_android_complete_literal_plugin_notations_remain_approved (test_client_technology.ClientTechnologyControls.test_android_complete_literal_plugin_notations_remain_approved) ... ok
architecture	Checker positive and negative controls	2026-10-03T12:20:17.1317978Z test_android_compose_gradle_source_and_tooling (test_client_technology.ClientTechnologyControls.test_android_compose_gradle_source_and_tooling) ... ok
architecture	Checker positive and negative controls	2026-10-03T12:20:17.1441499Z test_android_literal_and_direct_catalog_plugins_remain_approved (test_client_technology.ClientTechnologyControls.test_android_literal_and_direct_catalog_plugins_remain_approved) ... ok
architecture	Checker positive and negative controls	2026-10-03T12:20:17.1866857Z test_android_negative_real_gradle_catalog_import_build_workflow_controls (test_client_technology.ClientTechnologyControls.test_android_negative_real_gradle_catalog_import_build_workflow_controls) ... ok
architecture	Checker positive and negative controls	2026-10-03T12:20:17.1970921Z test_android_plugin_block_shortcuts_and_generic_apply_fail_closed (test_client_technology.ClientTechnologyControls.test_android_plugin_block_shortcuts_and_generic_apply_fail_closed) ... ok
architecture	Checker positive and negative controls	2026-10-03T12:20:17.2069629Z test_android_plugin_declarations_fail_closed (test_client_technology.ClientTechnologyControls.test_android_plugin_declarations_fail_closed) ... ok
architecture	Checker positive and negative controls	2026-10-03T12:20:17.2358216Z test_android_plugin_selectors_require_complete_literal_arguments (test_client_technology.ClientTechnologyControls.test_android_plugin_selectors_require_complete_literal_arguments) ... ok
architecture	Checker positive and negative controls	2026-10-03T12:20:17.2510385Z test_android_quoted_dispatch_text_remains_data (test_client_technology.ClientTechnologyControls.test_android_quoted_dispatch_text_remains_data) ... ok
architecture	Checker positive and negative controls	2026-10-03T12:20:17.2676324Z test_android_quoted_member_dispatch_fails_closed (test_client_technology.ClientTechnologyControls.test_android_quoted_member_dispatch_fails_closed) ... ok
architecture	Checker positive and negative controls	2026-10-03T12:20:17.2826983Z test_android_supported_apply_and_quoted_contexts_remain_approved (test_client_technology.ClientTechnologyControls.test_android_supported_apply_and_quoted_contexts_remain_approved) ... ok
architecture	Checker positive and negative controls	2026-10-03T12:20:17.2994398Z test_android_unsupported_plugin_applications_fail_closed (test_client_technology.ClientTechnologyControls.test_android_unsupported_plugin_applications_fail_closed) ... ok
architecture	Checker positive and negative controls	2026-10-03T12:20:17.3079577Z test_approved_ts_native_config_assets (test_client_technology.ClientTechnologyControls.test_approved_ts_native_config_assets) ... ok
architecture	Checker positive and negative controls	2026-10-03T12:20:17.3096946Z test_authority_missing_or_mutated_is_failure (test_client_technology.ClientTechnologyControls.test_authority_missing_or_mutated_is_failure) ... ok
architecture	Checker positive and negative controls	2026-10-03T12:20:17.3808040Z test_current_active_clients (test_client_technology.ClientTechnologyControls.test_current_active_clients) ... ok
architecture	Checker positive and negative controls	2026-10-03T12:20:17.4014766Z test_forbidden_source_and_config_controls (test_client_technology.ClientTechnologyControls.test_forbidden_source_and_config_controls) ... ok
architecture	Checker positive and negative controls	2026-10-03T12:20:17.4040809Z test_history_is_not_active_client_implementation (test_client_technology.ClientTechnologyControls.test_history_is_not_active_client_implementation) ... ok
architecture	Checker positive and negative controls	2026-10-03T12:20:17.4065290Z test_symlink_cannot_bypass_boundary (test_client_technology.ClientTechnologyControls.test_symlink_cannot_bypass_boundary) ... ok
architecture	Checker positive and negative controls	2026-10-03T12:20:17.4108001Z test_task_paths_and_passing_tests_cannot_approve_framework (test_client_technology.ClientTechnologyControls.test_task_paths_and_passing_tests_cannot_approve_framework) ... ok
architecture	Checker positive and negative controls	2026-10-03T12:20:17.4272929Z test_unapproved_generic_dependencies_and_imports (test_client_technology.ClientTechnologyControls.test_unapproved_generic_dependencies_and_imports) ... ok
architecture	Checker positive and negative controls	2026-10-03T12:20:17.4551581Z test_current_document (test_frozen_architecture.ArchitectureIntegrityTests.test_current_document) ... ok
architecture	Checker positive and negative controls	2026-10-03T12:20:17.5909158Z test_hash_and_provenance_mutations (test_frozen_architecture.ArchitectureIntegrityTests.test_hash_and_provenance_mutations) ... ok
architecture	Checker positive and negative controls	2026-10-03T12:20:17.6160765Z test_layout_flexibility_preserves_semantics (test_frozen_architecture.ArchitectureIntegrityTests.test_layout_flexibility_preserves_semantics) ... ok
architecture	Checker positive and negative controls	2026-10-03T12:20:18.2382045Z test_semantic_negative_controls (test_frozen_architecture.ArchitectureIntegrityTests.test_semantic_negative_controls) ... ok
architecture	Checker positive and negative controls	2026-10-03T12:20:18.2430818Z test_active_task_path_is_never_architecture_waiver (test_source_boundaries.SourceTests.test_active_task_path_is_never_architecture_waiver) ... ok
architecture	Checker positive and negative controls	2026-10-03T12:20:18.3536784Z test_arbitrarily_named_go_root_assembly_helper_valid (test_source_boundaries.SourceTests.test_arbitrarily_named_go_root_assembly_helper_valid) ... ok
architecture	Checker positive and negative controls	2026-10-03T12:20:18.3574655Z test_arbitrarily_named_java_root_assembly_helper_valid (test_source_boundaries.SourceTests.test_arbitrarily_named_java_root_assembly_helper_valid) ... ok
architecture	Checker positive and negative controls	2026-10-03T12:20:18.4661282Z test_cross_service_alias_import_and_build_tag (test_source_boundaries.SourceTests.test_cross_service_alias_import_and_build_tag) ... ok
architecture	Checker positive and negative controls	2026-10-03T12:20:18.4720418Z test_current_governance_and_task_migration_scope_valid (test_source_boundaries.SourceTests.test_current_governance_and_task_migration_scope_valid) ... ok
architecture	Checker positive and negative controls	2026-10-03T12:20:18.4749805Z test_current_java_placeholder_valid_and_no_early_business_required (test_source_boundaries.SourceTests.test_current_java_placeholder_valid_and_no_early_business_required) ... ok
architecture	Checker positive and negative controls	2026-10-03T12:20:18.4777629Z test_future_java_business_root_and_shared_disguise (test_source_boundaries.SourceTests.test_future_java_business_root_and_shared_disguise) ... ok
architecture	Checker positive and negative controls	2026-10-03T12:20:18.4803019Z test_future_java_cross_service_shared_reverse_and_fully_qualified (test_source_boundaries.SourceTests.test_future_java_cross_service_shared_reverse_and_fully_qualified) ... ok
architecture	Checker positive and negative controls	2026-10-03T12:20:19.0249695Z test_future_java_single_layout_compiles_and_imports_checked (test_source_boundaries.SourceTests.test_future_java_single_layout_compiles_and_imports_checked) ... ok
architecture	Checker positive and negative controls	2026-10-03T12:20:19.1466868Z test_gateway_cannot_write_session_or_outbox (test_source_boundaries.SourceTests.test_gateway_cannot_write_session_or_outbox) ... ok
architecture	Checker positive and negative controls	2026-10-03T12:20:19.1500150Z test_java_dynamic_jdbc_shared_repository_and_gateway_write_rejected (test_source_boundaries.SourceTests.test_java_dynamic_jdbc_shared_repository_and_gateway_write_rejected) ... ok
architecture	Checker positive and negative controls	2026-10-03T12:20:19.1525938Z test_java_gateway_dynamic_update_with_select_decoy_rejected (test_source_boundaries.SourceTests.test_java_gateway_dynamic_update_with_select_decoy_rejected) ... ok
architecture	Checker positive and negative controls	2026-10-03T12:20:19.1585531Z test_java_gateway_execute_cannot_borrow_unrelated_select_literal (test_source_boundaries.SourceTests.test_java_gateway_execute_cannot_borrow_unrelated_select_literal) ... ok
architecture	Checker positive and negative controls	2026-10-03T12:20:19.1617162Z test_java_gateway_executequery_and_connection_lifecycle_valid (test_source_boundaries.SourceTests.test_java_gateway_executequery_and_connection_lifecycle_valid) ... ok
architecture	Checker positive and negative controls	2026-10-03T12:20:19.1642715Z test_java_gateway_readonly_session_and_shared_token_primitive_valid (test_source_boundaries.SourceTests.test_java_gateway_readonly_session_and_shared_token_primitive_valid) ... ok
architecture	Checker positive and negative controls	2026-10-03T12:20:19.1823181Z test_java_noncore_jdbc_transaction_controls_rejected (test_source_boundaries.SourceTests.test_java_noncore_jdbc_transaction_controls_rejected) ... ok
architecture	Checker positive and negative controls	2026-10-03T12:20:19.1831463Z test_java_placeholder_cannot_grow_business (test_source_boundaries.SourceTests.test_java_placeholder_cannot_grow_business) ... ok
architecture	Checker positive and negative controls	2026-10-03T12:20:19.1855643Z test_java_unicode_import_cannot_bypass_dependency (test_source_boundaries.SourceTests.test_java_unicode_import_cannot_bypass_dependency) ... ok
architecture	Checker positive and negative controls	2026-10-03T12:20:19.4736639Z test_legal_single_module_go_runtime_and_blackbox_test (test_source_boundaries.SourceTests.test_legal_single_module_go_runtime_and_blackbox_test) ... ok
architecture	Checker positive and negative controls	2026-10-03T12:20:19.5840587Z test_main_whitelisted_name_cannot_hide_business (test_source_boundaries.SourceTests.test_main_whitelisted_name_cannot_hide_business) ... ok
architecture	Checker positive and negative controls	2026-10-03T12:20:19.5866126Z test_placeholder_exit_and_business_not_permanent_exception (test_source_boundaries.SourceTests.test_placeholder_exit_and_business_not_permanent_exception) ... ok
architecture	Checker positive and negative controls	2026-10-03T12:20:19.5923143Z test_plain_bullet_task_path_checked_and_legal_core_accepted (test_source_boundaries.SourceTests.test_plain_bullet_task_path_checked_and_legal_core_accepted) ... ok
architecture	Checker positive and negative controls	2026-10-03T12:20:19.6996559Z test_real_old_go_layout_rejected_without_name_hardcoding (test_source_boundaries.SourceTests.test_real_old_go_layout_rejected_without_name_hardcoding) ... ok
architecture	Checker positive and negative controls	2026-10-03T12:20:19.8034731Z test_root_new_business_and_unapproved_internal (test_source_boundaries.SourceTests.test_root_new_business_and_unapproved_internal) ... ok
architecture	Checker positive and negative controls	2026-10-03T12:20:19.9057102Z test_root_test_name_cannot_hide_business (test_source_boundaries.SourceTests.test_root_test_name_cannot_hide_business) ... ok
architecture	Checker positive and negative controls	2026-10-03T12:20:20.0073441Z test_shared_generic_repository_call_rejected_without_sql_literal (test_source_boundaries.SourceTests.test_shared_generic_repository_call_rejected_without_sql_literal) ... ok
architecture	Checker positive and negative controls	2026-10-03T12:20:20.0099302Z test_shared_java_connection_factory_is_support_not_repository (test_source_boundaries.SourceTests.test_shared_java_connection_factory_is_support_not_repository) ... ok
architecture	Checker positive and negative controls	2026-10-03T12:20:20.1283322Z test_shared_reverse_dependency_and_moved_full_auth (test_source_boundaries.SourceTests.test_shared_reverse_dependency_and_moved_full_auth) ... ok
architecture	Checker positive and negative controls	2026-10-03T12:20:20.2464278Z test_syntax_failure_cannot_be_skipped (test_source_boundaries.SourceTests.test_syntax_failure_cannot_be_skipped) ... ok
architecture	Checker positive and negative controls	2026-10-03T12:20:20.2527871Z test_workflow_missing_commands_dependencies_and_suppression_rejected (test_source_boundaries.SourceTests.test_workflow_missing_commands_dependencies_and_suppression_rejected) ... ok
architecture	Checker positive and negative controls	2026-10-03T12:20:20.2529637Z 
architecture	Checker positive and negative controls	2026-10-03T12:20:20.2529961Z ----------------------------------------------------------------------
architecture	Checker positive and negative controls	2026-10-03T12:20:20.2530606Z Ran 53 tests in 3.176s
architecture	Checker positive and negative controls	2026-10-03T12:20:20.2530860Z 
architecture	Checker positive and negative controls	2026-10-03T12:20:20.2530999Z OK
architecture	Post Run actions/setup-java@v4	﻿2026-10-03T12:20:20.2764418Z Post job cleanup.
architecture	Post Run actions/setup-java@v4	2026-10-03T12:20:20.4261090Z (node:5154) [DEP0040] DeprecationWarning: The `punycode` module is deprecated. Please use a userland alternative instead.
architecture	Post Run actions/setup-java@v4	2026-10-03T12:20:20.4262731Z (Use `node --trace-deprecation ...` to show where the warning was created)
architecture	Post Run actions/setup-go@v5	﻿2026-10-03T12:20:20.4465404Z Post job cleanup.
architecture	Post Run actions/setup-go@v5	2026-10-03T12:20:20.5830775Z (node:5162) [DEP0040] DeprecationWarning: The `punycode` module is deprecated. Please use a userland alternative instead.
architecture	Post Run actions/setup-go@v5	2026-10-03T12:20:20.5832120Z (Use `node --trace-deprecation ...` to show where the warning was created)
architecture	Post Run actions/setup-go@v5	2026-10-03T12:20:20.5911835Z [command]/opt/hostedtoolcache/go/1.23.12/x64/bin/go env GOMODCACHE
architecture	Post Run actions/setup-go@v5	2026-10-03T12:20:20.5959278Z [command]/opt/hostedtoolcache/go/1.23.12/x64/bin/go env GOCACHE
architecture	Post Run actions/setup-go@v5	2026-10-03T12:20:20.5999932Z /home/runner/go/pkg/mod
architecture	Post Run actions/setup-go@v5	2026-10-03T12:20:20.6030490Z /home/runner/.cache/go-build
architecture	Post Run actions/setup-go@v5	2026-10-03T12:20:20.6044553Z [warning]Cache folder path is retrieved but doesn't exist on disk: /home/runner/go/pkg/mod
architecture	Post Run actions/setup-go@v5	2026-10-03T12:20:20.6046017Z Primary key was not generated. Please check the log messages above for more errors or information
architecture	Post Run actions/checkout@v4	﻿2026-10-03T12:20:20.6250278Z Post job cleanup.
architecture	Post Run actions/checkout@v4	2026-10-03T12:20:20.7152581Z [command]/usr/bin/git version
architecture	Post Run actions/checkout@v4	2026-10-03T12:20:20.7197658Z git version 2.55.0
architecture	Post Run actions/checkout@v4	2026-10-03T12:20:20.7238440Z Temporarily overriding HOME='/home/runner/work/_temp/e74ffbfc-85ce-4dda-946e-e265c1141364' before making global git config changes
architecture	Post Run actions/checkout@v4	2026-10-03T12:20:20.7240064Z Adding repository directory to the temporary git global config as a safe directory
architecture	Post Run actions/checkout@v4	2026-10-03T12:20:20.7245023Z [command]/usr/bin/git config --global --add safe.directory /home/runner/work/IM-platform/IM-platform
architecture	Post Run actions/checkout@v4	2026-10-03T12:20:20.7290284Z [command]/usr/bin/git config --local --name-only --get-regexp core\.sshCommand
architecture	Post Run actions/checkout@v4	2026-10-03T12:20:20.7328093Z [command]/usr/bin/git submodule foreach --recursive sh -c "git config --local --name-only --get-regexp 'core\.sshCommand' && git config --local --unset-all 'core.sshCommand' || :"
architecture	Post Run actions/checkout@v4	2026-10-03T12:20:20.7596738Z [command]/usr/bin/git config --local --name-only --get-regexp http\.https\:\/\/github\.com\/\.extraheader
architecture	Post Run actions/checkout@v4	2026-10-03T12:20:20.7631804Z http.https://github.com/.extraheader
architecture	Post Run actions/checkout@v4	2026-10-03T12:20:20.7644855Z [command]/usr/bin/git config --local --unset-all http.https://github.com/.extraheader
architecture	Post Run actions/checkout@v4	2026-10-03T12:20:20.7690086Z [command]/usr/bin/git submodule foreach --recursive sh -c "git config --local --name-only --get-regexp 'http\.https\:\/\/github\.com\/\.extraheader' && git config --local --unset-all 'http.https://github.com/.extraheader' || :"
architecture	Post Run actions/checkout@v4	2026-10-03T12:20:20.7966239Z [command]/usr/bin/git config --local --name-only --get-regexp ^includeIf\.gitdir:
architecture	Post Run actions/checkout@v4	2026-10-03T12:20:20.8007863Z [command]/usr/bin/git submodule foreach --recursive git config --local --show-origin --name-only --get-regexp remote.origin.url
architecture	Complete job	﻿2026-10-03T12:20:20.8437071Z Cleaning up orphan processes
architecture	Complete job	2026-10-03T12:20:20.8747065Z ##[warning]Node.js 20 is deprecated. The following actions target Node.js 20 but are being forced to run on Node.js 24: actions/checkout@v4, actions/setup-go@v5, actions/setup-java@v4. For more information see: https://github.blog/changelog/2025-09-19-deprecation-of-node-20-on-github-actions-runners/
