deploy	Set up job	﻿2026-10-03T12:19:48.9561959Z Current runner version: '2.337.0'
deploy	Set up job	2026-10-03T12:19:48.9588321Z ##[group]Runner Image Provisioner
deploy	Set up job	2026-10-03T12:19:48.9589298Z Hosted Compute Agent
deploy	Set up job	2026-10-03T12:19:48.9589923Z Version: 20260901.588
deploy	Set up job	2026-10-03T12:19:48.9590565Z Commit: f88ec8081b781fac6c440065ac7ff9e710ce3d0b
deploy	Set up job	2026-10-03T12:19:48.9591390Z Build Date: 2026-09-01T19:56:44Z
deploy	Set up job	2026-10-03T12:19:48.9592079Z Worker ID: {9d57a5b5-78bb-4eee-9cf9-3de230e45190}
deploy	Set up job	2026-10-03T12:19:48.9592852Z Azure Region: westus
deploy	Set up job	2026-10-03T12:19:48.9593437Z ##[endgroup]
deploy	Set up job	2026-10-03T12:19:48.9595011Z ##[group]Operating System
deploy	Set up job	2026-10-03T12:19:48.9595749Z Ubuntu
deploy	Set up job	2026-10-03T12:19:48.9596465Z 24.04.5
deploy	Set up job	2026-10-03T12:19:48.9597008Z LTS
deploy	Set up job	2026-10-03T12:19:48.9597595Z ##[endgroup]
deploy	Set up job	2026-10-03T12:19:48.9598150Z ##[group]Runner Image
deploy	Set up job	2026-10-03T12:19:48.9598833Z Image: ubuntu-24.04
deploy	Set up job	2026-10-03T12:19:48.9599403Z Version: 20260927.320.1
deploy	Set up job	2026-10-03T12:19:48.9600484Z Included Software: https://github.com/actions/runner-images/blob/ubuntu24/20260927.320/images/ubuntu/Ubuntu2404-Readme.md
deploy	Set up job	2026-10-03T12:19:48.9602267Z Image Release: https://github.com/actions/runner-images/releases/tag/ubuntu24%2F20260927.320
deploy	Set up job	2026-10-03T12:19:48.9603328Z ##[endgroup]
deploy	Set up job	2026-10-03T12:19:48.9604450Z ##[group]GITHUB_TOKEN Permissions
deploy	Set up job	2026-10-03T12:19:48.9606616Z Contents: read
deploy	Set up job	2026-10-03T12:19:48.9607252Z Metadata: read
deploy	Set up job	2026-10-03T12:19:48.9607799Z ##[endgroup]
deploy	Set up job	2026-10-03T12:19:48.9609945Z Secret source: Actions
deploy	Set up job	2026-10-03T12:19:48.9610919Z Cache mode: write
deploy	Set up job	2026-10-03T12:19:48.9611707Z Prepare workflow directory
deploy	Set up job	2026-10-03T12:19:48.9970112Z Prepare all required actions
deploy	Set up job	2026-10-03T12:19:49.0044383Z Getting action download info
deploy	Set up job	2026-10-03T12:19:49.3950272Z Download action repository 'actions/checkout@v4' (SHA:11d5960a326750d5838078e36cf38b85af677262)
deploy	Set up job	2026-10-03T12:19:49.6060678Z Complete job name: deploy
deploy	Run actions/checkout@v4	﻿2026-10-03T12:19:49.6939385Z ##[group]Run actions/checkout@v4
deploy	Run actions/checkout@v4	2026-10-03T12:19:49.6940886Z with:
deploy	Run actions/checkout@v4	2026-10-03T12:19:49.6941646Z   repository: nilesthump/IM-platform
deploy	Run actions/checkout@v4	2026-10-03T12:19:49.6945763Z   token: ***
deploy	Run actions/checkout@v4	2026-10-03T12:19:49.6946511Z   ssh-strict: true
deploy	Run actions/checkout@v4	2026-10-03T12:19:49.6947073Z   ssh-user: git
deploy	Run actions/checkout@v4	2026-10-03T12:19:49.6947535Z   persist-credentials: true
deploy	Run actions/checkout@v4	2026-10-03T12:19:49.6948042Z   clean: true
deploy	Run actions/checkout@v4	2026-10-03T12:19:49.6948495Z   sparse-checkout-cone-mode: true
deploy	Run actions/checkout@v4	2026-10-03T12:19:49.6949030Z   fetch-depth: 1
deploy	Run actions/checkout@v4	2026-10-03T12:19:49.6949471Z   fetch-tags: false
deploy	Run actions/checkout@v4	2026-10-03T12:19:49.6949920Z   show-progress: true
deploy	Run actions/checkout@v4	2026-10-03T12:19:49.6950372Z   lfs: false
deploy	Run actions/checkout@v4	2026-10-03T12:19:49.6950794Z   submodules: false
deploy	Run actions/checkout@v4	2026-10-03T12:19:49.6951252Z   set-safe-directory: true
deploy	Run actions/checkout@v4	2026-10-03T12:19:49.6952115Z   allow-unsafe-pr-checkout: false
deploy	Run actions/checkout@v4	2026-10-03T12:19:49.6953530Z ##[endgroup]
deploy	Run actions/checkout@v4	2026-10-03T12:19:49.7962704Z Syncing repository: nilesthump/IM-platform
deploy	Run actions/checkout@v4	2026-10-03T12:19:49.7965193Z ##[group]Getting Git version info
deploy	Run actions/checkout@v4	2026-10-03T12:19:49.7966577Z Working directory is '/home/runner/work/IM-platform/IM-platform'
deploy	Run actions/checkout@v4	2026-10-03T12:19:49.7968420Z [command]/usr/bin/git version
deploy	Run actions/checkout@v4	2026-10-03T12:19:49.8036593Z git version 2.55.0
deploy	Run actions/checkout@v4	2026-10-03T12:19:49.8058285Z ##[endgroup]
deploy	Run actions/checkout@v4	2026-10-03T12:19:49.8072716Z Temporarily overriding HOME='/home/runner/work/_temp/998118cd-116a-42bb-b0ba-ccd3fc1b6821' before making global git config changes
deploy	Run actions/checkout@v4	2026-10-03T12:19:49.8075207Z Adding repository directory to the temporary git global config as a safe directory
deploy	Run actions/checkout@v4	2026-10-03T12:19:49.8078256Z [command]/usr/bin/git config --global --add safe.directory /home/runner/work/IM-platform/IM-platform
deploy	Run actions/checkout@v4	2026-10-03T12:19:49.8132544Z Deleting the contents of '/home/runner/work/IM-platform/IM-platform'
deploy	Run actions/checkout@v4	2026-10-03T12:19:49.8136955Z ##[group]Initializing the repository
deploy	Run actions/checkout@v4	2026-10-03T12:19:49.8141029Z [command]/usr/bin/git init /home/runner/work/IM-platform/IM-platform
deploy	Run actions/checkout@v4	2026-10-03T12:19:49.8265082Z hint: Using 'master' as the name for the initial branch. This default branch name
deploy	Run actions/checkout@v4	2026-10-03T12:19:49.8267157Z hint: will change to "main" in Git 3.0. To configure the initial branch name
deploy	Run actions/checkout@v4	2026-10-03T12:19:49.8269047Z hint: to use in all of your new repositories, which will suppress this warning,
deploy	Run actions/checkout@v4	2026-10-03T12:19:49.8270530Z hint: call:
deploy	Run actions/checkout@v4	2026-10-03T12:19:49.8271704Z hint:
deploy	Run actions/checkout@v4	2026-10-03T12:19:49.8272684Z hint: 	git config --global init.defaultBranch <name>
deploy	Run actions/checkout@v4	2026-10-03T12:19:49.8273843Z hint:
deploy	Run actions/checkout@v4	2026-10-03T12:19:49.8274962Z hint: Names commonly chosen instead of 'master' are 'main', 'trunk' and
deploy	Run actions/checkout@v4	2026-10-03T12:19:49.8276902Z hint: 'development'. The just-created branch can be renamed via this command:
deploy	Run actions/checkout@v4	2026-10-03T12:19:49.8278317Z hint:
deploy	Run actions/checkout@v4	2026-10-03T12:19:49.8279141Z hint: 	git branch -m <name>
deploy	Run actions/checkout@v4	2026-10-03T12:19:49.8280830Z hint:
deploy	Run actions/checkout@v4	2026-10-03T12:19:49.8282125Z hint: Disable this message with "git config set advice.defaultBranchName false"
deploy	Run actions/checkout@v4	2026-10-03T12:19:49.8283994Z Initialized empty Git repository in /home/runner/work/IM-platform/IM-platform/.git/
deploy	Run actions/checkout@v4	2026-10-03T12:19:49.8287676Z [command]/usr/bin/git remote add origin https://github.com/nilesthump/IM-platform
deploy	Run actions/checkout@v4	2026-10-03T12:19:49.8334333Z ##[endgroup]
deploy	Run actions/checkout@v4	2026-10-03T12:19:49.8335687Z ##[group]Disabling automatic garbage collection
deploy	Run actions/checkout@v4	2026-10-03T12:19:49.8339479Z [command]/usr/bin/git config --local gc.auto 0
deploy	Run actions/checkout@v4	2026-10-03T12:19:49.8374684Z ##[endgroup]
deploy	Run actions/checkout@v4	2026-10-03T12:19:49.8376034Z ##[group]Setting up auth
deploy	Run actions/checkout@v4	2026-10-03T12:19:49.8382192Z [command]/usr/bin/git config --local --name-only --get-regexp core\.sshCommand
deploy	Run actions/checkout@v4	2026-10-03T12:19:49.8422588Z [command]/usr/bin/git submodule foreach --recursive sh -c "git config --local --name-only --get-regexp 'core\.sshCommand' && git config --local --unset-all 'core.sshCommand' || :"
deploy	Run actions/checkout@v4	2026-10-03T12:19:49.8821440Z [command]/usr/bin/git config --local --name-only --get-regexp http\.https\:\/\/github\.com\/\.extraheader
deploy	Run actions/checkout@v4	2026-10-03T12:19:49.8865727Z [command]/usr/bin/git submodule foreach --recursive sh -c "git config --local --name-only --get-regexp 'http\.https\:\/\/github\.com\/\.extraheader' && git config --local --unset-all 'http.https://github.com/.extraheader' || :"
deploy	Run actions/checkout@v4	2026-10-03T12:19:49.9095800Z [command]/usr/bin/git config --local --name-only --get-regexp ^includeIf\.gitdir:
deploy	Run actions/checkout@v4	2026-10-03T12:19:49.9133135Z [command]/usr/bin/git submodule foreach --recursive git config --local --show-origin --name-only --get-regexp remote.origin.url
deploy	Run actions/checkout@v4	2026-10-03T12:19:49.9369140Z [command]/usr/bin/git config --local http.https://github.com/.extraheader AUTHORIZATION: basic ***
deploy	Run actions/checkout@v4	2026-10-03T12:19:49.9409375Z ##[endgroup]
deploy	Run actions/checkout@v4	2026-10-03T12:19:49.9419024Z ##[group]Fetching the repository
deploy	Run actions/checkout@v4	2026-10-03T12:19:49.9421738Z [command]/usr/bin/git -c protocol.version=2 fetch --no-tags --prune --no-recurse-submodules --depth=1 origin +c2ff0502fdad80f463abe038a960ca1b798e6d7a:refs/remotes/origin/main
deploy	Run actions/checkout@v4	2026-10-03T12:19:51.9856111Z From https://github.com/nilesthump/IM-platform
deploy	Run actions/checkout@v4	2026-10-03T12:19:51.9859124Z  * [new ref]         c2ff0502fdad80f463abe038a960ca1b798e6d7a -> origin/main
deploy	Run actions/checkout@v4	2026-10-03T12:19:51.9864757Z ##[endgroup]
deploy	Run actions/checkout@v4	2026-10-03T12:19:51.9867449Z ##[group]Determining the checkout info
deploy	Run actions/checkout@v4	2026-10-03T12:19:51.9870164Z ##[endgroup]
deploy	Run actions/checkout@v4	2026-10-03T12:19:51.9871952Z [command]/usr/bin/git sparse-checkout disable
deploy	Run actions/checkout@v4	2026-10-03T12:19:51.9929705Z [command]/usr/bin/git config --local --unset-all extensions.worktreeConfig
deploy	Run actions/checkout@v4	2026-10-03T12:19:51.9963644Z ##[group]Checking out the ref
deploy	Run actions/checkout@v4	2026-10-03T12:19:51.9968851Z [command]/usr/bin/git checkout --progress --force -B main refs/remotes/origin/main
deploy	Run actions/checkout@v4	2026-10-03T12:19:52.5221722Z Switched to a new branch 'main'
deploy	Run actions/checkout@v4	2026-10-03T12:19:52.5226408Z branch 'main' set up to track 'origin/main'.
deploy	Run actions/checkout@v4	2026-10-03T12:19:52.5253810Z ##[endgroup]
deploy	Run actions/checkout@v4	2026-10-03T12:19:52.5312456Z [command]/usr/bin/git log -1 --format=%H
deploy	Run actions/checkout@v4	2026-10-03T12:19:52.5340695Z c2ff0502fdad80f463abe038a960ca1b798e6d7a
deploy	Prepare disposable Go profile configuration	﻿2026-10-03T12:19:52.5587041Z ##[group]Run New-Item -ItemType Directory -Path $env:IM_GO_CONFIG_DIR -Force | Out-Null
deploy	Prepare disposable Go profile configuration	2026-10-03T12:19:52.5587938Z ^[[36;1mNew-Item -ItemType Directory -Path $env:IM_GO_CONFIG_DIR -Force | Out-Null^[[0m
deploy	Prepare disposable Go profile configuration	2026-10-03T12:19:52.5588602Z ^[[36;1mAdd-Content -Path $env:GITHUB_ENV -Value "IM_GO_CONFIG_DIR=$env:IM_GO_CONFIG_DIR"^[[0m
deploy	Prepare disposable Go profile configuration	2026-10-03T12:19:52.5589307Z ^[[36;1mCopy-Item backend/go/config.example.json (Join-Path $env:IM_GO_CONFIG_DIR 'config.json')^[[0m
deploy	Prepare disposable Go profile configuration	2026-10-03T12:19:52.5590061Z ^[[36;1m[System.IO.File]::WriteAllText((Join-Path $env:IM_GO_CONFIG_DIR 'pg_password'), 'local-development-only')^[[0m
deploy	Prepare disposable Go profile configuration	2026-10-03T12:19:52.5591097Z ^[[36;1m$key = [Convert]::ToBase64String([System.Security.Cryptography.RandomNumberGenerator]::GetBytes(48))^[[0m
deploy	Prepare disposable Go profile configuration	2026-10-03T12:19:52.5591835Z ^[[36;1m[System.IO.File]::WriteAllText((Join-Path $env:IM_GO_CONFIG_DIR 'jwt_key'), $key)^[[0m
deploy	Prepare disposable Go profile configuration	2026-10-03T12:19:52.5621271Z shell: /usr/bin/pwsh -command ". '{0}'"
deploy	Prepare disposable Go profile configuration	2026-10-03T12:19:52.5621658Z env:
deploy	Prepare disposable Go profile configuration	2026-10-03T12:19:52.5621993Z   IM_GO_CONFIG_DIR: /home/runner/work/_temp/im-go-config
deploy	Prepare disposable Go profile configuration	2026-10-03T12:19:52.5622427Z ##[endgroup]
deploy	Validate both Compose profiles	﻿2026-10-03T12:19:57.0737499Z ##[group]Run docker compose -f deploy/compose.yaml --profile go config --quiet
deploy	Validate both Compose profiles	2026-10-03T12:19:57.0738195Z ^[[36;1mdocker compose -f deploy/compose.yaml --profile go config --quiet^[[0m
deploy	Validate both Compose profiles	2026-10-03T12:19:57.0738713Z ^[[36;1mdocker compose -f deploy/compose.yaml --profile java config --quiet^[[0m
deploy	Validate both Compose profiles	2026-10-03T12:19:57.0804782Z shell: /usr/bin/bash -e {0}
deploy	Validate both Compose profiles	2026-10-03T12:19:57.0805069Z env:
deploy	Validate both Compose profiles	2026-10-03T12:19:57.0805344Z   IM_GO_CONFIG_DIR: /home/runner/work/_temp/im-go-config
deploy	Validate both Compose profiles	2026-10-03T12:19:57.0805679Z ##[endgroup]
deploy	Frozen architecture integrity	﻿2026-10-03T12:19:59.5245271Z ##[group]Run ./tools/verify-frozen-architecture.ps1
deploy	Frozen architecture integrity	2026-10-03T12:19:59.5245746Z ^[[36;1m./tools/verify-frozen-architecture.ps1^[[0m
deploy	Frozen architecture integrity	2026-10-03T12:19:59.5270255Z shell: /usr/bin/pwsh -command ". '{0}'"
deploy	Frozen architecture integrity	2026-10-03T12:19:59.5270568Z env:
deploy	Frozen architecture integrity	2026-10-03T12:19:59.5270819Z   IM_GO_CONFIG_DIR: /home/runner/work/_temp/im-go-config
deploy	Frozen architecture integrity	2026-10-03T12:19:59.5271138Z ##[endgroup]
deploy	Frozen architecture integrity	2026-10-03T12:20:00.3543411Z PASS: v1.1 current SHA/PDF provenance/ADR and section-bound semantic structure; historical migration semantic_change=false; current revision semantic_change=true
deploy	Frozen architecture integrity	2026-10-03T12:20:00.5028503Z test_android_complete_literal_plugin_notations_remain_approved (test_client_technology.ClientTechnologyControls.test_android_complete_literal_plugin_notations_remain_approved) ... ok
deploy	Frozen architecture integrity	2026-10-03T12:20:00.5268090Z test_android_compose_gradle_source_and_tooling (test_client_technology.ClientTechnologyControls.test_android_compose_gradle_source_and_tooling) ... ok
deploy	Frozen architecture integrity	2026-10-03T12:20:00.5379763Z test_android_literal_and_direct_catalog_plugins_remain_approved (test_client_technology.ClientTechnologyControls.test_android_literal_and_direct_catalog_plugins_remain_approved) ... ok
deploy	Frozen architecture integrity	2026-10-03T12:20:00.5799615Z test_android_negative_real_gradle_catalog_import_build_workflow_controls (test_client_technology.ClientTechnologyControls.test_android_negative_real_gradle_catalog_import_build_workflow_controls) ... ok
deploy	Frozen architecture integrity	2026-10-03T12:20:00.5903870Z test_android_plugin_block_shortcuts_and_generic_apply_fail_closed (test_client_technology.ClientTechnologyControls.test_android_plugin_block_shortcuts_and_generic_apply_fail_closed) ... ok
deploy	Frozen architecture integrity	2026-10-03T12:20:00.6001863Z test_android_plugin_declarations_fail_closed (test_client_technology.ClientTechnologyControls.test_android_plugin_declarations_fail_closed) ... ok
deploy	Frozen architecture integrity	2026-10-03T12:20:00.6288908Z test_android_plugin_selectors_require_complete_literal_arguments (test_client_technology.ClientTechnologyControls.test_android_plugin_selectors_require_complete_literal_arguments) ... ok
deploy	Frozen architecture integrity	2026-10-03T12:20:00.6435515Z test_android_quoted_dispatch_text_remains_data (test_client_technology.ClientTechnologyControls.test_android_quoted_dispatch_text_remains_data) ... ok
deploy	Frozen architecture integrity	2026-10-03T12:20:00.6598532Z test_android_quoted_member_dispatch_fails_closed (test_client_technology.ClientTechnologyControls.test_android_quoted_member_dispatch_fails_closed) ... ok
deploy	Frozen architecture integrity	2026-10-03T12:20:00.6745781Z test_android_supported_apply_and_quoted_contexts_remain_approved (test_client_technology.ClientTechnologyControls.test_android_supported_apply_and_quoted_contexts_remain_approved) ... ok
deploy	Frozen architecture integrity	2026-10-03T12:20:00.6907145Z test_android_unsupported_plugin_applications_fail_closed (test_client_technology.ClientTechnologyControls.test_android_unsupported_plugin_applications_fail_closed) ... ok
deploy	Frozen architecture integrity	2026-10-03T12:20:00.6980427Z test_approved_ts_native_config_assets (test_client_technology.ClientTechnologyControls.test_approved_ts_native_config_assets) ... ok
deploy	Frozen architecture integrity	2026-10-03T12:20:00.6996479Z test_authority_missing_or_mutated_is_failure (test_client_technology.ClientTechnologyControls.test_authority_missing_or_mutated_is_failure) ... ok
deploy	Frozen architecture integrity	2026-10-03T12:20:00.7685328Z test_current_active_clients (test_client_technology.ClientTechnologyControls.test_current_active_clients) ... ok
deploy	Frozen architecture integrity	2026-10-03T12:20:00.7888685Z test_forbidden_source_and_config_controls (test_client_technology.ClientTechnologyControls.test_forbidden_source_and_config_controls) ... ok
deploy	Frozen architecture integrity	2026-10-03T12:20:00.7915078Z test_history_is_not_active_client_implementation (test_client_technology.ClientTechnologyControls.test_history_is_not_active_client_implementation) ... ok
deploy	Frozen architecture integrity	2026-10-03T12:20:00.7938912Z test_symlink_cannot_bypass_boundary (test_client_technology.ClientTechnologyControls.test_symlink_cannot_bypass_boundary) ... ok
deploy	Frozen architecture integrity	2026-10-03T12:20:00.7980325Z test_task_paths_and_passing_tests_cannot_approve_framework (test_client_technology.ClientTechnologyControls.test_task_paths_and_passing_tests_cannot_approve_framework) ... ok
deploy	Frozen architecture integrity	2026-10-03T12:20:00.8141854Z test_unapproved_generic_dependencies_and_imports (test_client_technology.ClientTechnologyControls.test_unapproved_generic_dependencies_and_imports) ... ok
deploy	Frozen architecture integrity	2026-10-03T12:20:00.8405884Z test_current_document (test_frozen_architecture.ArchitectureIntegrityTests.test_current_document) ... ok
deploy	Frozen architecture integrity	2026-10-03T12:20:00.9751877Z test_hash_and_provenance_mutations (test_frozen_architecture.ArchitectureIntegrityTests.test_hash_and_provenance_mutations) ... ok
deploy	Frozen architecture integrity	2026-10-03T12:20:00.9984592Z test_layout_flexibility_preserves_semantics (test_frozen_architecture.ArchitectureIntegrityTests.test_layout_flexibility_preserves_semantics) ... ok
deploy	Frozen architecture integrity	2026-10-03T12:20:01.5904022Z test_semantic_negative_controls (test_frozen_architecture.ArchitectureIntegrityTests.test_semantic_negative_controls) ... ok
deploy	Frozen architecture integrity	2026-10-03T12:20:01.5977161Z test_active_task_path_is_never_architecture_waiver (test_source_boundaries.SourceTests.test_active_task_path_is_never_architecture_waiver) ... ok
deploy	Frozen architecture integrity	2026-10-03T12:20:09.7712009Z test_arbitrarily_named_go_root_assembly_helper_valid (test_source_boundaries.SourceTests.test_arbitrarily_named_go_root_assembly_helper_valid) ... ok
deploy	Frozen architecture integrity	2026-10-03T12:20:09.7766494Z test_arbitrarily_named_java_root_assembly_helper_valid (test_source_boundaries.SourceTests.test_arbitrarily_named_java_root_assembly_helper_valid) ... ok
deploy	Frozen architecture integrity	2026-10-03T12:20:09.8247436Z test_cross_service_alias_import_and_build_tag (test_source_boundaries.SourceTests.test_cross_service_alias_import_and_build_tag) ... ok
deploy	Frozen architecture integrity	2026-10-03T12:20:09.8304645Z test_current_governance_and_task_migration_scope_valid (test_source_boundaries.SourceTests.test_current_governance_and_task_migration_scope_valid) ... ok
deploy	Frozen architecture integrity	2026-10-03T12:20:09.8332775Z test_current_java_placeholder_valid_and_no_early_business_required (test_source_boundaries.SourceTests.test_current_java_placeholder_valid_and_no_early_business_required) ... ok
deploy	Frozen architecture integrity	2026-10-03T12:20:09.8360570Z test_future_java_business_root_and_shared_disguise (test_source_boundaries.SourceTests.test_future_java_business_root_and_shared_disguise) ... ok
deploy	Frozen architecture integrity	2026-10-03T12:20:09.8386543Z test_future_java_cross_service_shared_reverse_and_fully_qualified (test_source_boundaries.SourceTests.test_future_java_cross_service_shared_reverse_and_fully_qualified) ... ok
deploy	Frozen architecture integrity	2026-10-03T12:20:12.1524806Z test_future_java_single_layout_compiles_and_imports_checked (test_source_boundaries.SourceTests.test_future_java_single_layout_compiles_and_imports_checked) ... ok
deploy	Frozen architecture integrity	2026-10-03T12:20:12.2014653Z test_gateway_cannot_write_session_or_outbox (test_source_boundaries.SourceTests.test_gateway_cannot_write_session_or_outbox) ... ok
deploy	Frozen architecture integrity	2026-10-03T12:20:12.2067448Z test_java_dynamic_jdbc_shared_repository_and_gateway_write_rejected (test_source_boundaries.SourceTests.test_java_dynamic_jdbc_shared_repository_and_gateway_write_rejected) ... ok
deploy	Frozen architecture integrity	2026-10-03T12:20:12.2096043Z test_java_gateway_dynamic_update_with_select_decoy_rejected (test_source_boundaries.SourceTests.test_java_gateway_dynamic_update_with_select_decoy_rejected) ... ok
deploy	Frozen architecture integrity	2026-10-03T12:20:12.2154225Z test_java_gateway_execute_cannot_borrow_unrelated_select_literal (test_source_boundaries.SourceTests.test_java_gateway_execute_cannot_borrow_unrelated_select_literal) ... ok
deploy	Frozen architecture integrity	2026-10-03T12:20:12.2184986Z test_java_gateway_executequery_and_connection_lifecycle_valid (test_source_boundaries.SourceTests.test_java_gateway_executequery_and_connection_lifecycle_valid) ... ok
deploy	Frozen architecture integrity	2026-10-03T12:20:12.2209536Z test_java_gateway_readonly_session_and_shared_token_primitive_valid (test_source_boundaries.SourceTests.test_java_gateway_readonly_session_and_shared_token_primitive_valid) ... ok
deploy	Frozen architecture integrity	2026-10-03T12:20:12.2388666Z test_java_noncore_jdbc_transaction_controls_rejected (test_source_boundaries.SourceTests.test_java_noncore_jdbc_transaction_controls_rejected) ... ok
deploy	Frozen architecture integrity	2026-10-03T12:20:12.2396671Z test_java_placeholder_cannot_grow_business (test_source_boundaries.SourceTests.test_java_placeholder_cannot_grow_business) ... ok
deploy	Frozen architecture integrity	2026-10-03T12:20:12.2420143Z test_java_unicode_import_cannot_bypass_dependency (test_source_boundaries.SourceTests.test_java_unicode_import_cannot_bypass_dependency) ... ok
deploy	Frozen architecture integrity	2026-10-03T12:20:14.7901876Z test_legal_single_module_go_runtime_and_blackbox_test (test_source_boundaries.SourceTests.test_legal_single_module_go_runtime_and_blackbox_test) ... ok
deploy	Frozen architecture integrity	2026-10-03T12:20:14.8354101Z test_main_whitelisted_name_cannot_hide_business (test_source_boundaries.SourceTests.test_main_whitelisted_name_cannot_hide_business) ... ok
deploy	Frozen architecture integrity	2026-10-03T12:20:14.8385378Z test_placeholder_exit_and_business_not_permanent_exception (test_source_boundaries.SourceTests.test_placeholder_exit_and_business_not_permanent_exception) ... ok
deploy	Frozen architecture integrity	2026-10-03T12:20:14.8440405Z test_plain_bullet_task_path_checked_and_legal_core_accepted (test_source_boundaries.SourceTests.test_plain_bullet_task_path_checked_and_legal_core_accepted) ... ok
deploy	Frozen architecture integrity	2026-10-03T12:20:14.8886183Z test_real_old_go_layout_rejected_without_name_hardcoding (test_source_boundaries.SourceTests.test_real_old_go_layout_rejected_without_name_hardcoding) ... ok
deploy	Frozen architecture integrity	2026-10-03T12:20:14.9350810Z test_root_new_business_and_unapproved_internal (test_source_boundaries.SourceTests.test_root_new_business_and_unapproved_internal) ... ok
deploy	Frozen architecture integrity	2026-10-03T12:20:14.9805674Z test_root_test_name_cannot_hide_business (test_source_boundaries.SourceTests.test_root_test_name_cannot_hide_business) ... ok
deploy	Frozen architecture integrity	2026-10-03T12:20:15.0264041Z test_shared_generic_repository_call_rejected_without_sql_literal (test_source_boundaries.SourceTests.test_shared_generic_repository_call_rejected_without_sql_literal) ... ok
deploy	Frozen architecture integrity	2026-10-03T12:20:15.0290105Z test_shared_java_connection_factory_is_support_not_repository (test_source_boundaries.SourceTests.test_shared_java_connection_factory_is_support_not_repository) ... ok
deploy	Frozen architecture integrity	2026-10-03T12:20:15.0741387Z test_shared_reverse_dependency_and_moved_full_auth (test_source_boundaries.SourceTests.test_shared_reverse_dependency_and_moved_full_auth) ... ok
deploy	Frozen architecture integrity	2026-10-03T12:20:15.1213743Z test_syntax_failure_cannot_be_skipped (test_source_boundaries.SourceTests.test_syntax_failure_cannot_be_skipped) ... ok
deploy	Frozen architecture integrity	2026-10-03T12:20:15.1264980Z test_workflow_missing_commands_dependencies_and_suppression_rejected (test_source_boundaries.SourceTests.test_workflow_missing_commands_dependencies_and_suppression_rejected) ... ok
deploy	Frozen architecture integrity	2026-10-03T12:20:15.1266160Z 
deploy	Frozen architecture integrity	2026-10-03T12:20:15.1266671Z ----------------------------------------------------------------------
deploy	Frozen architecture integrity	2026-10-03T12:20:15.1267069Z Ran 53 tests in 14.668s
deploy	Frozen architecture integrity	2026-10-03T12:20:15.1267228Z 
deploy	Frozen architecture integrity	2026-10-03T12:20:15.1267315Z OK
deploy	Go transport smoke	﻿2026-10-03T12:20:15.1838997Z ##[group]Run ./tests/infrastructure/smoke.ps1 -Profile go
deploy	Go transport smoke	2026-10-03T12:20:15.1839482Z ^[[36;1m./tests/infrastructure/smoke.ps1 -Profile go^[[0m
deploy	Go transport smoke	2026-10-03T12:20:15.1863347Z shell: /usr/bin/pwsh -command ". '{0}'"
deploy	Go transport smoke	2026-10-03T12:20:15.1863635Z env:
deploy	Go transport smoke	2026-10-03T12:20:15.1863892Z   IM_GO_CONFIG_DIR: /home/runner/work/_temp/im-go-config
deploy	Go transport smoke	2026-10-03T12:20:15.1864230Z ##[endgroup]
deploy	Go transport smoke	2026-10-03T12:20:51.9968017Z /var/run/postgresql:5432 - accepting connections
deploy	Go transport smoke	2026-10-03T12:20:52.5362177Z PASS: go profile, PostgreSQL migration, Core NATS, HTTPS and WSS over Tls13
deploy	Go Auth actual roles and TLS event smoke	﻿2026-10-03T12:20:53.1957916Z ##[group]Run python3 tests/go/live_role_smoke.py
deploy	Go Auth actual roles and TLS event smoke	2026-10-03T12:20:53.1958367Z ^[[36;1mpython3 tests/go/live_role_smoke.py^[[0m
deploy	Go Auth actual roles and TLS event smoke	2026-10-03T12:20:53.2019731Z shell: /usr/bin/bash -e {0}
deploy	Go Auth actual roles and TLS event smoke	2026-10-03T12:20:53.2019988Z env:
deploy	Go Auth actual roles and TLS event smoke	2026-10-03T12:20:53.2020259Z   IM_GO_CONFIG_DIR: /home/runner/work/_temp/im-go-config
deploy	Go Auth actual roles and TLS event smoke	2026-10-03T12:20:53.2020586Z ##[endgroup]
deploy	Go Auth actual roles and TLS event smoke	2026-10-03T12:20:53.5207478Z #1 [internal] load local bake definitions
deploy	Go Auth actual roles and TLS event smoke	2026-10-03T12:20:53.6210267Z #1 reading from stdin 1.45kB done
deploy	Go Auth actual roles and TLS event smoke	2026-10-03T12:20:53.6211082Z #1 DONE 0.0s
deploy	Go Auth actual roles and TLS event smoke	2026-10-03T12:20:53.6213354Z 
deploy	Go Auth actual roles and TLS event smoke	2026-10-03T12:20:53.6214099Z #2 [core-go internal] load build definition from Dockerfile
deploy	Go Auth actual roles and TLS event smoke	2026-10-03T12:20:53.6214767Z #2 transferring dockerfile: 247B done
deploy	Go Auth actual roles and TLS event smoke	2026-10-03T12:20:53.7501441Z #2 transferring dockerfile: 247B done
deploy	Go Auth actual roles and TLS event smoke	2026-10-03T12:20:53.7502179Z #2 DONE 0.0s
deploy	Go Auth actual roles and TLS event smoke	2026-10-03T12:20:53.7502453Z 
deploy	Go Auth actual roles and TLS event smoke	2026-10-03T12:20:53.7502818Z #3 [migrate internal] load build definition from migrate.Dockerfile
deploy	Go Auth actual roles and TLS event smoke	2026-10-03T12:20:53.7503603Z #3 transferring dockerfile: 229B done
deploy	Go Auth actual roles and TLS event smoke	2026-10-03T12:20:53.7504245Z #3 DONE 0.0s
deploy	Go Auth actual roles and TLS event smoke	2026-10-03T12:20:53.7504464Z 
deploy	Go Auth actual roles and TLS event smoke	2026-10-03T12:20:53.7504900Z #4 [migrate internal] load metadata for docker.io/library/python:3.12-alpine
deploy	Go Auth actual roles and TLS event smoke	2026-10-03T12:20:53.7505681Z #4 DONE 0.1s
deploy	Go Auth actual roles and TLS event smoke	2026-10-03T12:20:53.7505914Z 
deploy	Go Auth actual roles and TLS event smoke	2026-10-03T12:20:53.7506592Z #5 [core-go internal] load metadata for docker.io/library/golang:1.25-alpine
deploy	Go Auth actual roles and TLS event smoke	2026-10-03T12:20:53.8249053Z #5 DONE 0.1s
deploy	Go Auth actual roles and TLS event smoke	2026-10-03T12:20:53.8249676Z 
deploy	Go Auth actual roles and TLS event smoke	2026-10-03T12:20:53.8250049Z #6 [gateway-go internal] load metadata for docker.io/library/alpine:3.21
deploy	Go Auth actual roles and TLS event smoke	2026-10-03T12:20:53.8250976Z #6 DONE 0.1s
deploy	Go Auth actual roles and TLS event smoke	2026-10-03T12:20:53.8251168Z 
deploy	Go Auth actual roles and TLS event smoke	2026-10-03T12:20:53.8251361Z #7 [migrate internal] load .dockerignore
deploy	Go Auth actual roles and TLS event smoke	2026-10-03T12:20:53.8252589Z #7 transferring context: 2B done
deploy	Go Auth actual roles and TLS event smoke	2026-10-03T12:20:53.8253142Z #7 DONE 0.0s
deploy	Go Auth actual roles and TLS event smoke	2026-10-03T12:20:53.8253325Z 
deploy	Go Auth actual roles and TLS event smoke	2026-10-03T12:20:53.8253984Z #8 [migrate 1/4] FROM docker.io/library/python:3.12-alpine@sha256:0687a6bc9716edc2a6ee0fbfb0f87e7ee358b262b67c9215de91bc9b2d38ba71
deploy	Go Auth actual roles and TLS event smoke	2026-10-03T12:20:53.8255011Z #8 DONE 0.0s
deploy	Go Auth actual roles and TLS event smoke	2026-10-03T12:20:53.8255266Z 
deploy	Go Auth actual roles and TLS event smoke	2026-10-03T12:20:53.8255472Z #9 [migrate internal] load build context
deploy	Go Auth actual roles and TLS event smoke	2026-10-03T12:20:53.8255966Z #9 transferring context: 401B done
deploy	Go Auth actual roles and TLS event smoke	2026-10-03T12:20:53.8256634Z #9 DONE 0.0s
deploy	Go Auth actual roles and TLS event smoke	2026-10-03T12:20:53.8256815Z 
deploy	Go Auth actual roles and TLS event smoke	2026-10-03T12:20:53.8256965Z #10 [migrate 3/4] WORKDIR /work
deploy	Go Auth actual roles and TLS event smoke	2026-10-03T12:20:53.8257312Z #10 CACHED
deploy	Go Auth actual roles and TLS event smoke	2026-10-03T12:20:53.8257426Z 
deploy	Go Auth actual roles and TLS event smoke	2026-10-03T12:20:53.8257598Z #11 [migrate 2/4] RUN apk add --no-cache postgresql-client
deploy	Go Auth actual roles and TLS event smoke	2026-10-03T12:20:53.8257935Z #11 CACHED
deploy	Go Auth actual roles and TLS event smoke	2026-10-03T12:20:53.8258047Z 
deploy	Go Auth actual roles and TLS event smoke	2026-10-03T12:20:53.8258211Z #12 [migrate 4/4] COPY contracts/database /work/contracts/database
deploy	Go Auth actual roles and TLS event smoke	2026-10-03T12:20:53.8258543Z #12 CACHED
deploy	Go Auth actual roles and TLS event smoke	2026-10-03T12:20:53.8258651Z 
deploy	Go Auth actual roles and TLS event smoke	2026-10-03T12:20:53.8258752Z #13 [migrate] exporting to image
deploy	Go Auth actual roles and TLS event smoke	2026-10-03T12:20:53.8259113Z #13 exporting layers done
deploy	Go Auth actual roles and TLS event smoke	2026-10-03T12:20:53.8259996Z #13 writing image sha256:5bd8f981d79d22cb92e8566a413afa2c39809c4cf1a4c218830a2a471974575c done
deploy	Go Auth actual roles and TLS event smoke	2026-10-03T12:20:53.8260557Z #13 naming to docker.io/library/im-arch4-live-8294-migrate done
deploy	Go Auth actual roles and TLS event smoke	2026-10-03T12:20:53.8261108Z #13 DONE 0.0s
deploy	Go Auth actual roles and TLS event smoke	2026-10-03T12:20:53.8261328Z 
deploy	Go Auth actual roles and TLS event smoke	2026-10-03T12:20:53.8261520Z #14 [core-go internal] load .dockerignore
deploy	Go Auth actual roles and TLS event smoke	2026-10-03T12:20:53.8262001Z #14 transferring context: 2B done
deploy	Go Auth actual roles and TLS event smoke	2026-10-03T12:20:53.8262414Z #14 DONE 0.0s
deploy	Go Auth actual roles and TLS event smoke	2026-10-03T12:20:53.8262799Z 
deploy	Go Auth actual roles and TLS event smoke	2026-10-03T12:20:53.8263569Z #15 [gateway-go stage-1 1/2] FROM docker.io/library/alpine:3.21@sha256:ce64758a109eb420d874a118f87920e625e12d3634e03b4a5573fd9f6e5d3507
deploy	Go Auth actual roles and TLS event smoke	2026-10-03T12:20:53.8264589Z #15 DONE 0.0s
deploy	Go Auth actual roles and TLS event smoke	2026-10-03T12:20:53.8264784Z 
deploy	Go Auth actual roles and TLS event smoke	2026-10-03T12:20:53.8265537Z #16 [gateway-go build 1/6] FROM docker.io/library/golang:1.25-alpine@sha256:1ae0735f00daffa3aaf1363a5184c0d2dc55c78e3db4ec70241cdac97bf84b59
deploy	Go Auth actual roles and TLS event smoke	2026-10-03T12:20:53.8266910Z #16 DONE 0.0s
deploy	Go Auth actual roles and TLS event smoke	2026-10-03T12:20:53.8267120Z 
deploy	Go Auth actual roles and TLS event smoke	2026-10-03T12:20:53.8267344Z #17 [migrate] resolving provenance for metadata file
deploy	Go Auth actual roles and TLS event smoke	2026-10-03T12:20:53.8267838Z #17 DONE 0.0s
deploy	Go Auth actual roles and TLS event smoke	2026-10-03T12:20:53.8268022Z 
deploy	Go Auth actual roles and TLS event smoke	2026-10-03T12:20:53.8268222Z #18 [plugin-host-go internal] load build context
deploy	Go Auth actual roles and TLS event smoke	2026-10-03T12:20:53.8268747Z #18 transferring context: 1.51kB done
deploy	Go Auth actual roles and TLS event smoke	2026-10-03T12:20:53.8269740Z #18 DONE 0.0s
deploy	Go Auth actual roles and TLS event smoke	2026-10-03T12:20:53.8269928Z 
deploy	Go Auth actual roles and TLS event smoke	2026-10-03T12:20:53.8270231Z #19 [gateway-go build 6/6] RUN CGO_ENABLED=0 go build -o /im-go .
deploy	Go Auth actual roles and TLS event smoke	2026-10-03T12:20:53.8270832Z #19 CACHED
deploy	Go Auth actual roles and TLS event smoke	2026-10-03T12:20:53.8271016Z 
deploy	Go Auth actual roles and TLS event smoke	2026-10-03T12:20:53.8271170Z #20 [gateway-go build 2/6] WORKDIR /src
deploy	Go Auth actual roles and TLS event smoke	2026-10-03T12:20:53.8271558Z #20 CACHED
deploy	Go Auth actual roles and TLS event smoke	2026-10-03T12:20:53.8271729Z 
deploy	Go Auth actual roles and TLS event smoke	2026-10-03T12:20:53.8271876Z #21 [gateway-go build 5/6] COPY . .
deploy	Go Auth actual roles and TLS event smoke	2026-10-03T12:20:53.8272260Z #21 CACHED
deploy	Go Auth actual roles and TLS event smoke	2026-10-03T12:20:53.8272433Z 
deploy	Go Auth actual roles and TLS event smoke	2026-10-03T12:20:53.8272617Z #22 [gateway-go build 3/6] COPY go.mod go.sum ./
deploy	Go Auth actual roles and TLS event smoke	2026-10-03T12:20:53.8273075Z #22 CACHED
deploy	Go Auth actual roles and TLS event smoke	2026-10-03T12:20:53.8273236Z 
deploy	Go Auth actual roles and TLS event smoke	2026-10-03T12:20:53.8273417Z #23 [gateway-go build 4/6] RUN go mod download
deploy	Go Auth actual roles and TLS event smoke	2026-10-03T12:20:53.8273863Z #23 CACHED
deploy	Go Auth actual roles and TLS event smoke	2026-10-03T12:20:53.8274013Z 
deploy	Go Auth actual roles and TLS event smoke	2026-10-03T12:20:53.8274255Z #24 [gateway-go stage-1 2/2] COPY --from=build /im-go /im-go
deploy	Go Auth actual roles and TLS event smoke	2026-10-03T12:20:53.8274780Z #24 CACHED
deploy	Go Auth actual roles and TLS event smoke	2026-10-03T12:20:53.8274954Z 
deploy	Go Auth actual roles and TLS event smoke	2026-10-03T12:20:53.8275106Z #25 [gateway-go] exporting to image
deploy	Go Auth actual roles and TLS event smoke	2026-10-03T12:20:53.8276704Z #25 exporting layers done
deploy	Go Auth actual roles and TLS event smoke	2026-10-03T12:20:53.8277440Z #25 writing image sha256:b758b70c57c154f58f5ca133916c4e8ebce4bb80ae1a9dd093e610534f353f03 done
deploy	Go Auth actual roles and TLS event smoke	2026-10-03T12:20:53.8278356Z #25 naming to docker.io/library/im-arch4-live-8294-gateway-go done
deploy	Go Auth actual roles and TLS event smoke	2026-10-03T12:20:53.8278927Z #25 DONE 0.0s
deploy	Go Auth actual roles and TLS event smoke	2026-10-03T12:20:53.8279097Z 
deploy	Go Auth actual roles and TLS event smoke	2026-10-03T12:20:53.8279243Z #26 [core-go] exporting to image
deploy	Go Auth actual roles and TLS event smoke	2026-10-03T12:20:53.8279627Z #26 exporting layers done
deploy	Go Auth actual roles and TLS event smoke	2026-10-03T12:20:53.8280328Z #26 writing image sha256:b758b70c57c154f58f5ca133916c4e8ebce4bb80ae1a9dd093e610534f353f03 done
deploy	Go Auth actual roles and TLS event smoke	2026-10-03T12:20:53.8283678Z #26 naming to docker.io/library/im-arch4-live-8294-core-go done
deploy	Go Auth actual roles and TLS event smoke	2026-10-03T12:20:53.8284290Z #26 DONE 0.0s
deploy	Go Auth actual roles and TLS event smoke	2026-10-03T12:20:53.8284481Z 
deploy	Go Auth actual roles and TLS event smoke	2026-10-03T12:20:53.8284658Z #27 [plugin-host-go] exporting to image
deploy	Go Auth actual roles and TLS event smoke	2026-10-03T12:20:53.8285106Z #27 exporting layers done
deploy	Go Auth actual roles and TLS event smoke	2026-10-03T12:20:53.8285766Z #27 writing image sha256:b758b70c57c154f58f5ca133916c4e8ebce4bb80ae1a9dd093e610534f353f03 done
deploy	Go Auth actual roles and TLS event smoke	2026-10-03T12:20:53.8286892Z #27 naming to docker.io/library/im-arch4-live-8294-plugin-host-go done
deploy	Go Auth actual roles and TLS event smoke	2026-10-03T12:20:53.8287457Z #27 DONE 0.0s
deploy	Go Auth actual roles and TLS event smoke	2026-10-03T12:20:53.8287648Z 
deploy	Go Auth actual roles and TLS event smoke	2026-10-03T12:20:53.8287910Z #28 [gateway-go] resolving provenance for metadata file
deploy	Go Auth actual roles and TLS event smoke	2026-10-03T12:20:53.8302190Z #28 DONE 0.0s
deploy	Go Auth actual roles and TLS event smoke	2026-10-03T12:20:53.8302423Z 
deploy	Go Auth actual roles and TLS event smoke	2026-10-03T12:20:53.8302659Z #29 [core-go] resolving provenance for metadata file
deploy	Go Auth actual roles and TLS event smoke	2026-10-03T12:20:53.8303165Z #29 DONE 0.0s
deploy	Go Auth actual roles and TLS event smoke	2026-10-03T12:20:53.8303355Z 
deploy	Go Auth actual roles and TLS event smoke	2026-10-03T12:20:53.8303618Z #30 [plugin-host-go] resolving provenance for metadata file
deploy	Go Auth actual roles and TLS event smoke	2026-10-03T12:20:53.8304298Z #30 DONE 0.0s
deploy	Go Auth actual roles and TLS event smoke	2026-10-03T12:20:53.8304753Z  migrate  Built
deploy	Go Auth actual roles and TLS event smoke	2026-10-03T12:20:53.8305253Z  gateway-go  Built
deploy	Go Auth actual roles and TLS event smoke	2026-10-03T12:20:53.8305599Z  plugin-host-go  Built
deploy	Go Auth actual roles and TLS event smoke	2026-10-03T12:20:53.8305957Z  core-go  Built
deploy	Go Auth actual roles and TLS event smoke	2026-10-03T12:20:53.8307129Z  Network im-arch4-live-8294_default  Creating
deploy	Go Auth actual roles and TLS event smoke	2026-10-03T12:20:53.8685156Z  Network im-arch4-live-8294_default  Created
deploy	Go Auth actual roles and TLS event smoke	2026-10-03T12:20:53.8689222Z  Volume "im-arch4-live-8294_caddy-go-data"  Creating
deploy	Go Auth actual roles and TLS event smoke	2026-10-03T12:20:53.8699080Z  Volume "im-arch4-live-8294_caddy-go-data"  Created
deploy	Go Auth actual roles and TLS event smoke	2026-10-03T12:20:53.8701932Z  Volume "im-arch4-live-8294_postgres-data"  Creating
deploy	Go Auth actual roles and TLS event smoke	2026-10-03T12:20:53.8709291Z  Volume "im-arch4-live-8294_postgres-data"  Created
deploy	Go Auth actual roles and TLS event smoke	2026-10-03T12:20:53.8713807Z  Container im-arch4-live-8294-postgres-1  Creating
deploy	Go Auth actual roles and TLS event smoke	2026-10-03T12:20:53.8714940Z  Container im-arch4-live-8294-nats-1  Creating
deploy	Go Auth actual roles and TLS event smoke	2026-10-03T12:20:53.8934729Z  Container im-arch4-live-8294-postgres-1  Created
deploy	Go Auth actual roles and TLS event smoke	2026-10-03T12:20:53.8935449Z  Container im-arch4-live-8294-migrate-1  Creating
deploy	Go Auth actual roles and TLS event smoke	2026-10-03T12:20:53.8936072Z  Container im-arch4-live-8294-nats-1  Created
deploy	Go Auth actual roles and TLS event smoke	2026-10-03T12:20:53.9024726Z  Container im-arch4-live-8294-migrate-1  Created
deploy	Go Auth actual roles and TLS event smoke	2026-10-03T12:20:53.9025608Z  Container im-arch4-live-8294-core-go-1  Creating
deploy	Go Auth actual roles and TLS event smoke	2026-10-03T12:20:53.9026650Z  Container im-arch4-live-8294-gateway-go-1  Creating
deploy	Go Auth actual roles and TLS event smoke	2026-10-03T12:20:53.9027349Z  Container im-arch4-live-8294-plugin-host-go-1  Creating
deploy	Go Auth actual roles and TLS event smoke	2026-10-03T12:20:53.9144730Z  Container im-arch4-live-8294-gateway-go-1  Created
deploy	Go Auth actual roles and TLS event smoke	2026-10-03T12:20:53.9145936Z  Container im-arch4-live-8294-tls-go-1  Creating
deploy	Go Auth actual roles and TLS event smoke	2026-10-03T12:20:53.9149567Z  Container im-arch4-live-8294-plugin-host-go-1  Created
deploy	Go Auth actual roles and TLS event smoke	2026-10-03T12:20:53.9150019Z  Container im-arch4-live-8294-core-go-1  Created
deploy	Go Auth actual roles and TLS event smoke	2026-10-03T12:20:53.9237247Z  Container im-arch4-live-8294-tls-go-1  Created
deploy	Go Auth actual roles and TLS event smoke	2026-10-03T12:20:53.9250335Z  Container im-arch4-live-8294-postgres-1  Starting
deploy	Go Auth actual roles and TLS event smoke	2026-10-03T12:20:53.9251334Z  Container im-arch4-live-8294-nats-1  Starting
deploy	Go Auth actual roles and TLS event smoke	2026-10-03T12:20:54.0792777Z  Container im-arch4-live-8294-nats-1  Started
deploy	Go Auth actual roles and TLS event smoke	2026-10-03T12:20:54.0876225Z  Container im-arch4-live-8294-postgres-1  Started
deploy	Go Auth actual roles and TLS event smoke	2026-10-03T12:20:54.0877117Z  Container im-arch4-live-8294-postgres-1  Waiting
deploy	Go Auth actual roles and TLS event smoke	2026-10-03T12:20:56.5893972Z  Container im-arch4-live-8294-postgres-1  Healthy
deploy	Go Auth actual roles and TLS event smoke	2026-10-03T12:20:56.5894799Z  Container im-arch4-live-8294-migrate-1  Starting
deploy	Go Auth actual roles and TLS event smoke	2026-10-03T12:20:56.6950646Z  Container im-arch4-live-8294-migrate-1  Started
deploy	Go Auth actual roles and TLS event smoke	2026-10-03T12:20:56.6951760Z  Container im-arch4-live-8294-nats-1  Waiting
deploy	Go Auth actual roles and TLS event smoke	2026-10-03T12:20:56.6952609Z  Container im-arch4-live-8294-migrate-1  Waiting
deploy	Go Auth actual roles and TLS event smoke	2026-10-03T12:20:56.6953223Z  Container im-arch4-live-8294-migrate-1  Waiting
deploy	Go Auth actual roles and TLS event smoke	2026-10-03T12:20:56.6953794Z  Container im-arch4-live-8294-nats-1  Waiting
deploy	Go Auth actual roles and TLS event smoke	2026-10-03T12:20:56.6954346Z  Container im-arch4-live-8294-migrate-1  Waiting
deploy	Go Auth actual roles and TLS event smoke	2026-10-03T12:20:57.1969975Z  Container im-arch4-live-8294-migrate-1  Exited
deploy	Go Auth actual roles and TLS event smoke	2026-10-03T12:20:57.1971084Z  Container im-arch4-live-8294-nats-1  Healthy
deploy	Go Auth actual roles and TLS event smoke	2026-10-03T12:20:57.1972241Z  Container im-arch4-live-8294-core-go-1  Starting
deploy	Go Auth actual roles and TLS event smoke	2026-10-03T12:20:57.1973612Z  Container im-arch4-live-8294-migrate-1  Exited
deploy	Go Auth actual roles and TLS event smoke	2026-10-03T12:20:57.1974551Z  Container im-arch4-live-8294-plugin-host-go-1  Starting
deploy	Go Auth actual roles and TLS event smoke	2026-10-03T12:20:57.1975408Z  Container im-arch4-live-8294-nats-1  Healthy
deploy	Go Auth actual roles and TLS event smoke	2026-10-03T12:20:57.1976672Z  Container im-arch4-live-8294-migrate-1  Exited
deploy	Go Auth actual roles and TLS event smoke	2026-10-03T12:20:57.1977488Z  Container im-arch4-live-8294-gateway-go-1  Starting
deploy	Go Auth actual roles and TLS event smoke	2026-10-03T12:20:57.3714679Z  Container im-arch4-live-8294-gateway-go-1  Started
deploy	Go Auth actual roles and TLS event smoke	2026-10-03T12:20:57.3715937Z  Container im-arch4-live-8294-tls-go-1  Starting
deploy	Go Auth actual roles and TLS event smoke	2026-10-03T12:20:57.3877316Z  Container im-arch4-live-8294-core-go-1  Started
deploy	Go Auth actual roles and TLS event smoke	2026-10-03T12:20:57.3883427Z  Container im-arch4-live-8294-plugin-host-go-1  Started
deploy	Go Auth actual roles and TLS event smoke	2026-10-03T12:20:57.5032144Z  Container im-arch4-live-8294-tls-go-1  Started
deploy	Go Auth actual roles and TLS event smoke	2026-10-03T12:20:58.9902044Z  Container im-arch4-live-8294-core-go-1  Stopping
deploy	Go Auth actual roles and TLS event smoke	2026-10-03T12:20:58.9903343Z  Container im-arch4-live-8294-tls-go-1  Stopping
deploy	Go Auth actual roles and TLS event smoke	2026-10-03T12:20:58.9905007Z  Container im-arch4-live-8294-plugin-host-go-1  Stopping
deploy	Go Auth actual roles and TLS event smoke	2026-10-03T12:20:59.1002153Z  Container im-arch4-live-8294-core-go-1  Stopped
deploy	Go Auth actual roles and TLS event smoke	2026-10-03T12:20:59.1003103Z  Container im-arch4-live-8294-core-go-1  Removing
deploy	Go Auth actual roles and TLS event smoke	2026-10-03T12:20:59.1055220Z  Container im-arch4-live-8294-plugin-host-go-1  Stopped
deploy	Go Auth actual roles and TLS event smoke	2026-10-03T12:20:59.1058144Z  Container im-arch4-live-8294-plugin-host-go-1  Removing
deploy	Go Auth actual roles and TLS event smoke	2026-10-03T12:20:59.1147140Z  Container im-arch4-live-8294-core-go-1  Removed
deploy	Go Auth actual roles and TLS event smoke	2026-10-03T12:20:59.1148573Z  Container im-arch4-live-8294-plugin-host-go-1  Removed
deploy	Go Auth actual roles and TLS event smoke	2026-10-03T12:20:59.1249072Z  Container im-arch4-live-8294-tls-go-1  Stopped
deploy	Go Auth actual roles and TLS event smoke	2026-10-03T12:20:59.1251970Z  Container im-arch4-live-8294-tls-go-1  Removing
deploy	Go Auth actual roles and TLS event smoke	2026-10-03T12:20:59.1339313Z  Container im-arch4-live-8294-tls-go-1  Removed
deploy	Go Auth actual roles and TLS event smoke	2026-10-03T12:20:59.1340010Z  Container im-arch4-live-8294-gateway-go-1  Stopping
deploy	Go Auth actual roles and TLS event smoke	2026-10-03T12:20:59.2029183Z  Container im-arch4-live-8294-gateway-go-1  Stopped
deploy	Go Auth actual roles and TLS event smoke	2026-10-03T12:20:59.2030028Z  Container im-arch4-live-8294-gateway-go-1  Removing
deploy	Go Auth actual roles and TLS event smoke	2026-10-03T12:20:59.2091200Z  Container im-arch4-live-8294-gateway-go-1  Removed
deploy	Go Auth actual roles and TLS event smoke	2026-10-03T12:20:59.2092064Z  Container im-arch4-live-8294-migrate-1  Stopping
deploy	Go Auth actual roles and TLS event smoke	2026-10-03T12:20:59.2094198Z  Container im-arch4-live-8294-nats-1  Stopping
deploy	Go Auth actual roles and TLS event smoke	2026-10-03T12:20:59.2101536Z  Container im-arch4-live-8294-migrate-1  Stopped
deploy	Go Auth actual roles and TLS event smoke	2026-10-03T12:20:59.2102202Z  Container im-arch4-live-8294-migrate-1  Removing
deploy	Go Auth actual roles and TLS event smoke	2026-10-03T12:20:59.2190580Z  Container im-arch4-live-8294-migrate-1  Removed
deploy	Go Auth actual roles and TLS event smoke	2026-10-03T12:20:59.2191441Z  Container im-arch4-live-8294-postgres-1  Stopping
deploy	Go Auth actual roles and TLS event smoke	2026-10-03T12:20:59.2858444Z  Container im-arch4-live-8294-nats-1  Stopped
deploy	Go Auth actual roles and TLS event smoke	2026-10-03T12:20:59.2859530Z  Container im-arch4-live-8294-nats-1  Removing
deploy	Go Auth actual roles and TLS event smoke	2026-10-03T12:20:59.2928090Z  Container im-arch4-live-8294-nats-1  Removed
deploy	Go Auth actual roles and TLS event smoke	2026-10-03T12:20:59.3347301Z  Container im-arch4-live-8294-postgres-1  Stopped
deploy	Go Auth actual roles and TLS event smoke	2026-10-03T12:20:59.3348349Z  Container im-arch4-live-8294-postgres-1  Removing
deploy	Go Auth actual roles and TLS event smoke	2026-10-03T12:20:59.3406518Z  Container im-arch4-live-8294-postgres-1  Removed
deploy	Go Auth actual roles and TLS event smoke	2026-10-03T12:20:59.3412983Z  Volume im-arch4-live-8294_caddy-go-data  Removing
deploy	Go Auth actual roles and TLS event smoke	2026-10-03T12:20:59.3417516Z  Volume im-arch4-live-8294_postgres-data  Removing
deploy	Go Auth actual roles and TLS event smoke	2026-10-03T12:20:59.3434802Z  Network im-arch4-live-8294_default  Removing
deploy	Go Auth actual roles and TLS event smoke	2026-10-03T12:20:59.3438822Z  Volume im-arch4-live-8294_caddy-go-data  Removed
deploy	Go Auth actual roles and TLS event smoke	2026-10-03T12:20:59.4115205Z  Network im-arch4-live-8294_default  Removed
deploy	Go Auth actual roles and TLS event smoke	2026-10-03T12:20:59.4449609Z  Volume im-arch4-live-8294_postgres-data  Removed
deploy	Go Auth actual roles and TLS event smoke	2026-10-03T12:20:59.4634610Z PASS: actual3 Go roles/HTTP forwarding/TLS/WSS3slots/replacementepoch/oldtokenreject/CoreOutboxNATSGatewayrevocation/logoutclose; no skips
deploy	Go S1 strict TLS messaging E2E	﻿2026-10-03T12:20:59.4765858Z ##[group]Run python3 -B tests/e2e/go_tls_messaging.py
deploy	Go S1 strict TLS messaging E2E	2026-10-03T12:20:59.4766556Z ^[[36;1mpython3 -B tests/e2e/go_tls_messaging.py^[[0m
deploy	Go S1 strict TLS messaging E2E	2026-10-03T12:20:59.4829529Z shell: /usr/bin/bash -e {0}
deploy	Go S1 strict TLS messaging E2E	2026-10-03T12:20:59.4829810Z env:
deploy	Go S1 strict TLS messaging E2E	2026-10-03T12:20:59.4830089Z   IM_GO_CONFIG_DIR: /home/runner/work/_temp/im-go-config
deploy	Go S1 strict TLS messaging E2E	2026-10-03T12:20:59.4830436Z ##[endgroup]
deploy	Go S1 strict TLS messaging E2E	2026-10-03T12:21:04.3381831Z PASS TLS: trusted CA/CERT_REQUIRED/hostname HTTPS+WSS; untrusted CA and certificate name mismatch rejected
deploy	Go S1 strict TLS messaging E2E	2026-10-03T12:21:12.7463452Z PASS fixtures: HTTPS register/login/search/friend unique DIRECT; WSS hello/SQL durable ACK/one Outbox/NATS recipient; retry/conflict/nonmember/deferred COMMIT rollback; no duplicates/wrong recipient
deploy	Go S1 strict TLS messaging E2E	2026-10-03T12:21:13.7111223Z PASS revocation: replacement epoch/revoked then close/stale token reject/logout then close; no runtime skips
deploy	Go S1 strict TLS messaging E2E	2026-10-03T12:21:13.7112464Z DEFERRED_BY_HUMAN: friend-add-authorization-denied only (ADR-0004); not counted PASS
deploy	Go S1 strict TLS messaging E2E	2026-10-03T12:21:14.3888170Z PASS cleanup: inspected owned Compose containers/volumes removed
deploy	Java transport smoke	﻿2026-10-03T12:21:14.4019174Z ##[group]Run ./tests/infrastructure/smoke.ps1 -Profile java
deploy	Java transport smoke	2026-10-03T12:21:14.4019663Z ^[[36;1m./tests/infrastructure/smoke.ps1 -Profile java^[[0m
deploy	Java transport smoke	2026-10-03T12:21:14.4043308Z shell: /usr/bin/pwsh -command ". '{0}'"
deploy	Java transport smoke	2026-10-03T12:21:14.4043591Z env:
deploy	Java transport smoke	2026-10-03T12:21:14.4043837Z   IM_GO_CONFIG_DIR: /home/runner/work/_temp/im-go-config
deploy	Java transport smoke	2026-10-03T12:21:14.4044151Z ##[endgroup]
deploy	Java transport smoke	2026-10-03T12:21:23.9884000Z /var/run/postgresql:5432 - accepting connections
deploy	Java transport smoke	2026-10-03T12:21:24.4767309Z PASS: java profile, PostgreSQL migration, Core NATS, HTTPS and WSS over Tls13
deploy	Post Run actions/checkout@v4	﻿2026-10-03T12:21:25.3903183Z Post job cleanup.
deploy	Post Run actions/checkout@v4	2026-10-03T12:21:25.4740919Z [command]/usr/bin/git version
deploy	Post Run actions/checkout@v4	2026-10-03T12:21:25.4787171Z git version 2.55.0
deploy	Post Run actions/checkout@v4	2026-10-03T12:21:25.4831104Z Temporarily overriding HOME='/home/runner/work/_temp/fa26235d-e66e-4f55-9615-5237388dbc50' before making global git config changes
deploy	Post Run actions/checkout@v4	2026-10-03T12:21:25.4832662Z Adding repository directory to the temporary git global config as a safe directory
deploy	Post Run actions/checkout@v4	2026-10-03T12:21:25.4837244Z [command]/usr/bin/git config --global --add safe.directory /home/runner/work/IM-platform/IM-platform
deploy	Post Run actions/checkout@v4	2026-10-03T12:21:25.4876476Z [command]/usr/bin/git config --local --name-only --get-regexp core\.sshCommand
deploy	Post Run actions/checkout@v4	2026-10-03T12:21:25.4911027Z [command]/usr/bin/git submodule foreach --recursive sh -c "git config --local --name-only --get-regexp 'core\.sshCommand' && git config --local --unset-all 'core.sshCommand' || :"
deploy	Post Run actions/checkout@v4	2026-10-03T12:21:25.5177061Z [command]/usr/bin/git config --local --name-only --get-regexp http\.https\:\/\/github\.com\/\.extraheader
deploy	Post Run actions/checkout@v4	2026-10-03T12:21:25.5208436Z http.https://github.com/.extraheader
deploy	Post Run actions/checkout@v4	2026-10-03T12:21:25.5221261Z [command]/usr/bin/git config --local --unset-all http.https://github.com/.extraheader
deploy	Post Run actions/checkout@v4	2026-10-03T12:21:25.5255848Z [command]/usr/bin/git submodule foreach --recursive sh -c "git config --local --name-only --get-regexp 'http\.https\:\/\/github\.com\/\.extraheader' && git config --local --unset-all 'http.https://github.com/.extraheader' || :"
deploy	Post Run actions/checkout@v4	2026-10-03T12:21:25.5539967Z [command]/usr/bin/git config --local --name-only --get-regexp ^includeIf\.gitdir:
deploy	Post Run actions/checkout@v4	2026-10-03T12:21:25.5578146Z [command]/usr/bin/git submodule foreach --recursive git config --local --show-origin --name-only --get-regexp remote.origin.url
deploy	Complete job	﻿2026-10-03T12:21:25.6007351Z Cleaning up orphan processes
deploy	Complete job	2026-10-03T12:21:25.6473867Z ##[warning]Node.js 20 is deprecated. The following actions target Node.js 20 but are being forced to run on Node.js 24: actions/checkout@v4. For more information see: https://github.blog/changelog/2025-09-19-deprecation-of-node-20-on-github-actions-runners/
