shared	Set up job	﻿2026-10-03T12:19:49.0590518Z Current runner version: '2.337.0'
shared	Set up job	2026-10-03T12:19:49.0618575Z ##[group]Runner Image Provisioner
shared	Set up job	2026-10-03T12:19:49.0619492Z Hosted Compute Agent
shared	Set up job	2026-10-03T12:19:49.0620717Z Version: 20260901.588
shared	Set up job	2026-10-03T12:19:49.0621439Z Commit: f88ec8081b781fac6c440065ac7ff9e710ce3d0b
shared	Set up job	2026-10-03T12:19:49.0622280Z Build Date: 2026-09-01T19:56:44Z
shared	Set up job	2026-10-03T12:19:49.0623041Z Worker ID: {4a532e9f-84fa-42ca-9268-c0e0eddae53d}
shared	Set up job	2026-10-03T12:19:49.0624223Z Azure Region: westus
shared	Set up job	2026-10-03T12:19:49.0624990Z ##[endgroup]
shared	Set up job	2026-10-03T12:19:49.0626781Z ##[group]Operating System
shared	Set up job	2026-10-03T12:19:49.0627518Z Ubuntu
shared	Set up job	2026-10-03T12:19:49.0628068Z 24.04.5
shared	Set up job	2026-10-03T12:19:49.0628600Z LTS
shared	Set up job	2026-10-03T12:19:49.0629216Z ##[endgroup]
shared	Set up job	2026-10-03T12:19:49.0629794Z ##[group]Runner Image
shared	Set up job	2026-10-03T12:19:49.0630387Z Image: ubuntu-24.04
shared	Set up job	2026-10-03T12:19:49.0631032Z Version: 20260927.320.1
shared	Set up job	2026-10-03T12:19:49.0632198Z Included Software: https://github.com/actions/runner-images/blob/ubuntu24/20260927.320/images/ubuntu/Ubuntu2404-Readme.md
shared	Set up job	2026-10-03T12:19:49.0634698Z Image Release: https://github.com/actions/runner-images/releases/tag/ubuntu24%2F20260927.320
shared	Set up job	2026-10-03T12:19:49.0635740Z ##[endgroup]
shared	Set up job	2026-10-03T12:19:49.0637002Z ##[group]GITHUB_TOKEN Permissions
shared	Set up job	2026-10-03T12:19:49.0638954Z Contents: read
shared	Set up job	2026-10-03T12:19:49.0639761Z Metadata: read
shared	Set up job	2026-10-03T12:19:49.0640323Z ##[endgroup]
shared	Set up job	2026-10-03T12:19:49.0642612Z Secret source: Actions
shared	Set up job	2026-10-03T12:19:49.0643818Z Cache mode: write
shared	Set up job	2026-10-03T12:19:49.0644622Z Prepare workflow directory
shared	Set up job	2026-10-03T12:19:49.1072662Z Prepare all required actions
shared	Set up job	2026-10-03T12:19:49.1122335Z Getting action download info
shared	Set up job	2026-10-03T12:19:49.4959144Z Download action repository 'actions/checkout@v4' (SHA:11d5960a326750d5838078e36cf38b85af677262)
shared	Set up job	2026-10-03T12:19:49.6134796Z Download action repository 'actions/setup-node@v4' (SHA:49933ea5288caeca8642d1e84afbd3f7d6820020)
shared	Set up job	2026-10-03T12:19:49.8086189Z Complete job name: shared
shared	Run actions/checkout@v4	﻿2026-10-03T12:19:49.8893887Z ##[group]Run actions/checkout@v4
shared	Run actions/checkout@v4	2026-10-03T12:19:49.8894946Z with:
shared	Run actions/checkout@v4	2026-10-03T12:19:49.8895475Z   ref: c2ff0502fdad80f463abe038a960ca1b798e6d7a
shared	Run actions/checkout@v4	2026-10-03T12:19:49.8896114Z   repository: nilesthump/IM-platform
shared	Run actions/checkout@v4	2026-10-03T12:19:49.8900111Z   token: ***
shared	Run actions/checkout@v4	2026-10-03T12:19:49.8900554Z   ssh-strict: true
shared	Run actions/checkout@v4	2026-10-03T12:19:49.8900990Z   ssh-user: git
shared	Run actions/checkout@v4	2026-10-03T12:19:49.8901439Z   persist-credentials: true
shared	Run actions/checkout@v4	2026-10-03T12:19:49.8901930Z   clean: true
shared	Run actions/checkout@v4	2026-10-03T12:19:49.8902387Z   sparse-checkout-cone-mode: true
shared	Run actions/checkout@v4	2026-10-03T12:19:49.8902916Z   fetch-depth: 1
shared	Run actions/checkout@v4	2026-10-03T12:19:49.8903549Z   fetch-tags: false
shared	Run actions/checkout@v4	2026-10-03T12:19:49.8904011Z   show-progress: true
shared	Run actions/checkout@v4	2026-10-03T12:19:49.8904460Z   lfs: false
shared	Run actions/checkout@v4	2026-10-03T12:19:49.8904873Z   submodules: false
shared	Run actions/checkout@v4	2026-10-03T12:19:49.8905335Z   set-safe-directory: true
shared	Run actions/checkout@v4	2026-10-03T12:19:49.8905842Z   allow-unsafe-pr-checkout: false
shared	Run actions/checkout@v4	2026-10-03T12:19:49.8906613Z env:
shared	Run actions/checkout@v4	2026-10-03T12:19:49.8907049Z   PYTHONDONTWRITEBYTECODE: 1
shared	Run actions/checkout@v4	2026-10-03T12:19:49.8907542Z ##[endgroup]
shared	Run actions/checkout@v4	2026-10-03T12:19:50.0004444Z Syncing repository: nilesthump/IM-platform
shared	Run actions/checkout@v4	2026-10-03T12:19:50.0006606Z ##[group]Getting Git version info
shared	Run actions/checkout@v4	2026-10-03T12:19:50.0007399Z Working directory is '/home/runner/work/IM-platform/IM-platform'
shared	Run actions/checkout@v4	2026-10-03T12:19:50.0008461Z [command]/usr/bin/git version
shared	Run actions/checkout@v4	2026-10-03T12:19:50.0104056Z git version 2.55.0
shared	Run actions/checkout@v4	2026-10-03T12:19:50.0128396Z ##[endgroup]
shared	Run actions/checkout@v4	2026-10-03T12:19:50.0147734Z Temporarily overriding HOME='/home/runner/work/_temp/21dd030e-0913-47a8-958d-b574060f082a' before making global git config changes
shared	Run actions/checkout@v4	2026-10-03T12:19:50.0150084Z Adding repository directory to the temporary git global config as a safe directory
shared	Run actions/checkout@v4	2026-10-03T12:19:50.0154535Z [command]/usr/bin/git config --global --add safe.directory /home/runner/work/IM-platform/IM-platform
shared	Run actions/checkout@v4	2026-10-03T12:19:50.0218080Z Deleting the contents of '/home/runner/work/IM-platform/IM-platform'
shared	Run actions/checkout@v4	2026-10-03T12:19:50.0239725Z ##[group]Initializing the repository
shared	Run actions/checkout@v4	2026-10-03T12:19:50.0244461Z [command]/usr/bin/git init /home/runner/work/IM-platform/IM-platform
shared	Run actions/checkout@v4	2026-10-03T12:19:50.0395730Z hint: Using 'master' as the name for the initial branch. This default branch name
shared	Run actions/checkout@v4	2026-10-03T12:19:50.0398678Z hint: will change to "main" in Git 3.0. To configure the initial branch name
shared	Run actions/checkout@v4	2026-10-03T12:19:50.0400659Z hint: to use in all of your new repositories, which will suppress this warning,
shared	Run actions/checkout@v4	2026-10-03T12:19:50.0402196Z hint: call:
shared	Run actions/checkout@v4	2026-10-03T12:19:50.0403105Z hint:
shared	Run actions/checkout@v4	2026-10-03T12:19:50.0404479Z hint: 	git config --global init.defaultBranch <name>
shared	Run actions/checkout@v4	2026-10-03T12:19:50.0405844Z hint:
shared	Run actions/checkout@v4	2026-10-03T12:19:50.0407147Z hint: Names commonly chosen instead of 'master' are 'main', 'trunk' and
shared	Run actions/checkout@v4	2026-10-03T12:19:50.0408961Z hint: 'development'. The just-created branch can be renamed via this command:
shared	Run actions/checkout@v4	2026-10-03T12:19:50.0410402Z hint:
shared	Run actions/checkout@v4	2026-10-03T12:19:50.0411346Z hint: 	git branch -m <name>
shared	Run actions/checkout@v4	2026-10-03T12:19:50.0412424Z hint:
shared	Run actions/checkout@v4	2026-10-03T12:19:50.0414008Z hint: Disable this message with "git config set advice.defaultBranchName false"
shared	Run actions/checkout@v4	2026-10-03T12:19:50.0416168Z Initialized empty Git repository in /home/runner/work/IM-platform/IM-platform/.git/
shared	Run actions/checkout@v4	2026-10-03T12:19:50.0420322Z [command]/usr/bin/git remote add origin https://github.com/nilesthump/IM-platform
shared	Run actions/checkout@v4	2026-10-03T12:19:50.0467474Z ##[endgroup]
shared	Run actions/checkout@v4	2026-10-03T12:19:50.0469256Z ##[group]Disabling automatic garbage collection
shared	Run actions/checkout@v4	2026-10-03T12:19:50.0473498Z [command]/usr/bin/git config --local gc.auto 0
shared	Run actions/checkout@v4	2026-10-03T12:19:50.0513477Z ##[endgroup]
shared	Run actions/checkout@v4	2026-10-03T12:19:50.0515306Z ##[group]Setting up auth
shared	Run actions/checkout@v4	2026-10-03T12:19:50.0522925Z [command]/usr/bin/git config --local --name-only --get-regexp core\.sshCommand
shared	Run actions/checkout@v4	2026-10-03T12:19:50.0567362Z [command]/usr/bin/git submodule foreach --recursive sh -c "git config --local --name-only --get-regexp 'core\.sshCommand' && git config --local --unset-all 'core.sshCommand' || :"
shared	Run actions/checkout@v4	2026-10-03T12:19:50.0997737Z [command]/usr/bin/git config --local --name-only --get-regexp http\.https\:\/\/github\.com\/\.extraheader
shared	Run actions/checkout@v4	2026-10-03T12:19:50.1038588Z [command]/usr/bin/git submodule foreach --recursive sh -c "git config --local --name-only --get-regexp 'http\.https\:\/\/github\.com\/\.extraheader' && git config --local --unset-all 'http.https://github.com/.extraheader' || :"
shared	Run actions/checkout@v4	2026-10-03T12:19:50.1305581Z [command]/usr/bin/git config --local --name-only --get-regexp ^includeIf\.gitdir:
shared	Run actions/checkout@v4	2026-10-03T12:19:50.1350515Z [command]/usr/bin/git submodule foreach --recursive git config --local --show-origin --name-only --get-regexp remote.origin.url
shared	Run actions/checkout@v4	2026-10-03T12:19:50.1620697Z [command]/usr/bin/git config --local http.https://github.com/.extraheader AUTHORIZATION: basic ***
shared	Run actions/checkout@v4	2026-10-03T12:19:50.1677437Z ##[endgroup]
shared	Run actions/checkout@v4	2026-10-03T12:19:50.1679479Z ##[group]Fetching the repository
shared	Run actions/checkout@v4	2026-10-03T12:19:50.1690600Z [command]/usr/bin/git -c protocol.version=2 fetch --no-tags --prune --no-recurse-submodules --depth=1 origin c2ff0502fdad80f463abe038a960ca1b798e6d7a
shared	Run actions/checkout@v4	2026-10-03T12:19:52.1148869Z From https://github.com/nilesthump/IM-platform
shared	Run actions/checkout@v4	2026-10-03T12:19:52.1150230Z  * branch            c2ff0502fdad80f463abe038a960ca1b798e6d7a -> FETCH_HEAD
shared	Run actions/checkout@v4	2026-10-03T12:19:52.1153120Z ##[endgroup]
shared	Run actions/checkout@v4	2026-10-03T12:19:52.1154583Z ##[group]Determining the checkout info
shared	Run actions/checkout@v4	2026-10-03T12:19:52.1156027Z ##[endgroup]
shared	Run actions/checkout@v4	2026-10-03T12:19:52.1162095Z [command]/usr/bin/git sparse-checkout disable
shared	Run actions/checkout@v4	2026-10-03T12:19:52.1217478Z [command]/usr/bin/git config --local --unset-all extensions.worktreeConfig
shared	Run actions/checkout@v4	2026-10-03T12:19:52.1252710Z ##[group]Checking out the ref
shared	Run actions/checkout@v4	2026-10-03T12:19:52.1257491Z [command]/usr/bin/git checkout --progress --force c2ff0502fdad80f463abe038a960ca1b798e6d7a
shared	Run actions/checkout@v4	2026-10-03T12:19:52.6570251Z Note: switching to 'c2ff0502fdad80f463abe038a960ca1b798e6d7a'.
shared	Run actions/checkout@v4	2026-10-03T12:19:52.6572903Z 
shared	Run actions/checkout@v4	2026-10-03T12:19:52.6575454Z You are in 'detached HEAD' state. You can look around, make experimental
shared	Run actions/checkout@v4	2026-10-03T12:19:52.6577515Z changes and commit them, and you can discard any commits you make in this
shared	Run actions/checkout@v4	2026-10-03T12:19:52.6579429Z state without impacting any branches by switching back to a branch.
shared	Run actions/checkout@v4	2026-10-03T12:19:52.6580561Z 
shared	Run actions/checkout@v4	2026-10-03T12:19:52.6581361Z If you want to create a new branch to retain commits you create, you may
shared	Run actions/checkout@v4	2026-10-03T12:19:52.6583188Z do so (now or later) by using -c with the switch command. Example:
shared	Run actions/checkout@v4	2026-10-03T12:19:52.6584797Z 
shared	Run actions/checkout@v4	2026-10-03T12:19:52.6585175Z   git switch -c <new-branch-name>
shared	Run actions/checkout@v4	2026-10-03T12:19:52.6585761Z 
shared	Run actions/checkout@v4	2026-10-03T12:19:52.6586118Z Or undo this operation with:
shared	Run actions/checkout@v4	2026-10-03T12:19:52.6586659Z 
shared	Run actions/checkout@v4	2026-10-03T12:19:52.6586965Z   git switch -
shared	Run actions/checkout@v4	2026-10-03T12:19:52.6587395Z 
shared	Run actions/checkout@v4	2026-10-03T12:19:52.6588085Z Turn off this advice by setting config variable advice.detachedHead to false
shared	Run actions/checkout@v4	2026-10-03T12:19:52.6589165Z 
shared	Run actions/checkout@v4	2026-10-03T12:19:52.6597792Z HEAD is now at c2ff050 Merge pull request #18 from nilesthump/task/LOOP1-SYNC-001
shared	Run actions/checkout@v4	2026-10-03T12:19:52.6602850Z ##[endgroup]
shared	Run actions/checkout@v4	2026-10-03T12:19:52.6648840Z [command]/usr/bin/git log -1 --format=%H
shared	Run actions/checkout@v4	2026-10-03T12:19:52.6676659Z c2ff0502fdad80f463abe038a960ca1b798e6d7a
shared	Run actions/setup-node@v4	﻿2026-10-03T12:19:52.7046848Z ##[group]Run actions/setup-node@v4
shared	Run actions/setup-node@v4	2026-10-03T12:19:52.7048215Z with:
shared	Run actions/setup-node@v4	2026-10-03T12:19:52.7049120Z   node-version: 22
shared	Run actions/setup-node@v4	2026-10-03T12:19:52.7050108Z   always-auth: false
shared	Run actions/setup-node@v4	2026-10-03T12:19:52.7051105Z   check-latest: false
shared	Run actions/setup-node@v4	2026-10-03T12:19:52.7062019Z   token: ***
shared	Run actions/setup-node@v4	2026-10-03T12:19:52.7063007Z env:
shared	Run actions/setup-node@v4	2026-10-03T12:19:52.7064078Z   PYTHONDONTWRITEBYTECODE: 1
shared	Run actions/setup-node@v4	2026-10-03T12:19:52.7065195Z ##[endgroup]
shared	Run actions/setup-node@v4	2026-10-03T12:19:52.8554822Z Found in cache @ /opt/hostedtoolcache/node/22.23.3/x64
shared	Run actions/setup-node@v4	2026-10-03T12:19:52.8560090Z (node:2302) [DEP0040] DeprecationWarning: The `punycode` module is deprecated. Please use a userland alternative instead.
shared	Run actions/setup-node@v4	2026-10-03T12:19:52.8564483Z (Use `node --trace-deprecation ...` to show where the warning was created)
shared	Run actions/setup-node@v4	2026-10-03T12:19:52.8568205Z ##[group]Environment details
shared	Run actions/setup-node@v4	2026-10-03T12:19:53.2485686Z node: v22.23.3
shared	Run actions/setup-node@v4	2026-10-03T12:19:53.2487057Z npm: 10.9.9
shared	Run actions/setup-node@v4	2026-10-03T12:19:53.2487497Z yarn: 1.22.22
shared	Run actions/setup-node@v4	2026-10-03T12:19:53.2488819Z ##[endgroup]
shared	Actual shared TypeScript storage compile	﻿2026-10-03T12:19:53.2710652Z ##[group]Run python3 -B tools/verify_client_sqlite.py --scope shared
shared	Actual shared TypeScript storage compile	2026-10-03T12:19:53.2711345Z ^[[36;1mpython3 -B tools/verify_client_sqlite.py --scope shared^[[0m
shared	Actual shared TypeScript storage compile	2026-10-03T12:19:53.2711856Z ^[[36;1mpython3 -B tools/verify_client_send.py --scope shared^[[0m
shared	Actual shared TypeScript storage compile	2026-10-03T12:19:53.3006610Z shell: /usr/bin/bash -e {0}
shared	Actual shared TypeScript storage compile	2026-10-03T12:19:53.3007139Z env:
shared	Actual shared TypeScript storage compile	2026-10-03T12:19:53.3007548Z   PYTHONDONTWRITEBYTECODE: 1
shared	Actual shared TypeScript storage compile	2026-10-03T12:19:53.3008024Z ##[endgroup]
shared	Actual shared TypeScript storage compile	2026-10-03T12:19:53.3453143Z + npm --prefix clients/shared/protocol-sdk ci --ignore-scripts --no-audit --no-fund
shared	Actual shared TypeScript storage compile	2026-10-03T12:19:55.8214609Z 
shared	Actual shared TypeScript storage compile	2026-10-03T12:19:55.8215255Z added 1 package in 2s
shared	Actual shared TypeScript storage compile	2026-10-03T12:19:55.8607950Z + npm --prefix clients/shared/protocol-sdk run build
shared	Actual shared TypeScript storage compile	2026-10-03T12:19:55.9545478Z 
shared	Actual shared TypeScript storage compile	2026-10-03T12:19:55.9546216Z > @im/protocol-sdk@0.1.0 build
shared	Actual shared TypeScript storage compile	2026-10-03T12:19:55.9546787Z > tsc -p tsconfig.json
shared	Actual shared TypeScript storage compile	2026-10-03T12:19:55.9547043Z 
shared	Actual shared TypeScript storage compile	2026-10-03T12:19:57.4378243Z PASS: shared TypeScript compile (behavior exercised by Desktop SQLx and Android jobs)
shared	Actual shared TypeScript storage compile	2026-10-03T12:19:57.4765097Z + npm --prefix clients/shared/protocol-sdk ci --ignore-scripts --no-audit --no-fund
shared	Actual shared TypeScript storage compile	2026-10-03T12:19:57.9627474Z 
shared	Actual shared TypeScript storage compile	2026-10-03T12:19:57.9628238Z added 1 package in 434ms
shared	Actual shared TypeScript storage compile	2026-10-03T12:19:57.9723953Z + npm --prefix clients/shared/protocol-sdk run build
shared	Actual shared TypeScript storage compile	2026-10-03T12:19:58.0672675Z 
shared	Actual shared TypeScript storage compile	2026-10-03T12:19:58.0673731Z > @im/protocol-sdk@0.1.0 build
shared	Actual shared TypeScript storage compile	2026-10-03T12:19:58.0674596Z > tsc -p tsconfig.json
shared	Actual shared TypeScript storage compile	2026-10-03T12:19:58.0674941Z 
shared	Actual shared TypeScript storage compile	2026-10-03T12:19:59.4558451Z + node tests/clients/send/shared.mjs
shared	Actual shared TypeScript storage compile	2026-10-03T12:19:59.4888835Z PASS: strict schema fields, duplicate keys, exact integer lexemes, invalid frames, escaped content
shared	HTTP, WSS, Sync and Plugin contracts	﻿2026-10-03T12:19:59.5058462Z ##[group]Run ./contracts/http/verify-auth-user-friend.ps1
shared	HTTP, WSS, Sync and Plugin contracts	2026-10-03T12:19:59.5059037Z ^[[36;1m./contracts/http/verify-auth-user-friend.ps1^[[0m
shared	HTTP, WSS, Sync and Plugin contracts	2026-10-03T12:19:59.5059491Z ^[[36;1mif ($LASTEXITCODE -ne 0) { exit $LASTEXITCODE }^[[0m
shared	HTTP, WSS, Sync and Plugin contracts	2026-10-03T12:19:59.5059929Z ^[[36;1mpython3 -B tools/verify_sync_transport.py^[[0m
shared	HTTP, WSS, Sync and Plugin contracts	2026-10-03T12:19:59.5060354Z ^[[36;1mif ($LASTEXITCODE -ne 0) { exit $LASTEXITCODE }^[[0m
shared	HTTP, WSS, Sync and Plugin contracts	2026-10-03T12:19:59.5060906Z ^[[36;1mpython3 -B -m unittest discover -s tests/contract -p test_sync_transport.py^[[0m
shared	HTTP, WSS, Sync and Plugin contracts	2026-10-03T12:19:59.5061500Z ^[[36;1mif ($LASTEXITCODE -ne 0) { exit $LASTEXITCODE }^[[0m
shared	HTTP, WSS, Sync and Plugin contracts	2026-10-03T12:19:59.5061915Z ^[[36;1mpython3 contracts/websocket/verify.py^[[0m
shared	HTTP, WSS, Sync and Plugin contracts	2026-10-03T12:19:59.5062566Z ^[[36;1mif ($LASTEXITCODE -ne 0) { exit $LASTEXITCODE }^[[0m
shared	HTTP, WSS, Sync and Plugin contracts	2026-10-03T12:19:59.5063000Z ^[[36;1mpython3 contracts/plugin-api/verify.py^[[0m
shared	HTTP, WSS, Sync and Plugin contracts	2026-10-03T12:19:59.5063608Z ^[[36;1mexit $LASTEXITCODE^[[0m
shared	HTTP, WSS, Sync and Plugin contracts	2026-10-03T12:19:59.5090788Z shell: /usr/bin/pwsh -command ". '{0}'"
shared	HTTP, WSS, Sync and Plugin contracts	2026-10-03T12:19:59.5091156Z env:
shared	HTTP, WSS, Sync and Plugin contracts	2026-10-03T12:19:59.5091461Z   PYTHONDONTWRITEBYTECODE: 1
shared	HTTP, WSS, Sync and Plugin contracts	2026-10-03T12:19:59.5091775Z ##[endgroup]
shared	HTTP, WSS, Sync and Plugin contracts	2026-10-03T12:20:15.1485448Z PASS: Auth/User/Friend contracts verified paths=9 operations=9 error_codes=15 positive=6 negative=21 profiles=go,java schema_lint=OAI-OpenAPI-3.1-2026-08-03 mutation_regressions=15.
shared	HTTP, WSS, Sync and Plugin contracts	2026-10-03T12:20:15.2369591Z PASS: canonical external refs, HTTPS/Auth/error/pagination binding and official OpenAPI 3.1 lint; no runtime acceptance claimed
shared	HTTP, WSS, Sync and Plugin contracts	2026-10-03T12:20:15.3518040Z ....
shared	HTTP, WSS, Sync and Plugin contracts	2026-10-03T12:20:15.3544091Z ----------------------------------------------------------------------
shared	HTTP, WSS, Sync and Plugin contracts	2026-10-03T12:20:15.3544669Z Ran 4 tests in 0.014s
shared	HTTP, WSS, Sync and Plugin contracts	2026-10-03T12:20:15.3544876Z 
shared	HTTP, WSS, Sync and Plugin contracts	2026-10-03T12:20:15.3544975Z OK
shared	HTTP, WSS, Sync and Plugin contracts	2026-10-03T12:20:15.4397734Z PASS WSS v1: 8 positive, 10 negative shared Go/Java scenarios; 18 schema and 26 behavior mutations rejected
shared	HTTP, WSS, Sync and Plugin contracts	2026-10-03T12:20:15.5030959Z PASS: Sync/Plugin v1 schemas, 79 distinct Go/Java outcome artifacts (22 positive, 57 negative), SP-A-001..013, 16 mutation controls
shared	Post Run actions/setup-node@v4	﻿2026-10-03T12:20:15.6928267Z Post job cleanup.
shared	Post Run actions/setup-node@v4	2026-10-03T12:20:15.8202681Z (node:2511) [DEP0040] DeprecationWarning: The `punycode` module is deprecated. Please use a userland alternative instead.
shared	Post Run actions/setup-node@v4	2026-10-03T12:20:15.8204381Z (Use `node --trace-deprecation ...` to show where the warning was created)
shared	Post Run actions/checkout@v4	﻿2026-10-03T12:20:15.8408838Z Post job cleanup.
shared	Post Run actions/checkout@v4	2026-10-03T12:20:15.9379716Z [command]/usr/bin/git version
shared	Post Run actions/checkout@v4	2026-10-03T12:20:15.9425321Z git version 2.55.0
shared	Post Run actions/checkout@v4	2026-10-03T12:20:15.9466551Z Temporarily overriding HOME='/home/runner/work/_temp/f19b1b28-5a13-425a-a5fa-b863c63cd1fb' before making global git config changes
shared	Post Run actions/checkout@v4	2026-10-03T12:20:15.9468068Z Adding repository directory to the temporary git global config as a safe directory
shared	Post Run actions/checkout@v4	2026-10-03T12:20:15.9474199Z [command]/usr/bin/git config --global --add safe.directory /home/runner/work/IM-platform/IM-platform
shared	Post Run actions/checkout@v4	2026-10-03T12:20:15.9518237Z [command]/usr/bin/git config --local --name-only --get-regexp core\.sshCommand
shared	Post Run actions/checkout@v4	2026-10-03T12:20:15.9557776Z [command]/usr/bin/git submodule foreach --recursive sh -c "git config --local --name-only --get-regexp 'core\.sshCommand' && git config --local --unset-all 'core.sshCommand' || :"
shared	Post Run actions/checkout@v4	2026-10-03T12:20:15.9840491Z [command]/usr/bin/git config --local --name-only --get-regexp http\.https\:\/\/github\.com\/\.extraheader
shared	Post Run actions/checkout@v4	2026-10-03T12:20:15.9869367Z http.https://github.com/.extraheader
shared	Post Run actions/checkout@v4	2026-10-03T12:20:15.9882632Z [command]/usr/bin/git config --local --unset-all http.https://github.com/.extraheader
shared	Post Run actions/checkout@v4	2026-10-03T12:20:15.9923743Z [command]/usr/bin/git submodule foreach --recursive sh -c "git config --local --name-only --get-regexp 'http\.https\:\/\/github\.com\/\.extraheader' && git config --local --unset-all 'http.https://github.com/.extraheader' || :"
shared	Post Run actions/checkout@v4	2026-10-03T12:20:16.0220676Z [command]/usr/bin/git config --local --name-only --get-regexp ^includeIf\.gitdir:
shared	Post Run actions/checkout@v4	2026-10-03T12:20:16.0265998Z [command]/usr/bin/git submodule foreach --recursive git config --local --show-origin --name-only --get-regexp remote.origin.url
shared	Complete job	﻿2026-10-03T12:20:16.0696656Z Cleaning up orphan processes
shared	Complete job	2026-10-03T12:20:16.1005673Z ##[warning]Node.js 20 is deprecated. The following actions target Node.js 20 but are being forced to run on Node.js 24: actions/checkout@v4, actions/setup-node@v4. For more information see: https://github.blog/changelog/2025-09-19-deprecation-of-node-20-on-github-actions-runners/
