classify	Set up job	﻿2026-10-08T04:10:32.4488379Z Current runner version: '2.337.0'
classify	Set up job	2026-10-08T04:10:32.4512010Z ##[group]Runner Image Provisioner
classify	Set up job	2026-10-08T04:10:32.4512959Z Hosted Compute Agent
classify	Set up job	2026-10-08T04:10:32.4513569Z Version: 20261002.596
classify	Set up job	2026-10-08T04:10:32.4514149Z Commit: c3d12f3313a95f25162a1503be624f3b0617f8c0
classify	Set up job	2026-10-08T04:10:32.4515154Z Build Date: 2026-10-02T22:28:27Z
classify	Set up job	2026-10-08T04:10:32.4515798Z Worker ID: {bff6c6c9-407c-45d7-a71f-b5a4a24f4384}
classify	Set up job	2026-10-08T04:10:32.4516460Z Region: westus3
classify	Set up job	2026-10-08T04:10:32.4516985Z Cloud: Azure
classify	Set up job	2026-10-08T04:10:32.4517479Z ##[endgroup]
classify	Set up job	2026-10-08T04:10:32.4519031Z ##[group]Operating System
classify	Set up job	2026-10-08T04:10:32.4519693Z Ubuntu
classify	Set up job	2026-10-08T04:10:32.4520140Z 24.04.5
classify	Set up job	2026-10-08T04:10:32.4520943Z LTS
classify	Set up job	2026-10-08T04:10:32.4521418Z ##[endgroup]
classify	Set up job	2026-10-08T04:10:32.4521917Z ##[group]Runner Image
classify	Set up job	2026-10-08T04:10:32.4522500Z Image: ubuntu-24.04
classify	Set up job	2026-10-08T04:10:32.4523008Z Version: 20261004.327.1
classify	Set up job	2026-10-08T04:10:32.4523974Z Included Software: https://github.com/actions/runner-images/blob/ubuntu24/20261004.327/images/ubuntu/Ubuntu2404-Readme.md
classify	Set up job	2026-10-08T04:10:32.4526120Z Image Release: https://github.com/actions/runner-images/releases/tag/ubuntu24%2F20261004.327
classify	Set up job	2026-10-08T04:10:32.4527053Z ##[endgroup]
classify	Set up job	2026-10-08T04:10:32.4528080Z ##[group]GITHUB_TOKEN Permissions
classify	Set up job	2026-10-08T04:10:32.4530227Z Contents: read
classify	Set up job	2026-10-08T04:10:32.4530792Z Metadata: read
classify	Set up job	2026-10-08T04:10:32.4531344Z ##[endgroup]
classify	Set up job	2026-10-08T04:10:32.4533314Z Secret source: Actions
classify	Set up job	2026-10-08T04:10:32.4534235Z Cache mode: write
classify	Set up job	2026-10-08T04:10:32.4535087Z Prepare workflow directory
classify	Set up job	2026-10-08T04:10:32.4899842Z Prepare all required actions
classify	Set up job	2026-10-08T04:10:32.4947218Z Getting action download info
classify	Set up job	2026-10-08T04:10:32.7825605Z Download action repository 'actions/checkout@v4' (SHA:11d5960a326750d5838078e36cf38b85af677262)
classify	Set up job	2026-10-08T04:10:32.9491602Z Complete job name: classify
classify	Run actions/checkout@v4	﻿2026-10-08T04:10:33.0159576Z ##[group]Run actions/checkout@v4
classify	Run actions/checkout@v4	2026-10-08T04:10:33.0160776Z with:
classify	Run actions/checkout@v4	2026-10-08T04:10:33.0161296Z   fetch-depth: 0
classify	Run actions/checkout@v4	2026-10-08T04:10:33.0161858Z   ref: 79ec62c73b6681b4a544869051722a85521b9b4e
classify	Run actions/checkout@v4	2026-10-08T04:10:33.0162730Z   repository: nilesthump/IM-platform
classify	Run actions/checkout@v4	2026-10-08T04:10:33.0166383Z   token: ***
classify	Run actions/checkout@v4	2026-10-08T04:10:33.0166877Z   ssh-strict: true
classify	Run actions/checkout@v4	2026-10-08T04:10:33.0167355Z   ssh-user: git
classify	Run actions/checkout@v4	2026-10-08T04:10:33.0167908Z   persist-credentials: true
classify	Run actions/checkout@v4	2026-10-08T04:10:33.0168433Z   clean: true
classify	Run actions/checkout@v4	2026-10-08T04:10:33.0168915Z   sparse-checkout-cone-mode: true
classify	Run actions/checkout@v4	2026-10-08T04:10:33.0169482Z   fetch-tags: false
classify	Run actions/checkout@v4	2026-10-08T04:10:33.0169966Z   show-progress: true
classify	Run actions/checkout@v4	2026-10-08T04:10:33.0170450Z   lfs: false
classify	Run actions/checkout@v4	2026-10-08T04:10:33.0170925Z   submodules: false
classify	Run actions/checkout@v4	2026-10-08T04:10:33.0171396Z   set-safe-directory: true
classify	Run actions/checkout@v4	2026-10-08T04:10:33.0171938Z   allow-unsafe-pr-checkout: false
classify	Run actions/checkout@v4	2026-10-08T04:10:33.0172822Z ##[endgroup]
classify	Run actions/checkout@v4	2026-10-08T04:10:33.1123062Z Syncing repository: nilesthump/IM-platform
classify	Run actions/checkout@v4	2026-10-08T04:10:33.1125402Z ##[group]Getting Git version info
classify	Run actions/checkout@v4	2026-10-08T04:10:33.1127017Z Working directory is '/home/runner/work/IM-platform/IM-platform'
classify	Run actions/checkout@v4	2026-10-08T04:10:33.1128807Z [command]/usr/bin/git version
classify	Run actions/checkout@v4	2026-10-08T04:10:33.1192476Z git version 2.55.0
classify	Run actions/checkout@v4	2026-10-08T04:10:33.1214970Z ##[endgroup]
classify	Run actions/checkout@v4	2026-10-08T04:10:33.1230379Z Temporarily overriding HOME='/home/runner/work/_temp/3ae2b103-9f17-41fa-8c84-a3ec0bbd5030' before making global git config changes
classify	Run actions/checkout@v4	2026-10-08T04:10:33.1232612Z Adding repository directory to the temporary git global config as a safe directory
classify	Run actions/checkout@v4	2026-10-08T04:10:33.1236635Z [command]/usr/bin/git config --global --add safe.directory /home/runner/work/IM-platform/IM-platform
classify	Run actions/checkout@v4	2026-10-08T04:10:33.1289244Z Deleting the contents of '/home/runner/work/IM-platform/IM-platform'
classify	Run actions/checkout@v4	2026-10-08T04:10:33.1294082Z ##[group]Initializing the repository
classify	Run actions/checkout@v4	2026-10-08T04:10:33.1300015Z [command]/usr/bin/git init /home/runner/work/IM-platform/IM-platform
classify	Run actions/checkout@v4	2026-10-08T04:10:33.1381716Z hint: Using 'master' as the name for the initial branch. This default branch name
classify	Run actions/checkout@v4	2026-10-08T04:10:33.1383041Z hint: will change to "main" in Git 3.0. To configure the initial branch name
classify	Run actions/checkout@v4	2026-10-08T04:10:33.1383998Z hint: to use in all of your new repositories, which will suppress this warning,
classify	Run actions/checkout@v4	2026-10-08T04:10:33.1385405Z hint: call:
classify	Run actions/checkout@v4	2026-10-08T04:10:33.1385862Z hint:
classify	Run actions/checkout@v4	2026-10-08T04:10:33.1386453Z hint: 	git config --global init.defaultBranch <name>
classify	Run actions/checkout@v4	2026-10-08T04:10:33.1387565Z hint:
classify	Run actions/checkout@v4	2026-10-08T04:10:33.1388603Z hint: Names commonly chosen instead of 'master' are 'main', 'trunk' and
classify	Run actions/checkout@v4	2026-10-08T04:10:33.1389873Z hint: 'development'. The just-created branch can be renamed via this command:
classify	Run actions/checkout@v4	2026-10-08T04:10:33.1390613Z hint:
classify	Run actions/checkout@v4	2026-10-08T04:10:33.1391221Z hint: 	git branch -m <name>
classify	Run actions/checkout@v4	2026-10-08T04:10:33.1392210Z hint:
classify	Run actions/checkout@v4	2026-10-08T04:10:33.1393322Z hint: Disable this message with "git config set advice.defaultBranchName false"
classify	Run actions/checkout@v4	2026-10-08T04:10:33.1394390Z Initialized empty Git repository in /home/runner/work/IM-platform/IM-platform/.git/
classify	Run actions/checkout@v4	2026-10-08T04:10:33.1397631Z [command]/usr/bin/git remote add origin https://github.com/nilesthump/IM-platform
classify	Run actions/checkout@v4	2026-10-08T04:10:33.1440241Z ##[endgroup]
classify	Run actions/checkout@v4	2026-10-08T04:10:33.1441337Z ##[group]Disabling automatic garbage collection
classify	Run actions/checkout@v4	2026-10-08T04:10:33.1444255Z [command]/usr/bin/git config --local gc.auto 0
classify	Run actions/checkout@v4	2026-10-08T04:10:33.1469737Z ##[endgroup]
classify	Run actions/checkout@v4	2026-10-08T04:10:33.1471029Z ##[group]Setting up auth
classify	Run actions/checkout@v4	2026-10-08T04:10:33.1477751Z [command]/usr/bin/git config --local --name-only --get-regexp core\.sshCommand
classify	Run actions/checkout@v4	2026-10-08T04:10:33.1504424Z [command]/usr/bin/git submodule foreach --recursive sh -c "git config --local --name-only --get-regexp 'core\.sshCommand' && git config --local --unset-all 'core.sshCommand' || :"
classify	Run actions/checkout@v4	2026-10-08T04:10:33.1835640Z [command]/usr/bin/git config --local --name-only --get-regexp http\.https\:\/\/github\.com\/\.extraheader
classify	Run actions/checkout@v4	2026-10-08T04:10:33.1868585Z [command]/usr/bin/git submodule foreach --recursive sh -c "git config --local --name-only --get-regexp 'http\.https\:\/\/github\.com\/\.extraheader' && git config --local --unset-all 'http.https://github.com/.extraheader' || :"
classify	Run actions/checkout@v4	2026-10-08T04:10:33.2070804Z [command]/usr/bin/git config --local --name-only --get-regexp ^includeIf\.gitdir:
classify	Run actions/checkout@v4	2026-10-08T04:10:33.2103845Z [command]/usr/bin/git submodule foreach --recursive git config --local --show-origin --name-only --get-regexp remote.origin.url
classify	Run actions/checkout@v4	2026-10-08T04:10:33.2280442Z [command]/usr/bin/git config --local http.https://github.com/.extraheader AUTHORIZATION: basic ***
classify	Run actions/checkout@v4	2026-10-08T04:10:33.2311858Z ##[endgroup]
classify	Run actions/checkout@v4	2026-10-08T04:10:33.2312601Z ##[group]Fetching the repository
classify	Run actions/checkout@v4	2026-10-08T04:10:33.2321269Z [command]/usr/bin/git -c protocol.version=2 fetch --prune --no-recurse-submodules origin +refs/heads/*:refs/remotes/origin/* +refs/tags/*:refs/tags/*
classify	Run actions/checkout@v4	2026-10-08T04:10:35.4871399Z From https://github.com/nilesthump/IM-platform
classify	Run actions/checkout@v4	2026-10-08T04:10:35.4873887Z  * [new branch]      docs/workspace-constraints-20261003 -> origin/docs/workspace-constraints-20261003
classify	Run actions/checkout@v4	2026-10-08T04:10:35.4876780Z  * [new branch]      fix/LOOP1-CI-001-s0-placeholder -> origin/fix/LOOP1-CI-001-s0-placeholder
classify	Run actions/checkout@v4	2026-10-08T04:10:35.4879544Z  * [new branch]      main                   -> origin/main
classify	Run actions/checkout@v4	2026-10-08T04:10:35.4881479Z  * [new branch]      recovery/s1-handoff-20261001 -> origin/recovery/s1-handoff-20261001
classify	Run actions/checkout@v4	2026-10-08T04:10:35.4883793Z  * [new branch]      recovery/s2-open-record-20261001 -> origin/recovery/s2-open-record-20261001
classify	Run actions/checkout@v4	2026-10-08T04:10:35.4886282Z  * [new branch]      rollback/pr7-20261001  -> origin/rollback/pr7-20261001
classify	Run actions/checkout@v4	2026-10-08T04:10:35.4888469Z  * [new branch]      task/LOOP1-ARCH-REMEDIATION -> origin/task/LOOP1-ARCH-REMEDIATION
classify	Run actions/checkout@v4	2026-10-08T04:10:35.4890427Z  * [new branch]      task/LOOP1-CI-001      -> origin/task/LOOP1-CI-001
classify	Run actions/checkout@v4	2026-10-08T04:10:35.4892829Z  * [new branch]      task/LOOP1-CLIENT-ARCH-CLARIFICATION-001 -> origin/task/LOOP1-CLIENT-ARCH-CLARIFICATION-001
classify	Run actions/checkout@v4	2026-10-08T04:10:35.4895341Z  * [new branch]      task/LOOP1-CLIENT-GUI-001-resume -> origin/task/LOOP1-CLIENT-GUI-001-resume
classify	Run actions/checkout@v4	2026-10-08T04:10:35.4896653Z  * [new branch]      task/LOOP1-CLIENT-MVP-PLAN-20261003 -> origin/task/LOOP1-CLIENT-MVP-PLAN-20261003
classify	Run actions/checkout@v4	2026-10-08T04:10:35.4898032Z  * [new branch]      task/LOOP1-CLIENT-NATIVE-ARCH-001-close -> origin/task/LOOP1-CLIENT-NATIVE-ARCH-001-close
classify	Run actions/checkout@v4	2026-10-08T04:10:35.4899497Z  * [new branch]      task/LOOP1-CLIENT-SEND-001 -> origin/task/LOOP1-CLIENT-SEND-001
classify	Run actions/checkout@v4	2026-10-08T04:10:35.4901641Z  * [new branch]      task/LOOP1-CLIENT-SQLITE-001 -> origin/task/LOOP1-CLIENT-SQLITE-001
classify	Run actions/checkout@v4	2026-10-08T04:10:35.4903185Z  * [new branch]      task/LOOP1-CLIENT-SQLITE-001-ts-kotlin -> origin/task/LOOP1-CLIENT-SQLITE-001-ts-kotlin
classify	Run actions/checkout@v4	2026-10-08T04:10:35.4904441Z  * [new branch]      task/LOOP1-CLIENT-UI-ARCH-001 -> origin/task/LOOP1-CLIENT-UI-ARCH-001
classify	Run actions/checkout@v4	2026-10-08T04:10:35.4905631Z  * [new branch]      task/LOOP1-E2E-001     -> origin/task/LOOP1-E2E-001
classify	Run actions/checkout@v4	2026-10-08T04:10:35.4906581Z  * [new branch]      task/LOOP1-GO-AUTH-001 -> origin/task/LOOP1-GO-AUTH-001
classify	Run actions/checkout@v4	2026-10-08T04:10:35.4907516Z  * [new branch]      task/LOOP1-GO-MSG-001  -> origin/task/LOOP1-GO-MSG-001
classify	Run actions/checkout@v4	2026-10-08T04:10:35.4908575Z  * [new branch]      task/LOOP1-GO-SOCIAL-001-v1.1 -> origin/task/LOOP1-GO-SOCIAL-001-v1.1
classify	Run actions/checkout@v4	2026-10-08T04:10:35.4910273Z  * [new branch]      task/LOOP1-SYNC-001    -> origin/task/LOOP1-SYNC-001
classify	Run actions/checkout@v4	2026-10-08T04:10:35.4914357Z [command]/usr/bin/git rev-parse --verify --quiet 79ec62c73b6681b4a544869051722a85521b9b4e^{object}
classify	Run actions/checkout@v4	2026-10-08T04:10:35.4916644Z 79ec62c73b6681b4a544869051722a85521b9b4e
classify	Run actions/checkout@v4	2026-10-08T04:10:35.4920286Z ##[endgroup]
classify	Run actions/checkout@v4	2026-10-08T04:10:35.4922090Z ##[group]Determining the checkout info
classify	Run actions/checkout@v4	2026-10-08T04:10:35.4924195Z ##[endgroup]
classify	Run actions/checkout@v4	2026-10-08T04:10:35.4925647Z [command]/usr/bin/git sparse-checkout disable
classify	Run actions/checkout@v4	2026-10-08T04:10:35.4969940Z [command]/usr/bin/git config --local --unset-all extensions.worktreeConfig
classify	Run actions/checkout@v4	2026-10-08T04:10:35.5030875Z ##[group]Checking out the ref
classify	Run actions/checkout@v4	2026-10-08T04:10:35.5034800Z [command]/usr/bin/git checkout --progress --force 79ec62c73b6681b4a544869051722a85521b9b4e
classify	Run actions/checkout@v4	2026-10-08T04:10:36.0970409Z Note: switching to '79ec62c73b6681b4a544869051722a85521b9b4e'.
classify	Run actions/checkout@v4	2026-10-08T04:10:36.0972884Z 
classify	Run actions/checkout@v4	2026-10-08T04:10:36.0974253Z You are in 'detached HEAD' state. You can look around, make experimental
classify	Run actions/checkout@v4	2026-10-08T04:10:36.0977745Z changes and commit them, and you can discard any commits you make in this
classify	Run actions/checkout@v4	2026-10-08T04:10:36.0981061Z state without impacting any branches by switching back to a branch.
classify	Run actions/checkout@v4	2026-10-08T04:10:36.0982965Z 
classify	Run actions/checkout@v4	2026-10-08T04:10:36.0984243Z If you want to create a new branch to retain commits you create, you may
classify	Run actions/checkout@v4	2026-10-08T04:10:36.0987354Z do so (now or later) by using -c with the switch command. Example:
classify	Run actions/checkout@v4	2026-10-08T04:10:36.0989136Z 
classify	Run actions/checkout@v4	2026-10-08T04:10:36.0989896Z   git switch -c <new-branch-name>
classify	Run actions/checkout@v4	2026-10-08T04:10:36.0991096Z 
classify	Run actions/checkout@v4	2026-10-08T04:10:36.0991796Z Or undo this operation with:
classify	Run actions/checkout@v4	2026-10-08T04:10:36.0992887Z 
classify	Run actions/checkout@v4	2026-10-08T04:10:36.0993531Z   git switch -
classify	Run actions/checkout@v4	2026-10-08T04:10:36.0994363Z 
classify	Run actions/checkout@v4	2026-10-08T04:10:36.0995977Z Turn off this advice by setting config variable advice.detachedHead to false
classify	Run actions/checkout@v4	2026-10-08T04:10:36.0998034Z 
classify	Run actions/checkout@v4	2026-10-08T04:10:36.0999673Z HEAD is now at 79ec62c Allow exact Windows Tauri Origin while preserving Gateway binding
classify	Run actions/checkout@v4	2026-10-08T04:10:36.1045732Z ##[endgroup]
classify	Run actions/checkout@v4	2026-10-08T04:10:36.1050289Z [command]/usr/bin/git log -1 --format=%H
classify	Run actions/checkout@v4	2026-10-08T04:10:36.1072463Z 79ec62c73b6681b4a544869051722a85521b9b4e
classify	Diagnose checkout status	﻿2026-10-08T04:10:36.1315146Z ##[group]Run $status = @(git -c core.excludesFile=.git/info/exclude status --porcelain=v1 --untracked-files=all 2>&1)
classify	Diagnose checkout status	2026-10-08T04:10:36.1318685Z ^[[36;1m$status = @(git -c core.excludesFile=.git/info/exclude status --porcelain=v1 --untracked-files=all 2>&1)^[[0m
classify	Diagnose checkout status	2026-10-08T04:10:36.1321143Z ^[[36;1mif ($LASTEXITCODE -ne 0) { exit $LASTEXITCODE }^[[0m
classify	Diagnose checkout status	2026-10-08T04:10:36.1322916Z ^[[36;1mWrite-Host "checkout_status_entries=$($status.Count)"^[[0m
classify	Diagnose checkout status	2026-10-08T04:10:36.1325007Z ^[[36;1mforeach ($entry in $status) { Write-Host "checkout_status=$entry" }^[[0m
classify	Diagnose checkout status	2026-10-08T04:10:36.1346442Z shell: /usr/bin/pwsh -command ". '{0}'"
classify	Diagnose checkout status	2026-10-08T04:10:36.1347789Z ##[endgroup]
classify	Diagnose checkout status	2026-10-08T04:10:37.3739139Z checkout_status_entries=0
classify	Verify clean repository recovery	﻿2026-10-08T04:10:37.4367729Z ##[group]Run ./tools/verify-loop1-ctrl-002.ps1 -Mode Acceptance
classify	Verify clean repository recovery	2026-10-08T04:10:37.4368208Z ^[[36;1m./tools/verify-loop1-ctrl-002.ps1 -Mode Acceptance^[[0m
classify	Verify clean repository recovery	2026-10-08T04:10:37.4385414Z shell: /usr/bin/pwsh -command ". '{0}'"
classify	Verify clean repository recovery	2026-10-08T04:10:37.4385724Z ##[endgroup]
classify	Verify clean repository recovery	2026-10-08T04:10:53.3070123Z PASS: generic repository recovery verified task=LOOP1-CLIENT-GUI-001 state=review mode=Acceptance queues=5 task_specs=31.
classify	Verify clean repository recovery	2026-10-08T04:10:53.3080013Z GIT: branch=HEAD status_entries=0 diff_lines=0 recent_commits=5.
classify	Test path matrix	﻿2026-10-08T04:10:53.3399850Z ##[group]Run python3 -m unittest discover -s tests/ci -v
classify	Test path matrix	2026-10-08T04:10:53.3400265Z ^[[36;1mpython3 -m unittest discover -s tests/ci -v^[[0m
classify	Test path matrix	2026-10-08T04:10:53.3436461Z shell: /usr/bin/bash -e {0}
classify	Test path matrix	2026-10-08T04:10:53.3436732Z env:
classify	Test path matrix	2026-10-08T04:10:53.3436941Z   PYTHONDONTWRITEBYTECODE: 1
classify	Test path matrix	2026-10-08T04:10:53.3437188Z ##[endgroup]
classify	Test path matrix	2026-10-08T04:10:53.4396188Z test_actual_storage_runner_and_deleted_fixture_select_actual_clients (test_classify.ClientStoragePaths.test_actual_storage_runner_and_deleted_fixture_select_actual_clients) ... ok
classify	Test path matrix	2026-10-08T04:10:53.4398069Z test_ci_changes_run_all_jobs (test_classify.PathMatrixTests.test_ci_changes_run_all_jobs) ... ok
classify	Test path matrix	2026-10-08T04:10:53.4399300Z test_client_changes_always_select_architecture (test_classify.PathMatrixTests.test_client_changes_always_select_architecture) ... ok
classify	Test path matrix	2026-10-08T04:10:53.4609030Z test_deleted_e2e_path_still_selects_live_checks (test_classify.PathMatrixTests.test_deleted_e2e_path_still_selects_live_checks) ... ok
classify	Test path matrix	2026-10-08T04:10:53.4788963Z test_deleted_send_fixture_still_runs_actual_checks (test_classify.PathMatrixTests.test_deleted_send_fixture_still_runs_actual_checks) ... ok
classify	Test path matrix	2026-10-08T04:10:53.4790345Z test_deploy_changes_run_deploy_validation (test_classify.PathMatrixTests.test_deploy_changes_run_deploy_validation) ... ok
classify	Test path matrix	2026-10-08T04:10:53.4791154Z test_e2e_paths_select_go_deploy_and_boundaries (test_classify.PathMatrixTests.test_e2e_paths_select_go_deploy_and_boundaries) ... ok
classify	Test path matrix	2026-10-08T04:10:53.5331503Z test_git_diff_includes_both_sides_of_shared_renames (test_classify.PathMatrixTests.test_git_diff_includes_both_sides_of_shared_renames) ... ok
classify	Test path matrix	2026-10-08T04:10:53.5511108Z test_git_diff_includes_deleted_shared_file (test_classify.PathMatrixTests.test_git_diff_includes_deleted_shared_file) ... ok
classify	Test path matrix	2026-10-08T04:10:53.5519712Z test_github_outputs_are_lowercase_booleans (test_classify.PathMatrixTests.test_github_outputs_are_lowercase_booleans) ... ok
classify	Test path matrix	2026-10-08T04:10:53.5523146Z test_governance_changes_cannot_skip_architecture (test_classify.PathMatrixTests.test_governance_changes_cannot_skip_architecture) ... ok
classify	Test path matrix	2026-10-08T04:10:53.5715254Z test_governance_deleted_and_renamed_paths_still_trigger (test_classify.PathMatrixTests.test_governance_deleted_and_renamed_paths_still_trigger) ... ok
classify	Test path matrix	2026-10-08T04:10:53.5717020Z test_profile_and_client_changes_are_local (test_classify.PathMatrixTests.test_profile_and_client_changes_are_local) ... ok
classify	Test path matrix	2026-10-08T04:10:53.5718438Z test_rejects_paths_outside_repo (test_classify.PathMatrixTests.test_rejects_paths_outside_repo) ... ok
classify	Test path matrix	2026-10-08T04:10:53.5720208Z test_send_verification_paths_select_actual_runtimes (test_classify.PathMatrixTests.test_send_verification_paths_select_actual_runtimes) ... ok
classify	Test path matrix	2026-10-08T04:10:53.5722030Z test_shared_changes_fan_out_to_full_compatibility (test_classify.PathMatrixTests.test_shared_changes_fan_out_to_full_compatibility) ... ok
classify	Test path matrix	2026-10-08T04:10:53.5723636Z test_union_and_deleted_paths (test_classify.PathMatrixTests.test_union_and_deleted_paths) ... ok
classify	Test path matrix	2026-10-08T04:10:53.5725509Z test_unrelated_files_do_not_schedule_product_jobs (test_classify.PathMatrixTests.test_unrelated_files_do_not_schedule_product_jobs) ... ok
classify	Test path matrix	2026-10-08T04:10:53.5727301Z test_architecture_jobs_missing_invalid_skipped_failed_cancelled (test_gate.GateTests.test_architecture_jobs_missing_invalid_skipped_failed_cancelled) ... ok
classify	Test path matrix	2026-10-08T04:10:53.5728709Z test_classifier_failure_fails_gate (test_gate.GateTests.test_classifier_failure_fails_gate) ... ok
classify	Test path matrix	2026-10-08T04:10:53.5729763Z test_selected_job_must_succeed (test_gate.GateTests.test_selected_job_must_succeed) ... ok
classify	Test path matrix	2026-10-08T04:10:53.5730886Z test_shared_subchecks_require_compatibility (test_gate.GateTests.test_shared_subchecks_require_compatibility) ... ok
classify	Test path matrix	2026-10-08T04:10:53.5732712Z test_recursive_live_go_verification_and_role_smoke_present (test_go_regression.GoRegressionTests.test_recursive_live_go_verification_and_role_smoke_present) ... ok
classify	Test path matrix	2026-10-08T04:10:53.5735030Z test_role_smoke_change_and_deletion_select_actual_jobs (test_go_regression.GoRegressionTests.test_role_smoke_change_and_deletion_select_actual_jobs) ... ok
classify	Test path matrix	2026-10-08T04:10:53.5910267Z test_websocket_upgrade_eof_terminates (test_go_regression.GoRegressionTests.test_websocket_upgrade_eof_terminates) ... ok
classify	Test path matrix	2026-10-08T04:10:53.5912230Z test_all_affected_workflow_jobs_use_boundary_checker (test_s0_boundary.S0BoundaryTests.test_all_affected_workflow_jobs_use_boundary_checker) ... ok
classify	Test path matrix	2026-10-08T04:10:53.5918938Z test_allowed_entry_name_is_only_allowed_at_profile_root (test_s0_boundary.S0BoundaryTests.test_allowed_entry_name_is_only_allowed_at_profile_root) ... ok
classify	Test path matrix	2026-10-08T04:10:53.5924020Z test_allowed_name_and_profile_root_symlink_checks_without_os_link_privilege (test_s0_boundary.S0BoundaryTests.test_allowed_name_and_profile_root_symlink_checks_without_os_link_privilege) ... ok
classify	Test path matrix	2026-10-08T04:10:53.5985127Z test_committed_skeleton_contains_no_unexpected_source (test_s0_boundary.S0BoundaryTests.test_committed_skeleton_contains_no_unexpected_source) ... ok
classify	Test path matrix	2026-10-08T04:10:53.6035533Z test_empty_markers_are_ignored_but_new_source_is_rejected (test_s0_boundary.S0BoundaryTests.test_empty_markers_are_ignored_but_new_source_is_rejected) ... ok
classify	Test path matrix	2026-10-08T04:10:53.6051135Z test_symlinks_cannot_hide_behind_allowed_names_or_profile_root (test_s0_boundary.S0BoundaryTests.test_symlinks_cannot_hide_behind_allowed_names_or_profile_root) ... ok
classify	Test path matrix	2026-10-08T04:10:53.6053687Z test_rejects_runner_context_at_deploy_job_env (test_workflow_context.WorkflowContextTests.test_rejects_runner_context_at_deploy_job_env) ... ok
classify	Test path matrix	2026-10-08T04:10:53.6056117Z test_runner_context_is_absent_from_job_env (test_workflow_context.WorkflowContextTests.test_runner_context_is_absent_from_job_env) ... ok
classify	Test path matrix	2026-10-08T04:10:53.6056948Z 
classify	Test path matrix	2026-10-08T04:10:53.6057154Z ----------------------------------------------------------------------
classify	Test path matrix	2026-10-08T04:10:53.6057488Z Ran 33 tests in 0.166s
classify	Test path matrix	2026-10-08T04:10:53.6057625Z 
classify	Test path matrix	2026-10-08T04:10:53.6057698Z OK
classify	Test path matrix	2026-10-08T04:10:53.6057861Z {
classify	Test path matrix	2026-10-08T04:10:53.6058028Z   "paths": [
classify	Test path matrix	2026-10-08T04:10:53.6058235Z     "contracts/errors/x.json"
classify	Test path matrix	2026-10-08T04:10:53.6058466Z   ],
classify	Test path matrix	2026-10-08T04:10:53.6058640Z   "jobs": {
classify	Test path matrix	2026-10-08T04:10:53.6058811Z     "go": true,
classify	Test path matrix	2026-10-08T04:10:53.6058996Z     "java": true,
classify	Test path matrix	2026-10-08T04:10:53.6059183Z     "web": true,
classify	Test path matrix	2026-10-08T04:10:53.6059369Z     "desktop": true,
classify	Test path matrix	2026-10-08T04:10:53.6059569Z     "mobile": true,
classify	Test path matrix	2026-10-08T04:10:53.6059759Z     "shared": true,
classify	Test path matrix	2026-10-08T04:10:53.6059958Z     "old_client": true,
classify	Test path matrix	2026-10-08T04:10:53.6060161Z     "plugin": true,
classify	Test path matrix	2026-10-08T04:10:53.6060349Z     "migration": true,
classify	Test path matrix	2026-10-08T04:10:53.6060563Z     "compatibility": true,
classify	Test path matrix	2026-10-08T04:10:53.6060789Z     "deploy": false,
classify	Test path matrix	2026-10-08T04:10:53.6060995Z     "architecture": true,
classify	Test path matrix	2026-10-08T04:10:53.6061207Z     "source_go": true,
classify	Test path matrix	2026-10-08T04:10:53.6061412Z     "source_java": true
classify	Test path matrix	2026-10-08T04:10:53.6061608Z   }
classify	Test path matrix	2026-10-08T04:10:53.6061772Z }
classify	Classify full diff, including deletions	﻿2026-10-08T04:10:53.6227328Z ##[group]Run base="$BASE_SHA"
classify	Classify full diff, including deletions	2026-10-08T04:10:53.6227626Z ^[[36;1mbase="$BASE_SHA"^[[0m
classify	Classify full diff, including deletions	2026-10-08T04:10:53.6227895Z ^[[36;1mif [[ -z "$base" || "$base" =~ ^0+$ ]]; then^[[0m
classify	Classify full diff, including deletions	2026-10-08T04:10:53.6228226Z ^[[36;1m  base=$(git hash-object -t tree /dev/null)^[[0m
classify	Classify full diff, including deletions	2026-10-08T04:10:53.6228500Z ^[[36;1mfi^[[0m
classify	Classify full diff, including deletions	2026-10-08T04:10:53.6228857Z ^[[36;1mpython3 ci/classify.py --base "$base" --head "$HEAD_SHA" --github-output "$GITHUB_OUTPUT"^[[0m
classify	Classify full diff, including deletions	2026-10-08T04:10:53.6265302Z shell: /usr/bin/bash --noprofile --norc -e -o pipefail {0}
classify	Classify full diff, including deletions	2026-10-08T04:10:53.6265631Z env:
classify	Classify full diff, including deletions	2026-10-08T04:10:53.6265867Z   BASE_SHA: f2f35f26089bc27d4bebe665327f36b2496ee4b8
classify	Classify full diff, including deletions	2026-10-08T04:10:53.6266181Z   HEAD_SHA: 79ec62c73b6681b4a544869051722a85521b9b4e
classify	Classify full diff, including deletions	2026-10-08T04:10:53.6266470Z   PYTHONDONTWRITEBYTECODE: 1
classify	Classify full diff, including deletions	2026-10-08T04:10:53.6266818Z ##[endgroup]
classify	Classify full diff, including deletions	2026-10-08T04:10:53.6598750Z {
classify	Classify full diff, including deletions	2026-10-08T04:10:53.6599213Z   "paths": [
classify	Classify full diff, including deletions	2026-10-08T04:10:53.6599505Z     "backend/go/gateway/gateway.go",
classify	Classify full diff, including deletions	2026-10-08T04:10:53.6599800Z     "backend/go/gateway/origin_test.go",
classify	Classify full diff, including deletions	2026-10-08T04:10:53.6600251Z     "spec/architecture/decisions/ADR-0010-windows-tauri-wss-origin.md",
classify	Classify full diff, including deletions	2026-10-08T04:10:53.6600735Z     "spec/progress/current.md",
classify	Classify full diff, including deletions	2026-10-08T04:10:53.6601392Z     "spec/progress/evidence/LOOP1-CLIENT-GUI-001/gateway-origin-fix20261008/authority-binding.json",
classify	Classify full diff, including deletions	2026-10-08T04:10:53.6602267Z     "spec/progress/evidence/LOOP1-CLIENT-GUI-001/gateway-origin-fix20261008/authority-classify.log",
classify	Classify full diff, including deletions	2026-10-08T04:10:53.6602937Z     "spec/progress/evidence/LOOP1-CLIENT-GUI-001/gateway-origin-fix20261008/authority-hosted-addendum.md",
classify	Classify full diff, including deletions	2026-10-08T04:10:53.6603598Z     "spec/progress/evidence/LOOP1-CLIENT-GUI-001/gateway-origin-fix20261008/authority-hosted-ci.json",
classify	Classify full diff, including deletions	2026-10-08T04:10:53.6604219Z     "spec/progress/evidence/LOOP1-CLIENT-GUI-001/gateway-origin-fix20261008/authority-report.md",
classify	Classify full diff, including deletions	2026-10-08T04:10:53.6605097Z     "spec/progress/evidence/LOOP1-CLIENT-GUI-001/gateway-origin-fix20261008/clean-acceptance-result.json",
classify	Classify full diff, including deletions	2026-10-08T04:10:53.6605727Z     "spec/progress/evidence/LOOP1-CLIENT-GUI-001/gateway-origin-fix20261008/fix-report.md",
classify	Classify full diff, including deletions	2026-10-08T04:10:53.6606308Z     "spec/progress/evidence/LOOP1-CLIENT-GUI-001/gateway-origin-fix20261008/go-0.stderr.txt",
classify	Classify full diff, including deletions	2026-10-08T04:10:53.6606881Z     "spec/progress/evidence/LOOP1-CLIENT-GUI-001/gateway-origin-fix20261008/go-0.stdout.txt",
classify	Classify full diff, including deletions	2026-10-08T04:10:53.6607446Z     "spec/progress/evidence/LOOP1-CLIENT-GUI-001/gateway-origin-fix20261008/go-1.stderr.txt",
classify	Classify full diff, including deletions	2026-10-08T04:10:53.6608004Z     "spec/progress/evidence/LOOP1-CLIENT-GUI-001/gateway-origin-fix20261008/go-1.stdout.txt",
classify	Classify full diff, including deletions	2026-10-08T04:10:53.6608566Z     "spec/progress/evidence/LOOP1-CLIENT-GUI-001/gateway-origin-fix20261008/go-results.json",
classify	Classify full diff, including deletions	2026-10-08T04:10:53.6609016Z     "spec/tasks/review/LOOP1-CLIENT-GUI-001.md"
classify	Classify full diff, including deletions	2026-10-08T04:10:53.6609312Z   ],
classify	Classify full diff, including deletions	2026-10-08T04:10:53.6609481Z   "jobs": {
classify	Classify full diff, including deletions	2026-10-08T04:10:53.6609656Z     "go": true,
classify	Classify full diff, including deletions	2026-10-08T04:10:53.6609836Z     "java": false,
classify	Classify full diff, including deletions	2026-10-08T04:10:53.6610026Z     "web": false,
classify	Classify full diff, including deletions	2026-10-08T04:10:53.6610212Z     "desktop": false,
classify	Classify full diff, including deletions	2026-10-08T04:10:53.6610411Z     "mobile": false,
classify	Classify full diff, including deletions	2026-10-08T04:10:53.6610604Z     "shared": false,
classify	Classify full diff, including deletions	2026-10-08T04:10:53.6610808Z     "old_client": false,
classify	Classify full diff, including deletions	2026-10-08T04:10:53.6611018Z     "plugin": false,
classify	Classify full diff, including deletions	2026-10-08T04:10:53.6611215Z     "migration": false,
classify	Classify full diff, including deletions	2026-10-08T04:10:53.6611436Z     "compatibility": false,
classify	Classify full diff, including deletions	2026-10-08T04:10:53.6611660Z     "deploy": false,
classify	Classify full diff, including deletions	2026-10-08T04:10:53.6611859Z     "architecture": true,
classify	Classify full diff, including deletions	2026-10-08T04:10:53.6612072Z     "source_go": true,
classify	Classify full diff, including deletions	2026-10-08T04:10:53.6612279Z     "source_java": true
classify	Classify full diff, including deletions	2026-10-08T04:10:53.6612474Z   }
classify	Classify full diff, including deletions	2026-10-08T04:10:53.6612645Z }
classify	Post Run actions/checkout@v4	﻿2026-10-08T04:10:53.6769255Z Post job cleanup.
classify	Post Run actions/checkout@v4	2026-10-08T04:10:53.7606508Z [command]/usr/bin/git version
classify	Post Run actions/checkout@v4	2026-10-08T04:10:53.7626998Z git version 2.55.0
classify	Post Run actions/checkout@v4	2026-10-08T04:10:53.7669142Z Temporarily overriding HOME='/home/runner/work/_temp/5ef79365-241e-42bd-bc64-c78eb6c4f8f8' before making global git config changes
classify	Post Run actions/checkout@v4	2026-10-08T04:10:53.7670685Z Adding repository directory to the temporary git global config as a safe directory
classify	Post Run actions/checkout@v4	2026-10-08T04:10:53.7673795Z [command]/usr/bin/git config --global --add safe.directory /home/runner/work/IM-platform/IM-platform
classify	Post Run actions/checkout@v4	2026-10-08T04:10:53.7711111Z [command]/usr/bin/git config --local --name-only --get-regexp core\.sshCommand
classify	Post Run actions/checkout@v4	2026-10-08T04:10:53.7740717Z [command]/usr/bin/git submodule foreach --recursive sh -c "git config --local --name-only --get-regexp 'core\.sshCommand' && git config --local --unset-all 'core.sshCommand' || :"
classify	Post Run actions/checkout@v4	2026-10-08T04:10:53.7956517Z [command]/usr/bin/git config --local --name-only --get-regexp http\.https\:\/\/github\.com\/\.extraheader
classify	Post Run actions/checkout@v4	2026-10-08T04:10:53.7978039Z http.https://github.com/.extraheader
classify	Post Run actions/checkout@v4	2026-10-08T04:10:53.7989095Z [command]/usr/bin/git config --local --unset-all http.https://github.com/.extraheader
classify	Post Run actions/checkout@v4	2026-10-08T04:10:53.8019912Z [command]/usr/bin/git submodule foreach --recursive sh -c "git config --local --name-only --get-regexp 'http\.https\:\/\/github\.com\/\.extraheader' && git config --local --unset-all 'http.https://github.com/.extraheader' || :"
classify	Post Run actions/checkout@v4	2026-10-08T04:10:53.8223833Z [command]/usr/bin/git config --local --name-only --get-regexp ^includeIf\.gitdir:
classify	Post Run actions/checkout@v4	2026-10-08T04:10:53.8257704Z [command]/usr/bin/git submodule foreach --recursive git config --local --show-origin --name-only --get-regexp remote.origin.url
classify	Complete job	﻿2026-10-08T04:10:53.8727500Z Evaluate and set job outputs
classify	Complete job	2026-10-08T04:10:53.8737998Z Set output 'go'
classify	Complete job	2026-10-08T04:10:53.8740187Z Set output 'java'
classify	Complete job	2026-10-08T04:10:53.8740792Z Set output 'web'
classify	Complete job	2026-10-08T04:10:53.8741077Z Set output 'desktop'
classify	Complete job	2026-10-08T04:10:53.8741371Z Set output 'mobile'
classify	Complete job	2026-10-08T04:10:53.8741649Z Set output 'shared'
classify	Complete job	2026-10-08T04:10:53.8742033Z Set output 'old_client'
classify	Complete job	2026-10-08T04:10:53.8742365Z Set output 'plugin'
classify	Complete job	2026-10-08T04:10:53.8742639Z Set output 'migration'
classify	Complete job	2026-10-08T04:10:53.8742940Z Set output 'compatibility'
classify	Complete job	2026-10-08T04:10:53.8743236Z Set output 'deploy'
classify	Complete job	2026-10-08T04:10:53.8743508Z Set output 'architecture'
classify	Complete job	2026-10-08T04:10:53.8743790Z Set output 'source_go'
classify	Complete job	2026-10-08T04:10:53.8744072Z Set output 'source_java'
classify	Complete job	2026-10-08T04:10:53.8744960Z Cleaning up orphan processes
classify	Complete job	2026-10-08T04:10:53.8966407Z ##[warning]Node.js 20 is deprecated. The following actions target Node.js 20 but are being forced to run on Node.js 24: actions/checkout@v4. For more information see: https://github.blog/changelog/2025-09-19-deprecation-of-node-20-on-github-actions-runners/
