deploy	Set up job	﻿2026-10-03T13:42:21.2047643Z Current runner version: '2.337.0'
deploy	Set up job	2026-10-03T13:42:21.2084598Z ##[group]Runner Image Provisioner
deploy	Set up job	2026-10-03T13:42:21.2085997Z Hosted Compute Agent
deploy	Set up job	2026-10-03T13:42:21.2086995Z Version: 20260901.588
deploy	Set up job	2026-10-03T13:42:21.2088019Z Commit: f88ec8081b781fac6c440065ac7ff9e710ce3d0b
deploy	Set up job	2026-10-03T13:42:21.2089289Z Build Date: 2026-09-01T19:56:44Z
deploy	Set up job	2026-10-03T13:42:21.2090422Z Worker ID: {828e7792-b304-4d77-8a76-46c0d6a8e997}
deploy	Set up job	2026-10-03T13:42:21.2091768Z Azure Region: eastus
deploy	Set up job	2026-10-03T13:42:21.2092724Z ##[endgroup]
deploy	Set up job	2026-10-03T13:42:21.2095415Z ##[group]Operating System
deploy	Set up job	2026-10-03T13:42:21.2096598Z Ubuntu
deploy	Set up job	2026-10-03T13:42:21.2097457Z 24.04.5
deploy	Set up job	2026-10-03T13:42:21.2098378Z LTS
deploy	Set up job	2026-10-03T13:42:21.2099181Z ##[endgroup]
deploy	Set up job	2026-10-03T13:42:21.2100072Z ##[group]Runner Image
deploy	Set up job	2026-10-03T13:42:21.2101155Z Image: ubuntu-24.04
deploy	Set up job	2026-10-03T13:42:21.2102080Z Version: 20260927.320.1
deploy	Set up job	2026-10-03T13:42:21.2104296Z Included Software: https://github.com/actions/runner-images/blob/ubuntu24/20260927.320/images/ubuntu/Ubuntu2404-Readme.md
deploy	Set up job	2026-10-03T13:42:21.2107167Z Image Release: https://github.com/actions/runner-images/releases/tag/ubuntu24%2F20260927.320
deploy	Set up job	2026-10-03T13:42:21.2108971Z ##[endgroup]
deploy	Set up job	2026-10-03T13:42:21.2110825Z ##[group]GITHUB_TOKEN Permissions
deploy	Set up job	2026-10-03T13:42:21.2113696Z Contents: read
deploy	Set up job	2026-10-03T13:42:21.2114893Z Metadata: read
deploy	Set up job	2026-10-03T13:42:21.2115884Z ##[endgroup]
deploy	Set up job	2026-10-03T13:42:21.2118740Z Secret source: Actions
deploy	Set up job	2026-10-03T13:42:21.2120399Z Cache mode: write
deploy	Set up job	2026-10-03T13:42:21.2121437Z Prepare workflow directory
deploy	Set up job	2026-10-03T13:42:21.2583150Z Prepare all required actions
deploy	Set up job	2026-10-03T13:42:21.2653360Z Getting action download info
deploy	Set up job	2026-10-03T13:42:21.4729128Z Download action repository 'actions/checkout@v4' (SHA:11d5960a326750d5838078e36cf38b85af677262)
deploy	Set up job	2026-10-03T13:42:21.7123418Z Complete job name: deploy
deploy	Run actions/checkout@v4	﻿2026-10-03T13:42:21.7901572Z ##[group]Run actions/checkout@v4
deploy	Run actions/checkout@v4	2026-10-03T13:42:21.7902560Z with:
deploy	Run actions/checkout@v4	2026-10-03T13:42:21.7903042Z   repository: nilesthump/IM-platform
deploy	Run actions/checkout@v4	2026-10-03T13:42:21.7907135Z   token: ***
deploy	Run actions/checkout@v4	2026-10-03T13:42:21.7907594Z   ssh-strict: true
deploy	Run actions/checkout@v4	2026-10-03T13:42:21.7908024Z   ssh-user: git
deploy	Run actions/checkout@v4	2026-10-03T13:42:21.7908471Z   persist-credentials: true
deploy	Run actions/checkout@v4	2026-10-03T13:42:21.7908966Z   clean: true
deploy	Run actions/checkout@v4	2026-10-03T13:42:21.7909416Z   sparse-checkout-cone-mode: true
deploy	Run actions/checkout@v4	2026-10-03T13:42:21.7909937Z   fetch-depth: 1
deploy	Run actions/checkout@v4	2026-10-03T13:42:21.7910358Z   fetch-tags: false
deploy	Run actions/checkout@v4	2026-10-03T13:42:21.7910795Z   show-progress: true
deploy	Run actions/checkout@v4	2026-10-03T13:42:21.7911230Z   lfs: false
deploy	Run actions/checkout@v4	2026-10-03T13:42:21.7911655Z   submodules: false
deploy	Run actions/checkout@v4	2026-10-03T13:42:21.7912095Z   set-safe-directory: true
deploy	Run actions/checkout@v4	2026-10-03T13:42:21.7912595Z   allow-unsafe-pr-checkout: false
deploy	Run actions/checkout@v4	2026-10-03T13:42:21.7913382Z ##[endgroup]
deploy	Run actions/checkout@v4	2026-10-03T13:42:21.8905867Z Syncing repository: nilesthump/IM-platform
deploy	Run actions/checkout@v4	2026-10-03T13:42:21.8908054Z ##[group]Getting Git version info
deploy	Run actions/checkout@v4	2026-10-03T13:42:21.8909064Z Working directory is '/home/runner/work/IM-platform/IM-platform'
deploy	Run actions/checkout@v4	2026-10-03T13:42:21.8910438Z [command]/usr/bin/git version
deploy	Run actions/checkout@v4	2026-10-03T13:42:21.9006847Z git version 2.55.0
deploy	Run actions/checkout@v4	2026-10-03T13:42:21.9030373Z ##[endgroup]
deploy	Run actions/checkout@v4	2026-10-03T13:42:21.9046375Z Temporarily overriding HOME='/home/runner/work/_temp/b37353f7-b364-4805-b9b8-e1890ed12ef7' before making global git config changes
deploy	Run actions/checkout@v4	2026-10-03T13:42:21.9048852Z Adding repository directory to the temporary git global config as a safe directory
deploy	Run actions/checkout@v4	2026-10-03T13:42:21.9051944Z [command]/usr/bin/git config --global --add safe.directory /home/runner/work/IM-platform/IM-platform
deploy	Run actions/checkout@v4	2026-10-03T13:42:21.9103423Z Deleting the contents of '/home/runner/work/IM-platform/IM-platform'
deploy	Run actions/checkout@v4	2026-10-03T13:42:21.9113071Z ##[group]Initializing the repository
deploy	Run actions/checkout@v4	2026-10-03T13:42:21.9131384Z [command]/usr/bin/git init /home/runner/work/IM-platform/IM-platform
deploy	Run actions/checkout@v4	2026-10-03T13:42:21.9219193Z hint: Using 'master' as the name for the initial branch. This default branch name
deploy	Run actions/checkout@v4	2026-10-03T13:42:21.9220647Z hint: will change to "main" in Git 3.0. To configure the initial branch name
deploy	Run actions/checkout@v4	2026-10-03T13:42:21.9221645Z hint: to use in all of your new repositories, which will suppress this warning,
deploy	Run actions/checkout@v4	2026-10-03T13:42:21.9222399Z hint: call:
deploy	Run actions/checkout@v4	2026-10-03T13:42:21.9223064Z hint:
deploy	Run actions/checkout@v4	2026-10-03T13:42:21.9223588Z hint: 	git config --global init.defaultBranch <name>
deploy	Run actions/checkout@v4	2026-10-03T13:42:21.9224799Z hint:
deploy	Run actions/checkout@v4	2026-10-03T13:42:21.9225835Z hint: Names commonly chosen instead of 'master' are 'main', 'trunk' and
deploy	Run actions/checkout@v4	2026-10-03T13:42:21.9227473Z hint: 'development'. The just-created branch can be renamed via this command:
deploy	Run actions/checkout@v4	2026-10-03T13:42:21.9228808Z hint:
deploy	Run actions/checkout@v4	2026-10-03T13:42:21.9229542Z hint: 	git branch -m <name>
deploy	Run actions/checkout@v4	2026-10-03T13:42:21.9230320Z hint:
deploy	Run actions/checkout@v4	2026-10-03T13:42:21.9231351Z hint: Disable this message with "git config set advice.defaultBranchName false"
deploy	Run actions/checkout@v4	2026-10-03T13:42:21.9233173Z Initialized empty Git repository in /home/runner/work/IM-platform/IM-platform/.git/
deploy	Run actions/checkout@v4	2026-10-03T13:42:21.9239938Z [command]/usr/bin/git remote add origin https://github.com/nilesthump/IM-platform
deploy	Run actions/checkout@v4	2026-10-03T13:42:21.9295370Z ##[endgroup]
deploy	Run actions/checkout@v4	2026-10-03T13:42:21.9297022Z ##[group]Disabling automatic garbage collection
deploy	Run actions/checkout@v4	2026-10-03T13:42:21.9298704Z [command]/usr/bin/git config --local gc.auto 0
deploy	Run actions/checkout@v4	2026-10-03T13:42:21.9330538Z ##[endgroup]
deploy	Run actions/checkout@v4	2026-10-03T13:42:21.9331860Z ##[group]Setting up auth
deploy	Run actions/checkout@v4	2026-10-03T13:42:21.9335790Z [command]/usr/bin/git config --local --name-only --get-regexp core\.sshCommand
deploy	Run actions/checkout@v4	2026-10-03T13:42:21.9370562Z [command]/usr/bin/git submodule foreach --recursive sh -c "git config --local --name-only --get-regexp 'core\.sshCommand' && git config --local --unset-all 'core.sshCommand' || :"
deploy	Run actions/checkout@v4	2026-10-03T13:42:21.9746121Z [command]/usr/bin/git config --local --name-only --get-regexp http\.https\:\/\/github\.com\/\.extraheader
deploy	Run actions/checkout@v4	2026-10-03T13:42:21.9787207Z [command]/usr/bin/git submodule foreach --recursive sh -c "git config --local --name-only --get-regexp 'http\.https\:\/\/github\.com\/\.extraheader' && git config --local --unset-all 'http.https://github.com/.extraheader' || :"
deploy	Run actions/checkout@v4	2026-10-03T13:42:22.0021620Z [command]/usr/bin/git config --local --name-only --get-regexp ^includeIf\.gitdir:
deploy	Run actions/checkout@v4	2026-10-03T13:42:22.0057463Z [command]/usr/bin/git submodule foreach --recursive git config --local --show-origin --name-only --get-regexp remote.origin.url
deploy	Run actions/checkout@v4	2026-10-03T13:42:22.0280326Z [command]/usr/bin/git config --local http.https://github.com/.extraheader AUTHORIZATION: basic ***
deploy	Run actions/checkout@v4	2026-10-03T13:42:22.0320685Z ##[endgroup]
deploy	Run actions/checkout@v4	2026-10-03T13:42:22.0321507Z ##[group]Fetching the repository
deploy	Run actions/checkout@v4	2026-10-03T13:42:22.0330878Z [command]/usr/bin/git -c protocol.version=2 fetch --no-tags --prune --no-recurse-submodules --depth=1 origin +2b122413c4a16c0012a3610acaa39992b020e60d:refs/remotes/pull/20/merge
deploy	Run actions/checkout@v4	2026-10-03T13:42:23.6188389Z From https://github.com/nilesthump/IM-platform
deploy	Run actions/checkout@v4	2026-10-03T13:42:23.6190987Z  * [new ref]         2b122413c4a16c0012a3610acaa39992b020e60d -> pull/20/merge
deploy	Run actions/checkout@v4	2026-10-03T13:42:23.6202171Z ##[endgroup]
deploy	Run actions/checkout@v4	2026-10-03T13:42:23.6212482Z ##[group]Determining the checkout info
deploy	Run actions/checkout@v4	2026-10-03T13:42:23.6214223Z ##[endgroup]
deploy	Run actions/checkout@v4	2026-10-03T13:42:23.6215213Z [command]/usr/bin/git sparse-checkout disable
deploy	Run actions/checkout@v4	2026-10-03T13:42:23.6259188Z [command]/usr/bin/git config --local --unset-all extensions.worktreeConfig
deploy	Run actions/checkout@v4	2026-10-03T13:42:23.6293772Z ##[group]Checking out the ref
deploy	Run actions/checkout@v4	2026-10-03T13:42:23.6299484Z [command]/usr/bin/git checkout --progress --force refs/remotes/pull/20/merge
deploy	Run actions/checkout@v4	2026-10-03T13:42:24.1789343Z Note: switching to 'refs/remotes/pull/20/merge'.
deploy	Run actions/checkout@v4	2026-10-03T13:42:24.1790672Z 
deploy	Run actions/checkout@v4	2026-10-03T13:42:24.1791019Z You are in 'detached HEAD' state. You can look around, make experimental
deploy	Run actions/checkout@v4	2026-10-03T13:42:24.1791809Z changes and commit them, and you can discard any commits you make in this
deploy	Run actions/checkout@v4	2026-10-03T13:42:24.1792577Z state without impacting any branches by switching back to a branch.
deploy	Run actions/checkout@v4	2026-10-03T13:42:24.1793032Z 
deploy	Run actions/checkout@v4	2026-10-03T13:42:24.1793355Z If you want to create a new branch to retain commits you create, you may
deploy	Run actions/checkout@v4	2026-10-03T13:42:24.1794277Z do so (now or later) by using -c with the switch command. Example:
deploy	Run actions/checkout@v4	2026-10-03T13:42:24.1794706Z 
deploy	Run actions/checkout@v4	2026-10-03T13:42:24.1794885Z   git switch -c <new-branch-name>
deploy	Run actions/checkout@v4	2026-10-03T13:42:24.1795291Z 
deploy	Run actions/checkout@v4	2026-10-03T13:42:24.1795477Z Or undo this operation with:
deploy	Run actions/checkout@v4	2026-10-03T13:42:24.1795730Z 
deploy	Run actions/checkout@v4	2026-10-03T13:42:24.1795940Z   git switch -
deploy	Run actions/checkout@v4	2026-10-03T13:42:24.1796412Z 
deploy	Run actions/checkout@v4	2026-10-03T13:42:24.1796790Z Turn off this advice by setting config variable advice.detachedHead to false
deploy	Run actions/checkout@v4	2026-10-03T13:42:24.1797272Z 
deploy	Run actions/checkout@v4	2026-10-03T13:42:24.1797802Z HEAD is now at 2b12241 Merge a78f7f96227e25980c5a51255e92a2e6a34a1bf0 into 4d5fe1235e4f01111d78cc67b2880b52cac072f2
deploy	Run actions/checkout@v4	2026-10-03T13:42:24.1826343Z ##[endgroup]
deploy	Run actions/checkout@v4	2026-10-03T13:42:24.1875168Z [command]/usr/bin/git log -1 --format=%H
deploy	Run actions/checkout@v4	2026-10-03T13:42:24.1903207Z 2b122413c4a16c0012a3610acaa39992b020e60d
deploy	Prepare disposable Go profile configuration	﻿2026-10-03T13:42:24.2152193Z ##[group]Run New-Item -ItemType Directory -Path $env:IM_GO_CONFIG_DIR -Force | Out-Null
deploy	Prepare disposable Go profile configuration	2026-10-03T13:42:24.2152991Z ^[[36;1mNew-Item -ItemType Directory -Path $env:IM_GO_CONFIG_DIR -Force | Out-Null^[[0m
deploy	Prepare disposable Go profile configuration	2026-10-03T13:42:24.2153642Z ^[[36;1mAdd-Content -Path $env:GITHUB_ENV -Value "IM_GO_CONFIG_DIR=$env:IM_GO_CONFIG_DIR"^[[0m
deploy	Prepare disposable Go profile configuration	2026-10-03T13:42:24.2154709Z ^[[36;1mCopy-Item backend/go/config.example.json (Join-Path $env:IM_GO_CONFIG_DIR 'config.json')^[[0m
deploy	Prepare disposable Go profile configuration	2026-10-03T13:42:24.2155467Z ^[[36;1m[System.IO.File]::WriteAllText((Join-Path $env:IM_GO_CONFIG_DIR 'pg_password'), 'local-development-only')^[[0m
deploy	Prepare disposable Go profile configuration	2026-10-03T13:42:24.2156278Z ^[[36;1m$key = [Convert]::ToBase64String([System.Security.Cryptography.RandomNumberGenerator]::GetBytes(48))^[[0m
deploy	Prepare disposable Go profile configuration	2026-10-03T13:42:24.2156988Z ^[[36;1m[System.IO.File]::WriteAllText((Join-Path $env:IM_GO_CONFIG_DIR 'jwt_key'), $key)^[[0m
deploy	Prepare disposable Go profile configuration	2026-10-03T13:42:24.2186862Z shell: /usr/bin/pwsh -command ". '{0}'"
deploy	Prepare disposable Go profile configuration	2026-10-03T13:42:24.2187256Z env:
deploy	Prepare disposable Go profile configuration	2026-10-03T13:42:24.2187559Z   IM_GO_CONFIG_DIR: /home/runner/work/_temp/im-go-config
deploy	Prepare disposable Go profile configuration	2026-10-03T13:42:24.2187968Z ##[endgroup]
deploy	Validate both Compose profiles	﻿2026-10-03T13:42:28.7740034Z ##[group]Run docker compose -f deploy/compose.yaml --profile go config --quiet
deploy	Validate both Compose profiles	2026-10-03T13:42:28.7740720Z ^[[36;1mdocker compose -f deploy/compose.yaml --profile go config --quiet^[[0m
deploy	Validate both Compose profiles	2026-10-03T13:42:28.7741242Z ^[[36;1mdocker compose -f deploy/compose.yaml --profile java config --quiet^[[0m
deploy	Validate both Compose profiles	2026-10-03T13:42:28.7807051Z shell: /usr/bin/bash -e {0}
deploy	Validate both Compose profiles	2026-10-03T13:42:28.7807320Z env:
deploy	Validate both Compose profiles	2026-10-03T13:42:28.7807584Z   IM_GO_CONFIG_DIR: /home/runner/work/_temp/im-go-config
deploy	Validate both Compose profiles	2026-10-03T13:42:28.7807919Z ##[endgroup]
deploy	Frozen architecture integrity	﻿2026-10-03T13:42:29.4225264Z ##[group]Run ./tools/verify-frozen-architecture.ps1
deploy	Frozen architecture integrity	2026-10-03T13:42:29.4225722Z ^[[36;1m./tools/verify-frozen-architecture.ps1^[[0m
deploy	Frozen architecture integrity	2026-10-03T13:42:29.4250137Z shell: /usr/bin/pwsh -command ". '{0}'"
deploy	Frozen architecture integrity	2026-10-03T13:42:29.4250449Z env:
deploy	Frozen architecture integrity	2026-10-03T13:42:29.4250704Z   IM_GO_CONFIG_DIR: /home/runner/work/_temp/im-go-config
deploy	Frozen architecture integrity	2026-10-03T13:42:29.4251030Z ##[endgroup]
deploy	Frozen architecture integrity	2026-10-03T13:42:30.2548403Z PASS: v1.1 current SHA/PDF provenance/ADR and section-bound semantic structure; historical migration semantic_change=false; current revision semantic_change=true
deploy	Frozen architecture integrity	2026-10-03T13:42:30.4020100Z test_android_complete_literal_plugin_notations_remain_approved (test_client_technology.ClientTechnologyControls.test_android_complete_literal_plugin_notations_remain_approved) ... ok
deploy	Frozen architecture integrity	2026-10-03T13:42:30.4270658Z test_android_compose_gradle_source_and_tooling (test_client_technology.ClientTechnologyControls.test_android_compose_gradle_source_and_tooling) ... ok
deploy	Frozen architecture integrity	2026-10-03T13:42:30.4396456Z test_android_literal_and_direct_catalog_plugins_remain_approved (test_client_technology.ClientTechnologyControls.test_android_literal_and_direct_catalog_plugins_remain_approved) ... ok
deploy	Frozen architecture integrity	2026-10-03T13:42:30.4914304Z test_android_negative_real_gradle_catalog_import_build_workflow_controls (test_client_technology.ClientTechnologyControls.test_android_negative_real_gradle_catalog_import_build_workflow_controls) ... ok
deploy	Frozen architecture integrity	2026-10-03T13:42:30.5012610Z test_android_plugin_block_shortcuts_and_generic_apply_fail_closed (test_client_technology.ClientTechnologyControls.test_android_plugin_block_shortcuts_and_generic_apply_fail_closed) ... ok
deploy	Frozen architecture integrity	2026-10-03T13:42:30.5111577Z test_android_plugin_declarations_fail_closed (test_client_technology.ClientTechnologyControls.test_android_plugin_declarations_fail_closed) ... ok
deploy	Frozen architecture integrity	2026-10-03T13:42:30.5383298Z test_android_plugin_selectors_require_complete_literal_arguments (test_client_technology.ClientTechnologyControls.test_android_plugin_selectors_require_complete_literal_arguments) ... ok
deploy	Frozen architecture integrity	2026-10-03T13:42:30.5528055Z test_android_quoted_dispatch_text_remains_data (test_client_technology.ClientTechnologyControls.test_android_quoted_dispatch_text_remains_data) ... ok
deploy	Frozen architecture integrity	2026-10-03T13:42:30.5686043Z test_android_quoted_member_dispatch_fails_closed (test_client_technology.ClientTechnologyControls.test_android_quoted_member_dispatch_fails_closed) ... ok
deploy	Frozen architecture integrity	2026-10-03T13:42:30.5829619Z test_android_supported_apply_and_quoted_contexts_remain_approved (test_client_technology.ClientTechnologyControls.test_android_supported_apply_and_quoted_contexts_remain_approved) ... ok
deploy	Frozen architecture integrity	2026-10-03T13:42:30.5988660Z test_android_unsupported_plugin_applications_fail_closed (test_client_technology.ClientTechnologyControls.test_android_unsupported_plugin_applications_fail_closed) ... ok
deploy	Frozen architecture integrity	2026-10-03T13:42:30.6060644Z test_approved_ts_native_config_assets (test_client_technology.ClientTechnologyControls.test_approved_ts_native_config_assets) ... ok
deploy	Frozen architecture integrity	2026-10-03T13:42:30.6076233Z test_authority_missing_or_mutated_is_failure (test_client_technology.ClientTechnologyControls.test_authority_missing_or_mutated_is_failure) ... ok
deploy	Frozen architecture integrity	2026-10-03T13:42:30.6772300Z test_current_active_clients (test_client_technology.ClientTechnologyControls.test_current_active_clients) ... ok
deploy	Frozen architecture integrity	2026-10-03T13:42:30.6967970Z test_forbidden_source_and_config_controls (test_client_technology.ClientTechnologyControls.test_forbidden_source_and_config_controls) ... ok
deploy	Frozen architecture integrity	2026-10-03T13:42:30.6993693Z test_history_is_not_active_client_implementation (test_client_technology.ClientTechnologyControls.test_history_is_not_active_client_implementation) ... ok
deploy	Frozen architecture integrity	2026-10-03T13:42:30.7018374Z test_symlink_cannot_bypass_boundary (test_client_technology.ClientTechnologyControls.test_symlink_cannot_bypass_boundary) ... ok
deploy	Frozen architecture integrity	2026-10-03T13:42:30.7060097Z test_task_paths_and_passing_tests_cannot_approve_framework (test_client_technology.ClientTechnologyControls.test_task_paths_and_passing_tests_cannot_approve_framework) ... ok
deploy	Frozen architecture integrity	2026-10-03T13:42:30.7219236Z test_unapproved_generic_dependencies_and_imports (test_client_technology.ClientTechnologyControls.test_unapproved_generic_dependencies_and_imports) ... ok
deploy	Frozen architecture integrity	2026-10-03T13:42:30.7491427Z test_current_document (test_frozen_architecture.ArchitectureIntegrityTests.test_current_document) ... ok
deploy	Frozen architecture integrity	2026-10-03T13:42:30.8815185Z test_hash_and_provenance_mutations (test_frozen_architecture.ArchitectureIntegrityTests.test_hash_and_provenance_mutations) ... ok
deploy	Frozen architecture integrity	2026-10-03T13:42:30.9042798Z test_layout_flexibility_preserves_semantics (test_frozen_architecture.ArchitectureIntegrityTests.test_layout_flexibility_preserves_semantics) ... ok
deploy	Frozen architecture integrity	2026-10-03T13:42:31.5073787Z test_semantic_negative_controls (test_frozen_architecture.ArchitectureIntegrityTests.test_semantic_negative_controls) ... ok
deploy	Frozen architecture integrity	2026-10-03T13:42:31.5119571Z test_active_task_path_is_never_architecture_waiver (test_source_boundaries.SourceTests.test_active_task_path_is_never_architecture_waiver) ... ok
deploy	Frozen architecture integrity	2026-10-03T13:42:40.0030124Z test_arbitrarily_named_go_root_assembly_helper_valid (test_source_boundaries.SourceTests.test_arbitrarily_named_go_root_assembly_helper_valid) ... ok
deploy	Frozen architecture integrity	2026-10-03T13:42:40.0065511Z test_arbitrarily_named_java_root_assembly_helper_valid (test_source_boundaries.SourceTests.test_arbitrarily_named_java_root_assembly_helper_valid) ... ok
deploy	Frozen architecture integrity	2026-10-03T13:42:40.0545188Z test_cross_service_alias_import_and_build_tag (test_source_boundaries.SourceTests.test_cross_service_alias_import_and_build_tag) ... ok
deploy	Frozen architecture integrity	2026-10-03T13:42:40.0593457Z test_current_governance_and_task_migration_scope_valid (test_source_boundaries.SourceTests.test_current_governance_and_task_migration_scope_valid) ... ok
deploy	Frozen architecture integrity	2026-10-03T13:42:40.0622017Z test_current_java_placeholder_valid_and_no_early_business_required (test_source_boundaries.SourceTests.test_current_java_placeholder_valid_and_no_early_business_required) ... ok
deploy	Frozen architecture integrity	2026-10-03T13:42:40.0666942Z test_future_java_business_root_and_shared_disguise (test_source_boundaries.SourceTests.test_future_java_business_root_and_shared_disguise) ... ok
deploy	Frozen architecture integrity	2026-10-03T13:42:40.0704587Z test_future_java_cross_service_shared_reverse_and_fully_qualified (test_source_boundaries.SourceTests.test_future_java_cross_service_shared_reverse_and_fully_qualified) ... ok
deploy	Frozen architecture integrity	2026-10-03T13:42:42.7406618Z test_future_java_single_layout_compiles_and_imports_checked (test_source_boundaries.SourceTests.test_future_java_single_layout_compiles_and_imports_checked) ... ok
deploy	Frozen architecture integrity	2026-10-03T13:42:42.7881562Z test_gateway_cannot_write_session_or_outbox (test_source_boundaries.SourceTests.test_gateway_cannot_write_session_or_outbox) ... ok
deploy	Frozen architecture integrity	2026-10-03T13:42:42.7913483Z test_java_dynamic_jdbc_shared_repository_and_gateway_write_rejected (test_source_boundaries.SourceTests.test_java_dynamic_jdbc_shared_repository_and_gateway_write_rejected) ... ok
deploy	Frozen architecture integrity	2026-10-03T13:42:42.7939028Z test_java_gateway_dynamic_update_with_select_decoy_rejected (test_source_boundaries.SourceTests.test_java_gateway_dynamic_update_with_select_decoy_rejected) ... ok
deploy	Frozen architecture integrity	2026-10-03T13:42:42.7996841Z test_java_gateway_execute_cannot_borrow_unrelated_select_literal (test_source_boundaries.SourceTests.test_java_gateway_execute_cannot_borrow_unrelated_select_literal) ... ok
deploy	Frozen architecture integrity	2026-10-03T13:42:42.8027947Z test_java_gateway_executequery_and_connection_lifecycle_valid (test_source_boundaries.SourceTests.test_java_gateway_executequery_and_connection_lifecycle_valid) ... ok
deploy	Frozen architecture integrity	2026-10-03T13:42:42.8052339Z test_java_gateway_readonly_session_and_shared_token_primitive_valid (test_source_boundaries.SourceTests.test_java_gateway_readonly_session_and_shared_token_primitive_valid) ... ok
deploy	Frozen architecture integrity	2026-10-03T13:42:42.8231670Z test_java_noncore_jdbc_transaction_controls_rejected (test_source_boundaries.SourceTests.test_java_noncore_jdbc_transaction_controls_rejected) ... ok
deploy	Frozen architecture integrity	2026-10-03T13:42:42.8239093Z test_java_placeholder_cannot_grow_business (test_source_boundaries.SourceTests.test_java_placeholder_cannot_grow_business) ... ok
deploy	Frozen architecture integrity	2026-10-03T13:42:42.8261603Z test_java_unicode_import_cannot_bypass_dependency (test_source_boundaries.SourceTests.test_java_unicode_import_cannot_bypass_dependency) ... ok
deploy	Frozen architecture integrity	2026-10-03T13:42:45.8367302Z test_legal_single_module_go_runtime_and_blackbox_test (test_source_boundaries.SourceTests.test_legal_single_module_go_runtime_and_blackbox_test) ... ok
deploy	Frozen architecture integrity	2026-10-03T13:42:45.8812912Z test_main_whitelisted_name_cannot_hide_business (test_source_boundaries.SourceTests.test_main_whitelisted_name_cannot_hide_business) ... ok
deploy	Frozen architecture integrity	2026-10-03T13:42:45.8837729Z test_placeholder_exit_and_business_not_permanent_exception (test_source_boundaries.SourceTests.test_placeholder_exit_and_business_not_permanent_exception) ... ok
deploy	Frozen architecture integrity	2026-10-03T13:42:45.8891644Z test_plain_bullet_task_path_checked_and_legal_core_accepted (test_source_boundaries.SourceTests.test_plain_bullet_task_path_checked_and_legal_core_accepted) ... ok
deploy	Frozen architecture integrity	2026-10-03T13:42:45.9332677Z test_real_old_go_layout_rejected_without_name_hardcoding (test_source_boundaries.SourceTests.test_real_old_go_layout_rejected_without_name_hardcoding) ... ok
deploy	Frozen architecture integrity	2026-10-03T13:42:45.9803741Z test_root_new_business_and_unapproved_internal (test_source_boundaries.SourceTests.test_root_new_business_and_unapproved_internal) ... ok
deploy	Frozen architecture integrity	2026-10-03T13:42:46.0249532Z test_root_test_name_cannot_hide_business (test_source_boundaries.SourceTests.test_root_test_name_cannot_hide_business) ... ok
deploy	Frozen architecture integrity	2026-10-03T13:42:46.0702095Z test_shared_generic_repository_call_rejected_without_sql_literal (test_source_boundaries.SourceTests.test_shared_generic_repository_call_rejected_without_sql_literal) ... ok
deploy	Frozen architecture integrity	2026-10-03T13:42:46.0728052Z test_shared_java_connection_factory_is_support_not_repository (test_source_boundaries.SourceTests.test_shared_java_connection_factory_is_support_not_repository) ... ok
deploy	Frozen architecture integrity	2026-10-03T13:42:46.1204934Z test_shared_reverse_dependency_and_moved_full_auth (test_source_boundaries.SourceTests.test_shared_reverse_dependency_and_moved_full_auth) ... ok
deploy	Frozen architecture integrity	2026-10-03T13:42:46.1656006Z test_syntax_failure_cannot_be_skipped (test_source_boundaries.SourceTests.test_syntax_failure_cannot_be_skipped) ... ok
deploy	Frozen architecture integrity	2026-10-03T13:42:46.1710335Z test_workflow_missing_commands_dependencies_and_suppression_rejected (test_source_boundaries.SourceTests.test_workflow_missing_commands_dependencies_and_suppression_rejected) ... ok
deploy	Frozen architecture integrity	2026-10-03T13:42:46.1711706Z 
deploy	Frozen architecture integrity	2026-10-03T13:42:46.1711899Z ----------------------------------------------------------------------
deploy	Frozen architecture integrity	2026-10-03T13:42:46.1712341Z Ran 53 tests in 15.811s
deploy	Frozen architecture integrity	2026-10-03T13:42:46.1712525Z 
deploy	Frozen architecture integrity	2026-10-03T13:42:46.1712618Z OK
deploy	Go transport smoke	﻿2026-10-03T13:42:46.2291693Z ##[group]Run ./tests/infrastructure/smoke.ps1 -Profile go
deploy	Go transport smoke	2026-10-03T13:42:46.2292191Z ^[[36;1m./tests/infrastructure/smoke.ps1 -Profile go^[[0m
deploy	Go transport smoke	2026-10-03T13:42:46.2316567Z shell: /usr/bin/pwsh -command ". '{0}'"
deploy	Go transport smoke	2026-10-03T13:42:46.2316858Z env:
deploy	Go transport smoke	2026-10-03T13:42:46.2317110Z   IM_GO_CONFIG_DIR: /home/runner/work/_temp/im-go-config
deploy	Go transport smoke	2026-10-03T13:42:46.2317438Z ##[endgroup]
deploy	Go transport smoke	2026-10-03T13:43:19.0717024Z /var/run/postgresql:5432 - accepting connections
deploy	Go transport smoke	2026-10-03T13:43:19.6024144Z PASS: go profile, PostgreSQL migration, Core NATS, HTTPS and WSS over Tls13
deploy	Go Auth actual roles and TLS event smoke	﻿2026-10-03T13:43:20.2556306Z ##[group]Run python3 tests/go/live_role_smoke.py
deploy	Go Auth actual roles and TLS event smoke	2026-10-03T13:43:20.2556740Z ^[[36;1mpython3 tests/go/live_role_smoke.py^[[0m
deploy	Go Auth actual roles and TLS event smoke	2026-10-03T13:43:20.2618328Z shell: /usr/bin/bash -e {0}
deploy	Go Auth actual roles and TLS event smoke	2026-10-03T13:43:20.2618590Z env:
deploy	Go Auth actual roles and TLS event smoke	2026-10-03T13:43:20.2618848Z   IM_GO_CONFIG_DIR: /home/runner/work/_temp/im-go-config
deploy	Go Auth actual roles and TLS event smoke	2026-10-03T13:43:20.2619161Z ##[endgroup]
deploy	Go Auth actual roles and TLS event smoke	2026-10-03T13:43:20.5775267Z #1 [internal] load local bake definitions
deploy	Go Auth actual roles and TLS event smoke	2026-10-03T13:43:20.7446442Z #1 reading from stdin 1.45kB done
deploy	Go Auth actual roles and TLS event smoke	2026-10-03T13:43:20.7447005Z #1 DONE 0.0s
deploy	Go Auth actual roles and TLS event smoke	2026-10-03T13:43:20.7447299Z 
deploy	Go Auth actual roles and TLS event smoke	2026-10-03T13:43:20.7447767Z #2 [migrate internal] load build definition from migrate.Dockerfile
deploy	Go Auth actual roles and TLS event smoke	2026-10-03T13:43:20.7448326Z #2 transferring dockerfile: 229B done
deploy	Go Auth actual roles and TLS event smoke	2026-10-03T13:43:20.7448607Z #2 DONE 0.0s
deploy	Go Auth actual roles and TLS event smoke	2026-10-03T13:43:20.7448720Z 
deploy	Go Auth actual roles and TLS event smoke	2026-10-03T13:43:20.7449142Z #3 [gateway-go internal] load build definition from Dockerfile
deploy	Go Auth actual roles and TLS event smoke	2026-10-03T13:43:20.7449988Z #3 transferring dockerfile: 247B done
deploy	Go Auth actual roles and TLS event smoke	2026-10-03T13:43:20.7450492Z #3 DONE 0.0s
deploy	Go Auth actual roles and TLS event smoke	2026-10-03T13:43:20.7450744Z 
deploy	Go Auth actual roles and TLS event smoke	2026-10-03T13:43:20.7453061Z #4 [gateway-go internal] load metadata for docker.io/library/alpine:3.21
deploy	Go Auth actual roles and TLS event smoke	2026-10-03T13:43:20.8191284Z #4 DONE 0.1s
deploy	Go Auth actual roles and TLS event smoke	2026-10-03T13:43:20.8192317Z 
deploy	Go Auth actual roles and TLS event smoke	2026-10-03T13:43:20.8193008Z  migrate  Built
deploy	Go Auth actual roles and TLS event smoke	2026-10-03T13:43:20.8193655Z #5 [migrate internal] load metadata for docker.io/library/python:3.12-alpine
deploy	Go Auth actual roles and TLS event smoke	2026-10-03T13:43:20.8195234Z  plugin-host-go  Built
deploy	Go Auth actual roles and TLS event smoke	2026-10-03T13:43:20.8195665Z  core-go  Built
deploy	Go Auth actual roles and TLS event smoke	2026-10-03T13:43:20.8195959Z  gateway-go  Built
deploy	Go Auth actual roles and TLS event smoke	2026-10-03T13:43:20.8196612Z #5 DONE 0.1s
deploy	Go Auth actual roles and TLS event smoke	2026-10-03T13:43:20.8196774Z 
deploy	Go Auth actual roles and TLS event smoke	2026-10-03T13:43:20.8196911Z #6 [migrate internal] load .dockerignore
deploy	Go Auth actual roles and TLS event smoke	2026-10-03T13:43:20.8197302Z #6 transferring context: 2B done
deploy	Go Auth actual roles and TLS event smoke	2026-10-03T13:43:20.8197921Z #6 DONE 0.0s
deploy	Go Auth actual roles and TLS event smoke	2026-10-03T13:43:20.8198087Z 
deploy	Go Auth actual roles and TLS event smoke	2026-10-03T13:43:20.8199028Z #7 [migrate 1/4] FROM docker.io/library/python:3.12-alpine@sha256:0687a6bc9716edc2a6ee0fbfb0f87e7ee358b262b67c9215de91bc9b2d38ba71
deploy	Go Auth actual roles and TLS event smoke	2026-10-03T13:43:20.8200373Z #7 DONE 0.0s
deploy	Go Auth actual roles and TLS event smoke	2026-10-03T13:43:20.8200566Z 
deploy	Go Auth actual roles and TLS event smoke	2026-10-03T13:43:20.8200753Z #8 [migrate internal] load build context
deploy	Go Auth actual roles and TLS event smoke	2026-10-03T13:43:20.8201208Z #8 transferring context: 401B done
deploy	Go Auth actual roles and TLS event smoke	2026-10-03T13:43:20.8201628Z #8 DONE 0.0s
deploy	Go Auth actual roles and TLS event smoke	2026-10-03T13:43:20.8202038Z 
deploy	Go Auth actual roles and TLS event smoke	2026-10-03T13:43:20.8202235Z #9 [migrate 3/4] WORKDIR /work
deploy	Go Auth actual roles and TLS event smoke	2026-10-03T13:43:20.8202527Z #9 CACHED
deploy	Go Auth actual roles and TLS event smoke	2026-10-03T13:43:20.8202641Z 
deploy	Go Auth actual roles and TLS event smoke	2026-10-03T13:43:20.8202817Z #10 [migrate 2/4] RUN apk add --no-cache postgresql-client
deploy	Go Auth actual roles and TLS event smoke	2026-10-03T13:43:20.8203586Z #10 CACHED
deploy	Go Auth actual roles and TLS event smoke	2026-10-03T13:43:20.8203696Z 
deploy	Go Auth actual roles and TLS event smoke	2026-10-03T13:43:20.8203863Z #11 [migrate 4/4] COPY contracts/database /work/contracts/database
deploy	Go Auth actual roles and TLS event smoke	2026-10-03T13:43:20.8204799Z #11 CACHED
deploy	Go Auth actual roles and TLS event smoke	2026-10-03T13:43:20.8204994Z 
deploy	Go Auth actual roles and TLS event smoke	2026-10-03T13:43:20.8205386Z #12 [plugin-host-go internal] load metadata for docker.io/library/golang:1.25-alpine
deploy	Go Auth actual roles and TLS event smoke	2026-10-03T13:43:20.8206114Z #12 DONE 0.1s
deploy	Go Auth actual roles and TLS event smoke	2026-10-03T13:43:20.8206351Z 
deploy	Go Auth actual roles and TLS event smoke	2026-10-03T13:43:20.8206546Z #13 [plugin-host-go internal] load .dockerignore
deploy	Go Auth actual roles and TLS event smoke	2026-10-03T13:43:20.8207091Z #13 transferring context: 2B done
deploy	Go Auth actual roles and TLS event smoke	2026-10-03T13:43:20.8207494Z #13 DONE 0.0s
deploy	Go Auth actual roles and TLS event smoke	2026-10-03T13:43:20.8208035Z 
deploy	Go Auth actual roles and TLS event smoke	2026-10-03T13:43:20.8208228Z #14 [migrate] exporting to image
deploy	Go Auth actual roles and TLS event smoke	2026-10-03T13:43:20.8208698Z #14 exporting layers done
deploy	Go Auth actual roles and TLS event smoke	2026-10-03T13:43:20.8209122Z #14 writing image sha256:6c35e94ffe662a97de856803526a8aa1f8c5092ccdbc35da03d97c7863656408 done
deploy	Go Auth actual roles and TLS event smoke	2026-10-03T13:43:20.8209792Z #14 naming to docker.io/library/im-arch4-live-8260-migrate done
deploy	Go Auth actual roles and TLS event smoke	2026-10-03T13:43:20.8210313Z #14 DONE 0.0s
deploy	Go Auth actual roles and TLS event smoke	2026-10-03T13:43:20.8210513Z 
deploy	Go Auth actual roles and TLS event smoke	2026-10-03T13:43:20.8210998Z #15 [plugin-host-go stage-1 1/2] FROM docker.io/library/alpine:3.21@sha256:ce64758a109eb420d874a118f87920e625e12d3634e03b4a5573fd9f6e5d3507
deploy	Go Auth actual roles and TLS event smoke	2026-10-03T13:43:20.8211637Z #15 DONE 0.0s
deploy	Go Auth actual roles and TLS event smoke	2026-10-03T13:43:20.8211856Z 
deploy	Go Auth actual roles and TLS event smoke	2026-10-03T13:43:20.8212416Z #16 [plugin-host-go build 1/6] FROM docker.io/library/golang:1.25-alpine@sha256:1ae0735f00daffa3aaf1363a5184c0d2dc55c78e3db4ec70241cdac97bf84b59
deploy	Go Auth actual roles and TLS event smoke	2026-10-03T13:43:20.8213388Z #16 DONE 0.0s
deploy	Go Auth actual roles and TLS event smoke	2026-10-03T13:43:20.8213513Z 
deploy	Go Auth actual roles and TLS event smoke	2026-10-03T13:43:20.8213623Z #17 [core-go internal] load build context
deploy	Go Auth actual roles and TLS event smoke	2026-10-03T13:43:20.8214108Z #17 transferring context: 1.56kB done
deploy	Go Auth actual roles and TLS event smoke	2026-10-03T13:43:20.8215044Z #17 DONE 0.0s
deploy	Go Auth actual roles and TLS event smoke	2026-10-03T13:43:20.8215215Z 
deploy	Go Auth actual roles and TLS event smoke	2026-10-03T13:43:20.8215400Z #18 [gateway-go build 6/6] RUN CGO_ENABLED=0 go build -o /im-go .
deploy	Go Auth actual roles and TLS event smoke	2026-10-03T13:43:20.8215943Z #18 CACHED
deploy	Go Auth actual roles and TLS event smoke	2026-10-03T13:43:20.8216063Z 
deploy	Go Auth actual roles and TLS event smoke	2026-10-03T13:43:20.8216182Z #19 [gateway-go build 3/6] COPY go.mod go.sum ./
deploy	Go Auth actual roles and TLS event smoke	2026-10-03T13:43:20.8216463Z #19 CACHED
deploy	Go Auth actual roles and TLS event smoke	2026-10-03T13:43:20.8216565Z 
deploy	Go Auth actual roles and TLS event smoke	2026-10-03T13:43:20.8216678Z #20 [gateway-go build 4/6] RUN go mod download
deploy	Go Auth actual roles and TLS event smoke	2026-10-03T13:43:20.8217081Z #20 CACHED
deploy	Go Auth actual roles and TLS event smoke	2026-10-03T13:43:20.8217188Z 
deploy	Go Auth actual roles and TLS event smoke	2026-10-03T13:43:20.8217288Z #21 [gateway-go build 2/6] WORKDIR /src
deploy	Go Auth actual roles and TLS event smoke	2026-10-03T13:43:20.8217658Z #21 CACHED
deploy	Go Auth actual roles and TLS event smoke	2026-10-03T13:43:20.8217818Z 
deploy	Go Auth actual roles and TLS event smoke	2026-10-03T13:43:20.8217970Z #22 [gateway-go build 5/6] COPY . .
deploy	Go Auth actual roles and TLS event smoke	2026-10-03T13:43:20.8218349Z #22 CACHED
deploy	Go Auth actual roles and TLS event smoke	2026-10-03T13:43:20.8218544Z 
deploy	Go Auth actual roles and TLS event smoke	2026-10-03T13:43:20.8218783Z #23 [gateway-go stage-1 2/2] COPY --from=build /im-go /im-go
deploy	Go Auth actual roles and TLS event smoke	2026-10-03T13:43:20.8219296Z #23 CACHED
deploy	Go Auth actual roles and TLS event smoke	2026-10-03T13:43:20.8219478Z 
deploy	Go Auth actual roles and TLS event smoke	2026-10-03T13:43:20.8219669Z #24 [core-go] exporting to image
deploy	Go Auth actual roles and TLS event smoke	2026-10-03T13:43:20.8220100Z #24 exporting layers done
deploy	Go Auth actual roles and TLS event smoke	2026-10-03T13:43:20.8220776Z #24 writing image sha256:abb49eef3e4764ccb1ef08b0a57aaccb5ab66484679484ecd3235b878146499f done
deploy	Go Auth actual roles and TLS event smoke	2026-10-03T13:43:20.8221641Z #24 naming to docker.io/library/im-arch4-live-8260-core-go done
deploy	Go Auth actual roles and TLS event smoke	2026-10-03T13:43:20.8222124Z #24 DONE 0.0s
deploy	Go Auth actual roles and TLS event smoke	2026-10-03T13:43:20.8222297Z 
deploy	Go Auth actual roles and TLS event smoke	2026-10-03T13:43:20.8222455Z #25 [plugin-host-go] exporting to image
deploy	Go Auth actual roles and TLS event smoke	2026-10-03T13:43:20.8222870Z #25 exporting layers done
deploy	Go Auth actual roles and TLS event smoke	2026-10-03T13:43:20.8223514Z #25 writing image sha256:abb49eef3e4764ccb1ef08b0a57aaccb5ab66484679484ecd3235b878146499f done
deploy	Go Auth actual roles and TLS event smoke	2026-10-03T13:43:20.8224587Z #25 naming to docker.io/library/im-arch4-live-8260-plugin-host-go done
deploy	Go Auth actual roles and TLS event smoke	2026-10-03T13:43:20.8225153Z #25 DONE 0.0s
deploy	Go Auth actual roles and TLS event smoke	2026-10-03T13:43:20.8225336Z 
deploy	Go Auth actual roles and TLS event smoke	2026-10-03T13:43:20.8225548Z #26 [migrate] resolving provenance for metadata file
deploy	Go Auth actual roles and TLS event smoke	2026-10-03T13:43:20.8225984Z #26 DONE 0.0s
deploy	Go Auth actual roles and TLS event smoke	2026-10-03T13:43:20.8226151Z 
deploy	Go Auth actual roles and TLS event smoke	2026-10-03T13:43:20.8226303Z #27 [gateway-go] exporting to image
deploy	Go Auth actual roles and TLS event smoke	2026-10-03T13:43:20.8226725Z #27 exporting layers done
deploy	Go Auth actual roles and TLS event smoke	2026-10-03T13:43:20.8227398Z #27 writing image sha256:abb49eef3e4764ccb1ef08b0a57aaccb5ab66484679484ecd3235b878146499f done
deploy	Go Auth actual roles and TLS event smoke	2026-10-03T13:43:20.8228319Z #27 naming to docker.io/library/im-arch4-live-8260-gateway-go done
deploy	Go Auth actual roles and TLS event smoke	2026-10-03T13:43:20.8228892Z #27 DONE 0.0s
deploy	Go Auth actual roles and TLS event smoke	2026-10-03T13:43:20.8229074Z 
deploy	Go Auth actual roles and TLS event smoke	2026-10-03T13:43:20.8229278Z #28 [core-go] resolving provenance for metadata file
deploy	Go Auth actual roles and TLS event smoke	2026-10-03T13:43:20.8229686Z #28 DONE 0.0s
deploy	Go Auth actual roles and TLS event smoke	2026-10-03T13:43:20.8229826Z 
deploy	Go Auth actual roles and TLS event smoke	2026-10-03T13:43:20.8230006Z #29 [gateway-go] resolving provenance for metadata file
deploy	Go Auth actual roles and TLS event smoke	2026-10-03T13:43:20.8230494Z #29 DONE 0.0s
deploy	Go Auth actual roles and TLS event smoke	2026-10-03T13:43:20.8230689Z 
deploy	Go Auth actual roles and TLS event smoke	2026-10-03T13:43:20.8230963Z #30 [plugin-host-go] resolving provenance for metadata file
deploy	Go Auth actual roles and TLS event smoke	2026-10-03T13:43:20.8231520Z #30 DONE 0.0s
deploy	Go Auth actual roles and TLS event smoke	2026-10-03T13:43:20.8231894Z  Network im-arch4-live-8260_default  Creating
deploy	Go Auth actual roles and TLS event smoke	2026-10-03T13:43:20.8599639Z  Network im-arch4-live-8260_default  Created
deploy	Go Auth actual roles and TLS event smoke	2026-10-03T13:43:20.8603851Z  Volume "im-arch4-live-8260_postgres-data"  Creating
deploy	Go Auth actual roles and TLS event smoke	2026-10-03T13:43:20.8613501Z  Volume "im-arch4-live-8260_postgres-data"  Created
deploy	Go Auth actual roles and TLS event smoke	2026-10-03T13:43:20.8616987Z  Volume "im-arch4-live-8260_caddy-go-data"  Creating
deploy	Go Auth actual roles and TLS event smoke	2026-10-03T13:43:20.8624631Z  Volume "im-arch4-live-8260_caddy-go-data"  Created
deploy	Go Auth actual roles and TLS event smoke	2026-10-03T13:43:20.8628552Z  Container im-arch4-live-8260-nats-1  Creating
deploy	Go Auth actual roles and TLS event smoke	2026-10-03T13:43:20.8629216Z  Container im-arch4-live-8260-postgres-1  Creating
deploy	Go Auth actual roles and TLS event smoke	2026-10-03T13:43:20.8833618Z  Container im-arch4-live-8260-nats-1  Created
deploy	Go Auth actual roles and TLS event smoke	2026-10-03T13:43:20.8834339Z  Container im-arch4-live-8260-postgres-1  Created
deploy	Go Auth actual roles and TLS event smoke	2026-10-03T13:43:20.8835617Z  Container im-arch4-live-8260-migrate-1  Creating
deploy	Go Auth actual roles and TLS event smoke	2026-10-03T13:43:20.8923084Z  Container im-arch4-live-8260-migrate-1  Created
deploy	Go Auth actual roles and TLS event smoke	2026-10-03T13:43:20.8923917Z  Container im-arch4-live-8260-gateway-go-1  Creating
deploy	Go Auth actual roles and TLS event smoke	2026-10-03T13:43:20.8926230Z  Container im-arch4-live-8260-plugin-host-go-1  Creating
deploy	Go Auth actual roles and TLS event smoke	2026-10-03T13:43:20.8926888Z  Container im-arch4-live-8260-core-go-1  Creating
deploy	Go Auth actual roles and TLS event smoke	2026-10-03T13:43:20.9052565Z  Container im-arch4-live-8260-gateway-go-1  Created
deploy	Go Auth actual roles and TLS event smoke	2026-10-03T13:43:20.9053565Z  Container im-arch4-live-8260-tls-go-1  Creating
deploy	Go Auth actual roles and TLS event smoke	2026-10-03T13:43:20.9066732Z  Container im-arch4-live-8260-core-go-1  Created
deploy	Go Auth actual roles and TLS event smoke	2026-10-03T13:43:20.9069634Z  Container im-arch4-live-8260-plugin-host-go-1  Created
deploy	Go Auth actual roles and TLS event smoke	2026-10-03T13:43:20.9166772Z  Container im-arch4-live-8260-tls-go-1  Created
deploy	Go Auth actual roles and TLS event smoke	2026-10-03T13:43:20.9180480Z  Container im-arch4-live-8260-postgres-1  Starting
deploy	Go Auth actual roles and TLS event smoke	2026-10-03T13:43:20.9181259Z  Container im-arch4-live-8260-nats-1  Starting
deploy	Go Auth actual roles and TLS event smoke	2026-10-03T13:43:21.0658405Z  Container im-arch4-live-8260-postgres-1  Started
deploy	Go Auth actual roles and TLS event smoke	2026-10-03T13:43:21.0659388Z  Container im-arch4-live-8260-postgres-1  Waiting
deploy	Go Auth actual roles and TLS event smoke	2026-10-03T13:43:21.0768669Z  Container im-arch4-live-8260-nats-1  Started
deploy	Go Auth actual roles and TLS event smoke	2026-10-03T13:43:23.5673738Z  Container im-arch4-live-8260-postgres-1  Healthy
deploy	Go Auth actual roles and TLS event smoke	2026-10-03T13:43:23.5674760Z  Container im-arch4-live-8260-migrate-1  Starting
deploy	Go Auth actual roles and TLS event smoke	2026-10-03T13:43:23.6656255Z  Container im-arch4-live-8260-migrate-1  Started
deploy	Go Auth actual roles and TLS event smoke	2026-10-03T13:43:23.6657195Z  Container im-arch4-live-8260-migrate-1  Waiting
deploy	Go Auth actual roles and TLS event smoke	2026-10-03T13:43:23.6658023Z  Container im-arch4-live-8260-nats-1  Waiting
deploy	Go Auth actual roles and TLS event smoke	2026-10-03T13:43:23.6658575Z  Container im-arch4-live-8260-migrate-1  Waiting
deploy	Go Auth actual roles and TLS event smoke	2026-10-03T13:43:23.6659092Z  Container im-arch4-live-8260-nats-1  Waiting
deploy	Go Auth actual roles and TLS event smoke	2026-10-03T13:43:23.6659617Z  Container im-arch4-live-8260-migrate-1  Waiting
deploy	Go Auth actual roles and TLS event smoke	2026-10-03T13:43:24.1676147Z  Container im-arch4-live-8260-migrate-1  Exited
deploy	Go Auth actual roles and TLS event smoke	2026-10-03T13:43:24.1676928Z  Container im-arch4-live-8260-migrate-1  Exited
deploy	Go Auth actual roles and TLS event smoke	2026-10-03T13:43:24.1677592Z  Container im-arch4-live-8260-plugin-host-go-1  Starting
deploy	Go Auth actual roles and TLS event smoke	2026-10-03T13:43:24.1678208Z  Container im-arch4-live-8260-nats-1  Healthy
deploy	Go Auth actual roles and TLS event smoke	2026-10-03T13:43:24.1678782Z  Container im-arch4-live-8260-migrate-1  Exited
deploy	Go Auth actual roles and TLS event smoke	2026-10-03T13:43:24.1679372Z  Container im-arch4-live-8260-core-go-1  Starting
deploy	Go Auth actual roles and TLS event smoke	2026-10-03T13:43:24.1681359Z  Container im-arch4-live-8260-nats-1  Healthy
deploy	Go Auth actual roles and TLS event smoke	2026-10-03T13:43:24.1701545Z  Container im-arch4-live-8260-gateway-go-1  Starting
deploy	Go Auth actual roles and TLS event smoke	2026-10-03T13:43:24.3535489Z  Container im-arch4-live-8260-core-go-1  Started
deploy	Go Auth actual roles and TLS event smoke	2026-10-03T13:43:24.3547312Z  Container im-arch4-live-8260-gateway-go-1  Started
deploy	Go Auth actual roles and TLS event smoke	2026-10-03T13:43:24.3548409Z  Container im-arch4-live-8260-tls-go-1  Starting
deploy	Go Auth actual roles and TLS event smoke	2026-10-03T13:43:24.3596700Z  Container im-arch4-live-8260-plugin-host-go-1  Started
deploy	Go Auth actual roles and TLS event smoke	2026-10-03T13:43:24.4730619Z  Container im-arch4-live-8260-tls-go-1  Started
deploy	Go Auth actual roles and TLS event smoke	2026-10-03T13:43:26.9288836Z  Container im-arch4-live-8260-plugin-host-go-1  Stopping
deploy	Go Auth actual roles and TLS event smoke	2026-10-03T13:43:26.9289977Z  Container im-arch4-live-8260-core-go-1  Stopping
deploy	Go Auth actual roles and TLS event smoke	2026-10-03T13:43:26.9290851Z  Container im-arch4-live-8260-tls-go-1  Stopping
deploy	Go Auth actual roles and TLS event smoke	2026-10-03T13:43:27.0283004Z  Container im-arch4-live-8260-plugin-host-go-1  Stopped
deploy	Go Auth actual roles and TLS event smoke	2026-10-03T13:43:27.0287206Z  Container im-arch4-live-8260-plugin-host-go-1  Removing
deploy	Go Auth actual roles and TLS event smoke	2026-10-03T13:43:27.0374619Z  Container im-arch4-live-8260-plugin-host-go-1  Removed
deploy	Go Auth actual roles and TLS event smoke	2026-10-03T13:43:27.0411457Z  Container im-arch4-live-8260-core-go-1  Stopped
deploy	Go Auth actual roles and TLS event smoke	2026-10-03T13:43:27.0414927Z  Container im-arch4-live-8260-core-go-1  Removing
deploy	Go Auth actual roles and TLS event smoke	2026-10-03T13:43:27.0507218Z  Container im-arch4-live-8260-core-go-1  Removed
deploy	Go Auth actual roles and TLS event smoke	2026-10-03T13:43:27.0629758Z  Container im-arch4-live-8260-tls-go-1  Stopped
deploy	Go Auth actual roles and TLS event smoke	2026-10-03T13:43:27.0630610Z  Container im-arch4-live-8260-tls-go-1  Removing
deploy	Go Auth actual roles and TLS event smoke	2026-10-03T13:43:27.0690758Z  Container im-arch4-live-8260-tls-go-1  Removed
deploy	Go Auth actual roles and TLS event smoke	2026-10-03T13:43:27.0691619Z  Container im-arch4-live-8260-gateway-go-1  Stopping
deploy	Go Auth actual roles and TLS event smoke	2026-10-03T13:43:27.1352596Z  Container im-arch4-live-8260-gateway-go-1  Stopped
deploy	Go Auth actual roles and TLS event smoke	2026-10-03T13:43:27.1353633Z  Container im-arch4-live-8260-gateway-go-1  Removing
deploy	Go Auth actual roles and TLS event smoke	2026-10-03T13:43:27.1410519Z  Container im-arch4-live-8260-gateway-go-1  Removed
deploy	Go Auth actual roles and TLS event smoke	2026-10-03T13:43:27.1411432Z  Container im-arch4-live-8260-nats-1  Stopping
deploy	Go Auth actual roles and TLS event smoke	2026-10-03T13:43:27.1412002Z  Container im-arch4-live-8260-migrate-1  Stopping
deploy	Go Auth actual roles and TLS event smoke	2026-10-03T13:43:27.1416493Z  Container im-arch4-live-8260-migrate-1  Stopped
deploy	Go Auth actual roles and TLS event smoke	2026-10-03T13:43:27.1417501Z  Container im-arch4-live-8260-migrate-1  Removing
deploy	Go Auth actual roles and TLS event smoke	2026-10-03T13:43:27.1552178Z  Container im-arch4-live-8260-migrate-1  Removed
deploy	Go Auth actual roles and TLS event smoke	2026-10-03T13:43:27.1553099Z  Container im-arch4-live-8260-postgres-1  Stopping
deploy	Go Auth actual roles and TLS event smoke	2026-10-03T13:43:27.2254349Z  Container im-arch4-live-8260-nats-1  Stopped
deploy	Go Auth actual roles and TLS event smoke	2026-10-03T13:43:27.2258001Z  Container im-arch4-live-8260-nats-1  Removing
deploy	Go Auth actual roles and TLS event smoke	2026-10-03T13:43:27.2349189Z  Container im-arch4-live-8260-nats-1  Removed
deploy	Go Auth actual roles and TLS event smoke	2026-10-03T13:43:27.2689195Z  Container im-arch4-live-8260-postgres-1  Stopped
deploy	Go Auth actual roles and TLS event smoke	2026-10-03T13:43:27.2690811Z  Container im-arch4-live-8260-postgres-1  Removing
deploy	Go Auth actual roles and TLS event smoke	2026-10-03T13:43:27.2758009Z  Container im-arch4-live-8260-postgres-1  Removed
deploy	Go Auth actual roles and TLS event smoke	2026-10-03T13:43:27.2767248Z  Volume im-arch4-live-8260_postgres-data  Removing
deploy	Go Auth actual roles and TLS event smoke	2026-10-03T13:43:27.2774743Z  Volume im-arch4-live-8260_caddy-go-data  Removing
deploy	Go Auth actual roles and TLS event smoke	2026-10-03T13:43:27.2775277Z  Network im-arch4-live-8260_default  Removing
deploy	Go Auth actual roles and TLS event smoke	2026-10-03T13:43:27.3455567Z  Network im-arch4-live-8260_default  Removed
deploy	Go Auth actual roles and TLS event smoke	2026-10-03T13:43:27.3825407Z  Volume im-arch4-live-8260_postgres-data  Removed
deploy	Go Auth actual roles and TLS event smoke	2026-10-03T13:43:27.3839188Z  Volume im-arch4-live-8260_caddy-go-data  Removed
deploy	Go Auth actual roles and TLS event smoke	2026-10-03T13:43:27.4272017Z PASS: actual3 Go roles/HTTP forwarding/TLS/WSS3slots/replacementepoch/oldtokenreject/CoreOutboxNATSGatewayrevocation/logoutclose; no skips
deploy	Go public Sync strict TLS runtime	﻿2026-10-03T13:43:27.4409676Z ##[group]Run python3 -B tools/verify_sync_runtime.py
deploy	Go public Sync strict TLS runtime	2026-10-03T13:43:27.4410101Z ^[[36;1mpython3 -B tools/verify_sync_runtime.py^[[0m
deploy	Go public Sync strict TLS runtime	2026-10-03T13:43:27.4471566Z shell: /usr/bin/bash -e {0}
deploy	Go public Sync strict TLS runtime	2026-10-03T13:43:27.4471821Z env:
deploy	Go public Sync strict TLS runtime	2026-10-03T13:43:27.4472084Z   IM_GO_CONFIG_DIR: /home/runner/work/_temp/im-go-config
deploy	Go public Sync strict TLS runtime	2026-10-03T13:43:27.4472409Z ##[endgroup]
deploy	Go public Sync strict TLS runtime	2026-10-03T13:43:33.0777090Z PASS: strict trusted-CA HTTPS proxy/Gateway/Core; real PG 208 User and 205 durable WSS Message items, all pages <=100, terminal/new-commit/replay/auth/foreign/query/version/read-only
deploy	Go public Sync strict TLS runtime	2026-10-03T13:43:33.7875155Z PASS: inspected disposable project cleanup
deploy	Go S1 strict TLS messaging E2E	﻿2026-10-03T13:43:33.8046856Z ##[group]Run python3 -B tests/e2e/go_tls_messaging.py
deploy	Go S1 strict TLS messaging E2E	2026-10-03T13:43:33.8047324Z ^[[36;1mpython3 -B tests/e2e/go_tls_messaging.py^[[0m
deploy	Go S1 strict TLS messaging E2E	2026-10-03T13:43:33.8108543Z shell: /usr/bin/bash -e {0}
deploy	Go S1 strict TLS messaging E2E	2026-10-03T13:43:33.8108844Z env:
deploy	Go S1 strict TLS messaging E2E	2026-10-03T13:43:33.8109134Z   IM_GO_CONFIG_DIR: /home/runner/work/_temp/im-go-config
deploy	Go S1 strict TLS messaging E2E	2026-10-03T13:43:33.8109513Z ##[endgroup]
deploy	Go S1 strict TLS messaging E2E	2026-10-03T13:43:38.5384408Z PASS TLS: trusted CA/CERT_REQUIRED/hostname HTTPS+WSS; untrusted CA and certificate name mismatch rejected
deploy	Go S1 strict TLS messaging E2E	2026-10-03T13:43:46.9740683Z PASS fixtures: HTTPS register/login/search/friend unique DIRECT; WSS hello/SQL durable ACK/one Outbox/NATS recipient; retry/conflict/nonmember/deferred COMMIT rollback; no duplicates/wrong recipient
deploy	Go S1 strict TLS messaging E2E	2026-10-03T13:43:47.9382602Z PASS revocation: replacement epoch/revoked then close/stale token reject/logout then close; no runtime skips
deploy	Go S1 strict TLS messaging E2E	2026-10-03T13:43:47.9384073Z DEFERRED_BY_HUMAN: friend-add-authorization-denied only (ADR-0004); not counted PASS
deploy	Go S1 strict TLS messaging E2E	2026-10-03T13:43:48.6221055Z PASS cleanup: inspected owned Compose containers/volumes removed
deploy	Java transport smoke	﻿2026-10-03T13:43:48.6377510Z ##[group]Run ./tests/infrastructure/smoke.ps1 -Profile java
deploy	Java transport smoke	2026-10-03T13:43:48.6378011Z ^[[36;1m./tests/infrastructure/smoke.ps1 -Profile java^[[0m
deploy	Java transport smoke	2026-10-03T13:43:48.6402161Z shell: /usr/bin/pwsh -command ". '{0}'"
deploy	Java transport smoke	2026-10-03T13:43:48.6402449Z env:
deploy	Java transport smoke	2026-10-03T13:43:48.6402703Z   IM_GO_CONFIG_DIR: /home/runner/work/_temp/im-go-config
deploy	Java transport smoke	2026-10-03T13:43:48.6403034Z ##[endgroup]
deploy	Java transport smoke	2026-10-03T13:43:58.0084691Z /var/run/postgresql:5432 - accepting connections
deploy	Java transport smoke	2026-10-03T13:43:58.4988686Z PASS: java profile, PostgreSQL migration, Core NATS, HTTPS and WSS over Tls13
deploy	Post Run actions/checkout@v4	﻿2026-10-03T13:43:59.4256128Z Post job cleanup.
deploy	Post Run actions/checkout@v4	2026-10-03T13:43:59.5110262Z [command]/usr/bin/git version
deploy	Post Run actions/checkout@v4	2026-10-03T13:43:59.5156546Z git version 2.55.0
deploy	Post Run actions/checkout@v4	2026-10-03T13:43:59.5200948Z Temporarily overriding HOME='/home/runner/work/_temp/39cd8cce-2e69-41c4-95f7-2d2cda6ed1ff' before making global git config changes
deploy	Post Run actions/checkout@v4	2026-10-03T13:43:59.5201926Z Adding repository directory to the temporary git global config as a safe directory
deploy	Post Run actions/checkout@v4	2026-10-03T13:43:59.5207542Z [command]/usr/bin/git config --global --add safe.directory /home/runner/work/IM-platform/IM-platform
deploy	Post Run actions/checkout@v4	2026-10-03T13:43:59.5246228Z [command]/usr/bin/git config --local --name-only --get-regexp core\.sshCommand
deploy	Post Run actions/checkout@v4	2026-10-03T13:43:59.5282270Z [command]/usr/bin/git submodule foreach --recursive sh -c "git config --local --name-only --get-regexp 'core\.sshCommand' && git config --local --unset-all 'core.sshCommand' || :"
deploy	Post Run actions/checkout@v4	2026-10-03T13:43:59.5560297Z [command]/usr/bin/git config --local --name-only --get-regexp http\.https\:\/\/github\.com\/\.extraheader
deploy	Post Run actions/checkout@v4	2026-10-03T13:43:59.5594072Z http.https://github.com/.extraheader
deploy	Post Run actions/checkout@v4	2026-10-03T13:43:59.5605847Z [command]/usr/bin/git config --local --unset-all http.https://github.com/.extraheader
deploy	Post Run actions/checkout@v4	2026-10-03T13:43:59.5645524Z [command]/usr/bin/git submodule foreach --recursive sh -c "git config --local --name-only --get-regexp 'http\.https\:\/\/github\.com\/\.extraheader' && git config --local --unset-all 'http.https://github.com/.extraheader' || :"
deploy	Post Run actions/checkout@v4	2026-10-03T13:43:59.5924332Z [command]/usr/bin/git config --local --name-only --get-regexp ^includeIf\.gitdir:
deploy	Post Run actions/checkout@v4	2026-10-03T13:43:59.5965961Z [command]/usr/bin/git submodule foreach --recursive git config --local --show-origin --name-only --get-regexp remote.origin.url
deploy	Complete job	﻿2026-10-03T13:43:59.6384230Z Cleaning up orphan processes
deploy	Complete job	2026-10-03T13:43:59.6779367Z ##[warning]Node.js 20 is deprecated. The following actions target Node.js 20 but are being forced to run on Node.js 24: actions/checkout@v4. For more information see: https://github.blog/changelog/2025-09-19-deprecation-of-node-20-on-github-actions-runners/
