shared	Set up job	﻿2026-10-03T13:42:20.9089803Z Current runner version: '2.337.0'
shared	Set up job	2026-10-03T13:42:20.9108779Z ##[group]Runner Image Provisioner
shared	Set up job	2026-10-03T13:42:20.9109408Z Hosted Compute Agent
shared	Set up job	2026-10-03T13:42:20.9109769Z Version: 20260901.588
shared	Set up job	2026-10-03T13:42:20.9110147Z Commit: f88ec8081b781fac6c440065ac7ff9e710ce3d0b
shared	Set up job	2026-10-03T13:42:20.9110670Z Build Date: 2026-09-01T19:56:44Z
shared	Set up job	2026-10-03T13:42:20.9111360Z Worker ID: {c986b3ef-12dd-4525-b45f-6f7434795611}
shared	Set up job	2026-10-03T13:42:20.9111892Z Azure Region: centralus
shared	Set up job	2026-10-03T13:42:20.9112418Z ##[endgroup]
shared	Set up job	2026-10-03T13:42:20.9113982Z ##[group]Operating System
shared	Set up job	2026-10-03T13:42:20.9114831Z Ubuntu
shared	Set up job	2026-10-03T13:42:20.9115339Z 24.04.5
shared	Set up job	2026-10-03T13:42:20.9115827Z LTS
shared	Set up job	2026-10-03T13:42:20.9116298Z ##[endgroup]
shared	Set up job	2026-10-03T13:42:20.9116789Z ##[group]Runner Image
shared	Set up job	2026-10-03T13:42:20.9117384Z Image: ubuntu-24.04
shared	Set up job	2026-10-03T13:42:20.9117929Z Version: 20260927.320.1
shared	Set up job	2026-10-03T13:42:20.9118841Z Included Software: https://github.com/actions/runner-images/blob/ubuntu24/20260927.320/images/ubuntu/Ubuntu2404-Readme.md
shared	Set up job	2026-10-03T13:42:20.9120495Z Image Release: https://github.com/actions/runner-images/releases/tag/ubuntu24%2F20260927.320
shared	Set up job	2026-10-03T13:42:20.9121431Z ##[endgroup]
shared	Set up job	2026-10-03T13:42:20.9122430Z ##[group]GITHUB_TOKEN Permissions
shared	Set up job	2026-10-03T13:42:20.9124301Z Contents: read
shared	Set up job	2026-10-03T13:42:20.9125095Z Metadata: read
shared	Set up job	2026-10-03T13:42:20.9125728Z ##[endgroup]
shared	Set up job	2026-10-03T13:42:20.9127630Z Secret source: Actions
shared	Set up job	2026-10-03T13:42:20.9128396Z Cache mode: write
shared	Set up job	2026-10-03T13:42:20.9129205Z Prepare workflow directory
shared	Set up job	2026-10-03T13:42:20.9371765Z Prepare all required actions
shared	Set up job	2026-10-03T13:42:20.9409816Z Getting action download info
shared	Set up job	2026-10-03T13:42:21.1502417Z Download action repository 'actions/checkout@v4' (SHA:11d5960a326750d5838078e36cf38b85af677262)
shared	Set up job	2026-10-03T13:42:21.2433192Z Download action repository 'actions/setup-node@v4' (SHA:49933ea5288caeca8642d1e84afbd3f7d6820020)
shared	Set up job	2026-10-03T13:42:21.5118435Z Complete job name: shared
shared	Run actions/checkout@v4	﻿2026-10-03T13:42:21.5588380Z ##[group]Run actions/checkout@v4
shared	Run actions/checkout@v4	2026-10-03T13:42:21.5588820Z with:
shared	Run actions/checkout@v4	2026-10-03T13:42:21.5589104Z   ref: a78f7f96227e25980c5a51255e92a2e6a34a1bf0
shared	Run actions/checkout@v4	2026-10-03T13:42:21.5589443Z   repository: nilesthump/IM-platform
shared	Run actions/checkout@v4	2026-10-03T13:42:21.5591375Z   token: ***
shared	Run actions/checkout@v4	2026-10-03T13:42:21.5591612Z   ssh-strict: true
shared	Run actions/checkout@v4	2026-10-03T13:42:21.5591851Z   ssh-user: git
shared	Run actions/checkout@v4	2026-10-03T13:42:21.5592099Z   persist-credentials: true
shared	Run actions/checkout@v4	2026-10-03T13:42:21.5592363Z   clean: true
shared	Run actions/checkout@v4	2026-10-03T13:42:21.5592612Z   sparse-checkout-cone-mode: true
shared	Run actions/checkout@v4	2026-10-03T13:42:21.5592892Z   fetch-depth: 1
shared	Run actions/checkout@v4	2026-10-03T13:42:21.5593127Z   fetch-tags: false
shared	Run actions/checkout@v4	2026-10-03T13:42:21.5593367Z   show-progress: true
shared	Run actions/checkout@v4	2026-10-03T13:42:21.5593610Z   lfs: false
shared	Run actions/checkout@v4	2026-10-03T13:42:21.5593835Z   submodules: false
shared	Run actions/checkout@v4	2026-10-03T13:42:21.5594082Z   set-safe-directory: true
shared	Run actions/checkout@v4	2026-10-03T13:42:21.5594355Z   allow-unsafe-pr-checkout: false
shared	Run actions/checkout@v4	2026-10-03T13:42:21.5594851Z env:
shared	Run actions/checkout@v4	2026-10-03T13:42:21.5595082Z   PYTHONDONTWRITEBYTECODE: 1
shared	Run actions/checkout@v4	2026-10-03T13:42:21.5595348Z ##[endgroup]
shared	Run actions/checkout@v4	2026-10-03T13:42:21.6284470Z Syncing repository: nilesthump/IM-platform
shared	Run actions/checkout@v4	2026-10-03T13:42:21.6286271Z ##[group]Getting Git version info
shared	Run actions/checkout@v4	2026-10-03T13:42:21.6286902Z Working directory is '/home/runner/work/IM-platform/IM-platform'
shared	Run actions/checkout@v4	2026-10-03T13:42:21.6287846Z [command]/usr/bin/git version
shared	Run actions/checkout@v4	2026-10-03T13:42:21.6343124Z git version 2.55.0
shared	Run actions/checkout@v4	2026-10-03T13:42:21.6357513Z ##[endgroup]
shared	Run actions/checkout@v4	2026-10-03T13:42:21.6368152Z Temporarily overriding HOME='/home/runner/work/_temp/c941a39f-310b-49ac-835c-7731b823d7ed' before making global git config changes
shared	Run actions/checkout@v4	2026-10-03T13:42:21.6369516Z Adding repository directory to the temporary git global config as a safe directory
shared	Run actions/checkout@v4	2026-10-03T13:42:21.6371800Z [command]/usr/bin/git config --global --add safe.directory /home/runner/work/IM-platform/IM-platform
shared	Run actions/checkout@v4	2026-10-03T13:42:21.6450640Z Deleting the contents of '/home/runner/work/IM-platform/IM-platform'
shared	Run actions/checkout@v4	2026-10-03T13:42:21.6457322Z ##[group]Initializing the repository
shared	Run actions/checkout@v4	2026-10-03T13:42:21.6458354Z [command]/usr/bin/git init /home/runner/work/IM-platform/IM-platform
shared	Run actions/checkout@v4	2026-10-03T13:42:21.6758976Z hint: Using 'master' as the name for the initial branch. This default branch name
shared	Run actions/checkout@v4	2026-10-03T13:42:21.6760497Z hint: will change to "main" in Git 3.0. To configure the initial branch name
shared	Run actions/checkout@v4	2026-10-03T13:42:21.6761478Z hint: to use in all of your new repositories, which will suppress this warning,
shared	Run actions/checkout@v4	2026-10-03T13:42:21.6762281Z hint: call:
shared	Run actions/checkout@v4	2026-10-03T13:42:21.6762982Z hint:
shared	Run actions/checkout@v4	2026-10-03T13:42:21.6763582Z hint: 	git config --global init.defaultBranch <name>
shared	Run actions/checkout@v4	2026-10-03T13:42:21.6763942Z hint:
shared	Run actions/checkout@v4	2026-10-03T13:42:21.6764262Z hint: Names commonly chosen instead of 'master' are 'main', 'trunk' and
shared	Run actions/checkout@v4	2026-10-03T13:42:21.6764931Z hint: 'development'. The just-created branch can be renamed via this command:
shared	Run actions/checkout@v4	2026-10-03T13:42:21.6765335Z hint:
shared	Run actions/checkout@v4	2026-10-03T13:42:21.6765568Z hint: 	git branch -m <name>
shared	Run actions/checkout@v4	2026-10-03T13:42:21.6765840Z hint:
shared	Run actions/checkout@v4	2026-10-03T13:42:21.6766181Z hint: Disable this message with "git config set advice.defaultBranchName false"
shared	Run actions/checkout@v4	2026-10-03T13:42:21.6766732Z Initialized empty Git repository in /home/runner/work/IM-platform/IM-platform/.git/
shared	Run actions/checkout@v4	2026-10-03T13:42:21.6770472Z [command]/usr/bin/git remote add origin https://github.com/nilesthump/IM-platform
shared	Run actions/checkout@v4	2026-10-03T13:42:21.6848592Z ##[endgroup]
shared	Run actions/checkout@v4	2026-10-03T13:42:21.6851547Z ##[group]Disabling automatic garbage collection
shared	Run actions/checkout@v4	2026-10-03T13:42:21.6851923Z [command]/usr/bin/git config --local gc.auto 0
shared	Run actions/checkout@v4	2026-10-03T13:42:21.7046842Z ##[endgroup]
shared	Run actions/checkout@v4	2026-10-03T13:42:21.7047257Z ##[group]Setting up auth
shared	Run actions/checkout@v4	2026-10-03T13:42:21.7051479Z [command]/usr/bin/git config --local --name-only --get-regexp core\.sshCommand
shared	Run actions/checkout@v4	2026-10-03T13:42:21.7079976Z [command]/usr/bin/git submodule foreach --recursive sh -c "git config --local --name-only --get-regexp 'core\.sshCommand' && git config --local --unset-all 'core.sshCommand' || :"
shared	Run actions/checkout@v4	2026-10-03T13:42:21.7561992Z [command]/usr/bin/git config --local --name-only --get-regexp http\.https\:\/\/github\.com\/\.extraheader
shared	Run actions/checkout@v4	2026-10-03T13:42:21.7590113Z [command]/usr/bin/git submodule foreach --recursive sh -c "git config --local --name-only --get-regexp 'http\.https\:\/\/github\.com\/\.extraheader' && git config --local --unset-all 'http.https://github.com/.extraheader' || :"
shared	Run actions/checkout@v4	2026-10-03T13:42:21.7766003Z [command]/usr/bin/git config --local --name-only --get-regexp ^includeIf\.gitdir:
shared	Run actions/checkout@v4	2026-10-03T13:42:21.7792883Z [command]/usr/bin/git submodule foreach --recursive git config --local --show-origin --name-only --get-regexp remote.origin.url
shared	Run actions/checkout@v4	2026-10-03T13:42:21.7972656Z [command]/usr/bin/git config --local http.https://github.com/.extraheader AUTHORIZATION: basic ***
shared	Run actions/checkout@v4	2026-10-03T13:42:21.8237611Z ##[endgroup]
shared	Run actions/checkout@v4	2026-10-03T13:42:21.8238601Z ##[group]Fetching the repository
shared	Run actions/checkout@v4	2026-10-03T13:42:21.8245970Z [command]/usr/bin/git -c protocol.version=2 fetch --no-tags --prune --no-recurse-submodules --depth=1 origin a78f7f96227e25980c5a51255e92a2e6a34a1bf0
shared	Run actions/checkout@v4	2026-10-03T13:42:23.2183968Z From https://github.com/nilesthump/IM-platform
shared	Run actions/checkout@v4	2026-10-03T13:42:23.2185807Z  * branch            a78f7f96227e25980c5a51255e92a2e6a34a1bf0 -> FETCH_HEAD
shared	Run actions/checkout@v4	2026-10-03T13:42:23.2189419Z ##[endgroup]
shared	Run actions/checkout@v4	2026-10-03T13:42:23.2190780Z ##[group]Determining the checkout info
shared	Run actions/checkout@v4	2026-10-03T13:42:23.2192248Z ##[endgroup]
shared	Run actions/checkout@v4	2026-10-03T13:42:23.2193882Z [command]/usr/bin/git sparse-checkout disable
shared	Run actions/checkout@v4	2026-10-03T13:42:23.2895674Z [command]/usr/bin/git config --local --unset-all extensions.worktreeConfig
shared	Run actions/checkout@v4	2026-10-03T13:42:23.2993108Z ##[group]Checking out the ref
shared	Run actions/checkout@v4	2026-10-03T13:42:23.2995561Z [command]/usr/bin/git checkout --progress --force a78f7f96227e25980c5a51255e92a2e6a34a1bf0
shared	Run actions/checkout@v4	2026-10-03T13:42:23.8163241Z Note: switching to 'a78f7f96227e25980c5a51255e92a2e6a34a1bf0'.
shared	Run actions/checkout@v4	2026-10-03T13:42:23.8164465Z 
shared	Run actions/checkout@v4	2026-10-03T13:42:23.8164795Z You are in 'detached HEAD' state. You can look around, make experimental
shared	Run actions/checkout@v4	2026-10-03T13:42:23.8165200Z changes and commit them, and you can discard any commits you make in this
shared	Run actions/checkout@v4	2026-10-03T13:42:23.8165532Z state without impacting any branches by switching back to a branch.
shared	Run actions/checkout@v4	2026-10-03T13:42:23.8165771Z 
shared	Run actions/checkout@v4	2026-10-03T13:42:23.8165948Z If you want to create a new branch to retain commits you create, you may
shared	Run actions/checkout@v4	2026-10-03T13:42:23.8166332Z do so (now or later) by using -c with the switch command. Example:
shared	Run actions/checkout@v4	2026-10-03T13:42:23.8166782Z 
shared	Run actions/checkout@v4	2026-10-03T13:42:23.8166873Z   git switch -c <new-branch-name>
shared	Run actions/checkout@v4	2026-10-03T13:42:23.8166996Z 
shared	Run actions/checkout@v4	2026-10-03T13:42:23.8167097Z Or undo this operation with:
shared	Run actions/checkout@v4	2026-10-03T13:42:23.8167217Z 
shared	Run actions/checkout@v4	2026-10-03T13:42:23.8167286Z   git switch -
shared	Run actions/checkout@v4	2026-10-03T13:42:23.8167437Z 
shared	Run actions/checkout@v4	2026-10-03T13:42:23.8167700Z Turn off this advice by setting config variable advice.detachedHead to false
shared	Run actions/checkout@v4	2026-10-03T13:42:23.8167980Z 
shared	Run actions/checkout@v4	2026-10-03T13:42:23.8168185Z HEAD is now at a78f7f9 Complete sealed Go implementation prompt provenance
shared	Run actions/checkout@v4	2026-10-03T13:42:23.8193230Z ##[endgroup]
shared	Run actions/checkout@v4	2026-10-03T13:42:23.8234519Z [command]/usr/bin/git log -1 --format=%H
shared	Run actions/checkout@v4	2026-10-03T13:42:23.8257028Z a78f7f96227e25980c5a51255e92a2e6a34a1bf0
shared	Run actions/setup-node@v4	﻿2026-10-03T13:42:23.8452750Z ##[group]Run actions/setup-node@v4
shared	Run actions/setup-node@v4	2026-10-03T13:42:23.8452984Z with:
shared	Run actions/setup-node@v4	2026-10-03T13:42:23.8453140Z   node-version: 22
shared	Run actions/setup-node@v4	2026-10-03T13:42:23.8453290Z   always-auth: false
shared	Run actions/setup-node@v4	2026-10-03T13:42:23.8453446Z   check-latest: false
shared	Run actions/setup-node@v4	2026-10-03T13:42:23.8455015Z   token: ***
shared	Run actions/setup-node@v4	2026-10-03T13:42:23.8455162Z env:
shared	Run actions/setup-node@v4	2026-10-03T13:42:23.8455337Z   PYTHONDONTWRITEBYTECODE: 1
shared	Run actions/setup-node@v4	2026-10-03T13:42:23.8455510Z ##[endgroup]
shared	Run actions/setup-node@v4	2026-10-03T13:42:23.9494302Z Found in cache @ /opt/hostedtoolcache/node/22.23.3/x64
shared	Run actions/setup-node@v4	2026-10-03T13:42:23.9497197Z (node:2067) [DEP0040] DeprecationWarning: The `punycode` module is deprecated. Please use a userland alternative instead.
shared	Run actions/setup-node@v4	2026-10-03T13:42:23.9497623Z (Use `node --trace-deprecation ...` to show where the warning was created)
shared	Run actions/setup-node@v4	2026-10-03T13:42:23.9499414Z ##[group]Environment details
shared	Run actions/setup-node@v4	2026-10-03T13:42:24.3036658Z node: v22.23.3
shared	Run actions/setup-node@v4	2026-10-03T13:42:24.3037226Z npm: 10.9.9
shared	Run actions/setup-node@v4	2026-10-03T13:42:24.3037451Z yarn: 1.22.22
shared	Run actions/setup-node@v4	2026-10-03T13:42:24.3038165Z ##[endgroup]
shared	Actual shared TypeScript storage compile	﻿2026-10-03T13:42:24.3163256Z ##[group]Run python3 -B tools/verify_client_sqlite.py --scope shared
shared	Actual shared TypeScript storage compile	2026-10-03T13:42:24.3163634Z ^[[36;1mpython3 -B tools/verify_client_sqlite.py --scope shared^[[0m
shared	Actual shared TypeScript storage compile	2026-10-03T13:42:24.3163880Z ^[[36;1mpython3 -B tools/verify_client_send.py --scope shared^[[0m
shared	Actual shared TypeScript storage compile	2026-10-03T13:42:24.3849180Z shell: /usr/bin/bash -e {0}
shared	Actual shared TypeScript storage compile	2026-10-03T13:42:24.3849442Z env:
shared	Actual shared TypeScript storage compile	2026-10-03T13:42:24.3849594Z   PYTHONDONTWRITEBYTECODE: 1
shared	Actual shared TypeScript storage compile	2026-10-03T13:42:24.3849749Z ##[endgroup]
shared	Actual shared TypeScript storage compile	2026-10-03T13:42:24.4186368Z + npm --prefix clients/shared/protocol-sdk ci --ignore-scripts --no-audit --no-fund
shared	Actual shared TypeScript storage compile	2026-10-03T13:42:26.4568466Z 
shared	Actual shared TypeScript storage compile	2026-10-03T13:42:26.4569259Z added 1 package in 2s
shared	Actual shared TypeScript storage compile	2026-10-03T13:42:26.4903354Z + npm --prefix clients/shared/protocol-sdk run build
shared	Actual shared TypeScript storage compile	2026-10-03T13:42:26.5527549Z 
shared	Actual shared TypeScript storage compile	2026-10-03T13:42:26.5528366Z > @im/protocol-sdk@0.1.0 build
shared	Actual shared TypeScript storage compile	2026-10-03T13:42:26.5528766Z > tsc -p tsconfig.json
shared	Actual shared TypeScript storage compile	2026-10-03T13:42:26.5528915Z 
shared	Actual shared TypeScript storage compile	2026-10-03T13:42:27.4436375Z PASS: shared TypeScript compile (behavior exercised by Desktop SQLx and Android jobs)
shared	Actual shared TypeScript storage compile	2026-10-03T13:42:27.4716846Z + npm --prefix clients/shared/protocol-sdk ci --ignore-scripts --no-audit --no-fund
shared	Actual shared TypeScript storage compile	2026-10-03T13:42:27.7559118Z 
shared	Actual shared TypeScript storage compile	2026-10-03T13:42:27.7559782Z added 1 package in 250ms
shared	Actual shared TypeScript storage compile	2026-10-03T13:42:27.7643181Z + npm --prefix clients/shared/protocol-sdk run build
shared	Actual shared TypeScript storage compile	2026-10-03T13:42:27.8233359Z 
shared	Actual shared TypeScript storage compile	2026-10-03T13:42:27.8234192Z > @im/protocol-sdk@0.1.0 build
shared	Actual shared TypeScript storage compile	2026-10-03T13:42:27.8234782Z > tsc -p tsconfig.json
shared	Actual shared TypeScript storage compile	2026-10-03T13:42:27.8234916Z 
shared	Actual shared TypeScript storage compile	2026-10-03T13:42:28.8007708Z + node tests/clients/send/shared.mjs
shared	Actual shared TypeScript storage compile	2026-10-03T13:42:28.8244553Z PASS: strict schema fields, duplicate keys, exact integer lexemes, invalid frames, escaped content
shared	HTTP, WSS, Sync and Plugin contracts	﻿2026-10-03T13:42:28.8401669Z ##[group]Run ./contracts/http/verify-auth-user-friend.ps1
shared	HTTP, WSS, Sync and Plugin contracts	2026-10-03T13:42:28.8402112Z ^[[36;1m./contracts/http/verify-auth-user-friend.ps1^[[0m
shared	HTTP, WSS, Sync and Plugin contracts	2026-10-03T13:42:28.8402448Z ^[[36;1mif ($LASTEXITCODE -ne 0) { exit $LASTEXITCODE }^[[0m
shared	HTTP, WSS, Sync and Plugin contracts	2026-10-03T13:42:28.8402772Z ^[[36;1mpython3 -B tools/verify_sync_transport.py^[[0m
shared	HTTP, WSS, Sync and Plugin contracts	2026-10-03T13:42:28.8403084Z ^[[36;1mif ($LASTEXITCODE -ne 0) { exit $LASTEXITCODE }^[[0m
shared	HTTP, WSS, Sync and Plugin contracts	2026-10-03T13:42:28.8403490Z ^[[36;1mpython3 -B -m unittest discover -s tests/contract -p test_sync_transport.py^[[0m
shared	HTTP, WSS, Sync and Plugin contracts	2026-10-03T13:42:28.8403910Z ^[[36;1mif ($LASTEXITCODE -ne 0) { exit $LASTEXITCODE }^[[0m
shared	HTTP, WSS, Sync and Plugin contracts	2026-10-03T13:42:28.8404215Z ^[[36;1mpython3 contracts/websocket/verify.py^[[0m
shared	HTTP, WSS, Sync and Plugin contracts	2026-10-03T13:42:28.8404978Z ^[[36;1mif ($LASTEXITCODE -ne 0) { exit $LASTEXITCODE }^[[0m
shared	HTTP, WSS, Sync and Plugin contracts	2026-10-03T13:42:28.8405289Z ^[[36;1mpython3 contracts/plugin-api/verify.py^[[0m
shared	HTTP, WSS, Sync and Plugin contracts	2026-10-03T13:42:28.8405559Z ^[[36;1mexit $LASTEXITCODE^[[0m
shared	HTTP, WSS, Sync and Plugin contracts	2026-10-03T13:42:28.8433101Z shell: /usr/bin/pwsh -command ". '{0}'"
shared	HTTP, WSS, Sync and Plugin contracts	2026-10-03T13:42:28.8433364Z env:
shared	HTTP, WSS, Sync and Plugin contracts	2026-10-03T13:42:28.8433597Z   PYTHONDONTWRITEBYTECODE: 1
shared	HTTP, WSS, Sync and Plugin contracts	2026-10-03T13:42:28.8433822Z ##[endgroup]
shared	HTTP, WSS, Sync and Plugin contracts	2026-10-03T13:42:50.0890513Z PASS: Auth/User/Friend contracts verified paths=9 operations=9 error_codes=15 positive=6 negative=21 profiles=go,java schema_lint=OAI-OpenAPI-3.1-2026-08-03 mutation_regressions=15.
shared	HTTP, WSS, Sync and Plugin contracts	2026-10-03T13:42:50.1542206Z PASS: canonical external refs, HTTPS/Auth/error/pagination binding and official OpenAPI 3.1 lint; no runtime acceptance claimed
shared	HTTP, WSS, Sync and Plugin contracts	2026-10-03T13:42:50.2213320Z ....
shared	HTTP, WSS, Sync and Plugin contracts	2026-10-03T13:42:50.2214047Z ----------------------------------------------------------------------
shared	HTTP, WSS, Sync and Plugin contracts	2026-10-03T13:42:50.2214418Z Ran 4 tests in 0.006s
shared	HTTP, WSS, Sync and Plugin contracts	2026-10-03T13:42:50.2214593Z 
shared	HTTP, WSS, Sync and Plugin contracts	2026-10-03T13:42:50.2214845Z OK
shared	HTTP, WSS, Sync and Plugin contracts	2026-10-03T13:42:50.2772766Z PASS WSS v1: 8 positive, 10 negative shared Go/Java scenarios; 18 schema and 26 behavior mutations rejected
shared	HTTP, WSS, Sync and Plugin contracts	2026-10-03T13:42:50.3220029Z PASS: Sync/Plugin v1 schemas, 79 distinct Go/Java outcome artifacts (22 positive, 57 negative), SP-A-001..013, 16 mutation controls
shared	Post Run actions/setup-node@v4	﻿2026-10-03T13:42:50.9446989Z Post job cleanup.
shared	Post Run actions/setup-node@v4	2026-10-03T13:42:51.0265271Z (node:2283) [DEP0040] DeprecationWarning: The `punycode` module is deprecated. Please use a userland alternative instead.
shared	Post Run actions/setup-node@v4	2026-10-03T13:42:51.0265791Z (Use `node --trace-deprecation ...` to show where the warning was created)
shared	Post Run actions/checkout@v4	﻿2026-10-03T13:42:51.0457509Z Post job cleanup.
shared	Post Run actions/checkout@v4	2026-10-03T13:42:51.1057146Z [command]/usr/bin/git version
shared	Post Run actions/checkout@v4	2026-10-03T13:42:51.1091709Z git version 2.55.0
shared	Post Run actions/checkout@v4	2026-10-03T13:42:51.1116841Z Temporarily overriding HOME='/home/runner/work/_temp/1c200160-b807-4952-92bc-96918eca1958' before making global git config changes
shared	Post Run actions/checkout@v4	2026-10-03T13:42:51.1117721Z Adding repository directory to the temporary git global config as a safe directory
shared	Post Run actions/checkout@v4	2026-10-03T13:42:51.1122103Z [command]/usr/bin/git config --global --add safe.directory /home/runner/work/IM-platform/IM-platform
shared	Post Run actions/checkout@v4	2026-10-03T13:42:51.1154854Z [command]/usr/bin/git config --local --name-only --get-regexp core\.sshCommand
shared	Post Run actions/checkout@v4	2026-10-03T13:42:51.1186136Z [command]/usr/bin/git submodule foreach --recursive sh -c "git config --local --name-only --get-regexp 'core\.sshCommand' && git config --local --unset-all 'core.sshCommand' || :"
shared	Post Run actions/checkout@v4	2026-10-03T13:42:51.1411240Z [command]/usr/bin/git config --local --name-only --get-regexp http\.https\:\/\/github\.com\/\.extraheader
shared	Post Run actions/checkout@v4	2026-10-03T13:42:51.1442301Z http.https://github.com/.extraheader
shared	Post Run actions/checkout@v4	2026-10-03T13:42:51.1461735Z [command]/usr/bin/git config --local --unset-all http.https://github.com/.extraheader
shared	Post Run actions/checkout@v4	2026-10-03T13:42:51.1487700Z [command]/usr/bin/git submodule foreach --recursive sh -c "git config --local --name-only --get-regexp 'http\.https\:\/\/github\.com\/\.extraheader' && git config --local --unset-all 'http.https://github.com/.extraheader' || :"
shared	Post Run actions/checkout@v4	2026-10-03T13:42:51.1701727Z [command]/usr/bin/git config --local --name-only --get-regexp ^includeIf\.gitdir:
shared	Post Run actions/checkout@v4	2026-10-03T13:42:51.1731931Z [command]/usr/bin/git submodule foreach --recursive git config --local --show-origin --name-only --get-regexp remote.origin.url
shared	Complete job	﻿2026-10-03T13:42:51.2042358Z Cleaning up orphan processes
shared	Complete job	2026-10-03T13:42:51.2285620Z ##[warning]Node.js 20 is deprecated. The following actions target Node.js 20 but are being forced to run on Node.js 24: actions/checkout@v4, actions/setup-node@v4. For more information see: https://github.blog/changelog/2025-09-19-deprecation-of-node-20-on-github-actions-runners/
