classify	Set up job	﻿2026-10-03T13:55:13.0076637Z Current runner version: '2.337.0'
classify	Set up job	2026-10-03T13:55:13.0104261Z ##[group]Runner Image Provisioner
classify	Set up job	2026-10-03T13:55:13.0105236Z Hosted Compute Agent
classify	Set up job	2026-10-03T13:55:13.0105939Z Version: 20260901.588
classify	Set up job	2026-10-03T13:55:13.0106634Z Commit: f88ec8081b781fac6c440065ac7ff9e710ce3d0b
classify	Set up job	2026-10-03T13:55:13.0107465Z Build Date: 2026-09-01T19:56:44Z
classify	Set up job	2026-10-03T13:55:13.0108210Z Worker ID: {34fad281-d356-480d-ba98-aa5a54aeb680}
classify	Set up job	2026-10-03T13:55:13.0109044Z Azure Region: centralus
classify	Set up job	2026-10-03T13:55:13.0109715Z ##[endgroup]
classify	Set up job	2026-10-03T13:55:13.0111266Z ##[group]Operating System
classify	Set up job	2026-10-03T13:55:13.0112006Z Ubuntu
classify	Set up job	2026-10-03T13:55:13.0112578Z 24.04.5
classify	Set up job	2026-10-03T13:55:13.0113109Z LTS
classify	Set up job	2026-10-03T13:55:13.0113774Z ##[endgroup]
classify	Set up job	2026-10-03T13:55:13.0114364Z ##[group]Runner Image
classify	Set up job	2026-10-03T13:55:13.0115030Z Image: ubuntu-24.04
classify	Set up job	2026-10-03T13:55:13.0115654Z Version: 20260927.320.1
classify	Set up job	2026-10-03T13:55:13.0116779Z Included Software: https://github.com/actions/runner-images/blob/ubuntu24/20260927.320/images/ubuntu/Ubuntu2404-Readme.md
classify	Set up job	2026-10-03T13:55:13.0118606Z Image Release: https://github.com/actions/runner-images/releases/tag/ubuntu24%2F20260927.320
classify	Set up job	2026-10-03T13:55:13.0119638Z ##[endgroup]
classify	Set up job	2026-10-03T13:55:13.0121125Z ##[group]GITHUB_TOKEN Permissions
classify	Set up job	2026-10-03T13:55:13.0123537Z Contents: read
classify	Set up job	2026-10-03T13:55:13.0124199Z Metadata: read
classify	Set up job	2026-10-03T13:55:13.0124780Z ##[endgroup]
classify	Set up job	2026-10-03T13:55:13.0126955Z Secret source: Actions
classify	Set up job	2026-10-03T13:55:13.0127944Z Cache mode: write
classify	Set up job	2026-10-03T13:55:13.0129280Z Prepare workflow directory
classify	Set up job	2026-10-03T13:55:13.0473265Z Prepare all required actions
classify	Set up job	2026-10-03T13:55:13.0525975Z Getting action download info
classify	Set up job	2026-10-03T13:55:13.3821747Z Download action repository 'actions/checkout@v4' (SHA:11d5960a326750d5838078e36cf38b85af677262)
classify	Set up job	2026-10-03T13:55:13.5809743Z Complete job name: classify
classify	Run actions/checkout@v4	﻿2026-10-03T13:55:13.6573185Z ##[group]Run actions/checkout@v4
classify	Run actions/checkout@v4	2026-10-03T13:55:13.6574049Z with:
classify	Run actions/checkout@v4	2026-10-03T13:55:13.6574499Z   fetch-depth: 0
classify	Run actions/checkout@v4	2026-10-03T13:55:13.6575004Z   ref: 6f9341276c6481e982c2a9b2f2d490b76bc1df96
classify	Run actions/checkout@v4	2026-10-03T13:55:13.6575651Z   repository: nilesthump/IM-platform
classify	Run actions/checkout@v4	2026-10-03T13:55:13.6579724Z   token: ***
classify	Run actions/checkout@v4	2026-10-03T13:55:13.6580347Z   ssh-strict: true
classify	Run actions/checkout@v4	2026-10-03T13:55:13.6580810Z   ssh-user: git
classify	Run actions/checkout@v4	2026-10-03T13:55:13.6581267Z   persist-credentials: true
classify	Run actions/checkout@v4	2026-10-03T13:55:13.6581757Z   clean: true
classify	Run actions/checkout@v4	2026-10-03T13:55:13.6582211Z   sparse-checkout-cone-mode: true
classify	Run actions/checkout@v4	2026-10-03T13:55:13.6582734Z   fetch-tags: false
classify	Run actions/checkout@v4	2026-10-03T13:55:13.6583189Z   show-progress: true
classify	Run actions/checkout@v4	2026-10-03T13:55:13.6583638Z   lfs: false
classify	Run actions/checkout@v4	2026-10-03T13:55:13.6584057Z   submodules: false
classify	Run actions/checkout@v4	2026-10-03T13:55:13.6584506Z   set-safe-directory: true
classify	Run actions/checkout@v4	2026-10-03T13:55:13.6585021Z   allow-unsafe-pr-checkout: false
classify	Run actions/checkout@v4	2026-10-03T13:55:13.6585746Z ##[endgroup]
classify	Run actions/checkout@v4	2026-10-03T13:55:13.7623230Z Syncing repository: nilesthump/IM-platform
classify	Run actions/checkout@v4	2026-10-03T13:55:13.7625727Z ##[group]Getting Git version info
classify	Run actions/checkout@v4	2026-10-03T13:55:13.7627027Z Working directory is '/home/runner/work/IM-platform/IM-platform'
classify	Run actions/checkout@v4	2026-10-03T13:55:13.7628119Z [command]/usr/bin/git version
classify	Run actions/checkout@v4	2026-10-03T13:55:13.7676357Z git version 2.55.0
classify	Run actions/checkout@v4	2026-10-03T13:55:13.7698663Z ##[endgroup]
classify	Run actions/checkout@v4	2026-10-03T13:55:13.7713903Z Temporarily overriding HOME='/home/runner/work/_temp/692c65a0-ca36-4a2d-8ea2-fde31d70dfa9' before making global git config changes
classify	Run actions/checkout@v4	2026-10-03T13:55:13.7715919Z Adding repository directory to the temporary git global config as a safe directory
classify	Run actions/checkout@v4	2026-10-03T13:55:13.7718599Z [command]/usr/bin/git config --global --add safe.directory /home/runner/work/IM-platform/IM-platform
classify	Run actions/checkout@v4	2026-10-03T13:55:13.7771997Z Deleting the contents of '/home/runner/work/IM-platform/IM-platform'
classify	Run actions/checkout@v4	2026-10-03T13:55:13.7783669Z ##[group]Initializing the repository
classify	Run actions/checkout@v4	2026-10-03T13:55:13.7794310Z [command]/usr/bin/git init /home/runner/work/IM-platform/IM-platform
classify	Run actions/checkout@v4	2026-10-03T13:55:13.7877134Z hint: Using 'master' as the name for the initial branch. This default branch name
classify	Run actions/checkout@v4	2026-10-03T13:55:13.7878931Z hint: will change to "main" in Git 3.0. To configure the initial branch name
classify	Run actions/checkout@v4	2026-10-03T13:55:13.7880796Z hint: to use in all of your new repositories, which will suppress this warning,
classify	Run actions/checkout@v4	2026-10-03T13:55:13.7882959Z hint: call:
classify	Run actions/checkout@v4	2026-10-03T13:55:13.7883665Z hint:
classify	Run actions/checkout@v4	2026-10-03T13:55:13.7884513Z hint: 	git config --global init.defaultBranch <name>
classify	Run actions/checkout@v4	2026-10-03T13:55:13.7885524Z hint:
classify	Run actions/checkout@v4	2026-10-03T13:55:13.7886475Z hint: Names commonly chosen instead of 'master' are 'main', 'trunk' and
classify	Run actions/checkout@v4	2026-10-03T13:55:13.7887987Z hint: 'development'. The just-created branch can be renamed via this command:
classify	Run actions/checkout@v4	2026-10-03T13:55:13.7889173Z hint:
classify	Run actions/checkout@v4	2026-10-03T13:55:13.7889846Z hint: 	git branch -m <name>
classify	Run actions/checkout@v4	2026-10-03T13:55:13.7890826Z hint:
classify	Run actions/checkout@v4	2026-10-03T13:55:13.7891817Z hint: Disable this message with "git config set advice.defaultBranchName false"
classify	Run actions/checkout@v4	2026-10-03T13:55:13.7893495Z Initialized empty Git repository in /home/runner/work/IM-platform/IM-platform/.git/
classify	Run actions/checkout@v4	2026-10-03T13:55:13.7895953Z [command]/usr/bin/git remote add origin https://github.com/nilesthump/IM-platform
classify	Run actions/checkout@v4	2026-10-03T13:55:13.7940561Z ##[endgroup]
classify	Run actions/checkout@v4	2026-10-03T13:55:13.7941829Z ##[group]Disabling automatic garbage collection
classify	Run actions/checkout@v4	2026-10-03T13:55:13.7945012Z [command]/usr/bin/git config --local gc.auto 0
classify	Run actions/checkout@v4	2026-10-03T13:55:13.7978200Z ##[endgroup]
classify	Run actions/checkout@v4	2026-10-03T13:55:13.7979368Z ##[group]Setting up auth
classify	Run actions/checkout@v4	2026-10-03T13:55:13.7984718Z [command]/usr/bin/git config --local --name-only --get-regexp core\.sshCommand
classify	Run actions/checkout@v4	2026-10-03T13:55:13.8019251Z [command]/usr/bin/git submodule foreach --recursive sh -c "git config --local --name-only --get-regexp 'core\.sshCommand' && git config --local --unset-all 'core.sshCommand' || :"
classify	Run actions/checkout@v4	2026-10-03T13:55:13.8367745Z [command]/usr/bin/git config --local --name-only --get-regexp http\.https\:\/\/github\.com\/\.extraheader
classify	Run actions/checkout@v4	2026-10-03T13:55:13.8409167Z [command]/usr/bin/git submodule foreach --recursive sh -c "git config --local --name-only --get-regexp 'http\.https\:\/\/github\.com\/\.extraheader' && git config --local --unset-all 'http.https://github.com/.extraheader' || :"
classify	Run actions/checkout@v4	2026-10-03T13:55:13.8668761Z [command]/usr/bin/git config --local --name-only --get-regexp ^includeIf\.gitdir:
classify	Run actions/checkout@v4	2026-10-03T13:55:13.8707695Z [command]/usr/bin/git submodule foreach --recursive git config --local --show-origin --name-only --get-regexp remote.origin.url
classify	Run actions/checkout@v4	2026-10-03T13:55:13.8951954Z [command]/usr/bin/git config --local http.https://github.com/.extraheader AUTHORIZATION: basic ***
classify	Run actions/checkout@v4	2026-10-03T13:55:13.8993535Z ##[endgroup]
classify	Run actions/checkout@v4	2026-10-03T13:55:13.8994542Z ##[group]Fetching the repository
classify	Run actions/checkout@v4	2026-10-03T13:55:13.9004145Z [command]/usr/bin/git -c protocol.version=2 fetch --prune --no-recurse-submodules origin +refs/heads/*:refs/remotes/origin/* +refs/tags/*:refs/tags/*
classify	Run actions/checkout@v4	2026-10-03T13:55:16.1162207Z From https://github.com/nilesthump/IM-platform
classify	Run actions/checkout@v4	2026-10-03T13:55:16.1163840Z  * [new branch]      docs/workspace-constraints-20261003 -> origin/docs/workspace-constraints-20261003
classify	Run actions/checkout@v4	2026-10-03T13:55:16.1165466Z  * [new branch]      fix/LOOP1-CI-001-s0-placeholder -> origin/fix/LOOP1-CI-001-s0-placeholder
classify	Run actions/checkout@v4	2026-10-03T13:55:16.1166639Z  * [new branch]      main                   -> origin/main
classify	Run actions/checkout@v4	2026-10-03T13:55:16.1167638Z  * [new branch]      recovery/s1-handoff-20261001 -> origin/recovery/s1-handoff-20261001
classify	Run actions/checkout@v4	2026-10-03T13:55:16.1168877Z  * [new branch]      recovery/s2-open-record-20261001 -> origin/recovery/s2-open-record-20261001
classify	Run actions/checkout@v4	2026-10-03T13:55:16.1170195Z  * [new branch]      rollback/pr7-20261001  -> origin/rollback/pr7-20261001
classify	Run actions/checkout@v4	2026-10-03T13:55:16.1172018Z  * [new branch]      task/LOOP1-ARCH-REMEDIATION -> origin/task/LOOP1-ARCH-REMEDIATION
classify	Run actions/checkout@v4	2026-10-03T13:55:16.1173795Z  * [new branch]      task/LOOP1-CI-001      -> origin/task/LOOP1-CI-001
classify	Run actions/checkout@v4	2026-10-03T13:55:16.1175901Z  * [new branch]      task/LOOP1-CLIENT-ARCH-CLARIFICATION-001 -> origin/task/LOOP1-CLIENT-ARCH-CLARIFICATION-001
classify	Run actions/checkout@v4	2026-10-03T13:55:16.1179388Z  * [new branch]      task/LOOP1-CLIENT-MVP-PLAN-20261003 -> origin/task/LOOP1-CLIENT-MVP-PLAN-20261003
classify	Run actions/checkout@v4	2026-10-03T13:55:16.1181388Z  * [new branch]      task/LOOP1-CLIENT-SEND-001 -> origin/task/LOOP1-CLIENT-SEND-001
classify	Run actions/checkout@v4	2026-10-03T13:55:16.1183138Z  * [new branch]      task/LOOP1-CLIENT-SQLITE-001 -> origin/task/LOOP1-CLIENT-SQLITE-001
classify	Run actions/checkout@v4	2026-10-03T13:55:16.1185210Z  * [new branch]      task/LOOP1-CLIENT-SQLITE-001-ts-kotlin -> origin/task/LOOP1-CLIENT-SQLITE-001-ts-kotlin
classify	Run actions/checkout@v4	2026-10-03T13:55:16.1186596Z  * [new branch]      task/LOOP1-CLIENT-UI-ARCH-001 -> origin/task/LOOP1-CLIENT-UI-ARCH-001
classify	Run actions/checkout@v4	2026-10-03T13:55:16.1187782Z  * [new branch]      task/LOOP1-E2E-001     -> origin/task/LOOP1-E2E-001
classify	Run actions/checkout@v4	2026-10-03T13:55:16.1188770Z  * [new branch]      task/LOOP1-GO-AUTH-001 -> origin/task/LOOP1-GO-AUTH-001
classify	Run actions/checkout@v4	2026-10-03T13:55:16.1189753Z  * [new branch]      task/LOOP1-GO-MSG-001  -> origin/task/LOOP1-GO-MSG-001
classify	Run actions/checkout@v4	2026-10-03T13:55:16.1191695Z  * [new branch]      task/LOOP1-GO-SOCIAL-001-v1.1 -> origin/task/LOOP1-GO-SOCIAL-001-v1.1
classify	Run actions/checkout@v4	2026-10-03T13:55:16.1193619Z  * [new branch]      task/LOOP1-SYNC-001    -> origin/task/LOOP1-SYNC-001
classify	Run actions/checkout@v4	2026-10-03T13:55:16.1197009Z [command]/usr/bin/git rev-parse --verify --quiet 6f9341276c6481e982c2a9b2f2d490b76bc1df96^{object}
classify	Run actions/checkout@v4	2026-10-03T13:55:16.1217211Z 6f9341276c6481e982c2a9b2f2d490b76bc1df96
classify	Run actions/checkout@v4	2026-10-03T13:55:16.1222844Z ##[endgroup]
classify	Run actions/checkout@v4	2026-10-03T13:55:16.1224054Z ##[group]Determining the checkout info
classify	Run actions/checkout@v4	2026-10-03T13:55:16.1225416Z ##[endgroup]
classify	Run actions/checkout@v4	2026-10-03T13:55:16.1233116Z [command]/usr/bin/git sparse-checkout disable
classify	Run actions/checkout@v4	2026-10-03T13:55:16.1295528Z [command]/usr/bin/git config --local --unset-all extensions.worktreeConfig
classify	Run actions/checkout@v4	2026-10-03T13:55:16.1348347Z ##[group]Checking out the ref
classify	Run actions/checkout@v4	2026-10-03T13:55:16.1349449Z [command]/usr/bin/git checkout --progress --force 6f9341276c6481e982c2a9b2f2d490b76bc1df96
classify	Run actions/checkout@v4	2026-10-03T13:55:16.6964354Z Note: switching to '6f9341276c6481e982c2a9b2f2d490b76bc1df96'.
classify	Run actions/checkout@v4	2026-10-03T13:55:16.6965968Z 
classify	Run actions/checkout@v4	2026-10-03T13:55:16.6966393Z You are in 'detached HEAD' state. You can look around, make experimental
classify	Run actions/checkout@v4	2026-10-03T13:55:16.6967283Z changes and commit them, and you can discard any commits you make in this
classify	Run actions/checkout@v4	2026-10-03T13:55:16.6967928Z state without impacting any branches by switching back to a branch.
classify	Run actions/checkout@v4	2026-10-03T13:55:16.6968618Z 
classify	Run actions/checkout@v4	2026-10-03T13:55:16.6968866Z If you want to create a new branch to retain commits you create, you may
classify	Run actions/checkout@v4	2026-10-03T13:55:16.6969444Z do so (now or later) by using -c with the switch command. Example:
classify	Run actions/checkout@v4	2026-10-03T13:55:16.6969768Z 
classify	Run actions/checkout@v4	2026-10-03T13:55:16.6970166Z   git switch -c <new-branch-name>
classify	Run actions/checkout@v4	2026-10-03T13:55:16.6970425Z 
classify	Run actions/checkout@v4	2026-10-03T13:55:16.6970596Z Or undo this operation with:
classify	Run actions/checkout@v4	2026-10-03T13:55:16.6970812Z 
classify	Run actions/checkout@v4	2026-10-03T13:55:16.6970962Z   git switch -
classify	Run actions/checkout@v4	2026-10-03T13:55:16.6971168Z 
classify	Run actions/checkout@v4	2026-10-03T13:55:16.6971496Z Turn off this advice by setting config variable advice.detachedHead to false
classify	Run actions/checkout@v4	2026-10-03T13:55:16.6971861Z 
classify	Run actions/checkout@v4	2026-10-03T13:55:16.6972150Z HEAD is now at 6f93412 Merge pull request #20 from nilesthump/task/LOOP1-SYNC-001
classify	Run actions/checkout@v4	2026-10-03T13:55:16.6996865Z ##[endgroup]
classify	Run actions/checkout@v4	2026-10-03T13:55:16.7052122Z [command]/usr/bin/git log -1 --format=%H
classify	Run actions/checkout@v4	2026-10-03T13:55:16.7088708Z 6f9341276c6481e982c2a9b2f2d490b76bc1df96
classify	Diagnose checkout status	﻿2026-10-03T13:55:16.7307936Z ##[group]Run $status = @(git -c core.excludesFile=.git/info/exclude status --porcelain=v1 --untracked-files=all 2>&1)
classify	Diagnose checkout status	2026-10-03T13:55:16.7308922Z ^[[36;1m$status = @(git -c core.excludesFile=.git/info/exclude status --porcelain=v1 --untracked-files=all 2>&1)^[[0m
classify	Diagnose checkout status	2026-10-03T13:55:16.7309599Z ^[[36;1mif ($LASTEXITCODE -ne 0) { exit $LASTEXITCODE }^[[0m
classify	Diagnose checkout status	2026-10-03T13:55:16.7310332Z ^[[36;1mWrite-Host "checkout_status_entries=$($status.Count)"^[[0m
classify	Diagnose checkout status	2026-10-03T13:55:16.7310842Z ^[[36;1mforeach ($entry in $status) { Write-Host "checkout_status=$entry" }^[[0m
classify	Diagnose checkout status	2026-10-03T13:55:16.7341945Z shell: /usr/bin/pwsh -command ". '{0}'"
classify	Diagnose checkout status	2026-10-03T13:55:16.7342355Z ##[endgroup]
classify	Diagnose checkout status	2026-10-03T13:55:22.4774013Z checkout_status_entries=0
classify	Verify clean repository recovery	﻿2026-10-03T13:55:22.7568807Z ##[group]Run ./tools/verify-loop1-ctrl-002.ps1 -Mode Acceptance
classify	Verify clean repository recovery	2026-10-03T13:55:22.7569320Z ^[[36;1m./tools/verify-loop1-ctrl-002.ps1 -Mode Acceptance^[[0m
classify	Verify clean repository recovery	2026-10-03T13:55:22.7596361Z shell: /usr/bin/pwsh -command ". '{0}'"
classify	Verify clean repository recovery	2026-10-03T13:55:22.7596669Z ##[endgroup]
classify	Verify clean repository recovery	2026-10-03T13:55:42.6891096Z PASS: generic repository recovery verified task=LOOP1-SYNC-GO-001 state=review mode=Acceptance queues=5 task_specs=30.
classify	Verify clean repository recovery	2026-10-03T13:55:42.6900254Z GIT: branch=HEAD status_entries=0 diff_lines=0 recent_commits=5.
classify	Test path matrix	﻿2026-10-03T13:55:42.7453483Z ##[group]Run python3 -m unittest discover -s tests/ci -v
classify	Test path matrix	2026-10-03T13:55:42.7453931Z ^[[36;1mpython3 -m unittest discover -s tests/ci -v^[[0m
classify	Test path matrix	2026-10-03T13:55:42.7524434Z shell: /usr/bin/bash -e {0}
classify	Test path matrix	2026-10-03T13:55:42.7595679Z env:
classify	Test path matrix	2026-10-03T13:55:42.7595955Z   PYTHONDONTWRITEBYTECODE: 1
classify	Test path matrix	2026-10-03T13:55:42.7596232Z ##[endgroup]
classify	Test path matrix	2026-10-03T13:55:42.9717938Z test_actual_storage_runner_and_deleted_fixture_select_actual_clients (test_classify.ClientStoragePaths.test_actual_storage_runner_and_deleted_fixture_select_actual_clients) ... ok
classify	Test path matrix	2026-10-03T13:55:42.9719425Z test_ci_changes_run_all_jobs (test_classify.PathMatrixTests.test_ci_changes_run_all_jobs) ... ok
classify	Test path matrix	2026-10-03T13:55:42.9720558Z test_client_changes_always_select_architecture (test_classify.PathMatrixTests.test_client_changes_always_select_architecture) ... ok
classify	Test path matrix	2026-10-03T13:55:43.0012537Z test_deleted_e2e_path_still_selects_live_checks (test_classify.PathMatrixTests.test_deleted_e2e_path_still_selects_live_checks) ... ok
classify	Test path matrix	2026-10-03T13:55:43.0273191Z test_deleted_send_fixture_still_runs_actual_checks (test_classify.PathMatrixTests.test_deleted_send_fixture_still_runs_actual_checks) ... ok
classify	Test path matrix	2026-10-03T13:55:43.0274963Z test_deploy_changes_run_deploy_validation (test_classify.PathMatrixTests.test_deploy_changes_run_deploy_validation) ... ok
classify	Test path matrix	2026-10-03T13:55:43.0276441Z test_e2e_paths_select_go_deploy_and_boundaries (test_classify.PathMatrixTests.test_e2e_paths_select_go_deploy_and_boundaries) ... ok
classify	Test path matrix	2026-10-03T13:55:43.1068555Z test_git_diff_includes_both_sides_of_shared_renames (test_classify.PathMatrixTests.test_git_diff_includes_both_sides_of_shared_renames) ... ok
classify	Test path matrix	2026-10-03T13:55:43.1331428Z test_git_diff_includes_deleted_shared_file (test_classify.PathMatrixTests.test_git_diff_includes_deleted_shared_file) ... ok
classify	Test path matrix	2026-10-03T13:55:43.1340334Z test_github_outputs_are_lowercase_booleans (test_classify.PathMatrixTests.test_github_outputs_are_lowercase_booleans) ... ok
classify	Test path matrix	2026-10-03T13:55:43.1342447Z test_governance_changes_cannot_skip_architecture (test_classify.PathMatrixTests.test_governance_changes_cannot_skip_architecture) ... ok
classify	Test path matrix	2026-10-03T13:55:43.1618419Z test_governance_deleted_and_renamed_paths_still_trigger (test_classify.PathMatrixTests.test_governance_deleted_and_renamed_paths_still_trigger) ... ok
classify	Test path matrix	2026-10-03T13:55:43.1620151Z test_profile_and_client_changes_are_local (test_classify.PathMatrixTests.test_profile_and_client_changes_are_local) ... ok
classify	Test path matrix	2026-10-03T13:55:43.1621285Z test_rejects_paths_outside_repo (test_classify.PathMatrixTests.test_rejects_paths_outside_repo) ... ok
classify	Test path matrix	2026-10-03T13:55:43.1622631Z test_send_verification_paths_select_actual_runtimes (test_classify.PathMatrixTests.test_send_verification_paths_select_actual_runtimes) ... ok
classify	Test path matrix	2026-10-03T13:55:43.1624810Z test_shared_changes_fan_out_to_full_compatibility (test_classify.PathMatrixTests.test_shared_changes_fan_out_to_full_compatibility) ... ok
classify	Test path matrix	2026-10-03T13:55:43.1626061Z test_union_and_deleted_paths (test_classify.PathMatrixTests.test_union_and_deleted_paths) ... ok
classify	Test path matrix	2026-10-03T13:55:43.1627346Z test_unrelated_files_do_not_schedule_product_jobs (test_classify.PathMatrixTests.test_unrelated_files_do_not_schedule_product_jobs) ... ok
classify	Test path matrix	2026-10-03T13:55:43.1628990Z test_architecture_jobs_missing_invalid_skipped_failed_cancelled (test_gate.GateTests.test_architecture_jobs_missing_invalid_skipped_failed_cancelled) ... ok
classify	Test path matrix	2026-10-03T13:55:43.1630633Z test_classifier_failure_fails_gate (test_gate.GateTests.test_classifier_failure_fails_gate) ... ok
classify	Test path matrix	2026-10-03T13:55:43.1631666Z test_selected_job_must_succeed (test_gate.GateTests.test_selected_job_must_succeed) ... ok
classify	Test path matrix	2026-10-03T13:55:43.1632833Z test_shared_subchecks_require_compatibility (test_gate.GateTests.test_shared_subchecks_require_compatibility) ... ok
classify	Test path matrix	2026-10-03T13:55:43.1634389Z test_recursive_live_go_verification_and_role_smoke_present (test_go_regression.GoRegressionTests.test_recursive_live_go_verification_and_role_smoke_present) ... ok
classify	Test path matrix	2026-10-03T13:55:43.1636117Z test_role_smoke_change_and_deletion_select_actual_jobs (test_go_regression.GoRegressionTests.test_role_smoke_change_and_deletion_select_actual_jobs) ... ok
classify	Test path matrix	2026-10-03T13:55:43.1791466Z test_websocket_upgrade_eof_terminates (test_go_regression.GoRegressionTests.test_websocket_upgrade_eof_terminates) ... ok
classify	Test path matrix	2026-10-03T13:55:43.1793133Z test_all_affected_workflow_jobs_use_boundary_checker (test_s0_boundary.S0BoundaryTests.test_all_affected_workflow_jobs_use_boundary_checker) ... ok
classify	Test path matrix	2026-10-03T13:55:43.1809316Z test_allowed_entry_name_is_only_allowed_at_profile_root (test_s0_boundary.S0BoundaryTests.test_allowed_entry_name_is_only_allowed_at_profile_root) ... ok
classify	Test path matrix	2026-10-03T13:55:43.1810966Z test_allowed_name_and_profile_root_symlink_checks_without_os_link_privilege (test_s0_boundary.S0BoundaryTests.test_allowed_name_and_profile_root_symlink_checks_without_os_link_privilege) ... ok
classify	Test path matrix	2026-10-03T13:55:43.1856760Z test_committed_skeleton_contains_no_unexpected_source (test_s0_boundary.S0BoundaryTests.test_committed_skeleton_contains_no_unexpected_source) ... ok
classify	Test path matrix	2026-10-03T13:55:43.1920927Z test_empty_markers_are_ignored_but_new_source_is_rejected (test_s0_boundary.S0BoundaryTests.test_empty_markers_are_ignored_but_new_source_is_rejected) ... ok
classify	Test path matrix	2026-10-03T13:55:43.1944646Z test_symlinks_cannot_hide_behind_allowed_names_or_profile_root (test_s0_boundary.S0BoundaryTests.test_symlinks_cannot_hide_behind_allowed_names_or_profile_root) ... ok
classify	Test path matrix	2026-10-03T13:55:43.1947257Z test_rejects_runner_context_at_deploy_job_env (test_workflow_context.WorkflowContextTests.test_rejects_runner_context_at_deploy_job_env) ... ok
classify	Test path matrix	2026-10-03T13:55:43.1949007Z test_runner_context_is_absent_from_job_env (test_workflow_context.WorkflowContextTests.test_runner_context_is_absent_from_job_env) ... ok
classify	Test path matrix	2026-10-03T13:55:43.1950162Z 
classify	Test path matrix	2026-10-03T13:55:43.1950301Z {
classify	Test path matrix	2026-10-03T13:55:43.1950594Z   "paths": [
classify	Test path matrix	2026-10-03T13:55:43.1950929Z     "contracts/errors/x.json"
classify	Test path matrix	2026-10-03T13:55:43.1951300Z   ],
classify	Test path matrix	2026-10-03T13:55:43.1951576Z   "jobs": {
classify	Test path matrix	2026-10-03T13:55:43.1951871Z     "go": true,
classify	Test path matrix	2026-10-03T13:55:43.1952194Z     "java": true,
classify	Test path matrix	2026-10-03T13:55:43.1952518Z     "web": true,
classify	Test path matrix	2026-10-03T13:55:43.1952833Z     "desktop": true,
classify	Test path matrix	2026-10-03T13:55:43.1953173Z     "mobile": true,
classify	Test path matrix	2026-10-03T13:55:43.1953488Z     "shared": true,
classify	Test path matrix	2026-10-03T13:55:43.1953800Z     "old_client": true,
classify	Test path matrix	2026-10-03T13:55:43.1954133Z     "plugin": true,
classify	Test path matrix	2026-10-03T13:55:43.1954449Z     "migration": true,
classify	Test path matrix	2026-10-03T13:55:43.1954800Z     "compatibility": true,
classify	Test path matrix	2026-10-03T13:55:43.1955156Z     "deploy": false,
classify	Test path matrix	2026-10-03T13:55:43.1955499Z     "architecture": true,
classify	Test path matrix	2026-10-03T13:55:43.1955853Z     "source_go": true,
classify	Test path matrix	2026-10-03T13:55:43.1956188Z     "source_java": true
classify	Test path matrix	2026-10-03T13:55:43.1956515Z   }
classify	Test path matrix	2026-10-03T13:55:43.1956785Z }
classify	Test path matrix	2026-10-03T13:55:43.1957444Z ----------------------------------------------------------------------
classify	Test path matrix	2026-10-03T13:55:43.1958121Z Ran 33 tests in 0.223s
classify	Test path matrix	2026-10-03T13:55:43.1958444Z 
classify	Test path matrix	2026-10-03T13:55:43.1958706Z OK
classify	Classify full diff, including deletions	﻿2026-10-03T13:55:43.2149305Z ##[group]Run base="$BASE_SHA"
classify	Classify full diff, including deletions	2026-10-03T13:55:43.2149631Z ^[[36;1mbase="$BASE_SHA"^[[0m
classify	Classify full diff, including deletions	2026-10-03T13:55:43.2150157Z ^[[36;1mif [[ -z "$base" || "$base" =~ ^0+$ ]]; then^[[0m
classify	Classify full diff, including deletions	2026-10-03T13:55:43.2150512Z ^[[36;1m  base=$(git hash-object -t tree /dev/null)^[[0m
classify	Classify full diff, including deletions	2026-10-03T13:55:43.2150799Z ^[[36;1mfi^[[0m
classify	Classify full diff, including deletions	2026-10-03T13:55:43.2151182Z ^[[36;1mpython3 ci/classify.py --base "$base" --head "$HEAD_SHA" --github-output "$GITHUB_OUTPUT"^[[0m
classify	Classify full diff, including deletions	2026-10-03T13:55:43.2221384Z shell: /usr/bin/bash --noprofile --norc -e -o pipefail {0}
classify	Classify full diff, including deletions	2026-10-03T13:55:43.2221745Z env:
classify	Classify full diff, including deletions	2026-10-03T13:55:43.2221991Z   BASE_SHA: 4d5fe1235e4f01111d78cc67b2880b52cac072f2
classify	Classify full diff, including deletions	2026-10-03T13:55:43.2222347Z   HEAD_SHA: 6f9341276c6481e982c2a9b2f2d490b76bc1df96
classify	Classify full diff, including deletions	2026-10-03T13:55:43.2222643Z   PYTHONDONTWRITEBYTECODE: 1
classify	Classify full diff, including deletions	2026-10-03T13:55:43.2222887Z ##[endgroup]
classify	Classify full diff, including deletions	2026-10-03T13:55:43.2632067Z {
classify	Classify full diff, including deletions	2026-10-03T13:55:43.2632596Z   "paths": [
classify	Classify full diff, including deletions	2026-10-03T13:55:43.2633019Z     ".github/workflows/ci.yml",
classify	Classify full diff, including deletions	2026-10-03T13:55:43.2633551Z     "backend/go/core/auth.go",
classify	Classify full diff, including deletions	2026-10-03T13:55:43.2634111Z     "backend/go/core/sync.go",
classify	Classify full diff, including deletions	2026-10-03T13:55:43.2634873Z     "backend/go/core/sync_http_test.go",
classify	Classify full diff, including deletions	2026-10-03T13:55:43.2635319Z     "spec/progress/current.md",
classify	Classify full diff, including deletions	2026-10-03T13:55:43.2635877Z     "spec/progress/evidence/LOOP1-SYNC-GO-001/human-consent.md",
classify	Classify full diff, including deletions	2026-10-03T13:55:43.2636752Z     "spec/progress/evidence/LOOP1-SYNC-GO-001/implementation/handoff.md",
classify	Classify full diff, including deletions	2026-10-03T13:55:43.2637683Z     "spec/progress/evidence/LOOP1-SYNC-GO-001/implementation/recorder/archive-manifest.json",
classify	Classify full diff, including deletions	2026-10-03T13:55:43.2638988Z     "spec/progress/evidence/LOOP1-SYNC-GO-001/implementation/recorder/prompts/P-SYNC-GO-IMPLEMENTATION-20261003/metadata.json",
classify	Classify full diff, including deletions	2026-10-03T13:55:43.2640680Z     "spec/progress/evidence/LOOP1-SYNC-GO-001/implementation/recorder/prompts/P-SYNC-GO-IMPLEMENTATION-20261003/prompt.txt",
classify	Classify full diff, including deletions	2026-10-03T13:55:43.2642299Z     "spec/progress/evidence/LOOP1-SYNC-GO-001/implementation/recorder/runs/R-SYNC-GO-IMPLEMENTATION-20261003/blobs/C-01efdebe-e328-4f14-9eb4-d4adce00786d.stderr.txt",
classify	Classify full diff, including deletions	2026-10-03T13:55:43.2644122Z     "spec/progress/evidence/LOOP1-SYNC-GO-001/implementation/recorder/runs/R-SYNC-GO-IMPLEMENTATION-20261003/blobs/C-01efdebe-e328-4f14-9eb4-d4adce00786d.stdout.txt",
classify	Classify full diff, including deletions	2026-10-03T13:55:43.2646093Z     "spec/progress/evidence/LOOP1-SYNC-GO-001/implementation/recorder/runs/R-SYNC-GO-IMPLEMENTATION-20261003/blobs/C-037bb8a7-2e34-415c-8f1b-ee5556c7f323.stderr.txt",
classify	Classify full diff, including deletions	2026-10-03T13:55:43.2648008Z     "spec/progress/evidence/LOOP1-SYNC-GO-001/implementation/recorder/runs/R-SYNC-GO-IMPLEMENTATION-20261003/blobs/C-037bb8a7-2e34-415c-8f1b-ee5556c7f323.stdout.txt",
classify	Classify full diff, including deletions	2026-10-03T13:55:43.2650054Z     "spec/progress/evidence/LOOP1-SYNC-GO-001/implementation/recorder/runs/R-SYNC-GO-IMPLEMENTATION-20261003/blobs/C-043405be-8dc6-4872-b945-db2b69c83d7e.stderr.txt",
classify	Classify full diff, including deletions	2026-10-03T13:55:43.2651826Z     "spec/progress/evidence/LOOP1-SYNC-GO-001/implementation/recorder/runs/R-SYNC-GO-IMPLEMENTATION-20261003/blobs/C-043405be-8dc6-4872-b945-db2b69c83d7e.stdout.txt",
classify	Classify full diff, including deletions	2026-10-03T13:55:43.2653658Z     "spec/progress/evidence/LOOP1-SYNC-GO-001/implementation/recorder/runs/R-SYNC-GO-IMPLEMENTATION-20261003/blobs/C-09a5cd32-fa7a-4d53-9ce9-c354b620296e.stderr.txt",
classify	Classify full diff, including deletions	2026-10-03T13:55:43.2655559Z     "spec/progress/evidence/LOOP1-SYNC-GO-001/implementation/recorder/runs/R-SYNC-GO-IMPLEMENTATION-20261003/blobs/C-09a5cd32-fa7a-4d53-9ce9-c354b620296e.stdout.txt",
classify	Classify full diff, including deletions	2026-10-03T13:55:43.2657502Z     "spec/progress/evidence/LOOP1-SYNC-GO-001/implementation/recorder/runs/R-SYNC-GO-IMPLEMENTATION-20261003/blobs/C-0a047aa0-51af-4610-8424-22d25381bf6f.stderr.txt",
classify	Classify full diff, including deletions	2026-10-03T13:55:43.2659402Z     "spec/progress/evidence/LOOP1-SYNC-GO-001/implementation/recorder/runs/R-SYNC-GO-IMPLEMENTATION-20261003/blobs/C-0a047aa0-51af-4610-8424-22d25381bf6f.stdout.txt",
classify	Classify full diff, including deletions	2026-10-03T13:55:43.2661448Z     "spec/progress/evidence/LOOP1-SYNC-GO-001/implementation/recorder/runs/R-SYNC-GO-IMPLEMENTATION-20261003/blobs/C-0c3778fb-1f33-4862-b745-2ae768526e39.stderr.txt",
classify	Classify full diff, including deletions	2026-10-03T13:55:43.2663397Z     "spec/progress/evidence/LOOP1-SYNC-GO-001/implementation/recorder/runs/R-SYNC-GO-IMPLEMENTATION-20261003/blobs/C-0c3778fb-1f33-4862-b745-2ae768526e39.stdout.txt",
classify	Classify full diff, including deletions	2026-10-03T13:55:43.2665544Z     "spec/progress/evidence/LOOP1-SYNC-GO-001/implementation/recorder/runs/R-SYNC-GO-IMPLEMENTATION-20261003/blobs/C-0c99d43a-ef26-4206-88a9-45a95d0b93f5.stderr.txt",
classify	Classify full diff, including deletions	2026-10-03T13:55:43.2667447Z     "spec/progress/evidence/LOOP1-SYNC-GO-001/implementation/recorder/runs/R-SYNC-GO-IMPLEMENTATION-20261003/blobs/C-0c99d43a-ef26-4206-88a9-45a95d0b93f5.stdout.txt",
classify	Classify full diff, including deletions	2026-10-03T13:55:43.2669339Z     "spec/progress/evidence/LOOP1-SYNC-GO-001/implementation/recorder/runs/R-SYNC-GO-IMPLEMENTATION-20261003/blobs/C-0f434c56-1e33-40d1-bc42-b3f0e081773b.stderr.txt",
classify	Classify full diff, including deletions	2026-10-03T13:55:43.2671356Z     "spec/progress/evidence/LOOP1-SYNC-GO-001/implementation/recorder/runs/R-SYNC-GO-IMPLEMENTATION-20261003/blobs/C-0f434c56-1e33-40d1-bc42-b3f0e081773b.stdout.txt",
classify	Classify full diff, including deletions	2026-10-03T13:55:43.2673207Z     "spec/progress/evidence/LOOP1-SYNC-GO-001/implementation/recorder/runs/R-SYNC-GO-IMPLEMENTATION-20261003/blobs/C-11edc63b-35a1-4535-b039-c6915240f4cb.stderr.txt",
classify	Classify full diff, including deletions	2026-10-03T13:55:43.2675303Z     "spec/progress/evidence/LOOP1-SYNC-GO-001/implementation/recorder/runs/R-SYNC-GO-IMPLEMENTATION-20261003/blobs/C-11edc63b-35a1-4535-b039-c6915240f4cb.stdout.txt",
classify	Classify full diff, including deletions	2026-10-03T13:55:43.2677186Z     "spec/progress/evidence/LOOP1-SYNC-GO-001/implementation/recorder/runs/R-SYNC-GO-IMPLEMENTATION-20261003/blobs/C-121707e2-6e31-400a-974f-2be8bcb30089.stderr.txt",
classify	Classify full diff, including deletions	2026-10-03T13:55:43.2678904Z     "spec/progress/evidence/LOOP1-SYNC-GO-001/implementation/recorder/runs/R-SYNC-GO-IMPLEMENTATION-20261003/blobs/C-121707e2-6e31-400a-974f-2be8bcb30089.stdout.txt",
classify	Classify full diff, including deletions	2026-10-03T13:55:43.2680749Z     "spec/progress/evidence/LOOP1-SYNC-GO-001/implementation/recorder/runs/R-SYNC-GO-IMPLEMENTATION-20261003/blobs/C-158cd6a4-d087-4251-b463-7944d02f70ad.stderr.txt",
classify	Classify full diff, including deletions	2026-10-03T13:55:43.2682485Z     "spec/progress/evidence/LOOP1-SYNC-GO-001/implementation/recorder/runs/R-SYNC-GO-IMPLEMENTATION-20261003/blobs/C-158cd6a4-d087-4251-b463-7944d02f70ad.stdout.txt",
classify	Classify full diff, including deletions	2026-10-03T13:55:43.2684303Z     "spec/progress/evidence/LOOP1-SYNC-GO-001/implementation/recorder/runs/R-SYNC-GO-IMPLEMENTATION-20261003/blobs/C-25118c42-c2f5-45b8-81c1-e8ad8f6dedeb.stderr.txt",
classify	Classify full diff, including deletions	2026-10-03T13:55:43.2686166Z     "spec/progress/evidence/LOOP1-SYNC-GO-001/implementation/recorder/runs/R-SYNC-GO-IMPLEMENTATION-20261003/blobs/C-25118c42-c2f5-45b8-81c1-e8ad8f6dedeb.stdout.txt",
classify	Classify full diff, including deletions	2026-10-03T13:55:43.2687694Z     "spec/progress/evidence/LOOP1-SYNC-GO-001/implementation/recorder/runs/R-SYNC-GO-IMPLEMENTATION-20261003/blobs/C-256111a5-3672-4ca9-ba26-811e67bef4d4.stderr.txt",
classify	Classify full diff, including deletions	2026-10-03T13:55:43.2688817Z     "spec/progress/evidence/LOOP1-SYNC-GO-001/implementation/recorder/runs/R-SYNC-GO-IMPLEMENTATION-20261003/blobs/C-256111a5-3672-4ca9-ba26-811e67bef4d4.stdout.txt",
classify	Classify full diff, including deletions	2026-10-03T13:55:43.2690508Z     "spec/progress/evidence/LOOP1-SYNC-GO-001/implementation/recorder/runs/R-SYNC-GO-IMPLEMENTATION-20261003/blobs/C-28238319-f5f1-47ae-b862-f320e901ef94.stderr.txt",
classify	Classify full diff, including deletions	2026-10-03T13:55:43.2692107Z     "spec/progress/evidence/LOOP1-SYNC-GO-001/implementation/recorder/runs/R-SYNC-GO-IMPLEMENTATION-20261003/blobs/C-28238319-f5f1-47ae-b862-f320e901ef94.stdout.txt",
classify	Classify full diff, including deletions	2026-10-03T13:55:43.2693261Z     "spec/progress/evidence/LOOP1-SYNC-GO-001/implementation/recorder/runs/R-SYNC-GO-IMPLEMENTATION-20261003/blobs/C-2c027cb9-df40-4199-9b69-c29af00c3241.stderr.txt",
classify	Classify full diff, including deletions	2026-10-03T13:55:43.2694393Z     "spec/progress/evidence/LOOP1-SYNC-GO-001/implementation/recorder/runs/R-SYNC-GO-IMPLEMENTATION-20261003/blobs/C-2c027cb9-df40-4199-9b69-c29af00c3241.stdout.txt",
classify	Classify full diff, including deletions	2026-10-03T13:55:43.2695473Z     "spec/progress/evidence/LOOP1-SYNC-GO-001/implementation/recorder/runs/R-SYNC-GO-IMPLEMENTATION-20261003/blobs/C-2c3bce11-0bf4-4eb8-80fd-c8dfcd095a26.stderr.txt",
classify	Classify full diff, including deletions	2026-10-03T13:55:43.2696572Z     "spec/progress/evidence/LOOP1-SYNC-GO-001/implementation/recorder/runs/R-SYNC-GO-IMPLEMENTATION-20261003/blobs/C-2c3bce11-0bf4-4eb8-80fd-c8dfcd095a26.stdout.txt",
classify	Classify full diff, including deletions	2026-10-03T13:55:43.2697647Z     "spec/progress/evidence/LOOP1-SYNC-GO-001/implementation/recorder/runs/R-SYNC-GO-IMPLEMENTATION-20261003/blobs/C-2ecca873-b280-4cef-8796-86822f0a5fa4.stderr.txt",
classify	Classify full diff, including deletions	2026-10-03T13:55:43.2698901Z     "spec/progress/evidence/LOOP1-SYNC-GO-001/implementation/recorder/runs/R-SYNC-GO-IMPLEMENTATION-20261003/blobs/C-2ecca873-b280-4cef-8796-86822f0a5fa4.stdout.txt",
classify	Classify full diff, including deletions	2026-10-03T13:55:43.2700342Z     "spec/progress/evidence/LOOP1-SYNC-GO-001/implementation/recorder/runs/R-SYNC-GO-IMPLEMENTATION-20261003/blobs/C-3525fd14-adb1-42ba-88b4-8ee1ef103df5.stderr.txt",
classify	Classify full diff, including deletions	2026-10-03T13:55:43.2702066Z     "spec/progress/evidence/LOOP1-SYNC-GO-001/implementation/recorder/runs/R-SYNC-GO-IMPLEMENTATION-20261003/blobs/C-3525fd14-adb1-42ba-88b4-8ee1ef103df5.stdout.txt",
classify	Classify full diff, including deletions	2026-10-03T13:55:43.2703178Z     "spec/progress/evidence/LOOP1-SYNC-GO-001/implementation/recorder/runs/R-SYNC-GO-IMPLEMENTATION-20261003/blobs/C-36bfcb9f-563d-4183-8c84-24ae10f9a124.stderr.txt",
classify	Classify full diff, including deletions	2026-10-03T13:55:43.2704239Z     "spec/progress/evidence/LOOP1-SYNC-GO-001/implementation/recorder/runs/R-SYNC-GO-IMPLEMENTATION-20261003/blobs/C-36bfcb9f-563d-4183-8c84-24ae10f9a124.stdout.txt",
classify	Classify full diff, including deletions	2026-10-03T13:55:43.2705500Z     "spec/progress/evidence/LOOP1-SYNC-GO-001/implementation/recorder/runs/R-SYNC-GO-IMPLEMENTATION-20261003/blobs/C-3738cdaa-193d-4bc9-a724-b6ed60126749.stderr.txt",
classify	Classify full diff, including deletions	2026-10-03T13:55:43.2706595Z     "spec/progress/evidence/LOOP1-SYNC-GO-001/implementation/recorder/runs/R-SYNC-GO-IMPLEMENTATION-20261003/blobs/C-3738cdaa-193d-4bc9-a724-b6ed60126749.stdout.txt",
classify	Classify full diff, including deletions	2026-10-03T13:55:43.2707664Z     "spec/progress/evidence/LOOP1-SYNC-GO-001/implementation/recorder/runs/R-SYNC-GO-IMPLEMENTATION-20261003/blobs/C-3ab1dc35-b7d5-4934-95db-5b9e78227f66.stderr.txt",
classify	Classify full diff, including deletions	2026-10-03T13:55:43.2708712Z     "spec/progress/evidence/LOOP1-SYNC-GO-001/implementation/recorder/runs/R-SYNC-GO-IMPLEMENTATION-20261003/blobs/C-3ab1dc35-b7d5-4934-95db-5b9e78227f66.stdout.txt",
classify	Classify full diff, including deletions	2026-10-03T13:55:43.2709760Z     "spec/progress/evidence/LOOP1-SYNC-GO-001/implementation/recorder/runs/R-SYNC-GO-IMPLEMENTATION-20261003/blobs/C-3bbfa8f1-fdd3-45ed-af32-2bbdc1378b88.stderr.txt",
classify	Classify full diff, including deletions	2026-10-03T13:55:43.2711089Z     "spec/progress/evidence/LOOP1-SYNC-GO-001/implementation/recorder/runs/R-SYNC-GO-IMPLEMENTATION-20261003/blobs/C-3bbfa8f1-fdd3-45ed-af32-2bbdc1378b88.stdout.txt",
classify	Classify full diff, including deletions	2026-10-03T13:55:43.2712240Z     "spec/progress/evidence/LOOP1-SYNC-GO-001/implementation/recorder/runs/R-SYNC-GO-IMPLEMENTATION-20261003/blobs/C-3e93972a-b5b3-41fe-8a26-5376416620d8.stderr.txt",
classify	Classify full diff, including deletions	2026-10-03T13:55:43.2713293Z     "spec/progress/evidence/LOOP1-SYNC-GO-001/implementation/recorder/runs/R-SYNC-GO-IMPLEMENTATION-20261003/blobs/C-3e93972a-b5b3-41fe-8a26-5376416620d8.stdout.txt",
classify	Classify full diff, including deletions	2026-10-03T13:55:43.2714338Z     "spec/progress/evidence/LOOP1-SYNC-GO-001/implementation/recorder/runs/R-SYNC-GO-IMPLEMENTATION-20261003/blobs/C-3f6aa9c8-7008-4526-bd12-2b1d80a3a6f2.stderr.txt",
classify	Classify full diff, including deletions	2026-10-03T13:55:43.2715385Z     "spec/progress/evidence/LOOP1-SYNC-GO-001/implementation/recorder/runs/R-SYNC-GO-IMPLEMENTATION-20261003/blobs/C-3f6aa9c8-7008-4526-bd12-2b1d80a3a6f2.stdout.txt",
classify	Classify full diff, including deletions	2026-10-03T13:55:43.2716439Z     "spec/progress/evidence/LOOP1-SYNC-GO-001/implementation/recorder/runs/R-SYNC-GO-IMPLEMENTATION-20261003/blobs/C-41040eb2-1ccc-4351-80bb-09db2476a06a.stderr.txt",
classify	Classify full diff, including deletions	2026-10-03T13:55:43.2717506Z     "spec/progress/evidence/LOOP1-SYNC-GO-001/implementation/recorder/runs/R-SYNC-GO-IMPLEMENTATION-20261003/blobs/C-41040eb2-1ccc-4351-80bb-09db2476a06a.stdout.txt",
classify	Classify full diff, including deletions	2026-10-03T13:55:43.2718563Z     "spec/progress/evidence/LOOP1-SYNC-GO-001/implementation/recorder/runs/R-SYNC-GO-IMPLEMENTATION-20261003/blobs/C-41a05df5-6329-42dc-92a2-ef49c9b97275.stderr.txt",
classify	Classify full diff, including deletions	2026-10-03T13:55:43.2719612Z     "spec/progress/evidence/LOOP1-SYNC-GO-001/implementation/recorder/runs/R-SYNC-GO-IMPLEMENTATION-20261003/blobs/C-41a05df5-6329-42dc-92a2-ef49c9b97275.stdout.txt",
classify	Classify full diff, including deletions	2026-10-03T13:55:43.2720887Z     "spec/progress/evidence/LOOP1-SYNC-GO-001/implementation/recorder/runs/R-SYNC-GO-IMPLEMENTATION-20261003/blobs/C-4200aa58-d518-4463-87d6-f2de33783f27.stderr.txt",
classify	Classify full diff, including deletions	2026-10-03T13:55:43.2721949Z     "spec/progress/evidence/LOOP1-SYNC-GO-001/implementation/recorder/runs/R-SYNC-GO-IMPLEMENTATION-20261003/blobs/C-4200aa58-d518-4463-87d6-f2de33783f27.stdout.txt",
classify	Classify full diff, including deletions	2026-10-03T13:55:43.2723161Z     "spec/progress/evidence/LOOP1-SYNC-GO-001/implementation/recorder/runs/R-SYNC-GO-IMPLEMENTATION-20261003/blobs/C-435b12d5-737c-40fd-856c-238941f61ad4.stderr.txt",
classify	Classify full diff, including deletions	2026-10-03T13:55:43.2724212Z     "spec/progress/evidence/LOOP1-SYNC-GO-001/implementation/recorder/runs/R-SYNC-GO-IMPLEMENTATION-20261003/blobs/C-435b12d5-737c-40fd-856c-238941f61ad4.stdout.txt",
classify	Classify full diff, including deletions	2026-10-03T13:55:43.2725272Z     "spec/progress/evidence/LOOP1-SYNC-GO-001/implementation/recorder/runs/R-SYNC-GO-IMPLEMENTATION-20261003/blobs/C-45b40566-ea83-4b1d-8df3-515237151c5a.stderr.txt",
classify	Classify full diff, including deletions	2026-10-03T13:55:43.2726315Z     "spec/progress/evidence/LOOP1-SYNC-GO-001/implementation/recorder/runs/R-SYNC-GO-IMPLEMENTATION-20261003/blobs/C-45b40566-ea83-4b1d-8df3-515237151c5a.stdout.txt",
classify	Classify full diff, including deletions	2026-10-03T13:55:43.2727358Z     "spec/progress/evidence/LOOP1-SYNC-GO-001/implementation/recorder/runs/R-SYNC-GO-IMPLEMENTATION-20261003/blobs/C-4cb85962-5a93-4b27-9892-dde04409bed2.stderr.txt",
classify	Classify full diff, including deletions	2026-10-03T13:55:43.2728540Z     "spec/progress/evidence/LOOP1-SYNC-GO-001/implementation/recorder/runs/R-SYNC-GO-IMPLEMENTATION-20261003/blobs/C-4cb85962-5a93-4b27-9892-dde04409bed2.stdout.txt",
classify	Classify full diff, including deletions	2026-10-03T13:55:43.2729622Z     "spec/progress/evidence/LOOP1-SYNC-GO-001/implementation/recorder/runs/R-SYNC-GO-IMPLEMENTATION-20261003/blobs/C-51fcf766-128a-4131-982a-4c1ffe3dae9e.stderr.txt",
classify	Classify full diff, including deletions	2026-10-03T13:55:43.2730884Z     "spec/progress/evidence/LOOP1-SYNC-GO-001/implementation/recorder/runs/R-SYNC-GO-IMPLEMENTATION-20261003/blobs/C-51fcf766-128a-4131-982a-4c1ffe3dae9e.stdout.txt",
classify	Classify full diff, including deletions	2026-10-03T13:55:43.2731953Z     "spec/progress/evidence/LOOP1-SYNC-GO-001/implementation/recorder/runs/R-SYNC-GO-IMPLEMENTATION-20261003/blobs/C-529ea80e-2a45-4e90-b88b-a5792d3f7108.stderr.txt",
classify	Classify full diff, including deletions	2026-10-03T13:55:43.2733001Z     "spec/progress/evidence/LOOP1-SYNC-GO-001/implementation/recorder/runs/R-SYNC-GO-IMPLEMENTATION-20261003/blobs/C-529ea80e-2a45-4e90-b88b-a5792d3f7108.stdout.txt",
classify	Classify full diff, including deletions	2026-10-03T13:55:43.2734061Z     "spec/progress/evidence/LOOP1-SYNC-GO-001/implementation/recorder/runs/R-SYNC-GO-IMPLEMENTATION-20261003/blobs/C-544a01b7-9593-4762-be2c-bb9472619b7b.stderr.txt",
classify	Classify full diff, including deletions	2026-10-03T13:55:43.2735110Z     "spec/progress/evidence/LOOP1-SYNC-GO-001/implementation/recorder/runs/R-SYNC-GO-IMPLEMENTATION-20261003/blobs/C-544a01b7-9593-4762-be2c-bb9472619b7b.stdout.txt",
classify	Classify full diff, including deletions	2026-10-03T13:55:43.2736162Z     "spec/progress/evidence/LOOP1-SYNC-GO-001/implementation/recorder/runs/R-SYNC-GO-IMPLEMENTATION-20261003/blobs/C-5921d3f8-7db5-4086-a6cb-9e1943cc0e6a.stderr.txt",
classify	Classify full diff, including deletions	2026-10-03T13:55:43.2737208Z     "spec/progress/evidence/LOOP1-SYNC-GO-001/implementation/recorder/runs/R-SYNC-GO-IMPLEMENTATION-20261003/blobs/C-5921d3f8-7db5-4086-a6cb-9e1943cc0e6a.stdout.txt",
classify	Classify full diff, including deletions	2026-10-03T13:55:43.2738259Z     "spec/progress/evidence/LOOP1-SYNC-GO-001/implementation/recorder/runs/R-SYNC-GO-IMPLEMENTATION-20261003/blobs/C-5973708f-e729-4112-bd6d-caf4d7948259.stderr.txt",
classify	Classify full diff, including deletions	2026-10-03T13:55:43.2739307Z     "spec/progress/evidence/LOOP1-SYNC-GO-001/implementation/recorder/runs/R-SYNC-GO-IMPLEMENTATION-20261003/blobs/C-5973708f-e729-4112-bd6d-caf4d7948259.stdout.txt",
classify	Classify full diff, including deletions	2026-10-03T13:55:43.2740533Z     "spec/progress/evidence/LOOP1-SYNC-GO-001/implementation/recorder/runs/R-SYNC-GO-IMPLEMENTATION-20261003/blobs/C-59976e6b-a230-4d43-9cae-5a454894d033.stderr.txt",
classify	Classify full diff, including deletions	2026-10-03T13:55:43.2741610Z     "spec/progress/evidence/LOOP1-SYNC-GO-001/implementation/recorder/runs/R-SYNC-GO-IMPLEMENTATION-20261003/blobs/C-59976e6b-a230-4d43-9cae-5a454894d033.stdout.txt",
classify	Classify full diff, including deletions	2026-10-03T13:55:43.2742667Z     "spec/progress/evidence/LOOP1-SYNC-GO-001/implementation/recorder/runs/R-SYNC-GO-IMPLEMENTATION-20261003/blobs/C-5af1826b-11e2-4294-b2fa-dc084647e113.stderr.txt",
classify	Classify full diff, including deletions	2026-10-03T13:55:43.2743713Z     "spec/progress/evidence/LOOP1-SYNC-GO-001/implementation/recorder/runs/R-SYNC-GO-IMPLEMENTATION-20261003/blobs/C-5af1826b-11e2-4294-b2fa-dc084647e113.stdout.txt",
classify	Classify full diff, including deletions	2026-10-03T13:55:43.2744762Z     "spec/progress/evidence/LOOP1-SYNC-GO-001/implementation/recorder/runs/R-SYNC-GO-IMPLEMENTATION-20261003/blobs/C-5c184170-4315-447a-98c1-e069c6038a9d.stderr.txt",
classify	Classify full diff, including deletions	2026-10-03T13:55:43.2745957Z     "spec/progress/evidence/LOOP1-SYNC-GO-001/implementation/recorder/runs/R-SYNC-GO-IMPLEMENTATION-20261003/blobs/C-5c184170-4315-447a-98c1-e069c6038a9d.stdout.txt",
classify	Classify full diff, including deletions	2026-10-03T13:55:43.2747003Z     "spec/progress/evidence/LOOP1-SYNC-GO-001/implementation/recorder/runs/R-SYNC-GO-IMPLEMENTATION-20261003/blobs/C-5fe4cc76-295a-4466-a4fc-85f6e7745470.stderr.txt",
classify	Classify full diff, including deletions	2026-10-03T13:55:43.2748056Z     "spec/progress/evidence/LOOP1-SYNC-GO-001/implementation/recorder/runs/R-SYNC-GO-IMPLEMENTATION-20261003/blobs/C-5fe4cc76-295a-4466-a4fc-85f6e7745470.stdout.txt",
classify	Classify full diff, including deletions	2026-10-03T13:55:43.2749123Z     "spec/progress/evidence/LOOP1-SYNC-GO-001/implementation/recorder/runs/R-SYNC-GO-IMPLEMENTATION-20261003/blobs/C-63232aa6-c8c7-4843-ad40-20e00aadc1ab.stderr.txt",
classify	Classify full diff, including deletions	2026-10-03T13:55:43.2750383Z     "spec/progress/evidence/LOOP1-SYNC-GO-001/implementation/recorder/runs/R-SYNC-GO-IMPLEMENTATION-20261003/blobs/C-63232aa6-c8c7-4843-ad40-20e00aadc1ab.stdout.txt",
classify	Classify full diff, including deletions	2026-10-03T13:55:43.2751564Z     "spec/progress/evidence/LOOP1-SYNC-GO-001/implementation/recorder/runs/R-SYNC-GO-IMPLEMENTATION-20261003/blobs/C-6469eb94-c64e-47e3-a0c5-a9a3ad86631a.stderr.txt",
classify	Classify full diff, including deletions	2026-10-03T13:55:43.2752622Z     "spec/progress/evidence/LOOP1-SYNC-GO-001/implementation/recorder/runs/R-SYNC-GO-IMPLEMENTATION-20261003/blobs/C-6469eb94-c64e-47e3-a0c5-a9a3ad86631a.stdout.txt",
classify	Classify full diff, including deletions	2026-10-03T13:55:43.2753679Z     "spec/progress/evidence/LOOP1-SYNC-GO-001/implementation/recorder/runs/R-SYNC-GO-IMPLEMENTATION-20261003/blobs/C-6d40c011-a0df-4d83-b5e6-bafad8041b5a.stderr.txt",
classify	Classify full diff, including deletions	2026-10-03T13:55:43.2754727Z     "spec/progress/evidence/LOOP1-SYNC-GO-001/implementation/recorder/runs/R-SYNC-GO-IMPLEMENTATION-20261003/blobs/C-6d40c011-a0df-4d83-b5e6-bafad8041b5a.stdout.txt",
classify	Classify full diff, including deletions	2026-10-03T13:55:43.2755779Z     "spec/progress/evidence/LOOP1-SYNC-GO-001/implementation/recorder/runs/R-SYNC-GO-IMPLEMENTATION-20261003/blobs/C-6ddab98d-2a94-4ae0-983f-54150d4dc1de.stderr.txt",
classify	Classify full diff, including deletions	2026-10-03T13:55:43.2756841Z     "spec/progress/evidence/LOOP1-SYNC-GO-001/implementation/recorder/runs/R-SYNC-GO-IMPLEMENTATION-20261003/blobs/C-6ddab98d-2a94-4ae0-983f-54150d4dc1de.stdout.txt",
classify	Classify full diff, including deletions	2026-10-03T13:55:43.2757897Z     "spec/progress/evidence/LOOP1-SYNC-GO-001/implementation/recorder/runs/R-SYNC-GO-IMPLEMENTATION-20261003/blobs/C-759541d9-5210-4dfb-a2c4-a3bcaa35a4f7.stderr.txt",
classify	Classify full diff, including deletions	2026-10-03T13:55:43.2758949Z     "spec/progress/evidence/LOOP1-SYNC-GO-001/implementation/recorder/runs/R-SYNC-GO-IMPLEMENTATION-20261003/blobs/C-759541d9-5210-4dfb-a2c4-a3bcaa35a4f7.stdout.txt",
classify	Classify full diff, including deletions	2026-10-03T13:55:43.2760190Z     "spec/progress/evidence/LOOP1-SYNC-GO-001/implementation/recorder/runs/R-SYNC-GO-IMPLEMENTATION-20261003/blobs/C-7b09a2e1-3a3e-47b6-a16b-fd509a4f83b0.stderr.txt",
classify	Classify full diff, including deletions	2026-10-03T13:55:43.2761250Z     "spec/progress/evidence/LOOP1-SYNC-GO-001/implementation/recorder/runs/R-SYNC-GO-IMPLEMENTATION-20261003/blobs/C-7b09a2e1-3a3e-47b6-a16b-fd509a4f83b0.stdout.txt",
classify	Classify full diff, including deletions	2026-10-03T13:55:43.2762319Z     "spec/progress/evidence/LOOP1-SYNC-GO-001/implementation/recorder/runs/R-SYNC-GO-IMPLEMENTATION-20261003/blobs/C-7cb9d942-ff5f-4a13-bdb5-224597bec93e.stderr.txt",
classify	Classify full diff, including deletions	2026-10-03T13:55:43.2763386Z     "spec/progress/evidence/LOOP1-SYNC-GO-001/implementation/recorder/runs/R-SYNC-GO-IMPLEMENTATION-20261003/blobs/C-7cb9d942-ff5f-4a13-bdb5-224597bec93e.stdout.txt",
classify	Classify full diff, including deletions	2026-10-03T13:55:43.2764437Z     "spec/progress/evidence/LOOP1-SYNC-GO-001/implementation/recorder/runs/R-SYNC-GO-IMPLEMENTATION-20261003/blobs/C-7f5b004e-c50b-4359-91a5-552e9807113a.stderr.txt",
classify	Classify full diff, including deletions	2026-10-03T13:55:43.2765482Z     "spec/progress/evidence/LOOP1-SYNC-GO-001/implementation/recorder/runs/R-SYNC-GO-IMPLEMENTATION-20261003/blobs/C-7f5b004e-c50b-4359-91a5-552e9807113a.stdout.txt",
classify	Classify full diff, including deletions	2026-10-03T13:55:43.2766524Z     "spec/progress/evidence/LOOP1-SYNC-GO-001/implementation/recorder/runs/R-SYNC-GO-IMPLEMENTATION-20261003/blobs/C-83c682b2-799c-48a4-a911-5614ec830d32.stderr.txt",
classify	Classify full diff, including deletions	2026-10-03T13:55:43.2767563Z     "spec/progress/evidence/LOOP1-SYNC-GO-001/implementation/recorder/runs/R-SYNC-GO-IMPLEMENTATION-20261003/blobs/C-83c682b2-799c-48a4-a911-5614ec830d32.stdout.txt",
classify	Classify full diff, including deletions	2026-10-03T13:55:43.2768753Z     "spec/progress/evidence/LOOP1-SYNC-GO-001/implementation/recorder/runs/R-SYNC-GO-IMPLEMENTATION-20261003/blobs/C-858076b6-49b2-4e8c-9bb7-4cf2f1938598.stderr.txt",
classify	Classify full diff, including deletions	2026-10-03T13:55:43.2769798Z     "spec/progress/evidence/LOOP1-SYNC-GO-001/implementation/recorder/runs/R-SYNC-GO-IMPLEMENTATION-20261003/blobs/C-858076b6-49b2-4e8c-9bb7-4cf2f1938598.stdout.txt",
classify	Classify full diff, including deletions	2026-10-03T13:55:43.2771061Z     "spec/progress/evidence/LOOP1-SYNC-GO-001/implementation/recorder/runs/R-SYNC-GO-IMPLEMENTATION-20261003/blobs/C-88893f06-db79-4358-8370-dee8625c2ac9.stderr.txt",
classify	Classify full diff, including deletions	2026-10-03T13:55:43.2772136Z     "spec/progress/evidence/LOOP1-SYNC-GO-001/implementation/recorder/runs/R-SYNC-GO-IMPLEMENTATION-20261003/blobs/C-88893f06-db79-4358-8370-dee8625c2ac9.stdout.txt",
classify	Classify full diff, including deletions	2026-10-03T13:55:43.2773193Z     "spec/progress/evidence/LOOP1-SYNC-GO-001/implementation/recorder/runs/R-SYNC-GO-IMPLEMENTATION-20261003/blobs/C-8b86cb36-6896-4759-a6b0-c91651eaebb5.stderr.txt",
classify	Classify full diff, including deletions	2026-10-03T13:55:43.2774391Z     "spec/progress/evidence/LOOP1-SYNC-GO-001/implementation/recorder/runs/R-SYNC-GO-IMPLEMENTATION-20261003/blobs/C-8b86cb36-6896-4759-a6b0-c91651eaebb5.stdout.txt",
classify	Classify full diff, including deletions	2026-10-03T13:55:43.2775469Z     "spec/progress/evidence/LOOP1-SYNC-GO-001/implementation/recorder/runs/R-SYNC-GO-IMPLEMENTATION-20261003/blobs/C-8d6659e4-ef12-4965-94be-489cc5d80d2b.stderr.txt",
classify	Classify full diff, including deletions	2026-10-03T13:55:43.2776536Z     "spec/progress/evidence/LOOP1-SYNC-GO-001/implementation/recorder/runs/R-SYNC-GO-IMPLEMENTATION-20261003/blobs/C-8d6659e4-ef12-4965-94be-489cc5d80d2b.stdout.txt",
classify	Classify full diff, including deletions	2026-10-03T13:55:43.2777585Z     "spec/progress/evidence/LOOP1-SYNC-GO-001/implementation/recorder/runs/R-SYNC-GO-IMPLEMENTATION-20261003/blobs/C-8eda3f99-fe2a-4f6d-9eb9-8710c9675aca.stderr.txt",
classify	Classify full diff, including deletions	2026-10-03T13:55:43.2778652Z     "spec/progress/evidence/LOOP1-SYNC-GO-001/implementation/recorder/runs/R-SYNC-GO-IMPLEMENTATION-20261003/blobs/C-8eda3f99-fe2a-4f6d-9eb9-8710c9675aca.stdout.txt",
classify	Classify full diff, including deletions	2026-10-03T13:55:43.2779720Z     "spec/progress/evidence/LOOP1-SYNC-GO-001/implementation/recorder/runs/R-SYNC-GO-IMPLEMENTATION-20261003/blobs/C-90c2c406-1a40-4569-bf9a-8b2696fce029.stderr.txt",
classify	Classify full diff, including deletions	2026-10-03T13:55:43.2781048Z     "spec/progress/evidence/LOOP1-SYNC-GO-001/implementation/recorder/runs/R-SYNC-GO-IMPLEMENTATION-20261003/blobs/C-90c2c406-1a40-4569-bf9a-8b2696fce029.stdout.txt",
classify	Classify full diff, including deletions	2026-10-03T13:55:43.2782129Z     "spec/progress/evidence/LOOP1-SYNC-GO-001/implementation/recorder/runs/R-SYNC-GO-IMPLEMENTATION-20261003/blobs/C-97735c51-221e-4e05-8faf-77d3dfa09aa1.stderr.txt",
classify	Classify full diff, including deletions	2026-10-03T13:55:43.2783185Z     "spec/progress/evidence/LOOP1-SYNC-GO-001/implementation/recorder/runs/R-SYNC-GO-IMPLEMENTATION-20261003/blobs/C-97735c51-221e-4e05-8faf-77d3dfa09aa1.stdout.txt",
classify	Classify full diff, including deletions	2026-10-03T13:55:43.2784234Z     "spec/progress/evidence/LOOP1-SYNC-GO-001/implementation/recorder/runs/R-SYNC-GO-IMPLEMENTATION-20261003/blobs/C-9f783dd2-5d5a-4c05-8d27-c0722fc44fa0.stderr.txt",
classify	Classify full diff, including deletions	2026-10-03T13:55:43.2785291Z     "spec/progress/evidence/LOOP1-SYNC-GO-001/implementation/recorder/runs/R-SYNC-GO-IMPLEMENTATION-20261003/blobs/C-9f783dd2-5d5a-4c05-8d27-c0722fc44fa0.stdout.txt",
classify	Classify full diff, including deletions	2026-10-03T13:55:43.2786357Z     "spec/progress/evidence/LOOP1-SYNC-GO-001/implementation/recorder/runs/R-SYNC-GO-IMPLEMENTATION-20261003/blobs/C-a2f279dd-50d0-4356-afbd-723217431728.stderr.txt",
classify	Classify full diff, including deletions	2026-10-03T13:55:43.2787402Z     "spec/progress/evidence/LOOP1-SYNC-GO-001/implementation/recorder/runs/R-SYNC-GO-IMPLEMENTATION-20261003/blobs/C-a2f279dd-50d0-4356-afbd-723217431728.stdout.txt",
classify	Classify full diff, including deletions	2026-10-03T13:55:43.2788449Z     "spec/progress/evidence/LOOP1-SYNC-GO-001/implementation/recorder/runs/R-SYNC-GO-IMPLEMENTATION-20261003/blobs/C-a79ff235-e954-4d0d-813c-715860138fa3.stderr.txt",
classify	Classify full diff, including deletions	2026-10-03T13:55:43.2789499Z     "spec/progress/evidence/LOOP1-SYNC-GO-001/implementation/recorder/runs/R-SYNC-GO-IMPLEMENTATION-20261003/blobs/C-a79ff235-e954-4d0d-813c-715860138fa3.stdout.txt",
classify	Classify full diff, including deletions	2026-10-03T13:55:43.2790871Z     "spec/progress/evidence/LOOP1-SYNC-GO-001/implementation/recorder/runs/R-SYNC-GO-IMPLEMENTATION-20261003/blobs/C-a80b8212-77f5-40b6-8478-5e443f88d35e.stderr.txt",
classify	Classify full diff, including deletions	2026-10-03T13:55:43.2791965Z     "spec/progress/evidence/LOOP1-SYNC-GO-001/implementation/recorder/runs/R-SYNC-GO-IMPLEMENTATION-20261003/blobs/C-a80b8212-77f5-40b6-8478-5e443f88d35e.stdout.txt",
classify	Classify full diff, including deletions	2026-10-03T13:55:43.2793124Z     "spec/progress/evidence/LOOP1-SYNC-GO-001/implementation/recorder/runs/R-SYNC-GO-IMPLEMENTATION-20261003/blobs/C-a92fb508-a2df-4225-864f-cf6fbb96a7f2.stderr.txt",
classify	Classify full diff, including deletions	2026-10-03T13:55:43.2794175Z     "spec/progress/evidence/LOOP1-SYNC-GO-001/implementation/recorder/runs/R-SYNC-GO-IMPLEMENTATION-20261003/blobs/C-a92fb508-a2df-4225-864f-cf6fbb96a7f2.stdout.txt",
classify	Classify full diff, including deletions	2026-10-03T13:55:43.2795228Z     "spec/progress/evidence/LOOP1-SYNC-GO-001/implementation/recorder/runs/R-SYNC-GO-IMPLEMENTATION-20261003/blobs/C-aa46018d-e41a-4867-8b30-6342e573fe5a.stderr.txt",
classify	Classify full diff, including deletions	2026-10-03T13:55:43.2796284Z     "spec/progress/evidence/LOOP1-SYNC-GO-001/implementation/recorder/runs/R-SYNC-GO-IMPLEMENTATION-20261003/blobs/C-aa46018d-e41a-4867-8b30-6342e573fe5a.stdout.txt",
classify	Classify full diff, including deletions	2026-10-03T13:55:43.2797480Z     "spec/progress/evidence/LOOP1-SYNC-GO-001/implementation/recorder/runs/R-SYNC-GO-IMPLEMENTATION-20261003/blobs/C-ae511d61-fad8-4a39-9889-61a216e2c0c3.stderr.txt",
classify	Classify full diff, including deletions	2026-10-03T13:55:43.2798559Z     "spec/progress/evidence/LOOP1-SYNC-GO-001/implementation/recorder/runs/R-SYNC-GO-IMPLEMENTATION-20261003/blobs/C-ae511d61-fad8-4a39-9889-61a216e2c0c3.stdout.txt",
classify	Classify full diff, including deletions	2026-10-03T13:55:43.2799615Z     "spec/progress/evidence/LOOP1-SYNC-GO-001/implementation/recorder/runs/R-SYNC-GO-IMPLEMENTATION-20261003/blobs/C-b417d69b-730d-46dc-b1bd-2ab6e6e33a1d.stderr.txt",
classify	Classify full diff, including deletions	2026-10-03T13:55:43.2801012Z     "spec/progress/evidence/LOOP1-SYNC-GO-001/implementation/recorder/runs/R-SYNC-GO-IMPLEMENTATION-20261003/blobs/C-b417d69b-730d-46dc-b1bd-2ab6e6e33a1d.stdout.txt",
classify	Classify full diff, including deletions	2026-10-03T13:55:43.2802072Z     "spec/progress/evidence/LOOP1-SYNC-GO-001/implementation/recorder/runs/R-SYNC-GO-IMPLEMENTATION-20261003/blobs/C-b75104ff-8677-439a-aa84-93475c7980f8.stderr.txt",
classify	Classify full diff, including deletions	2026-10-03T13:55:43.2803127Z     "spec/progress/evidence/LOOP1-SYNC-GO-001/implementation/recorder/runs/R-SYNC-GO-IMPLEMENTATION-20261003/blobs/C-b75104ff-8677-439a-aa84-93475c7980f8.stdout.txt",
classify	Classify full diff, including deletions	2026-10-03T13:55:43.2804176Z     "spec/progress/evidence/LOOP1-SYNC-GO-001/implementation/recorder/runs/R-SYNC-GO-IMPLEMENTATION-20261003/blobs/C-b802d9ef-01b4-4c14-a372-1743f117a951.stderr.txt",
classify	Classify full diff, including deletions	2026-10-03T13:55:43.2805230Z     "spec/progress/evidence/LOOP1-SYNC-GO-001/implementation/recorder/runs/R-SYNC-GO-IMPLEMENTATION-20261003/blobs/C-b802d9ef-01b4-4c14-a372-1743f117a951.stdout.txt",
classify	Classify full diff, including deletions	2026-10-03T13:55:43.2806284Z     "spec/progress/evidence/LOOP1-SYNC-GO-001/implementation/recorder/runs/R-SYNC-GO-IMPLEMENTATION-20261003/blobs/C-ba41bca7-882a-4d20-ade6-94ba69d0cc50.stderr.txt",
classify	Classify full diff, including deletions	2026-10-03T13:55:43.2807342Z     "spec/progress/evidence/LOOP1-SYNC-GO-001/implementation/recorder/runs/R-SYNC-GO-IMPLEMENTATION-20261003/blobs/C-ba41bca7-882a-4d20-ade6-94ba69d0cc50.stdout.txt",
classify	Classify full diff, including deletions	2026-10-03T13:55:43.2808408Z     "spec/progress/evidence/LOOP1-SYNC-GO-001/implementation/recorder/runs/R-SYNC-GO-IMPLEMENTATION-20261003/blobs/C-bf83f12b-7d17-4687-a038-8b9b65379c2d.stderr.txt",
classify	Classify full diff, including deletions	2026-10-03T13:55:43.2809452Z     "spec/progress/evidence/LOOP1-SYNC-GO-001/implementation/recorder/runs/R-SYNC-GO-IMPLEMENTATION-20261003/blobs/C-bf83f12b-7d17-4687-a038-8b9b65379c2d.stdout.txt",
classify	Classify full diff, including deletions	2026-10-03T13:55:43.2810683Z     "spec/progress/evidence/LOOP1-SYNC-GO-001/implementation/recorder/runs/R-SYNC-GO-IMPLEMENTATION-20261003/blobs/C-c1844a16-2d6f-4509-8ee7-9d5dcf341b5b.stderr.txt",
classify	Classify full diff, including deletions	2026-10-03T13:55:43.2811739Z     "spec/progress/evidence/LOOP1-SYNC-GO-001/implementation/recorder/runs/R-SYNC-GO-IMPLEMENTATION-20261003/blobs/C-c1844a16-2d6f-4509-8ee7-9d5dcf341b5b.stdout.txt",
classify	Classify full diff, including deletions	2026-10-03T13:55:43.2812787Z     "spec/progress/evidence/LOOP1-SYNC-GO-001/implementation/recorder/runs/R-SYNC-GO-IMPLEMENTATION-20261003/blobs/C-c748b90b-48dd-4805-bf98-79710b9219fd.stderr.txt",
classify	Classify full diff, including deletions	2026-10-03T13:55:43.2813988Z     "spec/progress/evidence/LOOP1-SYNC-GO-001/implementation/recorder/runs/R-SYNC-GO-IMPLEMENTATION-20261003/blobs/C-c748b90b-48dd-4805-bf98-79710b9219fd.stdout.txt",
classify	Classify full diff, including deletions	2026-10-03T13:55:43.2815036Z     "spec/progress/evidence/LOOP1-SYNC-GO-001/implementation/recorder/runs/R-SYNC-GO-IMPLEMENTATION-20261003/blobs/C-c8576d84-6566-4e62-8096-0b470f821676.stderr.txt",
classify	Classify full diff, including deletions	2026-10-03T13:55:43.2816076Z     "spec/progress/evidence/LOOP1-SYNC-GO-001/implementation/recorder/runs/R-SYNC-GO-IMPLEMENTATION-20261003/blobs/C-c8576d84-6566-4e62-8096-0b470f821676.stdout.txt",
classify	Classify full diff, including deletions	2026-10-03T13:55:43.2817119Z     "spec/progress/evidence/LOOP1-SYNC-GO-001/implementation/recorder/runs/R-SYNC-GO-IMPLEMENTATION-20261003/blobs/C-d2c097f2-794b-4784-930b-4c6e7f98b036.stderr.txt",
classify	Classify full diff, including deletions	2026-10-03T13:55:43.2818162Z     "spec/progress/evidence/LOOP1-SYNC-GO-001/implementation/recorder/runs/R-SYNC-GO-IMPLEMENTATION-20261003/blobs/C-d2c097f2-794b-4784-930b-4c6e7f98b036.stdout.txt",
classify	Classify full diff, including deletions	2026-10-03T13:55:43.2819200Z     "spec/progress/evidence/LOOP1-SYNC-GO-001/implementation/recorder/runs/R-SYNC-GO-IMPLEMENTATION-20261003/blobs/C-d3e99dce-495b-4220-8642-667bc0599437.stderr.txt",
classify	Classify full diff, including deletions	2026-10-03T13:55:43.2820560Z     "spec/progress/evidence/LOOP1-SYNC-GO-001/implementation/recorder/runs/R-SYNC-GO-IMPLEMENTATION-20261003/blobs/C-d3e99dce-495b-4220-8642-667bc0599437.stdout.txt",
classify	Classify full diff, including deletions	2026-10-03T13:55:43.2821618Z     "spec/progress/evidence/LOOP1-SYNC-GO-001/implementation/recorder/runs/R-SYNC-GO-IMPLEMENTATION-20261003/blobs/C-d4b817a8-18ad-48c1-8b73-51ab43f64642.stderr.txt",
classify	Classify full diff, including deletions	2026-10-03T13:55:43.2822676Z     "spec/progress/evidence/LOOP1-SYNC-GO-001/implementation/recorder/runs/R-SYNC-GO-IMPLEMENTATION-20261003/blobs/C-d4b817a8-18ad-48c1-8b73-51ab43f64642.stdout.txt",
classify	Classify full diff, including deletions	2026-10-03T13:55:43.2823723Z     "spec/progress/evidence/LOOP1-SYNC-GO-001/implementation/recorder/runs/R-SYNC-GO-IMPLEMENTATION-20261003/blobs/C-d704772f-4312-4677-a9e2-6068af1fdf9d.stderr.txt",
classify	Classify full diff, including deletions	2026-10-03T13:55:43.2824769Z     "spec/progress/evidence/LOOP1-SYNC-GO-001/implementation/recorder/runs/R-SYNC-GO-IMPLEMENTATION-20261003/blobs/C-d704772f-4312-4677-a9e2-6068af1fdf9d.stdout.txt",
classify	Classify full diff, including deletions	2026-10-03T13:55:43.2825841Z     "spec/progress/evidence/LOOP1-SYNC-GO-001/implementation/recorder/runs/R-SYNC-GO-IMPLEMENTATION-20261003/blobs/C-dc30159c-d801-4322-b8b6-585b7b254672.stderr.txt",
classify	Classify full diff, including deletions	2026-10-03T13:55:43.2826881Z     "spec/progress/evidence/LOOP1-SYNC-GO-001/implementation/recorder/runs/R-SYNC-GO-IMPLEMENTATION-20261003/blobs/C-dc30159c-d801-4322-b8b6-585b7b254672.stdout.txt",
classify	Classify full diff, including deletions	2026-10-03T13:55:43.2827944Z     "spec/progress/evidence/LOOP1-SYNC-GO-001/implementation/recorder/runs/R-SYNC-GO-IMPLEMENTATION-20261003/blobs/C-e0e70c7b-0c5c-4e38-a3fe-2be3ec641d33.stderr.txt",
classify	Classify full diff, including deletions	2026-10-03T13:55:43.2829002Z     "spec/progress/evidence/LOOP1-SYNC-GO-001/implementation/recorder/runs/R-SYNC-GO-IMPLEMENTATION-20261003/blobs/C-e0e70c7b-0c5c-4e38-a3fe-2be3ec641d33.stdout.txt",
classify	Classify full diff, including deletions	2026-10-03T13:55:43.2830239Z     "spec/progress/evidence/LOOP1-SYNC-GO-001/implementation/recorder/runs/R-SYNC-GO-IMPLEMENTATION-20261003/blobs/C-e327b3e4-2855-4527-9bc6-ff94ba15bd0c.stderr.txt",
classify	Classify full diff, including deletions	2026-10-03T13:55:43.2831308Z     "spec/progress/evidence/LOOP1-SYNC-GO-001/implementation/recorder/runs/R-SYNC-GO-IMPLEMENTATION-20261003/blobs/C-e327b3e4-2855-4527-9bc6-ff94ba15bd0c.stdout.txt",
classify	Classify full diff, including deletions	2026-10-03T13:55:43.2832361Z     "spec/progress/evidence/LOOP1-SYNC-GO-001/implementation/recorder/runs/R-SYNC-GO-IMPLEMENTATION-20261003/blobs/C-e5fbf270-38be-44ba-82f3-93762332a140.stderr.txt",
classify	Classify full diff, including deletions	2026-10-03T13:55:43.2833420Z     "spec/progress/evidence/LOOP1-SYNC-GO-001/implementation/recorder/runs/R-SYNC-GO-IMPLEMENTATION-20261003/blobs/C-e5fbf270-38be-44ba-82f3-93762332a140.stdout.txt",
classify	Classify full diff, including deletions	2026-10-03T13:55:43.2834507Z     "spec/progress/evidence/LOOP1-SYNC-GO-001/implementation/recorder/runs/R-SYNC-GO-IMPLEMENTATION-20261003/blobs/C-e6764902-54e5-4b80-90a7-a1cdb917e423.stderr.txt",
classify	Classify full diff, including deletions	2026-10-03T13:55:43.2835562Z     "spec/progress/evidence/LOOP1-SYNC-GO-001/implementation/recorder/runs/R-SYNC-GO-IMPLEMENTATION-20261003/blobs/C-e6764902-54e5-4b80-90a7-a1cdb917e423.stdout.txt",
classify	Classify full diff, including deletions	2026-10-03T13:55:43.2836766Z     "spec/progress/evidence/LOOP1-SYNC-GO-001/implementation/recorder/runs/R-SYNC-GO-IMPLEMENTATION-20261003/blobs/C-ea8e1a60-4fc6-4649-93cf-00c7bbbebbcf.stderr.txt",
classify	Classify full diff, including deletions	2026-10-03T13:55:43.2837825Z     "spec/progress/evidence/LOOP1-SYNC-GO-001/implementation/recorder/runs/R-SYNC-GO-IMPLEMENTATION-20261003/blobs/C-ea8e1a60-4fc6-4649-93cf-00c7bbbebbcf.stdout.txt",
classify	Classify full diff, including deletions	2026-10-03T13:55:43.2838894Z     "spec/progress/evidence/LOOP1-SYNC-GO-001/implementation/recorder/runs/R-SYNC-GO-IMPLEMENTATION-20261003/blobs/C-effcacfa-7993-43b4-921f-653bedd915c9.stderr.txt",
classify	Classify full diff, including deletions	2026-10-03T13:55:43.2840147Z     "spec/progress/evidence/LOOP1-SYNC-GO-001/implementation/recorder/runs/R-SYNC-GO-IMPLEMENTATION-20261003/blobs/C-effcacfa-7993-43b4-921f-653bedd915c9.stdout.txt",
classify	Classify full diff, including deletions	2026-10-03T13:55:43.2841238Z     "spec/progress/evidence/LOOP1-SYNC-GO-001/implementation/recorder/runs/R-SYNC-GO-IMPLEMENTATION-20261003/blobs/C-f2c254d3-b7c4-495f-a2fc-54ab0581d1f8.stderr.txt",
classify	Classify full diff, including deletions	2026-10-03T13:55:43.2842302Z     "spec/progress/evidence/LOOP1-SYNC-GO-001/implementation/recorder/runs/R-SYNC-GO-IMPLEMENTATION-20261003/blobs/C-f2c254d3-b7c4-495f-a2fc-54ab0581d1f8.stdout.txt",
classify	Classify full diff, including deletions	2026-10-03T13:55:43.2843486Z     "spec/progress/evidence/LOOP1-SYNC-GO-001/implementation/recorder/runs/R-SYNC-GO-IMPLEMENTATION-20261003/blobs/C-f3af710f-6491-4d64-a3b7-618c3b9e363a.stderr.txt",
classify	Classify full diff, including deletions	2026-10-03T13:55:43.2844546Z     "spec/progress/evidence/LOOP1-SYNC-GO-001/implementation/recorder/runs/R-SYNC-GO-IMPLEMENTATION-20261003/blobs/C-f3af710f-6491-4d64-a3b7-618c3b9e363a.stdout.txt",
classify	Classify full diff, including deletions	2026-10-03T13:55:43.2845603Z     "spec/progress/evidence/LOOP1-SYNC-GO-001/implementation/recorder/runs/R-SYNC-GO-IMPLEMENTATION-20261003/blobs/C-f869cd3a-f32c-477b-904c-5b868b154542.stderr.txt",
classify	Classify full diff, including deletions	2026-10-03T13:55:43.2846647Z     "spec/progress/evidence/LOOP1-SYNC-GO-001/implementation/recorder/runs/R-SYNC-GO-IMPLEMENTATION-20261003/blobs/C-f869cd3a-f32c-477b-904c-5b868b154542.stdout.txt",
classify	Classify full diff, including deletions	2026-10-03T13:55:43.2847703Z     "spec/progress/evidence/LOOP1-SYNC-GO-001/implementation/recorder/runs/R-SYNC-GO-IMPLEMENTATION-20261003/blobs/C-f8a7caf9-d2cc-4490-bd7e-5d5ab6a05967.stderr.txt",
classify	Classify full diff, including deletions	2026-10-03T13:55:43.2848771Z     "spec/progress/evidence/LOOP1-SYNC-GO-001/implementation/recorder/runs/R-SYNC-GO-IMPLEMENTATION-20261003/blobs/C-f8a7caf9-d2cc-4490-bd7e-5d5ab6a05967.stdout.txt",
classify	Classify full diff, including deletions	2026-10-03T13:55:43.2849831Z     "spec/progress/evidence/LOOP1-SYNC-GO-001/implementation/recorder/runs/R-SYNC-GO-IMPLEMENTATION-20261003/blobs/C-f8e0b766-2d15-4c61-b9a2-69d67fab3789.stderr.txt",
classify	Classify full diff, including deletions	2026-10-03T13:55:43.2851057Z     "spec/progress/evidence/LOOP1-SYNC-GO-001/implementation/recorder/runs/R-SYNC-GO-IMPLEMENTATION-20261003/blobs/C-f8e0b766-2d15-4c61-b9a2-69d67fab3789.stdout.txt",
classify	Classify full diff, including deletions	2026-10-03T13:55:43.2851995Z     "spec/progress/evidence/LOOP1-SYNC-GO-001/implementation/recorder/runs/R-SYNC-GO-IMPLEMENTATION-20261003/diff.patch",
classify	Classify full diff, including deletions	2026-10-03T13:55:43.2852809Z     "spec/progress/evidence/LOOP1-SYNC-GO-001/implementation/recorder/runs/R-SYNC-GO-IMPLEMENTATION-20261003/events.jsonl",
classify	Classify full diff, including deletions	2026-10-03T13:55:43.2853644Z     "spec/progress/evidence/LOOP1-SYNC-GO-001/implementation/recorder/runs/R-SYNC-GO-IMPLEMENTATION-20261003/final_state.json",
classify	Classify full diff, including deletions	2026-10-03T13:55:43.2854482Z     "spec/progress/evidence/LOOP1-SYNC-GO-001/implementation/recorder/runs/R-SYNC-GO-IMPLEMENTATION-20261003/initial_state.json",
classify	Classify full diff, including deletions	2026-10-03T13:55:43.2855311Z     "spec/progress/evidence/LOOP1-SYNC-GO-001/implementation/recorder/runs/R-SYNC-GO-IMPLEMENTATION-20261003/metadata.json",
classify	Classify full diff, including deletions	2026-10-03T13:55:43.2856111Z     "spec/progress/evidence/LOOP1-SYNC-GO-001/implementation/recorder/runs/R-SYNC-GO-IMPLEMENTATION-20261003/summary.json",
classify	Classify full diff, including deletions	2026-10-03T13:55:43.2856670Z     "spec/tasks/review/LOOP1-SYNC-GO-001.md",
classify	Classify full diff, including deletions	2026-10-03T13:55:43.2856973Z     "tools/verify_sync_runtime.py"
classify	Classify full diff, including deletions	2026-10-03T13:55:43.2857216Z   ],
classify	Classify full diff, including deletions	2026-10-03T13:55:43.2857401Z   "jobs": {
classify	Classify full diff, including deletions	2026-10-03T13:55:43.2857588Z     "go": true,
classify	Classify full diff, including deletions	2026-10-03T13:55:43.2857790Z     "java": true,
classify	Classify full diff, including deletions	2026-10-03T13:55:43.2857995Z     "web": true,
classify	Classify full diff, including deletions	2026-10-03T13:55:43.2858204Z     "desktop": true,
classify	Classify full diff, including deletions	2026-10-03T13:55:43.2858579Z     "mobile": true,
classify	Classify full diff, including deletions	2026-10-03T13:55:43.2858797Z     "shared": true,
classify	Classify full diff, including deletions	2026-10-03T13:55:43.2858998Z     "old_client": true,
classify	Classify full diff, including deletions	2026-10-03T13:55:43.2859214Z     "plugin": true,
classify	Classify full diff, including deletions	2026-10-03T13:55:43.2859415Z     "migration": true,
classify	Classify full diff, including deletions	2026-10-03T13:55:43.2859641Z     "compatibility": true,
classify	Classify full diff, including deletions	2026-10-03T13:55:43.2859868Z     "deploy": true,
classify	Classify full diff, including deletions	2026-10-03T13:55:43.2860240Z     "architecture": true,
classify	Classify full diff, including deletions	2026-10-03T13:55:43.2860465Z     "source_go": true,
classify	Classify full diff, including deletions	2026-10-03T13:55:43.2860676Z     "source_java": true
classify	Classify full diff, including deletions	2026-10-03T13:55:43.2860884Z   }
classify	Classify full diff, including deletions	2026-10-03T13:55:43.2861062Z }
classify	Post Run actions/checkout@v4	﻿2026-10-03T13:55:43.2993171Z Post job cleanup.
classify	Post Run actions/checkout@v4	2026-10-03T13:55:43.3868576Z [command]/usr/bin/git version
classify	Post Run actions/checkout@v4	2026-10-03T13:55:43.3913099Z git version 2.55.0
classify	Post Run actions/checkout@v4	2026-10-03T13:55:43.3949767Z Temporarily overriding HOME='/home/runner/work/_temp/391cbc54-413f-4a71-9cd3-7218e6c0f39b' before making global git config changes
classify	Post Run actions/checkout@v4	2026-10-03T13:55:43.3951188Z Adding repository directory to the temporary git global config as a safe directory
classify	Post Run actions/checkout@v4	2026-10-03T13:55:43.3955405Z [command]/usr/bin/git config --global --add safe.directory /home/runner/work/IM-platform/IM-platform
classify	Post Run actions/checkout@v4	2026-10-03T13:55:43.3994879Z [command]/usr/bin/git config --local --name-only --get-regexp core\.sshCommand
classify	Post Run actions/checkout@v4	2026-10-03T13:55:43.4031549Z [command]/usr/bin/git submodule foreach --recursive sh -c "git config --local --name-only --get-regexp 'core\.sshCommand' && git config --local --unset-all 'core.sshCommand' || :"
classify	Post Run actions/checkout@v4	2026-10-03T13:55:43.4333232Z [command]/usr/bin/git config --local --name-only --get-regexp http\.https\:\/\/github\.com\/\.extraheader
classify	Post Run actions/checkout@v4	2026-10-03T13:55:43.4360657Z http.https://github.com/.extraheader
classify	Post Run actions/checkout@v4	2026-10-03T13:55:43.4372856Z [command]/usr/bin/git config --local --unset-all http.https://github.com/.extraheader
classify	Post Run actions/checkout@v4	2026-10-03T13:55:43.4410978Z [command]/usr/bin/git submodule foreach --recursive sh -c "git config --local --name-only --get-regexp 'http\.https\:\/\/github\.com\/\.extraheader' && git config --local --unset-all 'http.https://github.com/.extraheader' || :"
classify	Post Run actions/checkout@v4	2026-10-03T13:55:43.4698075Z [command]/usr/bin/git config --local --name-only --get-regexp ^includeIf\.gitdir:
classify	Post Run actions/checkout@v4	2026-10-03T13:55:43.4737688Z [command]/usr/bin/git submodule foreach --recursive git config --local --show-origin --name-only --get-regexp remote.origin.url
classify	Complete job	﻿2026-10-03T13:55:43.5158214Z Evaluate and set job outputs
classify	Complete job	2026-10-03T13:55:43.5167967Z Set output 'go'
classify	Complete job	2026-10-03T13:55:43.5169566Z Set output 'java'
classify	Complete job	2026-10-03T13:55:43.5170583Z Set output 'web'
classify	Complete job	2026-10-03T13:55:43.5170881Z Set output 'desktop'
classify	Complete job	2026-10-03T13:55:43.5171206Z Set output 'mobile'
classify	Complete job	2026-10-03T13:55:43.5171503Z Set output 'shared'
classify	Complete job	2026-10-03T13:55:43.5171789Z Set output 'old_client'
classify	Complete job	2026-10-03T13:55:43.5172102Z Set output 'plugin'
classify	Complete job	2026-10-03T13:55:43.5172408Z Set output 'migration'
classify	Complete job	2026-10-03T13:55:43.5172715Z Set output 'compatibility'
classify	Complete job	2026-10-03T13:55:43.5173038Z Set output 'deploy'
classify	Complete job	2026-10-03T13:55:43.5173334Z Set output 'architecture'
classify	Complete job	2026-10-03T13:55:43.5173665Z Set output 'source_go'
classify	Complete job	2026-10-03T13:55:43.5173965Z Set output 'source_java'
classify	Complete job	2026-10-03T13:55:43.5174665Z Cleaning up orphan processes
classify	Complete job	2026-10-03T13:55:43.5488753Z ##[warning]Node.js 20 is deprecated. The following actions target Node.js 20 but are being forced to run on Node.js 24: actions/checkout@v4. For more information see: https://github.blog/changelog/2025-09-19-deprecation-of-node-20-on-github-actions-runners/
