shared	Set up job	﻿2026-10-03T13:55:50.4284929Z Current runner version: '2.337.0'
shared	Set up job	2026-10-03T13:55:50.4323508Z ##[group]Runner Image Provisioner
shared	Set up job	2026-10-03T13:55:50.4325449Z Hosted Compute Agent
shared	Set up job	2026-10-03T13:55:50.4326486Z Version: 20260901.588
shared	Set up job	2026-10-03T13:55:50.4327835Z Commit: f88ec8081b781fac6c440065ac7ff9e710ce3d0b
shared	Set up job	2026-10-03T13:55:50.4329264Z Build Date: 2026-09-01T19:56:44Z
shared	Set up job	2026-10-03T13:55:50.4330544Z Worker ID: {3b1b5ff3-ea97-4e55-8982-a0bc5a339cf6}
shared	Set up job	2026-10-03T13:55:50.4331934Z Azure Region: eastus
shared	Set up job	2026-10-03T13:55:50.4332887Z ##[endgroup]
shared	Set up job	2026-10-03T13:55:50.4335263Z ##[group]Operating System
shared	Set up job	2026-10-03T13:55:50.4336443Z Ubuntu
shared	Set up job	2026-10-03T13:55:50.4337561Z 24.04.5
shared	Set up job	2026-10-03T13:55:50.4338498Z LTS
shared	Set up job	2026-10-03T13:55:50.4339377Z ##[endgroup]
shared	Set up job	2026-10-03T13:55:50.4340236Z ##[group]Runner Image
shared	Set up job	2026-10-03T13:55:50.4341380Z Image: ubuntu-24.04
shared	Set up job	2026-10-03T13:55:50.4342421Z Version: 20260927.320.1
shared	Set up job	2026-10-03T13:55:50.4344331Z Included Software: https://github.com/actions/runner-images/blob/ubuntu24/20260927.320/images/ubuntu/Ubuntu2404-Readme.md
shared	Set up job	2026-10-03T13:55:50.4347512Z Image Release: https://github.com/actions/runner-images/releases/tag/ubuntu24%2F20260927.320
shared	Set up job	2026-10-03T13:55:50.4350156Z ##[endgroup]
shared	Set up job	2026-10-03T13:55:50.4352125Z ##[group]GITHUB_TOKEN Permissions
shared	Set up job	2026-10-03T13:55:50.4355311Z Contents: read
shared	Set up job	2026-10-03T13:55:50.4356262Z Metadata: read
shared	Set up job	2026-10-03T13:55:50.4357582Z ##[endgroup]
shared	Set up job	2026-10-03T13:55:50.4360851Z Secret source: Actions
shared	Set up job	2026-10-03T13:55:50.4362636Z Cache mode: write
shared	Set up job	2026-10-03T13:55:50.4364148Z Prepare workflow directory
shared	Set up job	2026-10-03T13:55:50.4957826Z Prepare all required actions
shared	Set up job	2026-10-03T13:55:50.5032387Z Getting action download info
shared	Set up job	2026-10-03T13:55:50.7187448Z Download action repository 'actions/checkout@v4' (SHA:11d5960a326750d5838078e36cf38b85af677262)
shared	Set up job	2026-10-03T13:55:50.8161216Z Download action repository 'actions/setup-node@v4' (SHA:49933ea5288caeca8642d1e84afbd3f7d6820020)
shared	Set up job	2026-10-03T13:55:51.0050728Z Complete job name: shared
shared	Run actions/checkout@v4	﻿2026-10-03T13:55:51.0872110Z ##[group]Run actions/checkout@v4
shared	Run actions/checkout@v4	2026-10-03T13:55:51.0873053Z with:
shared	Run actions/checkout@v4	2026-10-03T13:55:51.0873588Z   ref: 6f9341276c6481e982c2a9b2f2d490b76bc1df96
shared	Run actions/checkout@v4	2026-10-03T13:55:51.0874218Z   repository: nilesthump/IM-platform
shared	Run actions/checkout@v4	2026-10-03T13:55:51.0878592Z   token: ***
shared	Run actions/checkout@v4	2026-10-03T13:55:51.0879043Z   ssh-strict: true
shared	Run actions/checkout@v4	2026-10-03T13:55:51.0879482Z   ssh-user: git
shared	Run actions/checkout@v4	2026-10-03T13:55:51.0879930Z   persist-credentials: true
shared	Run actions/checkout@v4	2026-10-03T13:55:51.0880420Z   clean: true
shared	Run actions/checkout@v4	2026-10-03T13:55:51.0880868Z   sparse-checkout-cone-mode: true
shared	Run actions/checkout@v4	2026-10-03T13:55:51.0881386Z   fetch-depth: 1
shared	Run actions/checkout@v4	2026-10-03T13:55:51.0881810Z   fetch-tags: false
shared	Run actions/checkout@v4	2026-10-03T13:55:51.0882249Z   show-progress: true
shared	Run actions/checkout@v4	2026-10-03T13:55:51.0882685Z   lfs: false
shared	Run actions/checkout@v4	2026-10-03T13:55:51.0883098Z   submodules: false
shared	Run actions/checkout@v4	2026-10-03T13:55:51.0883558Z   set-safe-directory: true
shared	Run actions/checkout@v4	2026-10-03T13:55:51.0884064Z   allow-unsafe-pr-checkout: false
shared	Run actions/checkout@v4	2026-10-03T13:55:51.0884850Z env:
shared	Run actions/checkout@v4	2026-10-03T13:55:51.0885293Z   PYTHONDONTWRITEBYTECODE: 1
shared	Run actions/checkout@v4	2026-10-03T13:55:51.0885800Z ##[endgroup]
shared	Run actions/checkout@v4	2026-10-03T13:55:51.1971209Z Syncing repository: nilesthump/IM-platform
shared	Run actions/checkout@v4	2026-10-03T13:55:51.1974173Z ##[group]Getting Git version info
shared	Run actions/checkout@v4	2026-10-03T13:55:51.1975470Z Working directory is '/home/runner/work/IM-platform/IM-platform'
shared	Run actions/checkout@v4	2026-10-03T13:55:51.1977492Z [command]/usr/bin/git version
shared	Run actions/checkout@v4	2026-10-03T13:55:51.2021609Z git version 2.55.0
shared	Run actions/checkout@v4	2026-10-03T13:55:51.2052420Z ##[endgroup]
shared	Run actions/checkout@v4	2026-10-03T13:55:51.2062281Z Temporarily overriding HOME='/home/runner/work/_temp/1c4efaef-0267-4cbd-8c87-ea9689bdcbbc' before making global git config changes
shared	Run actions/checkout@v4	2026-10-03T13:55:51.2068351Z Adding repository directory to the temporary git global config as a safe directory
shared	Run actions/checkout@v4	2026-10-03T13:55:51.2103588Z [command]/usr/bin/git config --global --add safe.directory /home/runner/work/IM-platform/IM-platform
shared	Run actions/checkout@v4	2026-10-03T13:55:51.2150130Z Deleting the contents of '/home/runner/work/IM-platform/IM-platform'
shared	Run actions/checkout@v4	2026-10-03T13:55:51.2155459Z ##[group]Initializing the repository
shared	Run actions/checkout@v4	2026-10-03T13:55:51.2162138Z [command]/usr/bin/git init /home/runner/work/IM-platform/IM-platform
shared	Run actions/checkout@v4	2026-10-03T13:55:51.2265284Z hint: Using 'master' as the name for the initial branch. This default branch name
shared	Run actions/checkout@v4	2026-10-03T13:55:51.2268345Z hint: will change to "main" in Git 3.0. To configure the initial branch name
shared	Run actions/checkout@v4	2026-10-03T13:55:51.2270245Z hint: to use in all of your new repositories, which will suppress this warning,
shared	Run actions/checkout@v4	2026-10-03T13:55:51.2271801Z hint: call:
shared	Run actions/checkout@v4	2026-10-03T13:55:51.2272845Z hint:
shared	Run actions/checkout@v4	2026-10-03T13:55:51.2273833Z hint: 	git config --global init.defaultBranch <name>
shared	Run actions/checkout@v4	2026-10-03T13:55:51.2274911Z hint:
shared	Run actions/checkout@v4	2026-10-03T13:55:51.2275941Z hint: Names commonly chosen instead of 'master' are 'main', 'trunk' and
shared	Run actions/checkout@v4	2026-10-03T13:55:51.2277815Z hint: 'development'. The just-created branch can be renamed via this command:
shared	Run actions/checkout@v4	2026-10-03T13:55:51.2279074Z hint:
shared	Run actions/checkout@v4	2026-10-03T13:55:51.2279993Z hint: 	git branch -m <name>
shared	Run actions/checkout@v4	2026-10-03T13:55:51.2280872Z hint:
shared	Run actions/checkout@v4	2026-10-03T13:55:51.2282013Z hint: Disable this message with "git config set advice.defaultBranchName false"
shared	Run actions/checkout@v4	2026-10-03T13:55:51.2283842Z Initialized empty Git repository in /home/runner/work/IM-platform/IM-platform/.git/
shared	Run actions/checkout@v4	2026-10-03T13:55:51.2286777Z [command]/usr/bin/git remote add origin https://github.com/nilesthump/IM-platform
shared	Run actions/checkout@v4	2026-10-03T13:55:51.2336452Z ##[endgroup]
shared	Run actions/checkout@v4	2026-10-03T13:55:51.2338132Z ##[group]Disabling automatic garbage collection
shared	Run actions/checkout@v4	2026-10-03T13:55:51.2341906Z [command]/usr/bin/git config --local gc.auto 0
shared	Run actions/checkout@v4	2026-10-03T13:55:51.2378473Z ##[endgroup]
shared	Run actions/checkout@v4	2026-10-03T13:55:51.2379859Z ##[group]Setting up auth
shared	Run actions/checkout@v4	2026-10-03T13:55:51.2387879Z [command]/usr/bin/git config --local --name-only --get-regexp core\.sshCommand
shared	Run actions/checkout@v4	2026-10-03T13:55:51.2426823Z [command]/usr/bin/git submodule foreach --recursive sh -c "git config --local --name-only --get-regexp 'core\.sshCommand' && git config --local --unset-all 'core.sshCommand' || :"
shared	Run actions/checkout@v4	2026-10-03T13:55:51.2787995Z [command]/usr/bin/git config --local --name-only --get-regexp http\.https\:\/\/github\.com\/\.extraheader
shared	Run actions/checkout@v4	2026-10-03T13:55:51.2831120Z [command]/usr/bin/git submodule foreach --recursive sh -c "git config --local --name-only --get-regexp 'http\.https\:\/\/github\.com\/\.extraheader' && git config --local --unset-all 'http.https://github.com/.extraheader' || :"
shared	Run actions/checkout@v4	2026-10-03T13:55:51.3080153Z [command]/usr/bin/git config --local --name-only --get-regexp ^includeIf\.gitdir:
shared	Run actions/checkout@v4	2026-10-03T13:55:51.3118977Z [command]/usr/bin/git submodule foreach --recursive git config --local --show-origin --name-only --get-regexp remote.origin.url
shared	Run actions/checkout@v4	2026-10-03T13:55:51.3353606Z [command]/usr/bin/git config --local http.https://github.com/.extraheader AUTHORIZATION: basic ***
shared	Run actions/checkout@v4	2026-10-03T13:55:51.3396966Z ##[endgroup]
shared	Run actions/checkout@v4	2026-10-03T13:55:51.3398170Z ##[group]Fetching the repository
shared	Run actions/checkout@v4	2026-10-03T13:55:51.3408521Z [command]/usr/bin/git -c protocol.version=2 fetch --no-tags --prune --no-recurse-submodules --depth=1 origin 6f9341276c6481e982c2a9b2f2d490b76bc1df96
shared	Run actions/checkout@v4	2026-10-03T13:55:52.1772342Z From https://github.com/nilesthump/IM-platform
shared	Run actions/checkout@v4	2026-10-03T13:55:52.1774527Z  * branch            6f9341276c6481e982c2a9b2f2d490b76bc1df96 -> FETCH_HEAD
shared	Run actions/checkout@v4	2026-10-03T13:55:52.1779794Z ##[endgroup]
shared	Run actions/checkout@v4	2026-10-03T13:55:52.1781986Z ##[group]Determining the checkout info
shared	Run actions/checkout@v4	2026-10-03T13:55:52.1783773Z ##[endgroup]
shared	Run actions/checkout@v4	2026-10-03T13:55:52.1785136Z [command]/usr/bin/git sparse-checkout disable
shared	Run actions/checkout@v4	2026-10-03T13:55:52.1840665Z [command]/usr/bin/git config --local --unset-all extensions.worktreeConfig
shared	Run actions/checkout@v4	2026-10-03T13:55:52.1882342Z ##[group]Checking out the ref
shared	Run actions/checkout@v4	2026-10-03T13:55:52.1884614Z [command]/usr/bin/git checkout --progress --force 6f9341276c6481e982c2a9b2f2d490b76bc1df96
shared	Run actions/checkout@v4	2026-10-03T13:55:52.7443155Z Note: switching to '6f9341276c6481e982c2a9b2f2d490b76bc1df96'.
shared	Run actions/checkout@v4	2026-10-03T13:55:52.7444960Z 
shared	Run actions/checkout@v4	2026-10-03T13:55:52.7445407Z You are in 'detached HEAD' state. You can look around, make experimental
shared	Run actions/checkout@v4	2026-10-03T13:55:52.7446336Z changes and commit them, and you can discard any commits you make in this
shared	Run actions/checkout@v4	2026-10-03T13:55:52.7447564Z state without impacting any branches by switching back to a branch.
shared	Run actions/checkout@v4	2026-10-03T13:55:52.7448205Z 
shared	Run actions/checkout@v4	2026-10-03T13:55:52.7448613Z If you want to create a new branch to retain commits you create, you may
shared	Run actions/checkout@v4	2026-10-03T13:55:52.7449533Z do so (now or later) by using -c with the switch command. Example:
shared	Run actions/checkout@v4	2026-10-03T13:55:52.7450343Z 
shared	Run actions/checkout@v4	2026-10-03T13:55:52.7450569Z   git switch -c <new-branch-name>
shared	Run actions/checkout@v4	2026-10-03T13:55:52.7450921Z 
shared	Run actions/checkout@v4	2026-10-03T13:55:52.7451146Z Or undo this operation with:
shared	Run actions/checkout@v4	2026-10-03T13:55:52.7451461Z 
shared	Run actions/checkout@v4	2026-10-03T13:55:52.7451658Z   git switch -
shared	Run actions/checkout@v4	2026-10-03T13:55:52.7451921Z 
shared	Run actions/checkout@v4	2026-10-03T13:55:52.7452420Z Turn off this advice by setting config variable advice.detachedHead to false
shared	Run actions/checkout@v4	2026-10-03T13:55:52.7452986Z 
shared	Run actions/checkout@v4	2026-10-03T13:55:52.7453410Z HEAD is now at 6f93412 Merge pull request #20 from nilesthump/task/LOOP1-SYNC-001
shared	Run actions/checkout@v4	2026-10-03T13:55:52.7477506Z ##[endgroup]
shared	Run actions/checkout@v4	2026-10-03T13:55:52.7524204Z [command]/usr/bin/git log -1 --format=%H
shared	Run actions/checkout@v4	2026-10-03T13:55:52.7552720Z 6f9341276c6481e982c2a9b2f2d490b76bc1df96
shared	Run actions/setup-node@v4	﻿2026-10-03T13:55:52.7823577Z ##[group]Run actions/setup-node@v4
shared	Run actions/setup-node@v4	2026-10-03T13:55:52.7823998Z with:
shared	Run actions/setup-node@v4	2026-10-03T13:55:52.7824253Z   node-version: 22
shared	Run actions/setup-node@v4	2026-10-03T13:55:52.7824514Z   always-auth: false
shared	Run actions/setup-node@v4	2026-10-03T13:55:52.7824780Z   check-latest: false
shared	Run actions/setup-node@v4	2026-10-03T13:55:52.7827703Z   token: ***
shared	Run actions/setup-node@v4	2026-10-03T13:55:52.7827979Z env:
shared	Run actions/setup-node@v4	2026-10-03T13:55:52.7828261Z   PYTHONDONTWRITEBYTECODE: 1
shared	Run actions/setup-node@v4	2026-10-03T13:55:52.7828561Z ##[endgroup]
shared	Run actions/setup-node@v4	2026-10-03T13:55:52.9290406Z Found in cache @ /opt/hostedtoolcache/node/22.23.3/x64
shared	Run actions/setup-node@v4	2026-10-03T13:55:52.9295679Z (node:2306) [DEP0040] DeprecationWarning: The `punycode` module is deprecated. Please use a userland alternative instead.
shared	Run actions/setup-node@v4	2026-10-03T13:55:52.9297438Z (Use `node --trace-deprecation ...` to show where the warning was created)
shared	Run actions/setup-node@v4	2026-10-03T13:55:52.9299762Z ##[group]Environment details
shared	Run actions/setup-node@v4	2026-10-03T13:55:53.3239856Z node: v22.23.3
shared	Run actions/setup-node@v4	2026-10-03T13:55:53.3240786Z npm: 10.9.9
shared	Run actions/setup-node@v4	2026-10-03T13:55:53.3241470Z yarn: 1.22.22
shared	Run actions/setup-node@v4	2026-10-03T13:55:53.3242731Z ##[endgroup]
shared	Actual shared TypeScript storage compile	﻿2026-10-03T13:55:53.3452391Z ##[group]Run python3 -B tools/verify_client_sqlite.py --scope shared
shared	Actual shared TypeScript storage compile	2026-10-03T13:55:53.3453074Z ^[[36;1mpython3 -B tools/verify_client_sqlite.py --scope shared^[[0m
shared	Actual shared TypeScript storage compile	2026-10-03T13:55:53.3453528Z ^[[36;1mpython3 -B tools/verify_client_send.py --scope shared^[[0m
shared	Actual shared TypeScript storage compile	2026-10-03T13:55:53.3698931Z shell: /usr/bin/bash -e {0}
shared	Actual shared TypeScript storage compile	2026-10-03T13:55:53.3699304Z env:
shared	Actual shared TypeScript storage compile	2026-10-03T13:55:53.3699565Z   PYTHONDONTWRITEBYTECODE: 1
shared	Actual shared TypeScript storage compile	2026-10-03T13:55:53.3699852Z ##[endgroup]
shared	Actual shared TypeScript storage compile	2026-10-03T13:55:53.4169221Z + npm --prefix clients/shared/protocol-sdk ci --ignore-scripts --no-audit --no-fund
shared	Actual shared TypeScript storage compile	2026-10-03T13:55:54.9819680Z 
shared	Actual shared TypeScript storage compile	2026-10-03T13:55:54.9820387Z added 1 package in 2s
shared	Actual shared TypeScript storage compile	2026-10-03T13:55:55.0228002Z + npm --prefix clients/shared/protocol-sdk run build
shared	Actual shared TypeScript storage compile	2026-10-03T13:55:55.1229815Z 
shared	Actual shared TypeScript storage compile	2026-10-03T13:55:55.1230729Z > @im/protocol-sdk@0.1.0 build
shared	Actual shared TypeScript storage compile	2026-10-03T13:55:55.1231598Z > tsc -p tsconfig.json
shared	Actual shared TypeScript storage compile	2026-10-03T13:55:55.1232265Z 
shared	Actual shared TypeScript storage compile	2026-10-03T13:55:56.6410906Z PASS: shared TypeScript compile (behavior exercised by Desktop SQLx and Android jobs)
shared	Actual shared TypeScript storage compile	2026-10-03T13:55:56.6821244Z + npm --prefix clients/shared/protocol-sdk ci --ignore-scripts --no-audit --no-fund
shared	Actual shared TypeScript storage compile	2026-10-03T13:55:57.1741793Z 
shared	Actual shared TypeScript storage compile	2026-10-03T13:55:57.1742377Z added 1 package in 440ms
shared	Actual shared TypeScript storage compile	2026-10-03T13:55:57.1837811Z + npm --prefix clients/shared/protocol-sdk run build
shared	Actual shared TypeScript storage compile	2026-10-03T13:55:57.2808377Z 
shared	Actual shared TypeScript storage compile	2026-10-03T13:55:57.2809742Z > @im/protocol-sdk@0.1.0 build
shared	Actual shared TypeScript storage compile	2026-10-03T13:55:57.2810550Z > tsc -p tsconfig.json
shared	Actual shared TypeScript storage compile	2026-10-03T13:55:57.2810898Z 
shared	Actual shared TypeScript storage compile	2026-10-03T13:55:58.6964508Z + node tests/clients/send/shared.mjs
shared	Actual shared TypeScript storage compile	2026-10-03T13:55:58.7316029Z PASS: strict schema fields, duplicate keys, exact integer lexemes, invalid frames, escaped content
shared	HTTP, WSS, Sync and Plugin contracts	﻿2026-10-03T13:55:58.7483347Z ##[group]Run ./contracts/http/verify-auth-user-friend.ps1
shared	HTTP, WSS, Sync and Plugin contracts	2026-10-03T13:55:58.7483867Z ^[[36;1m./contracts/http/verify-auth-user-friend.ps1^[[0m
shared	HTTP, WSS, Sync and Plugin contracts	2026-10-03T13:55:58.7484271Z ^[[36;1mif ($LASTEXITCODE -ne 0) { exit $LASTEXITCODE }^[[0m
shared	HTTP, WSS, Sync and Plugin contracts	2026-10-03T13:55:58.7484648Z ^[[36;1mpython3 -B tools/verify_sync_transport.py^[[0m
shared	HTTP, WSS, Sync and Plugin contracts	2026-10-03T13:55:58.7485000Z ^[[36;1mif ($LASTEXITCODE -ne 0) { exit $LASTEXITCODE }^[[0m
shared	HTTP, WSS, Sync and Plugin contracts	2026-10-03T13:55:58.7485449Z ^[[36;1mpython3 -B -m unittest discover -s tests/contract -p test_sync_transport.py^[[0m
shared	HTTP, WSS, Sync and Plugin contracts	2026-10-03T13:55:58.7485969Z ^[[36;1mif ($LASTEXITCODE -ne 0) { exit $LASTEXITCODE }^[[0m
shared	HTTP, WSS, Sync and Plugin contracts	2026-10-03T13:55:58.7486316Z ^[[36;1mpython3 contracts/websocket/verify.py^[[0m
shared	HTTP, WSS, Sync and Plugin contracts	2026-10-03T13:55:58.7486906Z ^[[36;1mif ($LASTEXITCODE -ne 0) { exit $LASTEXITCODE }^[[0m
shared	HTTP, WSS, Sync and Plugin contracts	2026-10-03T13:55:58.7487595Z ^[[36;1mpython3 contracts/plugin-api/verify.py^[[0m
shared	HTTP, WSS, Sync and Plugin contracts	2026-10-03T13:55:58.7487920Z ^[[36;1mexit $LASTEXITCODE^[[0m
shared	HTTP, WSS, Sync and Plugin contracts	2026-10-03T13:55:58.7515424Z shell: /usr/bin/pwsh -command ". '{0}'"
shared	HTTP, WSS, Sync and Plugin contracts	2026-10-03T13:55:58.7515735Z env:
shared	HTTP, WSS, Sync and Plugin contracts	2026-10-03T13:55:58.7515990Z   PYTHONDONTWRITEBYTECODE: 1
shared	HTTP, WSS, Sync and Plugin contracts	2026-10-03T13:55:58.7516247Z ##[endgroup]
shared	HTTP, WSS, Sync and Plugin contracts	2026-10-03T13:56:10.7655367Z PASS: Auth/User/Friend contracts verified paths=9 operations=9 error_codes=15 positive=6 negative=21 profiles=go,java schema_lint=OAI-OpenAPI-3.1-2026-08-03 mutation_regressions=15.
shared	HTTP, WSS, Sync and Plugin contracts	2026-10-03T13:56:10.8593733Z PASS: canonical external refs, HTTPS/Auth/error/pagination binding and official OpenAPI 3.1 lint; no runtime acceptance claimed
shared	HTTP, WSS, Sync and Plugin contracts	2026-10-03T13:56:10.9518617Z ....
shared	HTTP, WSS, Sync and Plugin contracts	2026-10-03T13:56:10.9519551Z ----------------------------------------------------------------------
shared	HTTP, WSS, Sync and Plugin contracts	2026-10-03T13:56:10.9520177Z Ran 4 tests in 0.011s
shared	HTTP, WSS, Sync and Plugin contracts	2026-10-03T13:56:10.9520442Z 
shared	HTTP, WSS, Sync and Plugin contracts	2026-10-03T13:56:10.9520580Z OK
shared	HTTP, WSS, Sync and Plugin contracts	2026-10-03T13:56:11.0406923Z PASS WSS v1: 8 positive, 10 negative shared Go/Java scenarios; 18 schema and 26 behavior mutations rejected
shared	HTTP, WSS, Sync and Plugin contracts	2026-10-03T13:56:11.1059377Z PASS: Sync/Plugin v1 schemas, 79 distinct Go/Java outcome artifacts (22 positive, 57 negative), SP-A-001..013, 16 mutation controls
shared	Post Run actions/setup-node@v4	﻿2026-10-03T13:56:11.1922822Z Post job cleanup.
shared	Post Run actions/setup-node@v4	2026-10-03T13:56:11.3220957Z (node:2514) [DEP0040] DeprecationWarning: The `punycode` module is deprecated. Please use a userland alternative instead.
shared	Post Run actions/setup-node@v4	2026-10-03T13:56:11.3221978Z (Use `node --trace-deprecation ...` to show where the warning was created)
shared	Post Run actions/checkout@v4	﻿2026-10-03T13:56:11.3453765Z Post job cleanup.
shared	Post Run actions/checkout@v4	2026-10-03T13:56:11.4423976Z [command]/usr/bin/git version
shared	Post Run actions/checkout@v4	2026-10-03T13:56:11.4473917Z git version 2.55.0
shared	Post Run actions/checkout@v4	2026-10-03T13:56:11.4522845Z Temporarily overriding HOME='/home/runner/work/_temp/75ccf996-1469-41dd-9e0a-6d9f6b60b1f4' before making global git config changes
shared	Post Run actions/checkout@v4	2026-10-03T13:56:11.4524251Z Adding repository directory to the temporary git global config as a safe directory
shared	Post Run actions/checkout@v4	2026-10-03T13:56:11.4531936Z [command]/usr/bin/git config --global --add safe.directory /home/runner/work/IM-platform/IM-platform
shared	Post Run actions/checkout@v4	2026-10-03T13:56:11.4580498Z [command]/usr/bin/git config --local --name-only --get-regexp core\.sshCommand
shared	Post Run actions/checkout@v4	2026-10-03T13:56:11.4624530Z [command]/usr/bin/git submodule foreach --recursive sh -c "git config --local --name-only --get-regexp 'core\.sshCommand' && git config --local --unset-all 'core.sshCommand' || :"
shared	Post Run actions/checkout@v4	2026-10-03T13:56:11.4918718Z [command]/usr/bin/git config --local --name-only --get-regexp http\.https\:\/\/github\.com\/\.extraheader
shared	Post Run actions/checkout@v4	2026-10-03T13:56:11.4953078Z http.https://github.com/.extraheader
shared	Post Run actions/checkout@v4	2026-10-03T13:56:11.4966577Z [command]/usr/bin/git config --local --unset-all http.https://github.com/.extraheader
shared	Post Run actions/checkout@v4	2026-10-03T13:56:11.5013041Z [command]/usr/bin/git submodule foreach --recursive sh -c "git config --local --name-only --get-regexp 'http\.https\:\/\/github\.com\/\.extraheader' && git config --local --unset-all 'http.https://github.com/.extraheader' || :"
shared	Post Run actions/checkout@v4	2026-10-03T13:56:11.5332583Z [command]/usr/bin/git config --local --name-only --get-regexp ^includeIf\.gitdir:
shared	Post Run actions/checkout@v4	2026-10-03T13:56:11.5382437Z [command]/usr/bin/git submodule foreach --recursive git config --local --show-origin --name-only --get-regexp remote.origin.url
shared	Complete job	﻿2026-10-03T13:56:11.5809795Z Cleaning up orphan processes
shared	Complete job	2026-10-03T13:56:11.6110595Z ##[warning]Node.js 20 is deprecated. The following actions target Node.js 20 but are being forced to run on Node.js 24: actions/checkout@v4, actions/setup-node@v4. For more information see: https://github.blog/changelog/2025-09-19-deprecation-of-node-20-on-github-actions-runners/
