architecture	Set up job	﻿2026-10-03T16:24:24.2483587Z Current runner version: '2.337.0'
architecture	Set up job	2026-10-03T16:24:24.2504668Z ##[group]Runner Image Provisioner
architecture	Set up job	2026-10-03T16:24:24.2505395Z Hosted Compute Agent
architecture	Set up job	2026-10-03T16:24:24.2506014Z Version: 20260901.588
architecture	Set up job	2026-10-03T16:24:24.2506543Z Commit: f88ec8081b781fac6c440065ac7ff9e710ce3d0b
architecture	Set up job	2026-10-03T16:24:24.2507207Z Build Date: 2026-09-01T19:56:44Z
architecture	Set up job	2026-10-03T16:24:24.2507807Z Worker ID: {e12d25ab-b7a2-453a-aeca-e43f65d947f1}
architecture	Set up job	2026-10-03T16:24:24.2508394Z Azure Region: mexicocentral
architecture	Set up job	2026-10-03T16:24:24.2509282Z ##[endgroup]
architecture	Set up job	2026-10-03T16:24:24.2510467Z ##[group]Operating System
architecture	Set up job	2026-10-03T16:24:24.2511034Z Ubuntu
architecture	Set up job	2026-10-03T16:24:24.2511490Z 24.04.5
architecture	Set up job	2026-10-03T16:24:24.2511922Z LTS
architecture	Set up job	2026-10-03T16:24:24.2512398Z ##[endgroup]
architecture	Set up job	2026-10-03T16:24:24.2512889Z ##[group]Runner Image
architecture	Set up job	2026-10-03T16:24:24.2513368Z Image: ubuntu-24.04
architecture	Set up job	2026-10-03T16:24:24.2514147Z Version: 20260927.320.1
architecture	Set up job	2026-10-03T16:24:24.2515059Z Included Software: https://github.com/actions/runner-images/blob/ubuntu24/20260927.320/images/ubuntu/Ubuntu2404-Readme.md
architecture	Set up job	2026-10-03T16:24:24.2516519Z Image Release: https://github.com/actions/runner-images/releases/tag/ubuntu24%2F20260927.320
architecture	Set up job	2026-10-03T16:24:24.2517283Z ##[endgroup]
architecture	Set up job	2026-10-03T16:24:24.2518251Z ##[group]GITHUB_TOKEN Permissions
architecture	Set up job	2026-10-03T16:24:24.2519843Z Contents: read
architecture	Set up job	2026-10-03T16:24:24.2520389Z Metadata: read
architecture	Set up job	2026-10-03T16:24:24.2520848Z ##[endgroup]
architecture	Set up job	2026-10-03T16:24:24.2522527Z Secret source: Actions
architecture	Set up job	2026-10-03T16:24:24.2523287Z Cache mode: write
architecture	Set up job	2026-10-03T16:24:24.2524126Z Prepare workflow directory
architecture	Set up job	2026-10-03T16:24:24.2920641Z Prepare all required actions
architecture	Set up job	2026-10-03T16:24:24.2959199Z Getting action download info
architecture	Set up job	2026-10-03T16:24:24.6011062Z Download action repository 'actions/checkout@v4' (SHA:11d5960a326750d5838078e36cf38b85af677262)
architecture	Set up job	2026-10-03T16:24:24.9652786Z Download action repository 'actions/setup-go@v5' (SHA:40f1582b2485089dde7abd97c1529aa768e1baff)
architecture	Set up job	2026-10-03T16:24:26.1079002Z Download action repository 'actions/setup-java@v4' (SHA:cf277c60eb25467037889841efdb72551f06f6c3)
architecture	Set up job	2026-10-03T16:24:27.1139193Z Complete job name: architecture
architecture	Run actions/checkout@v4	﻿2026-10-03T16:24:27.1731903Z ##[group]Run actions/checkout@v4
architecture	Run actions/checkout@v4	2026-10-03T16:24:27.1732423Z with:
architecture	Run actions/checkout@v4	2026-10-03T16:24:27.1732651Z   repository: nilesthump/IM-platform
architecture	Run actions/checkout@v4	2026-10-03T16:24:27.1735120Z   token: ***
architecture	Run actions/checkout@v4	2026-10-03T16:24:27.1735341Z   ssh-strict: true
architecture	Run actions/checkout@v4	2026-10-03T16:24:27.1735551Z   ssh-user: git
architecture	Run actions/checkout@v4	2026-10-03T16:24:27.1735765Z   persist-credentials: true
architecture	Run actions/checkout@v4	2026-10-03T16:24:27.1735993Z   clean: true
architecture	Run actions/checkout@v4	2026-10-03T16:24:27.1736204Z   sparse-checkout-cone-mode: true
architecture	Run actions/checkout@v4	2026-10-03T16:24:27.1736446Z   fetch-depth: 1
architecture	Run actions/checkout@v4	2026-10-03T16:24:27.1736650Z   fetch-tags: false
architecture	Run actions/checkout@v4	2026-10-03T16:24:27.1736867Z   show-progress: true
architecture	Run actions/checkout@v4	2026-10-03T16:24:27.1737089Z   lfs: false
architecture	Run actions/checkout@v4	2026-10-03T16:24:27.1737282Z   submodules: false
architecture	Run actions/checkout@v4	2026-10-03T16:24:27.1737489Z   set-safe-directory: true
architecture	Run actions/checkout@v4	2026-10-03T16:24:27.1737731Z   allow-unsafe-pr-checkout: false
architecture	Run actions/checkout@v4	2026-10-03T16:24:27.1738188Z env:
architecture	Run actions/checkout@v4	2026-10-03T16:24:27.1738397Z   PYTHONDONTWRITEBYTECODE: 1
architecture	Run actions/checkout@v4	2026-10-03T16:24:27.1738639Z ##[endgroup]
architecture	Run actions/checkout@v4	2026-10-03T16:24:27.2574890Z Syncing repository: nilesthump/IM-platform
architecture	Run actions/checkout@v4	2026-10-03T16:24:27.2576533Z ##[group]Getting Git version info
architecture	Run actions/checkout@v4	2026-10-03T16:24:27.2577178Z Working directory is '/home/runner/work/IM-platform/IM-platform'
architecture	Run actions/checkout@v4	2026-10-03T16:24:27.2577993Z [command]/usr/bin/git version
architecture	Run actions/checkout@v4	2026-10-03T16:24:27.2646384Z git version 2.55.0
architecture	Run actions/checkout@v4	2026-10-03T16:24:27.2662853Z ##[endgroup]
architecture	Run actions/checkout@v4	2026-10-03T16:24:27.2676539Z Temporarily overriding HOME='/home/runner/work/_temp/d9c8a977-9f47-43cf-9207-ad72a61e6906' before making global git config changes
architecture	Run actions/checkout@v4	2026-10-03T16:24:27.2677742Z Adding repository directory to the temporary git global config as a safe directory
architecture	Run actions/checkout@v4	2026-10-03T16:24:27.2680616Z [command]/usr/bin/git config --global --add safe.directory /home/runner/work/IM-platform/IM-platform
architecture	Run actions/checkout@v4	2026-10-03T16:24:27.2728232Z Deleting the contents of '/home/runner/work/IM-platform/IM-platform'
architecture	Run actions/checkout@v4	2026-10-03T16:24:27.2741389Z ##[group]Initializing the repository
architecture	Run actions/checkout@v4	2026-10-03T16:24:27.2745092Z [command]/usr/bin/git init /home/runner/work/IM-platform/IM-platform
architecture	Run actions/checkout@v4	2026-10-03T16:24:27.2837263Z hint: Using 'master' as the name for the initial branch. This default branch name
architecture	Run actions/checkout@v4	2026-10-03T16:24:27.2838120Z hint: will change to "main" in Git 3.0. To configure the initial branch name
architecture	Run actions/checkout@v4	2026-10-03T16:24:27.2838932Z hint: to use in all of your new repositories, which will suppress this warning,
architecture	Run actions/checkout@v4	2026-10-03T16:24:27.2839489Z hint: call:
architecture	Run actions/checkout@v4	2026-10-03T16:24:27.2839784Z hint:
architecture	Run actions/checkout@v4	2026-10-03T16:24:27.2840218Z hint: 	git config --global init.defaultBranch <name>
architecture	Run actions/checkout@v4	2026-10-03T16:24:27.2840671Z hint:
architecture	Run actions/checkout@v4	2026-10-03T16:24:27.2841093Z hint: Names commonly chosen instead of 'master' are 'main', 'trunk' and
architecture	Run actions/checkout@v4	2026-10-03T16:24:27.2841827Z hint: 'development'. The just-created branch can be renamed via this command:
architecture	Run actions/checkout@v4	2026-10-03T16:24:27.2842370Z hint:
architecture	Run actions/checkout@v4	2026-10-03T16:24:27.2842669Z hint: 	git branch -m <name>
architecture	Run actions/checkout@v4	2026-10-03T16:24:27.2843205Z hint:
architecture	Run actions/checkout@v4	2026-10-03T16:24:27.2843879Z hint: Disable this message with "git config set advice.defaultBranchName false"
architecture	Run actions/checkout@v4	2026-10-03T16:24:27.2844791Z Initialized empty Git repository in /home/runner/work/IM-platform/IM-platform/.git/
architecture	Run actions/checkout@v4	2026-10-03T16:24:27.2849627Z [command]/usr/bin/git remote add origin https://github.com/nilesthump/IM-platform
architecture	Run actions/checkout@v4	2026-10-03T16:24:27.2893600Z ##[endgroup]
architecture	Run actions/checkout@v4	2026-10-03T16:24:27.2894330Z ##[group]Disabling automatic garbage collection
architecture	Run actions/checkout@v4	2026-10-03T16:24:27.2897050Z [command]/usr/bin/git config --local gc.auto 0
architecture	Run actions/checkout@v4	2026-10-03T16:24:27.2934952Z ##[endgroup]
architecture	Run actions/checkout@v4	2026-10-03T16:24:27.2935522Z ##[group]Setting up auth
architecture	Run actions/checkout@v4	2026-10-03T16:24:27.2936233Z [command]/usr/bin/git config --local --name-only --get-regexp core\.sshCommand
architecture	Run actions/checkout@v4	2026-10-03T16:24:27.2969394Z [command]/usr/bin/git submodule foreach --recursive sh -c "git config --local --name-only --get-regexp 'core\.sshCommand' && git config --local --unset-all 'core.sshCommand' || :"
architecture	Run actions/checkout@v4	2026-10-03T16:24:27.3362593Z [command]/usr/bin/git config --local --name-only --get-regexp http\.https\:\/\/github\.com\/\.extraheader
architecture	Run actions/checkout@v4	2026-10-03T16:24:27.3399385Z [command]/usr/bin/git submodule foreach --recursive sh -c "git config --local --name-only --get-regexp 'http\.https\:\/\/github\.com\/\.extraheader' && git config --local --unset-all 'http.https://github.com/.extraheader' || :"
architecture	Run actions/checkout@v4	2026-10-03T16:24:27.3601406Z [command]/usr/bin/git config --local --name-only --get-regexp ^includeIf\.gitdir:
architecture	Run actions/checkout@v4	2026-10-03T16:24:27.3631235Z [command]/usr/bin/git submodule foreach --recursive git config --local --show-origin --name-only --get-regexp remote.origin.url
architecture	Run actions/checkout@v4	2026-10-03T16:24:27.3819564Z [command]/usr/bin/git config --local http.https://github.com/.extraheader AUTHORIZATION: basic ***
architecture	Run actions/checkout@v4	2026-10-03T16:24:27.3855223Z ##[endgroup]
architecture	Run actions/checkout@v4	2026-10-03T16:24:27.3855657Z ##[group]Fetching the repository
architecture	Run actions/checkout@v4	2026-10-03T16:24:27.3861715Z [command]/usr/bin/git -c protocol.version=2 fetch --no-tags --prune --no-recurse-submodules --depth=1 origin +2351a2931f10dc423cf215fbad3a4e1f0b142495:refs/remotes/origin/main
architecture	Run actions/checkout@v4	2026-10-03T16:24:29.0826222Z From https://github.com/nilesthump/IM-platform
architecture	Run actions/checkout@v4	2026-10-03T16:24:29.0826929Z  * [new ref]         2351a2931f10dc423cf215fbad3a4e1f0b142495 -> origin/main
architecture	Run actions/checkout@v4	2026-10-03T16:24:29.0829301Z ##[endgroup]
architecture	Run actions/checkout@v4	2026-10-03T16:24:29.0829659Z ##[group]Determining the checkout info
architecture	Run actions/checkout@v4	2026-10-03T16:24:29.0831356Z ##[endgroup]
architecture	Run actions/checkout@v4	2026-10-03T16:24:29.0836843Z [command]/usr/bin/git sparse-checkout disable
architecture	Run actions/checkout@v4	2026-10-03T16:24:29.1041739Z [command]/usr/bin/git config --local --unset-all extensions.worktreeConfig
architecture	Run actions/checkout@v4	2026-10-03T16:24:29.1069280Z ##[group]Checking out the ref
architecture	Run actions/checkout@v4	2026-10-03T16:24:29.1073401Z [command]/usr/bin/git checkout --progress --force -B main refs/remotes/origin/main
architecture	Run actions/checkout@v4	2026-10-03T16:24:29.5801615Z Switched to a new branch 'main'
architecture	Run actions/checkout@v4	2026-10-03T16:24:29.5805925Z branch 'main' set up to track 'origin/main'.
architecture	Run actions/checkout@v4	2026-10-03T16:24:29.5828644Z ##[endgroup]
architecture	Run actions/checkout@v4	2026-10-03T16:24:29.5869728Z [command]/usr/bin/git log -1 --format=%H
architecture	Run actions/checkout@v4	2026-10-03T16:24:29.5892579Z 2351a2931f10dc423cf215fbad3a4e1f0b142495
architecture	Run actions/setup-go@v5	﻿2026-10-03T16:24:29.6161429Z ##[group]Run actions/setup-go@v5
architecture	Run actions/setup-go@v5	2026-10-03T16:24:29.6161711Z with:
architecture	Run actions/setup-go@v5	2026-10-03T16:24:29.6161878Z   go-version: 1.23
architecture	Run actions/setup-go@v5	2026-10-03T16:24:29.6162056Z   check-latest: false
architecture	Run actions/setup-go@v5	2026-10-03T16:24:29.6164350Z   token: ***
architecture	Run actions/setup-go@v5	2026-10-03T16:24:29.6164533Z   cache: true
architecture	Run actions/setup-go@v5	2026-10-03T16:24:29.6164699Z env:
architecture	Run actions/setup-go@v5	2026-10-03T16:24:29.6164865Z   PYTHONDONTWRITEBYTECODE: 1
architecture	Run actions/setup-go@v5	2026-10-03T16:24:29.6165063Z ##[endgroup]
architecture	Run actions/setup-go@v5	2026-10-03T16:24:29.7201410Z Setup go version spec 1.23
architecture	Run actions/setup-go@v5	2026-10-03T16:24:29.7293204Z Attempting to download 1.23...
architecture	Run actions/setup-go@v5	2026-10-03T16:24:29.7384115Z (node:2077) [DEP0040] DeprecationWarning: The `punycode` module is deprecated. Please use a userland alternative instead.
architecture	Run actions/setup-go@v5	2026-10-03T16:24:29.7384817Z (Use `node --trace-deprecation ...` to show where the warning was created)
architecture	Run actions/setup-go@v5	2026-10-03T16:24:30.6539794Z matching 1.23...
architecture	Run actions/setup-go@v5	2026-10-03T16:24:30.6562726Z Acquiring 1.23.12 from https://github.com/actions/go-versions/releases/download/1.23.12-16792118003/go-1.23.12-linux-x64.tar.gz
architecture	Run actions/setup-go@v5	2026-10-03T16:24:31.1151858Z Extracting Go...
architecture	Run actions/setup-go@v5	2026-10-03T16:24:31.1244502Z [command]/usr/bin/tar xz --warning=no-unknown-keyword --overwrite -C /home/runner/work/_temp/49ec2da7-21e4-4329-b41c-24af97323ad3 -f /home/runner/work/_temp/b114c116-46df-4b6b-8058-a5608e31669c
architecture	Run actions/setup-go@v5	2026-10-03T16:24:32.5605065Z Successfully extracted go to /home/runner/work/_temp/49ec2da7-21e4-4329-b41c-24af97323ad3
architecture	Run actions/setup-go@v5	2026-10-03T16:24:32.5605548Z Adding to the cache ...
architecture	Run actions/setup-go@v5	2026-10-03T16:24:39.0908574Z Successfully cached go to /opt/hostedtoolcache/go/1.23.12/x64
architecture	Run actions/setup-go@v5	2026-10-03T16:24:39.0910977Z Added go to the path
architecture	Run actions/setup-go@v5	2026-10-03T16:24:39.0912910Z Successfully set up Go version 1.23
architecture	Run actions/setup-go@v5	2026-10-03T16:24:39.1086441Z [command]/opt/hostedtoolcache/go/1.23.12/x64/bin/go env GOMODCACHE
architecture	Run actions/setup-go@v5	2026-10-03T16:24:39.1118729Z [command]/opt/hostedtoolcache/go/1.23.12/x64/bin/go env GOCACHE
architecture	Run actions/setup-go@v5	2026-10-03T16:24:39.1153026Z /home/runner/go/pkg/mod
architecture	Run actions/setup-go@v5	2026-10-03T16:24:39.1165081Z /home/runner/.cache/go-build
architecture	Run actions/setup-go@v5	2026-10-03T16:24:39.1186780Z ##[warning]Restore cache failed: Dependencies file is not found in /home/runner/work/IM-platform/IM-platform. Supported file pattern: go.sum
architecture	Run actions/setup-go@v5	2026-10-03T16:24:39.1208737Z go version go1.23.12 linux/amd64
architecture	Run actions/setup-go@v5	2026-10-03T16:24:39.1208912Z 
architecture	Run actions/setup-go@v5	2026-10-03T16:24:39.1209159Z ##[group]go env
architecture	Run actions/setup-go@v5	2026-10-03T16:24:39.2467724Z GO111MODULE=''
architecture	Run actions/setup-go@v5	2026-10-03T16:24:39.2468123Z GOARCH='amd64'
architecture	Run actions/setup-go@v5	2026-10-03T16:24:39.2468307Z GOBIN=''
architecture	Run actions/setup-go@v5	2026-10-03T16:24:39.2468507Z GOCACHE='/home/runner/.cache/go-build'
architecture	Run actions/setup-go@v5	2026-10-03T16:24:39.2468773Z GOENV='/home/runner/.config/go/env'
architecture	Run actions/setup-go@v5	2026-10-03T16:24:39.2468985Z GOEXE=''
architecture	Run actions/setup-go@v5	2026-10-03T16:24:39.2469149Z GOEXPERIMENT=''
architecture	Run actions/setup-go@v5	2026-10-03T16:24:39.2469329Z GOFLAGS=''
architecture	Run actions/setup-go@v5	2026-10-03T16:24:39.2469489Z GOHOSTARCH='amd64'
architecture	Run actions/setup-go@v5	2026-10-03T16:24:39.2469678Z GOHOSTOS='linux'
architecture	Run actions/setup-go@v5	2026-10-03T16:24:39.2469849Z GOINSECURE=''
architecture	Run actions/setup-go@v5	2026-10-03T16:24:39.2470040Z GOMODCACHE='/home/runner/go/pkg/mod'
architecture	Run actions/setup-go@v5	2026-10-03T16:24:39.2470268Z GONOPROXY=''
architecture	Run actions/setup-go@v5	2026-10-03T16:24:39.2470429Z GONOSUMDB=''
architecture	Run actions/setup-go@v5	2026-10-03T16:24:39.2470592Z GOOS='linux'
architecture	Run actions/setup-go@v5	2026-10-03T16:24:39.2470764Z GOPATH='/home/runner/go'
architecture	Run actions/setup-go@v5	2026-10-03T16:24:39.2470952Z GOPRIVATE=''
architecture	Run actions/setup-go@v5	2026-10-03T16:24:39.2471183Z GOPROXY='https://proxy.golang.org,direct'
architecture	Run actions/setup-go@v5	2026-10-03T16:24:39.2471519Z GOROOT='/opt/hostedtoolcache/go/1.23.12/x64'
architecture	Run actions/setup-go@v5	2026-10-03T16:24:39.2471764Z GOSUMDB='sum.golang.org'
architecture	Run actions/setup-go@v5	2026-10-03T16:24:39.2471949Z GOTMPDIR=''
architecture	Run actions/setup-go@v5	2026-10-03T16:24:39.2472122Z GOTOOLCHAIN='auto'
architecture	Run actions/setup-go@v5	2026-10-03T16:24:39.2472406Z GOTOOLDIR='/opt/hostedtoolcache/go/1.23.12/x64/pkg/tool/linux_amd64'
architecture	Run actions/setup-go@v5	2026-10-03T16:24:39.2472715Z GOVCS=''
architecture	Run actions/setup-go@v5	2026-10-03T16:24:39.2472878Z GOVERSION='go1.23.12'
architecture	Run actions/setup-go@v5	2026-10-03T16:24:39.2473062Z GODEBUG=''
architecture	Run actions/setup-go@v5	2026-10-03T16:24:39.2473223Z GOTELEMETRY='local'
architecture	Run actions/setup-go@v5	2026-10-03T16:24:39.2473455Z GOTELEMETRYDIR='/home/runner/.config/go/telemetry'
architecture	Run actions/setup-go@v5	2026-10-03T16:24:39.2473887Z GCCGO='gccgo'
architecture	Run actions/setup-go@v5	2026-10-03T16:24:39.2474050Z GOAMD64='v1'
architecture	Run actions/setup-go@v5	2026-10-03T16:24:39.2474209Z AR='ar'
architecture	Run actions/setup-go@v5	2026-10-03T16:24:39.2474358Z CC='gcc'
architecture	Run actions/setup-go@v5	2026-10-03T16:24:39.2474526Z CXX='g++'
architecture	Run actions/setup-go@v5	2026-10-03T16:24:39.2474680Z CGO_ENABLED='1'
architecture	Run actions/setup-go@v5	2026-10-03T16:24:39.2474847Z GOMOD='/dev/null'
architecture	Run actions/setup-go@v5	2026-10-03T16:24:39.2475012Z GOWORK=''
architecture	Run actions/setup-go@v5	2026-10-03T16:24:39.2475191Z CGO_CFLAGS='-O2 -g'
architecture	Run actions/setup-go@v5	2026-10-03T16:24:39.2475369Z CGO_CPPFLAGS=''
architecture	Run actions/setup-go@v5	2026-10-03T16:24:39.2475797Z CGO_CXXFLAGS='-O2 -g'
architecture	Run actions/setup-go@v5	2026-10-03T16:24:39.2475975Z CGO_FFLAGS='-O2 -g'
architecture	Run actions/setup-go@v5	2026-10-03T16:24:39.2476144Z CGO_LDFLAGS='-O2 -g'
architecture	Run actions/setup-go@v5	2026-10-03T16:24:39.2476330Z PKG_CONFIG='pkg-config'
architecture	Run actions/setup-go@v5	2026-10-03T16:24:39.2476994Z GOGCCFLAGS='-fPIC -m64 -pthread -Wl,--no-gc-sections -fmessage-length=0 -ffile-prefix-map=/tmp/go-build3306500350=/tmp/go-build -gno-record-gcc-switches'
architecture	Run actions/setup-go@v5	2026-10-03T16:24:39.2477451Z 
architecture	Run actions/setup-go@v5	2026-10-03T16:24:39.2477766Z ##[endgroup]
architecture	Run actions/setup-java@v4	﻿2026-10-03T16:24:39.2704616Z ##[group]Run actions/setup-java@v4
architecture	Run actions/setup-java@v4	2026-10-03T16:24:39.2704844Z with:
architecture	Run actions/setup-java@v4	2026-10-03T16:24:39.2705009Z   distribution: temurin
architecture	Run actions/setup-java@v4	2026-10-03T16:24:39.2705190Z   java-version: 21
architecture	Run actions/setup-java@v4	2026-10-03T16:24:39.2705357Z   java-package: jdk
architecture	Run actions/setup-java@v4	2026-10-03T16:24:39.2705528Z   check-latest: false
architecture	Run actions/setup-java@v4	2026-10-03T16:24:39.2705705Z   server-id: github
architecture	Run actions/setup-java@v4	2026-10-03T16:24:39.2705879Z   server-username: GITHUB_ACTOR
architecture	Run actions/setup-java@v4	2026-10-03T16:24:39.2706083Z   server-password: GITHUB_TOKEN
architecture	Run actions/setup-java@v4	2026-10-03T16:24:39.2706280Z   overwrite-settings: true
architecture	Run actions/setup-java@v4	2026-10-03T16:24:39.2706468Z   job-status: success
architecture	Run actions/setup-java@v4	2026-10-03T16:24:39.2708431Z   token: ***
architecture	Run actions/setup-java@v4	2026-10-03T16:24:39.2708645Z env:
architecture	Run actions/setup-java@v4	2026-10-03T16:24:39.2708817Z   PYTHONDONTWRITEBYTECODE: 1
architecture	Run actions/setup-java@v4	2026-10-03T16:24:39.2709016Z ##[endgroup]
architecture	Run actions/setup-java@v4	2026-10-03T16:24:39.4014940Z ##[warning]setup-java v4 is deprecated and will no longer receive updates. Please migrate to actions/setup-java@v5.
architecture	Run actions/setup-java@v4	2026-10-03T16:24:39.4016515Z ##[group]Installed distributions
architecture	Run actions/setup-java@v4	2026-10-03T16:24:39.4115523Z Resolved Java 21.0.12+1 from tool-cache
architecture	Run actions/setup-java@v4	2026-10-03T16:24:39.4116027Z Setting Java 21.0.12+1 as the default
architecture	Run actions/setup-java@v4	2026-10-03T16:24:39.4123247Z (node:2146) [DEP0040] DeprecationWarning: The `punycode` module is deprecated. Please use a userland alternative instead.
architecture	Run actions/setup-java@v4	2026-10-03T16:24:39.4123953Z (Use `node --trace-deprecation ...` to show where the warning was created)
architecture	Run actions/setup-java@v4	2026-10-03T16:24:39.4126355Z Creating toolchains.xml for JDK version 21 from temurin
architecture	Run actions/setup-java@v4	2026-10-03T16:24:39.4178246Z Writing to /home/runner/.m2/toolchains.xml
architecture	Run actions/setup-java@v4	2026-10-03T16:24:39.4178602Z 
architecture	Run actions/setup-java@v4	2026-10-03T16:24:39.4178726Z Java configuration:
architecture	Run actions/setup-java@v4	2026-10-03T16:24:39.4179018Z   Distribution: temurin
architecture	Run actions/setup-java@v4	2026-10-03T16:24:39.4179307Z   Version: 21.0.12+1
architecture	Run actions/setup-java@v4	2026-10-03T16:24:39.4179737Z   Path: /opt/hostedtoolcache/Java_Temurin-Hotspot_jdk/21.0.12-1/x64
architecture	Run actions/setup-java@v4	2026-10-03T16:24:39.4180095Z 
architecture	Run actions/setup-java@v4	2026-10-03T16:24:39.4180406Z ##[endgroup]
architecture	Run actions/setup-java@v4	2026-10-03T16:24:39.4192977Z Creating settings.xml with server-id: github
architecture	Run actions/setup-java@v4	2026-10-03T16:24:39.4216930Z Writing to /home/runner/.m2/settings.xml
architecture	Canonical integrity and authority structure	﻿2026-10-03T16:24:39.4346913Z ##[group]Run ./tools/verify-frozen-architecture.ps1
architecture	Canonical integrity and authority structure	2026-10-03T16:24:39.4347459Z ^[[36;1m./tools/verify-frozen-architecture.ps1^[[0m
architecture	Canonical integrity and authority structure	2026-10-03T16:24:39.4377084Z shell: /usr/bin/pwsh -command ". '{0}'"
architecture	Canonical integrity and authority structure	2026-10-03T16:24:39.4377439Z env:
architecture	Canonical integrity and authority structure	2026-10-03T16:24:39.4377699Z   PYTHONDONTWRITEBYTECODE: 1
architecture	Canonical integrity and authority structure	2026-10-03T16:24:39.4378162Z   JAVA_HOME: /opt/hostedtoolcache/Java_Temurin-Hotspot_jdk/21.0.12-1/x64
architecture	Canonical integrity and authority structure	2026-10-03T16:24:39.4378795Z   JAVA_HOME_21_X64: /opt/hostedtoolcache/Java_Temurin-Hotspot_jdk/21.0.12-1/x64
architecture	Canonical integrity and authority structure	2026-10-03T16:24:39.4379278Z ##[endgroup]
architecture	Canonical integrity and authority structure	2026-10-03T16:24:40.5790068Z PASS: v1.1 current SHA/PDF provenance/ADR and section-bound semantic structure; historical migration semantic_change=false; current revision semantic_change=true
architecture	Canonical integrity and authority structure	2026-10-03T16:24:40.6690217Z test_android_complete_literal_plugin_notations_remain_approved (test_client_technology.ClientTechnologyControls.test_android_complete_literal_plugin_notations_remain_approved) ... ok
architecture	Canonical integrity and authority structure	2026-10-03T16:24:40.6844084Z test_android_compose_gradle_source_and_tooling (test_client_technology.ClientTechnologyControls.test_android_compose_gradle_source_and_tooling) ... ok
architecture	Canonical integrity and authority structure	2026-10-03T16:24:40.6927374Z test_android_literal_and_direct_catalog_plugins_remain_approved (test_client_technology.ClientTechnologyControls.test_android_literal_and_direct_catalog_plugins_remain_approved) ... ok
architecture	Canonical integrity and authority structure	2026-10-03T16:24:40.7226069Z test_android_negative_real_gradle_catalog_import_build_workflow_controls (test_client_technology.ClientTechnologyControls.test_android_negative_real_gradle_catalog_import_build_workflow_controls) ... ok
architecture	Canonical integrity and authority structure	2026-10-03T16:24:40.7302892Z test_android_plugin_block_shortcuts_and_generic_apply_fail_closed (test_client_technology.ClientTechnologyControls.test_android_plugin_block_shortcuts_and_generic_apply_fail_closed) ... ok
architecture	Canonical integrity and authority structure	2026-10-03T16:24:40.7372083Z test_android_plugin_declarations_fail_closed (test_client_technology.ClientTechnologyControls.test_android_plugin_declarations_fail_closed) ... ok
architecture	Canonical integrity and authority structure	2026-10-03T16:24:40.7677588Z test_android_plugin_selectors_require_complete_literal_arguments (test_client_technology.ClientTechnologyControls.test_android_plugin_selectors_require_complete_literal_arguments) ... ok
architecture	Canonical integrity and authority structure	2026-10-03T16:24:40.7819667Z test_android_quoted_dispatch_text_remains_data (test_client_technology.ClientTechnologyControls.test_android_quoted_dispatch_text_remains_data) ... ok
architecture	Canonical integrity and authority structure	2026-10-03T16:24:40.7952505Z test_android_quoted_member_dispatch_fails_closed (test_client_technology.ClientTechnologyControls.test_android_quoted_member_dispatch_fails_closed) ... ok
architecture	Canonical integrity and authority structure	2026-10-03T16:24:40.8067846Z test_android_supported_apply_and_quoted_contexts_remain_approved (test_client_technology.ClientTechnologyControls.test_android_supported_apply_and_quoted_contexts_remain_approved) ... ok
architecture	Canonical integrity and authority structure	2026-10-03T16:24:40.8194678Z test_android_unsupported_plugin_applications_fail_closed (test_client_technology.ClientTechnologyControls.test_android_unsupported_plugin_applications_fail_closed) ... ok
architecture	Canonical integrity and authority structure	2026-10-03T16:24:40.8245780Z test_approved_ts_native_config_assets (test_client_technology.ClientTechnologyControls.test_approved_ts_native_config_assets) ... ok
architecture	Canonical integrity and authority structure	2026-10-03T16:24:40.8257285Z test_authority_missing_or_mutated_is_failure (test_client_technology.ClientTechnologyControls.test_authority_missing_or_mutated_is_failure) ... ok
architecture	Canonical integrity and authority structure	2026-10-03T16:24:40.8844192Z test_current_active_clients (test_client_technology.ClientTechnologyControls.test_current_active_clients) ... ok
architecture	Canonical integrity and authority structure	2026-10-03T16:24:40.8996759Z test_forbidden_source_and_config_controls (test_client_technology.ClientTechnologyControls.test_forbidden_source_and_config_controls) ... ok
architecture	Canonical integrity and authority structure	2026-10-03T16:24:40.9015748Z test_history_is_not_active_client_implementation (test_client_technology.ClientTechnologyControls.test_history_is_not_active_client_implementation) ... ok
architecture	Canonical integrity and authority structure	2026-10-03T16:24:40.9032630Z test_symlink_cannot_bypass_boundary (test_client_technology.ClientTechnologyControls.test_symlink_cannot_bypass_boundary) ... ok
architecture	Canonical integrity and authority structure	2026-10-03T16:24:40.9064756Z test_task_paths_and_passing_tests_cannot_approve_framework (test_client_technology.ClientTechnologyControls.test_task_paths_and_passing_tests_cannot_approve_framework) ... ok
architecture	Canonical integrity and authority structure	2026-10-03T16:24:40.9184014Z test_unapproved_generic_dependencies_and_imports (test_client_technology.ClientTechnologyControls.test_unapproved_generic_dependencies_and_imports) ... ok
architecture	Canonical integrity and authority structure	2026-10-03T16:24:40.9372668Z test_current_document (test_frozen_architecture.ArchitectureIntegrityTests.test_current_document) ... ok
architecture	Canonical integrity and authority structure	2026-10-03T16:24:41.0360645Z test_hash_and_provenance_mutations (test_frozen_architecture.ArchitectureIntegrityTests.test_hash_and_provenance_mutations) ... ok
architecture	Canonical integrity and authority structure	2026-10-03T16:24:41.0534858Z test_layout_flexibility_preserves_semantics (test_frozen_architecture.ArchitectureIntegrityTests.test_layout_flexibility_preserves_semantics) ... ok
architecture	Canonical integrity and authority structure	2026-10-03T16:24:41.4845831Z test_semantic_negative_controls (test_frozen_architecture.ArchitectureIntegrityTests.test_semantic_negative_controls) ... ok
architecture	Canonical integrity and authority structure	2026-10-03T16:24:41.4879662Z test_active_task_path_is_never_architecture_waiver (test_source_boundaries.SourceTests.test_active_task_path_is_never_architecture_waiver) ... ok
architecture	Canonical integrity and authority structure	2026-10-03T16:24:45.1277989Z test_arbitrarily_named_go_root_assembly_helper_valid (test_source_boundaries.SourceTests.test_arbitrarily_named_go_root_assembly_helper_valid) ... ok
architecture	Canonical integrity and authority structure	2026-10-03T16:24:45.1582570Z test_arbitrarily_named_java_root_assembly_helper_valid (test_source_boundaries.SourceTests.test_arbitrarily_named_java_root_assembly_helper_valid) ... ok
architecture	Canonical integrity and authority structure	2026-10-03T16:24:45.2422682Z test_cross_service_alias_import_and_build_tag (test_source_boundaries.SourceTests.test_cross_service_alias_import_and_build_tag) ... ok
architecture	Canonical integrity and authority structure	2026-10-03T16:24:45.2464267Z test_current_governance_and_task_migration_scope_valid (test_source_boundaries.SourceTests.test_current_governance_and_task_migration_scope_valid) ... ok
architecture	Canonical integrity and authority structure	2026-10-03T16:24:45.2484875Z test_current_java_placeholder_valid_and_no_early_business_required (test_source_boundaries.SourceTests.test_current_java_placeholder_valid_and_no_early_business_required) ... ok
architecture	Canonical integrity and authority structure	2026-10-03T16:24:45.2791744Z test_future_java_business_root_and_shared_disguise (test_source_boundaries.SourceTests.test_future_java_business_root_and_shared_disguise) ... ok
architecture	Canonical integrity and authority structure	2026-10-03T16:24:45.3873968Z test_future_java_cross_service_shared_reverse_and_fully_qualified (test_source_boundaries.SourceTests.test_future_java_cross_service_shared_reverse_and_fully_qualified) ... ok
architecture	Canonical integrity and authority structure	2026-10-03T16:24:46.3911715Z test_future_java_single_layout_compiles_and_imports_checked (test_source_boundaries.SourceTests.test_future_java_single_layout_compiles_and_imports_checked) ... ok
architecture	Canonical integrity and authority structure	2026-10-03T16:24:46.4737639Z test_gateway_cannot_write_session_or_outbox (test_source_boundaries.SourceTests.test_gateway_cannot_write_session_or_outbox) ... ok
architecture	Canonical integrity and authority structure	2026-10-03T16:24:46.4759000Z test_java_dynamic_jdbc_shared_repository_and_gateway_write_rejected (test_source_boundaries.SourceTests.test_java_dynamic_jdbc_shared_repository_and_gateway_write_rejected) ... ok
architecture	Canonical integrity and authority structure	2026-10-03T16:24:46.4775694Z test_java_gateway_dynamic_update_with_select_decoy_rejected (test_source_boundaries.SourceTests.test_java_gateway_dynamic_update_with_select_decoy_rejected) ... ok
architecture	Canonical integrity and authority structure	2026-10-03T16:24:46.4815074Z test_java_gateway_execute_cannot_borrow_unrelated_select_literal (test_source_boundaries.SourceTests.test_java_gateway_execute_cannot_borrow_unrelated_select_literal) ... ok
architecture	Canonical integrity and authority structure	2026-10-03T16:24:46.4835518Z test_java_gateway_executequery_and_connection_lifecycle_valid (test_source_boundaries.SourceTests.test_java_gateway_executequery_and_connection_lifecycle_valid) ... ok
architecture	Canonical integrity and authority structure	2026-10-03T16:24:46.4851592Z test_java_gateway_readonly_session_and_shared_token_primitive_valid (test_source_boundaries.SourceTests.test_java_gateway_readonly_session_and_shared_token_primitive_valid) ... ok
architecture	Canonical integrity and authority structure	2026-10-03T16:24:46.4973557Z test_java_noncore_jdbc_transaction_controls_rejected (test_source_boundaries.SourceTests.test_java_noncore_jdbc_transaction_controls_rejected) ... ok
architecture	Canonical integrity and authority structure	2026-10-03T16:24:46.4978940Z test_java_placeholder_cannot_grow_business (test_source_boundaries.SourceTests.test_java_placeholder_cannot_grow_business) ... ok
architecture	Canonical integrity and authority structure	2026-10-03T16:24:46.4994783Z test_java_unicode_import_cannot_bypass_dependency (test_source_boundaries.SourceTests.test_java_unicode_import_cannot_bypass_dependency) ... ok
architecture	Canonical integrity and authority structure	2026-10-03T16:24:47.8950500Z test_legal_single_module_go_runtime_and_blackbox_test (test_source_boundaries.SourceTests.test_legal_single_module_go_runtime_and_blackbox_test) ... ok
architecture	Canonical integrity and authority structure	2026-10-03T16:24:47.9719845Z test_main_whitelisted_name_cannot_hide_business (test_source_boundaries.SourceTests.test_main_whitelisted_name_cannot_hide_business) ... ok
architecture	Canonical integrity and authority structure	2026-10-03T16:24:47.9737544Z test_placeholder_exit_and_business_not_permanent_exception (test_source_boundaries.SourceTests.test_placeholder_exit_and_business_not_permanent_exception) ... ok
architecture	Canonical integrity and authority structure	2026-10-03T16:24:47.9780739Z test_plain_bullet_task_path_checked_and_legal_core_accepted (test_source_boundaries.SourceTests.test_plain_bullet_task_path_checked_and_legal_core_accepted) ... ok
architecture	Canonical integrity and authority structure	2026-10-03T16:24:48.0561447Z test_real_old_go_layout_rejected_without_name_hardcoding (test_source_boundaries.SourceTests.test_real_old_go_layout_rejected_without_name_hardcoding) ... ok
architecture	Canonical integrity and authority structure	2026-10-03T16:24:48.1360427Z test_root_new_business_and_unapproved_internal (test_source_boundaries.SourceTests.test_root_new_business_and_unapproved_internal) ... ok
architecture	Canonical integrity and authority structure	2026-10-03T16:24:48.2126630Z test_root_test_name_cannot_hide_business (test_source_boundaries.SourceTests.test_root_test_name_cannot_hide_business) ... ok
architecture	Canonical integrity and authority structure	2026-10-03T16:24:48.2916730Z test_shared_generic_repository_call_rejected_without_sql_literal (test_source_boundaries.SourceTests.test_shared_generic_repository_call_rejected_without_sql_literal) ... ok
architecture	Canonical integrity and authority structure	2026-10-03T16:24:48.2933891Z test_shared_java_connection_factory_is_support_not_repository (test_source_boundaries.SourceTests.test_shared_java_connection_factory_is_support_not_repository) ... ok
architecture	Canonical integrity and authority structure	2026-10-03T16:24:48.3732146Z test_shared_reverse_dependency_and_moved_full_auth (test_source_boundaries.SourceTests.test_shared_reverse_dependency_and_moved_full_auth) ... ok
architecture	Canonical integrity and authority structure	2026-10-03T16:24:48.4501748Z test_syntax_failure_cannot_be_skipped (test_source_boundaries.SourceTests.test_syntax_failure_cannot_be_skipped) ... ok
architecture	Canonical integrity and authority structure	2026-10-03T16:24:48.4543766Z test_workflow_missing_commands_dependencies_and_suppression_rejected (test_source_boundaries.SourceTests.test_workflow_missing_commands_dependencies_and_suppression_rejected) ... ok
architecture	Canonical integrity and authority structure	2026-10-03T16:24:48.4544550Z 
architecture	Canonical integrity and authority structure	2026-10-03T16:24:48.4544698Z ----------------------------------------------------------------------
architecture	Canonical integrity and authority structure	2026-10-03T16:24:48.4545012Z Ran 53 tests in 7.808s
architecture	Canonical integrity and authority structure	2026-10-03T16:24:48.4545128Z 
architecture	Canonical integrity and authority structure	2026-10-03T16:24:48.4545199Z OK
architecture	Current governance references and task scopes	﻿2026-10-03T16:24:48.5127939Z ##[group]Run python3 ci/check_architecture.py --scope governance
architecture	Current governance references and task scopes	2026-10-03T16:24:48.5128349Z ^[[36;1mpython3 ci/check_architecture.py --scope governance^[[0m
architecture	Current governance references and task scopes	2026-10-03T16:24:48.5184782Z shell: /usr/bin/bash -e {0}
architecture	Current governance references and task scopes	2026-10-03T16:24:48.5184993Z env:
architecture	Current governance references and task scopes	2026-10-03T16:24:48.5185179Z   PYTHONDONTWRITEBYTECODE: 1
architecture	Current governance references and task scopes	2026-10-03T16:24:48.5185468Z   JAVA_HOME: /opt/hostedtoolcache/Java_Temurin-Hotspot_jdk/21.0.12-1/x64
architecture	Current governance references and task scopes	2026-10-03T16:24:48.5185860Z   JAVA_HOME_21_X64: /opt/hostedtoolcache/Java_Temurin-Hotspot_jdk/21.0.12-1/x64
architecture	Current governance references and task scopes	2026-10-03T16:24:48.5186156Z ##[endgroup]
architecture	Current governance references and task scopes	2026-10-03T16:24:48.5644203Z PASS: scope=governance violations=0; static checks supplement independent Review
architecture	Active client technology/source/dependency/configuration guard	﻿2026-10-03T16:24:48.5718188Z ##[group]Run python3 ci/check_architecture.py --scope clients --json
architecture	Active client technology/source/dependency/configuration guard	2026-10-03T16:24:48.5718605Z ^[[36;1mpython3 ci/check_architecture.py --scope clients --json^[[0m
architecture	Active client technology/source/dependency/configuration guard	2026-10-03T16:24:48.5795127Z shell: /usr/bin/bash -e {0}
architecture	Active client technology/source/dependency/configuration guard	2026-10-03T16:24:48.5795347Z env:
architecture	Active client technology/source/dependency/configuration guard	2026-10-03T16:24:48.5795524Z   PYTHONDONTWRITEBYTECODE: 1
architecture	Active client technology/source/dependency/configuration guard	2026-10-03T16:24:48.5795831Z   JAVA_HOME: /opt/hostedtoolcache/Java_Temurin-Hotspot_jdk/21.0.12-1/x64
architecture	Active client technology/source/dependency/configuration guard	2026-10-03T16:24:48.5796224Z   JAVA_HOME_21_X64: /opt/hostedtoolcache/Java_Temurin-Hotspot_jdk/21.0.12-1/x64
architecture	Active client technology/source/dependency/configuration guard	2026-10-03T16:24:48.5796528Z ##[endgroup]
architecture	Active client technology/source/dependency/configuration guard	2026-10-03T16:24:48.6863834Z {
architecture	Active client technology/source/dependency/configuration guard	2026-10-03T16:24:48.6864102Z   "result": "PASS",
architecture	Active client technology/source/dependency/configuration guard	2026-10-03T16:24:48.6864311Z   "scope": "clients",
architecture	Active client technology/source/dependency/configuration guard	2026-10-03T16:24:48.6864510Z   "violations": [],
architecture	Active client technology/source/dependency/configuration guard	2026-10-03T16:24:48.6864686Z   "graphs": {}
architecture	Active client technology/source/dependency/configuration guard	2026-10-03T16:24:48.6864928Z }
architecture	Checker positive and negative controls	﻿2026-10-03T16:24:48.7209444Z ##[group]Run python3 -m unittest discover -s tests/architecture -v
architecture	Checker positive and negative controls	2026-10-03T16:24:48.7209878Z ^[[36;1mpython3 -m unittest discover -s tests/architecture -v^[[0m
architecture	Checker positive and negative controls	2026-10-03T16:24:48.7265768Z shell: /usr/bin/bash -e {0}
architecture	Checker positive and negative controls	2026-10-03T16:24:48.7265975Z env:
architecture	Checker positive and negative controls	2026-10-03T16:24:48.7266148Z   PYTHONDONTWRITEBYTECODE: 1
architecture	Checker positive and negative controls	2026-10-03T16:24:48.7266440Z   JAVA_HOME: /opt/hostedtoolcache/Java_Temurin-Hotspot_jdk/21.0.12-1/x64
architecture	Checker positive and negative controls	2026-10-03T16:24:48.7266830Z   JAVA_HOME_21_X64: /opt/hostedtoolcache/Java_Temurin-Hotspot_jdk/21.0.12-1/x64
architecture	Checker positive and negative controls	2026-10-03T16:24:48.7267124Z ##[endgroup]
architecture	Checker positive and negative controls	2026-10-03T16:24:48.9165511Z test_android_complete_literal_plugin_notations_remain_approved (test_client_technology.ClientTechnologyControls.test_android_complete_literal_plugin_notations_remain_approved) ... ok
architecture	Checker positive and negative controls	2026-10-03T16:24:48.9319566Z test_android_compose_gradle_source_and_tooling (test_client_technology.ClientTechnologyControls.test_android_compose_gradle_source_and_tooling) ... ok
architecture	Checker positive and negative controls	2026-10-03T16:24:48.9402567Z test_android_literal_and_direct_catalog_plugins_remain_approved (test_client_technology.ClientTechnologyControls.test_android_literal_and_direct_catalog_plugins_remain_approved) ... ok
architecture	Checker positive and negative controls	2026-10-03T16:24:48.9706098Z test_android_negative_real_gradle_catalog_import_build_workflow_controls (test_client_technology.ClientTechnologyControls.test_android_negative_real_gradle_catalog_import_build_workflow_controls) ... ok
architecture	Checker positive and negative controls	2026-10-03T16:24:48.9785251Z test_android_plugin_block_shortcuts_and_generic_apply_fail_closed (test_client_technology.ClientTechnologyControls.test_android_plugin_block_shortcuts_and_generic_apply_fail_closed) ... ok
architecture	Checker positive and negative controls	2026-10-03T16:24:48.9855225Z test_android_plugin_declarations_fail_closed (test_client_technology.ClientTechnologyControls.test_android_plugin_declarations_fail_closed) ... ok
architecture	Checker positive and negative controls	2026-10-03T16:24:49.0077736Z test_android_plugin_selectors_require_complete_literal_arguments (test_client_technology.ClientTechnologyControls.test_android_plugin_selectors_require_complete_literal_arguments) ... ok
architecture	Checker positive and negative controls	2026-10-03T16:24:49.0191742Z test_android_quoted_dispatch_text_remains_data (test_client_technology.ClientTechnologyControls.test_android_quoted_dispatch_text_remains_data) ... ok
architecture	Checker positive and negative controls	2026-10-03T16:24:49.0318331Z test_android_quoted_member_dispatch_fails_closed (test_client_technology.ClientTechnologyControls.test_android_quoted_member_dispatch_fails_closed) ... ok
architecture	Checker positive and negative controls	2026-10-03T16:24:49.0434313Z test_android_supported_apply_and_quoted_contexts_remain_approved (test_client_technology.ClientTechnologyControls.test_android_supported_apply_and_quoted_contexts_remain_approved) ... ok
architecture	Checker positive and negative controls	2026-10-03T16:24:49.0561242Z test_android_unsupported_plugin_applications_fail_closed (test_client_technology.ClientTechnologyControls.test_android_unsupported_plugin_applications_fail_closed) ... ok
architecture	Checker positive and negative controls	2026-10-03T16:24:49.0612734Z test_approved_ts_native_config_assets (test_client_technology.ClientTechnologyControls.test_approved_ts_native_config_assets) ... ok
architecture	Checker positive and negative controls	2026-10-03T16:24:49.0674656Z test_authority_missing_or_mutated_is_failure (test_client_technology.ClientTechnologyControls.test_authority_missing_or_mutated_is_failure) ... ok
architecture	Checker positive and negative controls	2026-10-03T16:24:49.1269174Z test_current_active_clients (test_client_technology.ClientTechnologyControls.test_current_active_clients) ... ok
architecture	Checker positive and negative controls	2026-10-03T16:24:49.1418454Z test_forbidden_source_and_config_controls (test_client_technology.ClientTechnologyControls.test_forbidden_source_and_config_controls) ... ok
architecture	Checker positive and negative controls	2026-10-03T16:24:49.1437117Z test_history_is_not_active_client_implementation (test_client_technology.ClientTechnologyControls.test_history_is_not_active_client_implementation) ... ok
architecture	Checker positive and negative controls	2026-10-03T16:24:49.1454157Z test_symlink_cannot_bypass_boundary (test_client_technology.ClientTechnologyControls.test_symlink_cannot_bypass_boundary) ... ok
architecture	Checker positive and negative controls	2026-10-03T16:24:49.1485722Z test_task_paths_and_passing_tests_cannot_approve_framework (test_client_technology.ClientTechnologyControls.test_task_paths_and_passing_tests_cannot_approve_framework) ... ok
architecture	Checker positive and negative controls	2026-10-03T16:24:49.1604804Z test_unapproved_generic_dependencies_and_imports (test_client_technology.ClientTechnologyControls.test_unapproved_generic_dependencies_and_imports) ... ok
architecture	Checker positive and negative controls	2026-10-03T16:24:49.1792841Z test_current_document (test_frozen_architecture.ArchitectureIntegrityTests.test_current_document) ... ok
architecture	Checker positive and negative controls	2026-10-03T16:24:49.2756135Z test_hash_and_provenance_mutations (test_frozen_architecture.ArchitectureIntegrityTests.test_hash_and_provenance_mutations) ... ok
architecture	Checker positive and negative controls	2026-10-03T16:24:49.2926929Z test_layout_flexibility_preserves_semantics (test_frozen_architecture.ArchitectureIntegrityTests.test_layout_flexibility_preserves_semantics) ... ok
architecture	Checker positive and negative controls	2026-10-03T16:24:49.7227042Z test_semantic_negative_controls (test_frozen_architecture.ArchitectureIntegrityTests.test_semantic_negative_controls) ... ok
architecture	Checker positive and negative controls	2026-10-03T16:24:49.7261049Z test_active_task_path_is_never_architecture_waiver (test_source_boundaries.SourceTests.test_active_task_path_is_never_architecture_waiver) ... ok
architecture	Checker positive and negative controls	2026-10-03T16:24:49.8072530Z test_arbitrarily_named_go_root_assembly_helper_valid (test_source_boundaries.SourceTests.test_arbitrarily_named_go_root_assembly_helper_valid) ... ok
architecture	Checker positive and negative controls	2026-10-03T16:24:49.8100518Z test_arbitrarily_named_java_root_assembly_helper_valid (test_source_boundaries.SourceTests.test_arbitrarily_named_java_root_assembly_helper_valid) ... ok
architecture	Checker positive and negative controls	2026-10-03T16:24:49.8958095Z test_cross_service_alias_import_and_build_tag (test_source_boundaries.SourceTests.test_cross_service_alias_import_and_build_tag) ... ok
architecture	Checker positive and negative controls	2026-10-03T16:24:49.8992873Z test_current_governance_and_task_migration_scope_valid (test_source_boundaries.SourceTests.test_current_governance_and_task_migration_scope_valid) ... ok
architecture	Checker positive and negative controls	2026-10-03T16:24:49.9013497Z test_current_java_placeholder_valid_and_no_early_business_required (test_source_boundaries.SourceTests.test_current_java_placeholder_valid_and_no_early_business_required) ... ok
architecture	Checker positive and negative controls	2026-10-03T16:24:49.9034176Z test_future_java_business_root_and_shared_disguise (test_source_boundaries.SourceTests.test_future_java_business_root_and_shared_disguise) ... ok
architecture	Checker positive and negative controls	2026-10-03T16:24:49.9053491Z test_future_java_cross_service_shared_reverse_and_fully_qualified (test_source_boundaries.SourceTests.test_future_java_cross_service_shared_reverse_and_fully_qualified) ... ok
architecture	Checker positive and negative controls	2026-10-03T16:24:50.2501534Z test_future_java_single_layout_compiles_and_imports_checked (test_source_boundaries.SourceTests.test_future_java_single_layout_compiles_and_imports_checked) ... ok
architecture	Checker positive and negative controls	2026-10-03T16:24:50.3299250Z test_gateway_cannot_write_session_or_outbox (test_source_boundaries.SourceTests.test_gateway_cannot_write_session_or_outbox) ... ok
architecture	Checker positive and negative controls	2026-10-03T16:24:50.3321671Z test_java_dynamic_jdbc_shared_repository_and_gateway_write_rejected (test_source_boundaries.SourceTests.test_java_dynamic_jdbc_shared_repository_and_gateway_write_rejected) ... ok
architecture	Checker positive and negative controls	2026-10-03T16:24:50.3339086Z test_java_gateway_dynamic_update_with_select_decoy_rejected (test_source_boundaries.SourceTests.test_java_gateway_dynamic_update_with_select_decoy_rejected) ... ok
architecture	Checker positive and negative controls	2026-10-03T16:24:50.3380950Z test_java_gateway_execute_cannot_borrow_unrelated_select_literal (test_source_boundaries.SourceTests.test_java_gateway_execute_cannot_borrow_unrelated_select_literal) ... ok
architecture	Checker positive and negative controls	2026-10-03T16:24:50.3402210Z test_java_gateway_executequery_and_connection_lifecycle_valid (test_source_boundaries.SourceTests.test_java_gateway_executequery_and_connection_lifecycle_valid) ... ok
architecture	Checker positive and negative controls	2026-10-03T16:24:50.3419348Z test_java_gateway_readonly_session_and_shared_token_primitive_valid (test_source_boundaries.SourceTests.test_java_gateway_readonly_session_and_shared_token_primitive_valid) ... ok
architecture	Checker positive and negative controls	2026-10-03T16:24:50.3545498Z test_java_noncore_jdbc_transaction_controls_rejected (test_source_boundaries.SourceTests.test_java_noncore_jdbc_transaction_controls_rejected) ... ok
architecture	Checker positive and negative controls	2026-10-03T16:24:50.3551205Z test_java_placeholder_cannot_grow_business (test_source_boundaries.SourceTests.test_java_placeholder_cannot_grow_business) ... ok
architecture	Checker positive and negative controls	2026-10-03T16:24:50.3568094Z test_java_unicode_import_cannot_bypass_dependency (test_source_boundaries.SourceTests.test_java_unicode_import_cannot_bypass_dependency) ... ok
architecture	Checker positive and negative controls	2026-10-03T16:24:50.5675523Z test_legal_single_module_go_runtime_and_blackbox_test (test_source_boundaries.SourceTests.test_legal_single_module_go_runtime_and_blackbox_test) ... ok
architecture	Checker positive and negative controls	2026-10-03T16:24:50.6442748Z test_main_whitelisted_name_cannot_hide_business (test_source_boundaries.SourceTests.test_main_whitelisted_name_cannot_hide_business) ... ok
architecture	Checker positive and negative controls	2026-10-03T16:24:50.6460217Z test_placeholder_exit_and_business_not_permanent_exception (test_source_boundaries.SourceTests.test_placeholder_exit_and_business_not_permanent_exception) ... ok
architecture	Checker positive and negative controls	2026-10-03T16:24:50.6502719Z test_plain_bullet_task_path_checked_and_legal_core_accepted (test_source_boundaries.SourceTests.test_plain_bullet_task_path_checked_and_legal_core_accepted) ... ok
architecture	Checker positive and negative controls	2026-10-03T16:24:50.7268469Z test_real_old_go_layout_rejected_without_name_hardcoding (test_source_boundaries.SourceTests.test_real_old_go_layout_rejected_without_name_hardcoding) ... ok
architecture	Checker positive and negative controls	2026-10-03T16:24:50.8022294Z test_root_new_business_and_unapproved_internal (test_source_boundaries.SourceTests.test_root_new_business_and_unapproved_internal) ... ok
architecture	Checker positive and negative controls	2026-10-03T16:24:50.8810242Z test_root_test_name_cannot_hide_business (test_source_boundaries.SourceTests.test_root_test_name_cannot_hide_business) ... ok
architecture	Checker positive and negative controls	2026-10-03T16:24:50.9600657Z test_shared_generic_repository_call_rejected_without_sql_literal (test_source_boundaries.SourceTests.test_shared_generic_repository_call_rejected_without_sql_literal) ... ok
architecture	Checker positive and negative controls	2026-10-03T16:24:50.9618861Z test_shared_java_connection_factory_is_support_not_repository (test_source_boundaries.SourceTests.test_shared_java_connection_factory_is_support_not_repository) ... ok
architecture	Checker positive and negative controls	2026-10-03T16:24:51.0424036Z test_shared_reverse_dependency_and_moved_full_auth (test_source_boundaries.SourceTests.test_shared_reverse_dependency_and_moved_full_auth) ... ok
architecture	Checker positive and negative controls	2026-10-03T16:24:51.1261415Z test_syntax_failure_cannot_be_skipped (test_source_boundaries.SourceTests.test_syntax_failure_cannot_be_skipped) ... ok
architecture	Checker positive and negative controls	2026-10-03T16:24:51.1303872Z test_workflow_missing_commands_dependencies_and_suppression_rejected (test_source_boundaries.SourceTests.test_workflow_missing_commands_dependencies_and_suppression_rejected) ... ok
architecture	Checker positive and negative controls	2026-10-03T16:24:51.1304802Z 
architecture	Checker positive and negative controls	2026-10-03T16:24:51.1305029Z ----------------------------------------------------------------------
architecture	Checker positive and negative controls	2026-10-03T16:24:51.1305453Z Ran 53 tests in 2.303s
architecture	Checker positive and negative controls	2026-10-03T16:24:51.1305618Z 
architecture	Checker positive and negative controls	2026-10-03T16:24:51.1305725Z OK
architecture	Post Run actions/setup-java@v4	﻿2026-10-03T16:24:51.1468153Z Post job cleanup.
architecture	Post Run actions/setup-java@v4	2026-10-03T16:24:51.2552021Z (node:4969) [DEP0040] DeprecationWarning: The `punycode` module is deprecated. Please use a userland alternative instead.
architecture	Post Run actions/setup-java@v4	2026-10-03T16:24:51.2552645Z (Use `node --trace-deprecation ...` to show where the warning was created)
architecture	Post Run actions/setup-go@v5	﻿2026-10-03T16:24:51.2688105Z Post job cleanup.
architecture	Post Run actions/setup-go@v5	2026-10-03T16:24:51.3675183Z (node:4977) [DEP0040] DeprecationWarning: The `punycode` module is deprecated. Please use a userland alternative instead.
architecture	Post Run actions/setup-go@v5	2026-10-03T16:24:51.3676325Z (Use `node --trace-deprecation ...` to show where the warning was created)
architecture	Post Run actions/setup-go@v5	2026-10-03T16:24:51.3742021Z [command]/opt/hostedtoolcache/go/1.23.12/x64/bin/go env GOMODCACHE
architecture	Post Run actions/setup-go@v5	2026-10-03T16:24:51.3798911Z [command]/opt/hostedtoolcache/go/1.23.12/x64/bin/go env GOCACHE
architecture	Post Run actions/setup-go@v5	2026-10-03T16:24:51.3819037Z /home/runner/go/pkg/mod
architecture	Post Run actions/setup-go@v5	2026-10-03T16:24:51.3847496Z /home/runner/.cache/go-build
architecture	Post Run actions/setup-go@v5	2026-10-03T16:24:51.3852267Z [warning]Cache folder path is retrieved but doesn't exist on disk: /home/runner/go/pkg/mod
architecture	Post Run actions/setup-go@v5	2026-10-03T16:24:51.3853232Z Primary key was not generated. Please check the log messages above for more errors or information
architecture	Post Run actions/checkout@v4	﻿2026-10-03T16:24:51.4017219Z Post job cleanup.
architecture	Post Run actions/checkout@v4	2026-10-03T16:24:51.4712162Z [command]/usr/bin/git version
architecture	Post Run actions/checkout@v4	2026-10-03T16:24:51.4747780Z git version 2.55.0
architecture	Post Run actions/checkout@v4	2026-10-03T16:24:51.4779928Z Temporarily overriding HOME='/home/runner/work/_temp/43e3ccff-92ca-42ea-8b63-454da89e2583' before making global git config changes
architecture	Post Run actions/checkout@v4	2026-10-03T16:24:51.4780940Z Adding repository directory to the temporary git global config as a safe directory
architecture	Post Run actions/checkout@v4	2026-10-03T16:24:51.4784176Z [command]/usr/bin/git config --global --add safe.directory /home/runner/work/IM-platform/IM-platform
architecture	Post Run actions/checkout@v4	2026-10-03T16:24:51.4878920Z [command]/usr/bin/git config --local --name-only --get-regexp core\.sshCommand
architecture	Post Run actions/checkout@v4	2026-10-03T16:24:51.4914663Z [command]/usr/bin/git submodule foreach --recursive sh -c "git config --local --name-only --get-regexp 'core\.sshCommand' && git config --local --unset-all 'core.sshCommand' || :"
architecture	Post Run actions/checkout@v4	2026-10-03T16:24:51.5199820Z [command]/usr/bin/git config --local --name-only --get-regexp http\.https\:\/\/github\.com\/\.extraheader
architecture	Post Run actions/checkout@v4	2026-10-03T16:24:51.5243540Z http.https://github.com/.extraheader
architecture	Post Run actions/checkout@v4	2026-10-03T16:24:51.5255472Z [command]/usr/bin/git config --local --unset-all http.https://github.com/.extraheader
architecture	Post Run actions/checkout@v4	2026-10-03T16:24:51.5303362Z [command]/usr/bin/git submodule foreach --recursive sh -c "git config --local --name-only --get-regexp 'http\.https\:\/\/github\.com\/\.extraheader' && git config --local --unset-all 'http.https://github.com/.extraheader' || :"
architecture	Post Run actions/checkout@v4	2026-10-03T16:24:51.5545905Z [command]/usr/bin/git config --local --name-only --get-regexp ^includeIf\.gitdir:
architecture	Post Run actions/checkout@v4	2026-10-03T16:24:51.5581376Z [command]/usr/bin/git submodule foreach --recursive git config --local --show-origin --name-only --get-regexp remote.origin.url
architecture	Complete job	﻿2026-10-03T16:24:51.5919282Z Cleaning up orphan processes
architecture	Complete job	2026-10-03T16:24:51.6184299Z ##[warning]Node.js 20 is deprecated. The following actions target Node.js 20 but are being forced to run on Node.js 24: actions/checkout@v4, actions/setup-go@v5, actions/setup-java@v4. For more information see: https://github.blog/changelog/2025-09-19-deprecation-of-node-20-on-github-actions-runners/
