deploy	Set up job	﻿2026-10-03T16:24:24.6325654Z Current runner version: '2.337.0'
deploy	Set up job	2026-10-03T16:24:24.6350734Z ##[group]Runner Image Provisioner
deploy	Set up job	2026-10-03T16:24:24.6351619Z Hosted Compute Agent
deploy	Set up job	2026-10-03T16:24:24.6352217Z Version: 20260901.588
deploy	Set up job	2026-10-03T16:24:24.6352804Z Commit: f88ec8081b781fac6c440065ac7ff9e710ce3d0b
deploy	Set up job	2026-10-03T16:24:24.6353458Z Build Date: 2026-09-01T19:56:44Z
deploy	Set up job	2026-10-03T16:24:24.6354089Z Worker ID: {59d3b383-34e6-4235-bb30-6a2e6730c42a}
deploy	Set up job	2026-10-03T16:24:24.6354732Z Azure Region: westus3
deploy	Set up job	2026-10-03T16:24:24.6355229Z ##[endgroup]
deploy	Set up job	2026-10-03T16:24:24.6356739Z ##[group]Operating System
deploy	Set up job	2026-10-03T16:24:24.6357310Z Ubuntu
deploy	Set up job	2026-10-03T16:24:24.6357811Z 24.04.5
deploy	Set up job	2026-10-03T16:24:24.6358329Z LTS
deploy	Set up job	2026-10-03T16:24:24.6358814Z ##[endgroup]
deploy	Set up job	2026-10-03T16:24:24.6359343Z ##[group]Runner Image
deploy	Set up job	2026-10-03T16:24:24.6359882Z Image: ubuntu-24.04
deploy	Set up job	2026-10-03T16:24:24.6360408Z Version: 20260927.320.1
deploy	Set up job	2026-10-03T16:24:24.6361517Z Included Software: https://github.com/actions/runner-images/blob/ubuntu24/20260927.320/images/ubuntu/Ubuntu2404-Readme.md
deploy	Set up job	2026-10-03T16:24:24.6363126Z Image Release: https://github.com/actions/runner-images/releases/tag/ubuntu24%2F20260927.320
deploy	Set up job	2026-10-03T16:24:24.6363989Z ##[endgroup]
deploy	Set up job	2026-10-03T16:24:24.6365005Z ##[group]GITHUB_TOKEN Permissions
deploy	Set up job	2026-10-03T16:24:24.6366896Z Contents: read
deploy	Set up job	2026-10-03T16:24:24.6367547Z Metadata: read
deploy	Set up job	2026-10-03T16:24:24.6368086Z ##[endgroup]
deploy	Set up job	2026-10-03T16:24:24.6370070Z Secret source: Actions
deploy	Set up job	2026-10-03T16:24:24.6371139Z Cache mode: write
deploy	Set up job	2026-10-03T16:24:24.6371791Z Prepare workflow directory
deploy	Set up job	2026-10-03T16:24:24.6695506Z Prepare all required actions
deploy	Set up job	2026-10-03T16:24:24.6745776Z Getting action download info
deploy	Set up job	2026-10-03T16:24:25.0081847Z Download action repository 'actions/checkout@v4' (SHA:11d5960a326750d5838078e36cf38b85af677262)
deploy	Set up job	2026-10-03T16:24:25.1011193Z Download action repository 'actions/setup-node@v4' (SHA:49933ea5288caeca8642d1e84afbd3f7d6820020)
deploy	Set up job	2026-10-03T16:24:25.2598370Z Complete job name: deploy
deploy	Run actions/checkout@v4	﻿2026-10-03T16:24:25.3413897Z ##[group]Run actions/checkout@v4
deploy	Run actions/checkout@v4	2026-10-03T16:24:25.3414667Z with:
deploy	Run actions/checkout@v4	2026-10-03T16:24:25.3415092Z   repository: nilesthump/IM-platform
deploy	Run actions/checkout@v4	2026-10-03T16:24:25.3418446Z   token: ***
deploy	Run actions/checkout@v4	2026-10-03T16:24:25.3418831Z   ssh-strict: true
deploy	Run actions/checkout@v4	2026-10-03T16:24:25.3419208Z   ssh-user: git
deploy	Run actions/checkout@v4	2026-10-03T16:24:25.3419595Z   persist-credentials: true
deploy	Run actions/checkout@v4	2026-10-03T16:24:25.3420015Z   clean: true
deploy	Run actions/checkout@v4	2026-10-03T16:24:25.3420416Z   sparse-checkout-cone-mode: true
deploy	Run actions/checkout@v4	2026-10-03T16:24:25.3421102Z   fetch-depth: 1
deploy	Run actions/checkout@v4	2026-10-03T16:24:25.3421476Z   fetch-tags: false
deploy	Run actions/checkout@v4	2026-10-03T16:24:25.3421856Z   show-progress: true
deploy	Run actions/checkout@v4	2026-10-03T16:24:25.3422236Z   lfs: false
deploy	Run actions/checkout@v4	2026-10-03T16:24:25.3422597Z   submodules: false
deploy	Run actions/checkout@v4	2026-10-03T16:24:25.3422993Z   set-safe-directory: true
deploy	Run actions/checkout@v4	2026-10-03T16:24:25.3423456Z   allow-unsafe-pr-checkout: false
deploy	Run actions/checkout@v4	2026-10-03T16:24:25.3424173Z ##[endgroup]
deploy	Run actions/checkout@v4	2026-10-03T16:24:25.4394651Z Syncing repository: nilesthump/IM-platform
deploy	Run actions/checkout@v4	2026-10-03T16:24:25.4396432Z ##[group]Getting Git version info
deploy	Run actions/checkout@v4	2026-10-03T16:24:25.4397118Z Working directory is '/home/runner/work/IM-platform/IM-platform'
deploy	Run actions/checkout@v4	2026-10-03T16:24:25.4398237Z [command]/usr/bin/git version
deploy	Run actions/checkout@v4	2026-10-03T16:24:25.4481055Z git version 2.55.0
deploy	Run actions/checkout@v4	2026-10-03T16:24:25.4494298Z ##[endgroup]
deploy	Run actions/checkout@v4	2026-10-03T16:24:25.4508812Z Temporarily overriding HOME='/home/runner/work/_temp/ed96ce06-ece7-473a-8f50-d85215782922' before making global git config changes
deploy	Run actions/checkout@v4	2026-10-03T16:24:25.4511843Z Adding repository directory to the temporary git global config as a safe directory
deploy	Run actions/checkout@v4	2026-10-03T16:24:25.4515424Z [command]/usr/bin/git config --global --add safe.directory /home/runner/work/IM-platform/IM-platform
deploy	Run actions/checkout@v4	2026-10-03T16:24:25.4556363Z Deleting the contents of '/home/runner/work/IM-platform/IM-platform'
deploy	Run actions/checkout@v4	2026-10-03T16:24:25.4560039Z ##[group]Initializing the repository
deploy	Run actions/checkout@v4	2026-10-03T16:24:25.4564357Z [command]/usr/bin/git init /home/runner/work/IM-platform/IM-platform
deploy	Run actions/checkout@v4	2026-10-03T16:24:25.4655148Z hint: Using 'master' as the name for the initial branch. This default branch name
deploy	Run actions/checkout@v4	2026-10-03T16:24:25.4656720Z hint: will change to "main" in Git 3.0. To configure the initial branch name
deploy	Run actions/checkout@v4	2026-10-03T16:24:25.4658487Z hint: to use in all of your new repositories, which will suppress this warning,
deploy	Run actions/checkout@v4	2026-10-03T16:24:25.4659360Z hint: call:
deploy	Run actions/checkout@v4	2026-10-03T16:24:25.4659952Z hint:
deploy	Run actions/checkout@v4	2026-10-03T16:24:25.4660422Z hint: 	git config --global init.defaultBranch <name>
deploy	Run actions/checkout@v4	2026-10-03T16:24:25.4661265Z hint:
deploy	Run actions/checkout@v4	2026-10-03T16:24:25.4662203Z hint: Names commonly chosen instead of 'master' are 'main', 'trunk' and
deploy	Run actions/checkout@v4	2026-10-03T16:24:25.4663169Z hint: 'development'. The just-created branch can be renamed via this command:
deploy	Run actions/checkout@v4	2026-10-03T16:24:25.4663813Z hint:
deploy	Run actions/checkout@v4	2026-10-03T16:24:25.4664178Z hint: 	git branch -m <name>
deploy	Run actions/checkout@v4	2026-10-03T16:24:25.4664590Z hint:
deploy	Run actions/checkout@v4	2026-10-03T16:24:25.4665140Z hint: Disable this message with "git config set advice.defaultBranchName false"
deploy	Run actions/checkout@v4	2026-10-03T16:24:25.4666086Z Initialized empty Git repository in /home/runner/work/IM-platform/IM-platform/.git/
deploy	Run actions/checkout@v4	2026-10-03T16:24:25.4670481Z [command]/usr/bin/git remote add origin https://github.com/nilesthump/IM-platform
deploy	Run actions/checkout@v4	2026-10-03T16:24:25.4708482Z ##[endgroup]
deploy	Run actions/checkout@v4	2026-10-03T16:24:25.4709837Z ##[group]Disabling automatic garbage collection
deploy	Run actions/checkout@v4	2026-10-03T16:24:25.4711192Z [command]/usr/bin/git config --local gc.auto 0
deploy	Run actions/checkout@v4	2026-10-03T16:24:25.4737256Z ##[endgroup]
deploy	Run actions/checkout@v4	2026-10-03T16:24:25.4738504Z ##[group]Setting up auth
deploy	Run actions/checkout@v4	2026-10-03T16:24:25.4743610Z [command]/usr/bin/git config --local --name-only --get-regexp core\.sshCommand
deploy	Run actions/checkout@v4	2026-10-03T16:24:25.4770049Z [command]/usr/bin/git submodule foreach --recursive sh -c "git config --local --name-only --get-regexp 'core\.sshCommand' && git config --local --unset-all 'core.sshCommand' || :"
deploy	Run actions/checkout@v4	2026-10-03T16:24:25.5070401Z [command]/usr/bin/git config --local --name-only --get-regexp http\.https\:\/\/github\.com\/\.extraheader
deploy	Run actions/checkout@v4	2026-10-03T16:24:25.5103904Z [command]/usr/bin/git submodule foreach --recursive sh -c "git config --local --name-only --get-regexp 'http\.https\:\/\/github\.com\/\.extraheader' && git config --local --unset-all 'http.https://github.com/.extraheader' || :"
deploy	Run actions/checkout@v4	2026-10-03T16:24:25.5294877Z [command]/usr/bin/git config --local --name-only --get-regexp ^includeIf\.gitdir:
deploy	Run actions/checkout@v4	2026-10-03T16:24:25.5327031Z [command]/usr/bin/git submodule foreach --recursive git config --local --show-origin --name-only --get-regexp remote.origin.url
deploy	Run actions/checkout@v4	2026-10-03T16:24:25.5513024Z [command]/usr/bin/git config --local http.https://github.com/.extraheader AUTHORIZATION: basic ***
deploy	Run actions/checkout@v4	2026-10-03T16:24:25.5547317Z ##[endgroup]
deploy	Run actions/checkout@v4	2026-10-03T16:24:25.5548132Z ##[group]Fetching the repository
deploy	Run actions/checkout@v4	2026-10-03T16:24:25.5556593Z [command]/usr/bin/git -c protocol.version=2 fetch --no-tags --prune --no-recurse-submodules --depth=1 origin +2351a2931f10dc423cf215fbad3a4e1f0b142495:refs/remotes/origin/main
deploy	Run actions/checkout@v4	2026-10-03T16:24:28.2150848Z From https://github.com/nilesthump/IM-platform
deploy	Run actions/checkout@v4	2026-10-03T16:24:28.2152986Z  * [new ref]         2351a2931f10dc423cf215fbad3a4e1f0b142495 -> origin/main
deploy	Run actions/checkout@v4	2026-10-03T16:24:28.2156470Z ##[endgroup]
deploy	Run actions/checkout@v4	2026-10-03T16:24:28.2157744Z ##[group]Determining the checkout info
deploy	Run actions/checkout@v4	2026-10-03T16:24:28.2159275Z ##[endgroup]
deploy	Run actions/checkout@v4	2026-10-03T16:24:28.2165155Z [command]/usr/bin/git sparse-checkout disable
deploy	Run actions/checkout@v4	2026-10-03T16:24:28.2208084Z [command]/usr/bin/git config --local --unset-all extensions.worktreeConfig
deploy	Run actions/checkout@v4	2026-10-03T16:24:28.2233817Z ##[group]Checking out the ref
deploy	Run actions/checkout@v4	2026-10-03T16:24:28.2239439Z [command]/usr/bin/git checkout --progress --force -B main refs/remotes/origin/main
deploy	Run actions/checkout@v4	2026-10-03T16:24:28.6678195Z Switched to a new branch 'main'
deploy	Run actions/checkout@v4	2026-10-03T16:24:28.6701994Z branch 'main' set up to track 'origin/main'.
deploy	Run actions/checkout@v4	2026-10-03T16:24:28.6706286Z ##[endgroup]
deploy	Run actions/checkout@v4	2026-10-03T16:24:28.6737735Z [command]/usr/bin/git log -1 --format=%H
deploy	Run actions/checkout@v4	2026-10-03T16:24:28.6758859Z 2351a2931f10dc423cf215fbad3a4e1f0b142495
deploy	Prepare disposable Go profile configuration	﻿2026-10-03T16:24:28.6975543Z ##[group]Run New-Item -ItemType Directory -Path $env:IM_GO_CONFIG_DIR -Force | Out-Null
deploy	Prepare disposable Go profile configuration	2026-10-03T16:24:28.6976470Z ^[[36;1mNew-Item -ItemType Directory -Path $env:IM_GO_CONFIG_DIR -Force | Out-Null^[[0m
deploy	Prepare disposable Go profile configuration	2026-10-03T16:24:28.6977194Z ^[[36;1mAdd-Content -Path $env:GITHUB_ENV -Value "IM_GO_CONFIG_DIR=$env:IM_GO_CONFIG_DIR"^[[0m
deploy	Prepare disposable Go profile configuration	2026-10-03T16:24:28.6977826Z ^[[36;1mCopy-Item backend/go/config.example.json (Join-Path $env:IM_GO_CONFIG_DIR 'config.json')^[[0m
deploy	Prepare disposable Go profile configuration	2026-10-03T16:24:28.6978682Z ^[[36;1m[System.IO.File]::WriteAllText((Join-Path $env:IM_GO_CONFIG_DIR 'pg_password'), 'local-development-only')^[[0m
deploy	Prepare disposable Go profile configuration	2026-10-03T16:24:28.6979436Z ^[[36;1m$key = [Convert]::ToBase64String([System.Security.Cryptography.RandomNumberGenerator]::GetBytes(48))^[[0m
deploy	Prepare disposable Go profile configuration	2026-10-03T16:24:28.6980103Z ^[[36;1m[System.IO.File]::WriteAllText((Join-Path $env:IM_GO_CONFIG_DIR 'jwt_key'), $key)^[[0m
deploy	Prepare disposable Go profile configuration	2026-10-03T16:24:28.6999775Z shell: /usr/bin/pwsh -command ". '{0}'"
deploy	Prepare disposable Go profile configuration	2026-10-03T16:24:28.7000176Z env:
deploy	Prepare disposable Go profile configuration	2026-10-03T16:24:28.7000475Z   IM_GO_CONFIG_DIR: /home/runner/work/_temp/im-go-config
deploy	Prepare disposable Go profile configuration	2026-10-03T16:24:28.7001068Z ##[endgroup]
deploy	Validate both Compose profiles	﻿2026-10-03T16:24:32.4478131Z ##[group]Run docker compose -f deploy/compose.yaml --profile go config --quiet
deploy	Validate both Compose profiles	2026-10-03T16:24:32.4478820Z ^[[36;1mdocker compose -f deploy/compose.yaml --profile go config --quiet^[[0m
deploy	Validate both Compose profiles	2026-10-03T16:24:32.4479384Z ^[[36;1mdocker compose -f deploy/compose.yaml --profile java config --quiet^[[0m
deploy	Validate both Compose profiles	2026-10-03T16:24:32.4520740Z shell: /usr/bin/bash -e {0}
deploy	Validate both Compose profiles	2026-10-03T16:24:32.4521113Z env:
deploy	Validate both Compose profiles	2026-10-03T16:24:32.4521399Z   IM_GO_CONFIG_DIR: /home/runner/work/_temp/im-go-config
deploy	Validate both Compose profiles	2026-10-03T16:24:32.4521708Z ##[endgroup]
deploy	Frozen architecture integrity	﻿2026-10-03T16:24:32.8731967Z ##[group]Run ./tools/verify-frozen-architecture.ps1
deploy	Frozen architecture integrity	2026-10-03T16:24:32.8732414Z ^[[36;1m./tools/verify-frozen-architecture.ps1^[[0m
deploy	Frozen architecture integrity	2026-10-03T16:24:32.8746945Z shell: /usr/bin/pwsh -command ". '{0}'"
deploy	Frozen architecture integrity	2026-10-03T16:24:32.8747260Z env:
deploy	Frozen architecture integrity	2026-10-03T16:24:32.8747505Z   IM_GO_CONFIG_DIR: /home/runner/work/_temp/im-go-config
deploy	Frozen architecture integrity	2026-10-03T16:24:32.8747806Z ##[endgroup]
deploy	Frozen architecture integrity	2026-10-03T16:24:33.6487061Z PASS: v1.1 current SHA/PDF provenance/ADR and section-bound semantic structure; historical migration semantic_change=false; current revision semantic_change=true
deploy	Frozen architecture integrity	2026-10-03T16:24:33.7777412Z test_android_complete_literal_plugin_notations_remain_approved (test_client_technology.ClientTechnologyControls.test_android_complete_literal_plugin_notations_remain_approved) ... ok
deploy	Frozen architecture integrity	2026-10-03T16:24:33.7948102Z test_android_compose_gradle_source_and_tooling (test_client_technology.ClientTechnologyControls.test_android_compose_gradle_source_and_tooling) ... ok
deploy	Frozen architecture integrity	2026-10-03T16:24:33.8033642Z test_android_literal_and_direct_catalog_plugins_remain_approved (test_client_technology.ClientTechnologyControls.test_android_literal_and_direct_catalog_plugins_remain_approved) ... ok
deploy	Frozen architecture integrity	2026-10-03T16:24:33.8359737Z test_android_negative_real_gradle_catalog_import_build_workflow_controls (test_client_technology.ClientTechnologyControls.test_android_negative_real_gradle_catalog_import_build_workflow_controls) ... ok
deploy	Frozen architecture integrity	2026-10-03T16:24:33.8438062Z test_android_plugin_block_shortcuts_and_generic_apply_fail_closed (test_client_technology.ClientTechnologyControls.test_android_plugin_block_shortcuts_and_generic_apply_fail_closed) ... ok
deploy	Frozen architecture integrity	2026-10-03T16:24:33.8514247Z test_android_plugin_declarations_fail_closed (test_client_technology.ClientTechnologyControls.test_android_plugin_declarations_fail_closed) ... ok
deploy	Frozen architecture integrity	2026-10-03T16:24:33.8743794Z test_android_plugin_selectors_require_complete_literal_arguments (test_client_technology.ClientTechnologyControls.test_android_plugin_selectors_require_complete_literal_arguments) ... ok
deploy	Frozen architecture integrity	2026-10-03T16:24:33.8860295Z test_android_quoted_dispatch_text_remains_data (test_client_technology.ClientTechnologyControls.test_android_quoted_dispatch_text_remains_data) ... ok
deploy	Frozen architecture integrity	2026-10-03T16:24:33.8990342Z test_android_quoted_member_dispatch_fails_closed (test_client_technology.ClientTechnologyControls.test_android_quoted_member_dispatch_fails_closed) ... ok
deploy	Frozen architecture integrity	2026-10-03T16:24:33.9108690Z test_android_supported_apply_and_quoted_contexts_remain_approved (test_client_technology.ClientTechnologyControls.test_android_supported_apply_and_quoted_contexts_remain_approved) ... ok
deploy	Frozen architecture integrity	2026-10-03T16:24:33.9238981Z test_android_unsupported_plugin_applications_fail_closed (test_client_technology.ClientTechnologyControls.test_android_unsupported_plugin_applications_fail_closed) ... ok
deploy	Frozen architecture integrity	2026-10-03T16:24:33.9288112Z test_approved_ts_native_config_assets (test_client_technology.ClientTechnologyControls.test_approved_ts_native_config_assets) ... ok
deploy	Frozen architecture integrity	2026-10-03T16:24:33.9298521Z test_authority_missing_or_mutated_is_failure (test_client_technology.ClientTechnologyControls.test_authority_missing_or_mutated_is_failure) ... ok
deploy	Frozen architecture integrity	2026-10-03T16:24:33.9928400Z test_current_active_clients (test_client_technology.ClientTechnologyControls.test_current_active_clients) ... ok
deploy	Frozen architecture integrity	2026-10-03T16:24:34.0091077Z test_forbidden_source_and_config_controls (test_client_technology.ClientTechnologyControls.test_forbidden_source_and_config_controls) ... ok
deploy	Frozen architecture integrity	2026-10-03T16:24:34.0108314Z test_history_is_not_active_client_implementation (test_client_technology.ClientTechnologyControls.test_history_is_not_active_client_implementation) ... ok
deploy	Frozen architecture integrity	2026-10-03T16:24:34.0124521Z test_symlink_cannot_bypass_boundary (test_client_technology.ClientTechnologyControls.test_symlink_cannot_bypass_boundary) ... ok
deploy	Frozen architecture integrity	2026-10-03T16:24:34.0157885Z test_task_paths_and_passing_tests_cannot_approve_framework (test_client_technology.ClientTechnologyControls.test_task_paths_and_passing_tests_cannot_approve_framework) ... ok
deploy	Frozen architecture integrity	2026-10-03T16:24:34.0282907Z test_unapproved_generic_dependencies_and_imports (test_client_technology.ClientTechnologyControls.test_unapproved_generic_dependencies_and_imports) ... ok
deploy	Frozen architecture integrity	2026-10-03T16:24:34.0486608Z test_current_document (test_frozen_architecture.ArchitectureIntegrityTests.test_current_document) ... ok
deploy	Frozen architecture integrity	2026-10-03T16:24:34.1484335Z test_hash_and_provenance_mutations (test_frozen_architecture.ArchitectureIntegrityTests.test_hash_and_provenance_mutations) ... ok
deploy	Frozen architecture integrity	2026-10-03T16:24:34.1664685Z test_layout_flexibility_preserves_semantics (test_frozen_architecture.ArchitectureIntegrityTests.test_layout_flexibility_preserves_semantics) ... ok
deploy	Frozen architecture integrity	2026-10-03T16:24:34.6117417Z test_semantic_negative_controls (test_frozen_architecture.ArchitectureIntegrityTests.test_semantic_negative_controls) ... ok
deploy	Frozen architecture integrity	2026-10-03T16:24:34.6153528Z test_active_task_path_is_never_architecture_waiver (test_source_boundaries.SourceTests.test_active_task_path_is_never_architecture_waiver) ... ok
deploy	Frozen architecture integrity	2026-10-03T16:24:42.4119304Z test_arbitrarily_named_go_root_assembly_helper_valid (test_source_boundaries.SourceTests.test_arbitrarily_named_go_root_assembly_helper_valid) ... ok
deploy	Frozen architecture integrity	2026-10-03T16:24:42.4148207Z test_arbitrarily_named_java_root_assembly_helper_valid (test_source_boundaries.SourceTests.test_arbitrarily_named_java_root_assembly_helper_valid) ... ok
deploy	Frozen architecture integrity	2026-10-03T16:24:42.4552497Z test_cross_service_alias_import_and_build_tag (test_source_boundaries.SourceTests.test_cross_service_alias_import_and_build_tag) ... ok
deploy	Frozen architecture integrity	2026-10-03T16:24:42.4592406Z test_current_governance_and_task_migration_scope_valid (test_source_boundaries.SourceTests.test_current_governance_and_task_migration_scope_valid) ... ok
deploy	Frozen architecture integrity	2026-10-03T16:24:42.4614582Z test_current_java_placeholder_valid_and_no_early_business_required (test_source_boundaries.SourceTests.test_current_java_placeholder_valid_and_no_early_business_required) ... ok
deploy	Frozen architecture integrity	2026-10-03T16:24:42.4635454Z test_future_java_business_root_and_shared_disguise (test_source_boundaries.SourceTests.test_future_java_business_root_and_shared_disguise) ... ok
deploy	Frozen architecture integrity	2026-10-03T16:24:42.4652546Z test_future_java_cross_service_shared_reverse_and_fully_qualified (test_source_boundaries.SourceTests.test_future_java_cross_service_shared_reverse_and_fully_qualified) ... ok
deploy	Frozen architecture integrity	2026-10-03T16:24:43.5150825Z test_future_java_single_layout_compiles_and_imports_checked (test_source_boundaries.SourceTests.test_future_java_single_layout_compiles_and_imports_checked) ... ok
deploy	Frozen architecture integrity	2026-10-03T16:24:43.5543405Z test_gateway_cannot_write_session_or_outbox (test_source_boundaries.SourceTests.test_gateway_cannot_write_session_or_outbox) ... ok
deploy	Frozen architecture integrity	2026-10-03T16:24:43.5567136Z test_java_dynamic_jdbc_shared_repository_and_gateway_write_rejected (test_source_boundaries.SourceTests.test_java_dynamic_jdbc_shared_repository_and_gateway_write_rejected) ... ok
deploy	Frozen architecture integrity	2026-10-03T16:24:43.5585125Z test_java_gateway_dynamic_update_with_select_decoy_rejected (test_source_boundaries.SourceTests.test_java_gateway_dynamic_update_with_select_decoy_rejected) ... ok
deploy	Frozen architecture integrity	2026-10-03T16:24:43.5629340Z test_java_gateway_execute_cannot_borrow_unrelated_select_literal (test_source_boundaries.SourceTests.test_java_gateway_execute_cannot_borrow_unrelated_select_literal) ... ok
deploy	Frozen architecture integrity	2026-10-03T16:24:43.5653352Z test_java_gateway_executequery_and_connection_lifecycle_valid (test_source_boundaries.SourceTests.test_java_gateway_executequery_and_connection_lifecycle_valid) ... ok
deploy	Frozen architecture integrity	2026-10-03T16:24:43.5671084Z test_java_gateway_readonly_session_and_shared_token_primitive_valid (test_source_boundaries.SourceTests.test_java_gateway_readonly_session_and_shared_token_primitive_valid) ... ok
deploy	Frozen architecture integrity	2026-10-03T16:24:43.5808658Z test_java_noncore_jdbc_transaction_controls_rejected (test_source_boundaries.SourceTests.test_java_noncore_jdbc_transaction_controls_rejected) ... ok
deploy	Frozen architecture integrity	2026-10-03T16:24:43.5815903Z test_java_placeholder_cannot_grow_business (test_source_boundaries.SourceTests.test_java_placeholder_cannot_grow_business) ... ok
deploy	Frozen architecture integrity	2026-10-03T16:24:43.5832260Z test_java_unicode_import_cannot_bypass_dependency (test_source_boundaries.SourceTests.test_java_unicode_import_cannot_bypass_dependency) ... ok
deploy	Frozen architecture integrity	2026-10-03T16:24:46.0657245Z test_legal_single_module_go_runtime_and_blackbox_test (test_source_boundaries.SourceTests.test_legal_single_module_go_runtime_and_blackbox_test) ... ok
deploy	Frozen architecture integrity	2026-10-03T16:24:46.1044262Z test_main_whitelisted_name_cannot_hide_business (test_source_boundaries.SourceTests.test_main_whitelisted_name_cannot_hide_business) ... ok
deploy	Frozen architecture integrity	2026-10-03T16:24:46.1064050Z test_placeholder_exit_and_business_not_permanent_exception (test_source_boundaries.SourceTests.test_placeholder_exit_and_business_not_permanent_exception) ... ok
deploy	Frozen architecture integrity	2026-10-03T16:24:46.1107420Z test_plain_bullet_task_path_checked_and_legal_core_accepted (test_source_boundaries.SourceTests.test_plain_bullet_task_path_checked_and_legal_core_accepted) ... ok
deploy	Frozen architecture integrity	2026-10-03T16:24:46.1492491Z test_real_old_go_layout_rejected_without_name_hardcoding (test_source_boundaries.SourceTests.test_real_old_go_layout_rejected_without_name_hardcoding) ... ok
deploy	Frozen architecture integrity	2026-10-03T16:24:46.1898220Z test_root_new_business_and_unapproved_internal (test_source_boundaries.SourceTests.test_root_new_business_and_unapproved_internal) ... ok
deploy	Frozen architecture integrity	2026-10-03T16:24:46.2327664Z test_root_test_name_cannot_hide_business (test_source_boundaries.SourceTests.test_root_test_name_cannot_hide_business) ... ok
deploy	Frozen architecture integrity	2026-10-03T16:24:46.2699795Z test_shared_generic_repository_call_rejected_without_sql_literal (test_source_boundaries.SourceTests.test_shared_generic_repository_call_rejected_without_sql_literal) ... ok
deploy	Frozen architecture integrity	2026-10-03T16:24:46.2720183Z test_shared_java_connection_factory_is_support_not_repository (test_source_boundaries.SourceTests.test_shared_java_connection_factory_is_support_not_repository) ... ok
deploy	Frozen architecture integrity	2026-10-03T16:24:46.3133750Z test_shared_reverse_dependency_and_moved_full_auth (test_source_boundaries.SourceTests.test_shared_reverse_dependency_and_moved_full_auth) ... ok
deploy	Frozen architecture integrity	2026-10-03T16:24:46.3517549Z test_syntax_failure_cannot_be_skipped (test_source_boundaries.SourceTests.test_syntax_failure_cannot_be_skipped) ... ok
deploy	Frozen architecture integrity	2026-10-03T16:24:46.3560197Z test_workflow_missing_commands_dependencies_and_suppression_rejected (test_source_boundaries.SourceTests.test_workflow_missing_commands_dependencies_and_suppression_rejected) ... ok
deploy	Frozen architecture integrity	2026-10-03T16:24:46.3561291Z 
deploy	Frozen architecture integrity	2026-10-03T16:24:46.3561448Z ----------------------------------------------------------------------
deploy	Frozen architecture integrity	2026-10-03T16:24:46.3561797Z Ran 53 tests in 12.610s
deploy	Frozen architecture integrity	2026-10-03T16:24:46.3561935Z 
deploy	Frozen architecture integrity	2026-10-03T16:24:46.3562012Z OK
deploy	Go transport smoke	﻿2026-10-03T16:24:46.3965404Z ##[group]Run ./tests/infrastructure/smoke.ps1 -Profile go
deploy	Go transport smoke	2026-10-03T16:24:46.3965828Z ^[[36;1m./tests/infrastructure/smoke.ps1 -Profile go^[[0m
deploy	Go transport smoke	2026-10-03T16:24:46.3980421Z shell: /usr/bin/pwsh -command ". '{0}'"
deploy	Go transport smoke	2026-10-03T16:24:46.3981038Z env:
deploy	Go transport smoke	2026-10-03T16:24:46.3981290Z   IM_GO_CONFIG_DIR: /home/runner/work/_temp/im-go-config
deploy	Go transport smoke	2026-10-03T16:24:46.3981593Z ##[endgroup]
deploy	Go transport smoke	2026-10-03T16:25:16.9195528Z /var/run/postgresql:5432 - accepting connections
deploy	Go transport smoke	2026-10-03T16:25:17.3854749Z PASS: go profile, PostgreSQL migration, Core NATS, HTTPS and WSS over Tls13
deploy	Go Auth actual roles and TLS event smoke	﻿2026-10-03T16:25:17.8843219Z ##[group]Run python3 tests/go/live_role_smoke.py
deploy	Go Auth actual roles and TLS event smoke	2026-10-03T16:25:17.8843596Z ^[[36;1mpython3 tests/go/live_role_smoke.py^[[0m
deploy	Go Auth actual roles and TLS event smoke	2026-10-03T16:25:17.8879398Z shell: /usr/bin/bash -e {0}
deploy	Go Auth actual roles and TLS event smoke	2026-10-03T16:25:17.8879657Z env:
deploy	Go Auth actual roles and TLS event smoke	2026-10-03T16:25:17.8879901Z   IM_GO_CONFIG_DIR: /home/runner/work/_temp/im-go-config
deploy	Go Auth actual roles and TLS event smoke	2026-10-03T16:25:17.8880203Z ##[endgroup]
deploy	Go Auth actual roles and TLS event smoke	2026-10-03T16:25:18.1789418Z #1 [internal] load local bake definitions
deploy	Go Auth actual roles and TLS event smoke	2026-10-03T16:25:18.3873820Z #1 reading from stdin 1.45kB done
deploy	Go Auth actual roles and TLS event smoke	2026-10-03T16:25:18.3874752Z #1 DONE 0.0s
deploy	Go Auth actual roles and TLS event smoke	2026-10-03T16:25:18.3875227Z 
deploy	Go Auth actual roles and TLS event smoke	2026-10-03T16:25:18.3875764Z #2 [migrate internal] load build definition from migrate.Dockerfile
deploy	Go Auth actual roles and TLS event smoke	2026-10-03T16:25:18.3876898Z #2 transferring dockerfile: 229B done
deploy	Go Auth actual roles and TLS event smoke	2026-10-03T16:25:18.3877543Z #2 DONE 0.0s
deploy	Go Auth actual roles and TLS event smoke	2026-10-03T16:25:18.3877923Z 
deploy	Go Auth actual roles and TLS event smoke	2026-10-03T16:25:18.3878830Z #3 [plugin-host-go internal] load build definition from Dockerfile
deploy	Go Auth actual roles and TLS event smoke	2026-10-03T16:25:18.3879356Z #3 transferring dockerfile: 247B done
deploy	Go Auth actual roles and TLS event smoke	2026-10-03T16:25:18.3879602Z #3 DONE 0.0s
deploy	Go Auth actual roles and TLS event smoke	2026-10-03T16:25:18.3879718Z 
deploy	Go Auth actual roles and TLS event smoke	2026-10-03T16:25:18.3880201Z #4 [gateway-go internal] load metadata for docker.io/library/golang:1.25-alpine
deploy	Go Auth actual roles and TLS event smoke	2026-10-03T16:25:18.4440460Z #4 DONE 0.1s
deploy	Go Auth actual roles and TLS event smoke	2026-10-03T16:25:18.4441004Z 
deploy	Go Auth actual roles and TLS event smoke	2026-10-03T16:25:18.4441362Z #5 [core-go internal] load metadata for docker.io/library/alpine:3.21
deploy	Go Auth actual roles and TLS event smoke	2026-10-03T16:25:18.4441956Z #5 DONE 0.1s
deploy	Go Auth actual roles and TLS event smoke	2026-10-03T16:25:18.4442163Z 
deploy	Go Auth actual roles and TLS event smoke	2026-10-03T16:25:18.4442375Z #6 [plugin-host-go internal] load .dockerignore
deploy	Go Auth actual roles and TLS event smoke	2026-10-03T16:25:18.4442875Z #6 transferring context: 2B done
deploy	Go Auth actual roles and TLS event smoke	2026-10-03T16:25:18.4443224Z #6 DONE 0.0s
deploy	Go Auth actual roles and TLS event smoke	2026-10-03T16:25:18.4443374Z 
deploy	Go Auth actual roles and TLS event smoke	2026-10-03T16:25:18.4443932Z #7 [gateway-go stage-1 1/2] FROM docker.io/library/alpine:3.21@sha256:ce64758a109eb420d874a118f87920e625e12d3634e03b4a5573fd9f6e5d3507
deploy	Go Auth actual roles and TLS event smoke	2026-10-03T16:25:18.4444882Z #7 DONE 0.0s
deploy	Go Auth actual roles and TLS event smoke	2026-10-03T16:25:18.4445048Z 
deploy	Go Auth actual roles and TLS event smoke	2026-10-03T16:25:18.4445639Z #8 [gateway-go build 1/6] FROM docker.io/library/golang:1.25-alpine@sha256:1ae0735f00daffa3aaf1363a5184c0d2dc55c78e3db4ec70241cdac97bf84b59
deploy	Go Auth actual roles and TLS event smoke	2026-10-03T16:25:18.4446475Z #8 DONE 0.0s
deploy	Go Auth actual roles and TLS event smoke	2026-10-03T16:25:18.4446652Z 
deploy	Go Auth actual roles and TLS event smoke	2026-10-03T16:25:18.4446782Z #9 [core-go internal] load build context
deploy	Go Auth actual roles and TLS event smoke	2026-10-03T16:25:18.4447162Z #9 transferring context: 1.56kB done
deploy	Go Auth actual roles and TLS event smoke	2026-10-03T16:25:18.4447506Z #9 DONE 0.0s
deploy	Go Auth actual roles and TLS event smoke	2026-10-03T16:25:18.4447667Z 
deploy	Go Auth actual roles and TLS event smoke	2026-10-03T16:25:18.4447776Z #10 [gateway-go build 5/6] COPY . .
deploy	Go Auth actual roles and TLS event smoke	2026-10-03T16:25:18.4448011Z #10 CACHED
deploy	Go Auth actual roles and TLS event smoke	2026-10-03T16:25:18.4448107Z 
deploy	Go Auth actual roles and TLS event smoke	2026-10-03T16:25:18.4448209Z #11 [gateway-go build 2/6] WORKDIR /src
deploy	Go Auth actual roles and TLS event smoke	2026-10-03T16:25:18.4448444Z #11 CACHED
deploy	Go Auth actual roles and TLS event smoke	2026-10-03T16:25:18.4448547Z 
deploy	Go Auth actual roles and TLS event smoke	2026-10-03T16:25:18.4448658Z #12 [gateway-go build 3/6] COPY go.mod go.sum ./
deploy	Go Auth actual roles and TLS event smoke	2026-10-03T16:25:18.4448920Z #12 CACHED
deploy	Go Auth actual roles and TLS event smoke	2026-10-03T16:25:18.4449024Z 
deploy	Go Auth actual roles and TLS event smoke	2026-10-03T16:25:18.4449187Z #13 [gateway-go build 6/6] RUN CGO_ENABLED=0 go build -o /im-go .
deploy	Go Auth actual roles and TLS event smoke	2026-10-03T16:25:18.4449504Z #13 CACHED
deploy	Go Auth actual roles and TLS event smoke	2026-10-03T16:25:18.4449597Z 
deploy	Go Auth actual roles and TLS event smoke	2026-10-03T16:25:18.4449781Z #14 [gateway-go build 4/6] RUN go mod download
deploy	Go Auth actual roles and TLS event smoke	2026-10-03T16:25:18.4451736Z #14 CACHED
deploy	Go Auth actual roles and TLS event smoke	2026-10-03T16:25:18.4452080Z  migrate  Built
deploy	Go Auth actual roles and TLS event smoke	2026-10-03T16:25:18.4452380Z  gateway-go  Built
deploy	Go Auth actual roles and TLS event smoke	2026-10-03T16:25:18.4452695Z  core-go  Built
deploy	Go Auth actual roles and TLS event smoke	2026-10-03T16:25:18.4453006Z  plugin-host-go  Built
deploy	Go Auth actual roles and TLS event smoke	2026-10-03T16:25:18.4453219Z 
deploy	Go Auth actual roles and TLS event smoke	2026-10-03T16:25:18.4453454Z #15 [gateway-go stage-1 2/2] COPY --from=build /im-go /im-go
deploy	Go Auth actual roles and TLS event smoke	2026-10-03T16:25:18.4454036Z #15 CACHED
deploy	Go Auth actual roles and TLS event smoke	2026-10-03T16:25:18.4454188Z 
deploy	Go Auth actual roles and TLS event smoke	2026-10-03T16:25:18.4454348Z #16 [plugin-host-go] exporting to image
deploy	Go Auth actual roles and TLS event smoke	2026-10-03T16:25:18.4454754Z #16 exporting layers done
deploy	Go Auth actual roles and TLS event smoke	2026-10-03T16:25:18.4455390Z #16 writing image sha256:689d1efb53f4224c26c5db66f6ad944a5d9b8baf79eefe211f5086c99caa8dcc done
deploy	Go Auth actual roles and TLS event smoke	2026-10-03T16:25:18.4456340Z #16 naming to docker.io/library/im-arch4-live-8327-plugin-host-go done
deploy	Go Auth actual roles and TLS event smoke	2026-10-03T16:25:18.4456934Z #16 DONE 0.0s
deploy	Go Auth actual roles and TLS event smoke	2026-10-03T16:25:18.4457107Z 
deploy	Go Auth actual roles and TLS event smoke	2026-10-03T16:25:18.4457247Z #17 [core-go] exporting to image
deploy	Go Auth actual roles and TLS event smoke	2026-10-03T16:25:18.4457659Z #17 exporting layers done
deploy	Go Auth actual roles and TLS event smoke	2026-10-03T16:25:18.4458129Z #17 writing image sha256:689d1efb53f4224c26c5db66f6ad944a5d9b8baf79eefe211f5086c99caa8dcc done
deploy	Go Auth actual roles and TLS event smoke	2026-10-03T16:25:18.4458940Z #17 naming to docker.io/library/im-arch4-live-8327-core-go done
deploy	Go Auth actual roles and TLS event smoke	2026-10-03T16:25:18.4459383Z #17 DONE 0.0s
deploy	Go Auth actual roles and TLS event smoke	2026-10-03T16:25:18.4459540Z 
deploy	Go Auth actual roles and TLS event smoke	2026-10-03T16:25:18.4459675Z #18 [gateway-go] exporting to image
deploy	Go Auth actual roles and TLS event smoke	2026-10-03T16:25:18.4459960Z #18 exporting layers done
deploy	Go Auth actual roles and TLS event smoke	2026-10-03T16:25:18.4460476Z #18 writing image sha256:689d1efb53f4224c26c5db66f6ad944a5d9b8baf79eefe211f5086c99caa8dcc done
deploy	Go Auth actual roles and TLS event smoke	2026-10-03T16:25:18.4461249Z #18 naming to docker.io/library/im-arch4-live-8327-gateway-go done
deploy	Go Auth actual roles and TLS event smoke	2026-10-03T16:25:18.4461560Z #18 DONE 0.0s
deploy	Go Auth actual roles and TLS event smoke	2026-10-03T16:25:18.4461671Z 
deploy	Go Auth actual roles and TLS event smoke	2026-10-03T16:25:18.4461863Z #19 [migrate internal] load metadata for docker.io/library/python:3.12-alpine
deploy	Go Auth actual roles and TLS event smoke	2026-10-03T16:25:18.4462209Z #19 DONE 0.1s
deploy	Go Auth actual roles and TLS event smoke	2026-10-03T16:25:18.4462317Z 
deploy	Go Auth actual roles and TLS event smoke	2026-10-03T16:25:18.4462424Z #20 [migrate internal] load .dockerignore
deploy	Go Auth actual roles and TLS event smoke	2026-10-03T16:25:18.4462688Z #20 transferring context: 2B done
deploy	Go Auth actual roles and TLS event smoke	2026-10-03T16:25:18.4462912Z #20 DONE 0.0s
deploy	Go Auth actual roles and TLS event smoke	2026-10-03T16:25:18.4463011Z 
deploy	Go Auth actual roles and TLS event smoke	2026-10-03T16:25:18.4463393Z #21 [migrate 1/4] FROM docker.io/library/python:3.12-alpine@sha256:0687a6bc9716edc2a6ee0fbfb0f87e7ee358b262b67c9215de91bc9b2d38ba71
deploy	Go Auth actual roles and TLS event smoke	2026-10-03T16:25:18.4464172Z #21 DONE 0.0s
deploy	Go Auth actual roles and TLS event smoke	2026-10-03T16:25:18.4464333Z 
deploy	Go Auth actual roles and TLS event smoke	2026-10-03T16:25:18.4464510Z #22 [core-go] resolving provenance for metadata file
deploy	Go Auth actual roles and TLS event smoke	2026-10-03T16:25:18.4464944Z #22 DONE 0.0s
deploy	Go Auth actual roles and TLS event smoke	2026-10-03T16:25:18.4465124Z 
deploy	Go Auth actual roles and TLS event smoke	2026-10-03T16:25:18.4465283Z #23 [gateway-go] resolving provenance for metadata file
deploy	Go Auth actual roles and TLS event smoke	2026-10-03T16:25:18.4465669Z #23 DONE 0.0s
deploy	Go Auth actual roles and TLS event smoke	2026-10-03T16:25:18.4465828Z 
deploy	Go Auth actual roles and TLS event smoke	2026-10-03T16:25:18.4466031Z #24 [plugin-host-go] resolving provenance for metadata file
deploy	Go Auth actual roles and TLS event smoke	2026-10-03T16:25:18.4466458Z #24 DONE 0.0s
deploy	Go Auth actual roles and TLS event smoke	2026-10-03T16:25:18.4466734Z 
deploy	Go Auth actual roles and TLS event smoke	2026-10-03T16:25:18.4466866Z #25 [migrate internal] load build context
deploy	Go Auth actual roles and TLS event smoke	2026-10-03T16:25:18.4467279Z #25 transferring context: 401B done
deploy	Go Auth actual roles and TLS event smoke	2026-10-03T16:25:18.4467634Z #25 DONE 0.0s
deploy	Go Auth actual roles and TLS event smoke	2026-10-03T16:25:18.4467799Z 
deploy	Go Auth actual roles and TLS event smoke	2026-10-03T16:25:18.4467918Z #26 [migrate 3/4] WORKDIR /work
deploy	Go Auth actual roles and TLS event smoke	2026-10-03T16:25:18.4468246Z #26 CACHED
deploy	Go Auth actual roles and TLS event smoke	2026-10-03T16:25:18.4468402Z 
deploy	Go Auth actual roles and TLS event smoke	2026-10-03T16:25:18.4468604Z #27 [migrate 2/4] RUN apk add --no-cache postgresql-client
deploy	Go Auth actual roles and TLS event smoke	2026-10-03T16:25:18.4469040Z #27 CACHED
deploy	Go Auth actual roles and TLS event smoke	2026-10-03T16:25:18.4469175Z 
deploy	Go Auth actual roles and TLS event smoke	2026-10-03T16:25:18.4469404Z #28 [migrate 4/4] COPY contracts/database /work/contracts/database
deploy	Go Auth actual roles and TLS event smoke	2026-10-03T16:25:18.4469860Z #28 CACHED
deploy	Go Auth actual roles and TLS event smoke	2026-10-03T16:25:18.4470003Z 
deploy	Go Auth actual roles and TLS event smoke	2026-10-03T16:25:18.4470147Z #29 [migrate] exporting to image
deploy	Go Auth actual roles and TLS event smoke	2026-10-03T16:25:18.4470504Z #29 exporting layers done
deploy	Go Auth actual roles and TLS event smoke	2026-10-03T16:25:18.4472762Z #29 writing image sha256:6aefc88ab1ea97a83cb98e1a8cfb11aaa1c326ac08b46d16ec4770146ce97e10 done
deploy	Go Auth actual roles and TLS event smoke	2026-10-03T16:25:18.4473615Z #29 naming to docker.io/library/im-arch4-live-8327-migrate done
deploy	Go Auth actual roles and TLS event smoke	2026-10-03T16:25:18.4474076Z #29 DONE 0.0s
deploy	Go Auth actual roles and TLS event smoke	2026-10-03T16:25:18.4474313Z 
deploy	Go Auth actual roles and TLS event smoke	2026-10-03T16:25:18.4474522Z #30 [migrate] resolving provenance for metadata file
deploy	Go Auth actual roles and TLS event smoke	2026-10-03T16:25:18.4474936Z #30 DONE 0.0s
deploy	Go Auth actual roles and TLS event smoke	2026-10-03T16:25:18.4475238Z  Network im-arch4-live-8327_default  Creating
deploy	Go Auth actual roles and TLS event smoke	2026-10-03T16:25:18.4738658Z  Network im-arch4-live-8327_default  Created
deploy	Go Auth actual roles and TLS event smoke	2026-10-03T16:25:18.4742662Z  Volume "im-arch4-live-8327_caddy-go-data"  Creating
deploy	Go Auth actual roles and TLS event smoke	2026-10-03T16:25:18.4751845Z  Volume "im-arch4-live-8327_caddy-go-data"  Created
deploy	Go Auth actual roles and TLS event smoke	2026-10-03T16:25:18.4754517Z  Volume "im-arch4-live-8327_postgres-data"  Creating
deploy	Go Auth actual roles and TLS event smoke	2026-10-03T16:25:18.4761106Z  Volume "im-arch4-live-8327_postgres-data"  Created
deploy	Go Auth actual roles and TLS event smoke	2026-10-03T16:25:18.4763658Z  Container im-arch4-live-8327-postgres-1  Creating
deploy	Go Auth actual roles and TLS event smoke	2026-10-03T16:25:18.4764904Z  Container im-arch4-live-8327-nats-1  Creating
deploy	Go Auth actual roles and TLS event smoke	2026-10-03T16:25:18.4912254Z  Container im-arch4-live-8327-nats-1  Created
deploy	Go Auth actual roles and TLS event smoke	2026-10-03T16:25:18.4921441Z  Container im-arch4-live-8327-postgres-1  Created
deploy	Go Auth actual roles and TLS event smoke	2026-10-03T16:25:18.4922158Z  Container im-arch4-live-8327-migrate-1  Creating
deploy	Go Auth actual roles and TLS event smoke	2026-10-03T16:25:18.4991404Z  Container im-arch4-live-8327-migrate-1  Created
deploy	Go Auth actual roles and TLS event smoke	2026-10-03T16:25:18.4995581Z  Container im-arch4-live-8327-gateway-go-1  Creating
deploy	Go Auth actual roles and TLS event smoke	2026-10-03T16:25:18.4996792Z  Container im-arch4-live-8327-plugin-host-go-1  Creating
deploy	Go Auth actual roles and TLS event smoke	2026-10-03T16:25:18.4997749Z  Container im-arch4-live-8327-core-go-1  Creating
deploy	Go Auth actual roles and TLS event smoke	2026-10-03T16:25:18.5083497Z  Container im-arch4-live-8327-gateway-go-1  Created
deploy	Go Auth actual roles and TLS event smoke	2026-10-03T16:25:18.5084823Z  Container im-arch4-live-8327-tls-go-1  Creating
deploy	Go Auth actual roles and TLS event smoke	2026-10-03T16:25:18.5097670Z  Container im-arch4-live-8327-core-go-1  Created
deploy	Go Auth actual roles and TLS event smoke	2026-10-03T16:25:18.5101872Z  Container im-arch4-live-8327-plugin-host-go-1  Created
deploy	Go Auth actual roles and TLS event smoke	2026-10-03T16:25:18.5170857Z  Container im-arch4-live-8327-tls-go-1  Created
deploy	Go Auth actual roles and TLS event smoke	2026-10-03T16:25:18.5180315Z  Container im-arch4-live-8327-postgres-1  Starting
deploy	Go Auth actual roles and TLS event smoke	2026-10-03T16:25:18.5181646Z  Container im-arch4-live-8327-nats-1  Starting
deploy	Go Auth actual roles and TLS event smoke	2026-10-03T16:25:18.6308319Z  Container im-arch4-live-8327-postgres-1  Started
deploy	Go Auth actual roles and TLS event smoke	2026-10-03T16:25:18.6309257Z  Container im-arch4-live-8327-postgres-1  Waiting
deploy	Go Auth actual roles and TLS event smoke	2026-10-03T16:25:18.6338536Z  Container im-arch4-live-8327-nats-1  Started
deploy	Go Auth actual roles and TLS event smoke	2026-10-03T16:25:21.1324692Z  Container im-arch4-live-8327-postgres-1  Healthy
deploy	Go Auth actual roles and TLS event smoke	2026-10-03T16:25:21.1325454Z  Container im-arch4-live-8327-migrate-1  Starting
deploy	Go Auth actual roles and TLS event smoke	2026-10-03T16:25:21.2175600Z  Container im-arch4-live-8327-migrate-1  Started
deploy	Go Auth actual roles and TLS event smoke	2026-10-03T16:25:21.2176429Z  Container im-arch4-live-8327-nats-1  Waiting
deploy	Go Auth actual roles and TLS event smoke	2026-10-03T16:25:21.2177040Z  Container im-arch4-live-8327-migrate-1  Waiting
deploy	Go Auth actual roles and TLS event smoke	2026-10-03T16:25:21.2177664Z  Container im-arch4-live-8327-migrate-1  Waiting
deploy	Go Auth actual roles and TLS event smoke	2026-10-03T16:25:21.2178306Z  Container im-arch4-live-8327-migrate-1  Waiting
deploy	Go Auth actual roles and TLS event smoke	2026-10-03T16:25:21.2178800Z  Container im-arch4-live-8327-nats-1  Waiting
deploy	Go Auth actual roles and TLS event smoke	2026-10-03T16:25:21.7195438Z  Container im-arch4-live-8327-nats-1  Healthy
deploy	Go Auth actual roles and TLS event smoke	2026-10-03T16:25:21.7196399Z  Container im-arch4-live-8327-migrate-1  Exited
deploy	Go Auth actual roles and TLS event smoke	2026-10-03T16:25:21.7197528Z  Container im-arch4-live-8327-core-go-1  Starting
deploy	Go Auth actual roles and TLS event smoke	2026-10-03T16:25:21.7198140Z  Container im-arch4-live-8327-migrate-1  Exited
deploy	Go Auth actual roles and TLS event smoke	2026-10-03T16:25:21.7210404Z  Container im-arch4-live-8327-nats-1  Healthy
deploy	Go Auth actual roles and TLS event smoke	2026-10-03T16:25:21.7212836Z  Container im-arch4-live-8327-gateway-go-1  Starting
deploy	Go Auth actual roles and TLS event smoke	2026-10-03T16:25:21.7214869Z  Container im-arch4-live-8327-migrate-1  Exited
deploy	Go Auth actual roles and TLS event smoke	2026-10-03T16:25:21.7216274Z  Container im-arch4-live-8327-plugin-host-go-1  Starting
deploy	Go Auth actual roles and TLS event smoke	2026-10-03T16:25:21.8500431Z  Container im-arch4-live-8327-core-go-1  Started
deploy	Go Auth actual roles and TLS event smoke	2026-10-03T16:25:21.8629198Z  Container im-arch4-live-8327-gateway-go-1  Started
deploy	Go Auth actual roles and TLS event smoke	2026-10-03T16:25:21.8631335Z  Container im-arch4-live-8327-tls-go-1  Starting
deploy	Go Auth actual roles and TLS event smoke	2026-10-03T16:25:21.8644797Z  Container im-arch4-live-8327-plugin-host-go-1  Started
deploy	Go Auth actual roles and TLS event smoke	2026-10-03T16:25:21.9604188Z  Container im-arch4-live-8327-tls-go-1  Started
deploy	Go Auth actual roles and TLS event smoke	2026-10-03T16:25:24.4396411Z  Container im-arch4-live-8327-core-go-1  Stopping
deploy	Go Auth actual roles and TLS event smoke	2026-10-03T16:25:24.4397456Z  Container im-arch4-live-8327-plugin-host-go-1  Stopping
deploy	Go Auth actual roles and TLS event smoke	2026-10-03T16:25:24.4398429Z  Container im-arch4-live-8327-tls-go-1  Stopping
deploy	Go Auth actual roles and TLS event smoke	2026-10-03T16:25:24.5281998Z  Container im-arch4-live-8327-plugin-host-go-1  Stopped
deploy	Go Auth actual roles and TLS event smoke	2026-10-03T16:25:24.5282754Z  Container im-arch4-live-8327-plugin-host-go-1  Removing
deploy	Go Auth actual roles and TLS event smoke	2026-10-03T16:25:24.5360399Z  Container im-arch4-live-8327-plugin-host-go-1  Removed
deploy	Go Auth actual roles and TLS event smoke	2026-10-03T16:25:24.5476769Z  Container im-arch4-live-8327-core-go-1  Stopped
deploy	Go Auth actual roles and TLS event smoke	2026-10-03T16:25:24.5477845Z  Container im-arch4-live-8327-core-go-1  Removing
deploy	Go Auth actual roles and TLS event smoke	2026-10-03T16:25:24.5559775Z  Container im-arch4-live-8327-core-go-1  Removed
deploy	Go Auth actual roles and TLS event smoke	2026-10-03T16:25:24.5602702Z  Container im-arch4-live-8327-tls-go-1  Stopped
deploy	Go Auth actual roles and TLS event smoke	2026-10-03T16:25:24.5603553Z  Container im-arch4-live-8327-tls-go-1  Removing
deploy	Go Auth actual roles and TLS event smoke	2026-10-03T16:25:24.5648769Z  Container im-arch4-live-8327-tls-go-1  Removed
deploy	Go Auth actual roles and TLS event smoke	2026-10-03T16:25:24.5649404Z  Container im-arch4-live-8327-gateway-go-1  Stopping
deploy	Go Auth actual roles and TLS event smoke	2026-10-03T16:25:24.6195803Z  Container im-arch4-live-8327-gateway-go-1  Stopped
deploy	Go Auth actual roles and TLS event smoke	2026-10-03T16:25:24.6196502Z  Container im-arch4-live-8327-gateway-go-1  Removing
deploy	Go Auth actual roles and TLS event smoke	2026-10-03T16:25:24.6229346Z  Container im-arch4-live-8327-gateway-go-1  Removed
deploy	Go Auth actual roles and TLS event smoke	2026-10-03T16:25:24.6230192Z  Container im-arch4-live-8327-nats-1  Stopping
deploy	Go Auth actual roles and TLS event smoke	2026-10-03T16:25:24.6231104Z  Container im-arch4-live-8327-migrate-1  Stopping
deploy	Go Auth actual roles and TLS event smoke	2026-10-03T16:25:24.6235067Z  Container im-arch4-live-8327-migrate-1  Stopped
deploy	Go Auth actual roles and TLS event smoke	2026-10-03T16:25:24.6235699Z  Container im-arch4-live-8327-migrate-1  Removing
deploy	Go Auth actual roles and TLS event smoke	2026-10-03T16:25:24.6298056Z  Container im-arch4-live-8327-migrate-1  Removed
deploy	Go Auth actual roles and TLS event smoke	2026-10-03T16:25:24.6301442Z  Container im-arch4-live-8327-postgres-1  Stopping
deploy	Go Auth actual roles and TLS event smoke	2026-10-03T16:25:24.6804980Z  Container im-arch4-live-8327-nats-1  Stopped
deploy	Go Auth actual roles and TLS event smoke	2026-10-03T16:25:24.6808343Z  Container im-arch4-live-8327-nats-1  Removing
deploy	Go Auth actual roles and TLS event smoke	2026-10-03T16:25:24.6845430Z  Container im-arch4-live-8327-nats-1  Removed
deploy	Go Auth actual roles and TLS event smoke	2026-10-03T16:25:24.7101989Z  Container im-arch4-live-8327-postgres-1  Stopped
deploy	Go Auth actual roles and TLS event smoke	2026-10-03T16:25:24.7103969Z  Container im-arch4-live-8327-postgres-1  Removing
deploy	Go Auth actual roles and TLS event smoke	2026-10-03T16:25:24.7140934Z  Container im-arch4-live-8327-postgres-1  Removed
deploy	Go Auth actual roles and TLS event smoke	2026-10-03T16:25:24.7148165Z  Volume im-arch4-live-8327_caddy-go-data  Removing
deploy	Go Auth actual roles and TLS event smoke	2026-10-03T16:25:24.7148780Z  Volume im-arch4-live-8327_postgres-data  Removing
deploy	Go Auth actual roles and TLS event smoke	2026-10-03T16:25:24.7149341Z  Network im-arch4-live-8327_default  Removing
deploy	Go Auth actual roles and TLS event smoke	2026-10-03T16:25:24.7764523Z  Volume im-arch4-live-8327_postgres-data  Removed
deploy	Go Auth actual roles and TLS event smoke	2026-10-03T16:25:24.7773107Z  Volume im-arch4-live-8327_caddy-go-data  Removed
deploy	Go Auth actual roles and TLS event smoke	2026-10-03T16:25:24.7857683Z  Network im-arch4-live-8327_default  Removed
deploy	Go Auth actual roles and TLS event smoke	2026-10-03T16:25:24.8283546Z PASS: actual3 Go roles/HTTP forwarding/TLS/WSS3slots/replacementepoch/oldtokenreject/CoreOutboxNATSGatewayrevocation/logoutclose; no skips
deploy	Run actions/setup-node@v4	﻿2026-10-03T16:25:24.8484122Z ##[group]Run actions/setup-node@v4
deploy	Run actions/setup-node@v4	2026-10-03T16:25:24.8484402Z with:
deploy	Run actions/setup-node@v4	2026-10-03T16:25:24.8484595Z   node-version: 22
deploy	Run actions/setup-node@v4	2026-10-03T16:25:24.8484794Z   always-auth: false
deploy	Run actions/setup-node@v4	2026-10-03T16:25:24.8484998Z   check-latest: false
deploy	Run actions/setup-node@v4	2026-10-03T16:25:24.8487422Z   token: ***
deploy	Run actions/setup-node@v4	2026-10-03T16:25:24.8487610Z env:
deploy	Run actions/setup-node@v4	2026-10-03T16:25:24.8487848Z   IM_GO_CONFIG_DIR: /home/runner/work/_temp/im-go-config
deploy	Run actions/setup-node@v4	2026-10-03T16:25:24.8488151Z ##[endgroup]
deploy	Run actions/setup-node@v4	2026-10-03T16:25:24.9902949Z Found in cache @ /opt/hostedtoolcache/node/22.23.3/x64
deploy	Run actions/setup-node@v4	2026-10-03T16:25:24.9907510Z (node:9592) [DEP0040] DeprecationWarning: The `punycode` module is deprecated. Please use a userland alternative instead.
deploy	Run actions/setup-node@v4	2026-10-03T16:25:24.9908218Z (Use `node --trace-deprecation ...` to show where the warning was created)
deploy	Run actions/setup-node@v4	2026-10-03T16:25:24.9909965Z ##[group]Environment details
deploy	Run actions/setup-node@v4	2026-10-03T16:25:27.7412490Z node: v22.23.3
deploy	Run actions/setup-node@v4	2026-10-03T16:25:27.7412926Z npm: 10.9.9
deploy	Run actions/setup-node@v4	2026-10-03T16:25:27.7413267Z yarn: 1.22.22
deploy	Run actions/setup-node@v4	2026-10-03T16:25:27.7414695Z ##[endgroup]
deploy	Current shared Sync client actual Go TLS runtime	﻿2026-10-03T16:25:27.7537640Z ##[group]Run python3 -B tests/clients/sync/go_smoke.py
deploy	Current shared Sync client actual Go TLS runtime	2026-10-03T16:25:27.7538024Z ^[[36;1mpython3 -B tests/clients/sync/go_smoke.py^[[0m
deploy	Current shared Sync client actual Go TLS runtime	2026-10-03T16:25:27.7628716Z shell: /usr/bin/bash -e {0}
deploy	Current shared Sync client actual Go TLS runtime	2026-10-03T16:25:27.7628980Z env:
deploy	Current shared Sync client actual Go TLS runtime	2026-10-03T16:25:27.7629227Z   IM_GO_CONFIG_DIR: /home/runner/work/_temp/im-go-config
deploy	Current shared Sync client actual Go TLS runtime	2026-10-03T16:25:27.7629519Z ##[endgroup]
deploy	Current shared Sync client actual Go TLS runtime	2026-10-03T16:25:30.8813994Z 
deploy	Current shared Sync client actual Go TLS runtime	2026-10-03T16:25:30.8824423Z added 1 package in 3s
deploy	Current shared Sync client actual Go TLS runtime	2026-10-03T16:25:30.9914390Z 
deploy	Current shared Sync client actual Go TLS runtime	2026-10-03T16:25:30.9915081Z > @im/protocol-sdk@0.1.0 build
deploy	Current shared Sync client actual Go TLS runtime	2026-10-03T16:25:30.9915639Z > tsc -p tsconfig.json
deploy	Current shared Sync client actual Go TLS runtime	2026-10-03T16:25:30.9915905Z 
deploy	Current shared Sync client actual Go TLS runtime	2026-10-03T16:25:32.3849356Z Starting bounded owned actual Go/PostgreSQL/TLS client Sync fixture
deploy	Current shared Sync client actual Go TLS runtime	2026-10-03T16:25:38.0649813Z PASS: actual shared Sync HTTPS adapter -> trusted TLS/Gateway/Core/PG;208metadata205durableMessages,continuous pages/terminal/restart/new206th/read-only
deploy	Current shared Sync client actual Go TLS runtime	2026-10-03T16:25:38.6436906Z PASS: inspected only task-owned Compose containers/volumes cleanup
deploy	Go public Sync strict TLS runtime	﻿2026-10-03T16:25:38.6567043Z ##[group]Run python3 -B tools/verify_sync_runtime.py
deploy	Go public Sync strict TLS runtime	2026-10-03T16:25:38.6567446Z ^[[36;1mpython3 -B tools/verify_sync_runtime.py^[[0m
deploy	Go public Sync strict TLS runtime	2026-10-03T16:25:38.6603249Z shell: /usr/bin/bash -e {0}
deploy	Go public Sync strict TLS runtime	2026-10-03T16:25:38.6603502Z env:
deploy	Go public Sync strict TLS runtime	2026-10-03T16:25:38.6603745Z   IM_GO_CONFIG_DIR: /home/runner/work/_temp/im-go-config
deploy	Go public Sync strict TLS runtime	2026-10-03T16:25:38.6604040Z ##[endgroup]
deploy	Go public Sync strict TLS runtime	2026-10-03T16:25:43.9976959Z PASS: strict trusted-CA HTTPS proxy/Gateway/Core; real PG 208 User and 205 durable WSS Message items, all pages <=100, terminal/new-commit/replay/auth/foreign/query/version/read-only
deploy	Go public Sync strict TLS runtime	2026-10-03T16:25:44.5863206Z PASS: inspected disposable project cleanup
deploy	Go S1 strict TLS messaging E2E	﻿2026-10-03T16:25:44.5984414Z ##[group]Run python3 -B tests/e2e/go_tls_messaging.py
deploy	Go S1 strict TLS messaging E2E	2026-10-03T16:25:44.5984800Z ^[[36;1mpython3 -B tests/e2e/go_tls_messaging.py^[[0m
deploy	Go S1 strict TLS messaging E2E	2026-10-03T16:25:44.6020388Z shell: /usr/bin/bash -e {0}
deploy	Go S1 strict TLS messaging E2E	2026-10-03T16:25:44.6020843Z env:
deploy	Go S1 strict TLS messaging E2E	2026-10-03T16:25:44.6021157Z   IM_GO_CONFIG_DIR: /home/runner/work/_temp/im-go-config
deploy	Go S1 strict TLS messaging E2E	2026-10-03T16:25:44.6021457Z ##[endgroup]
deploy	Go S1 strict TLS messaging E2E	2026-10-03T16:25:49.1361694Z PASS TLS: trusted CA/CERT_REQUIRED/hostname HTTPS+WSS; untrusted CA and certificate name mismatch rejected
deploy	Go S1 strict TLS messaging E2E	2026-10-03T16:25:57.1256117Z PASS fixtures: HTTPS register/login/search/friend unique DIRECT; WSS hello/SQL durable ACK/one Outbox/NATS recipient; retry/conflict/nonmember/deferred COMMIT rollback; no duplicates/wrong recipient
deploy	Go S1 strict TLS messaging E2E	2026-10-03T16:25:57.6216859Z PASS revocation: replacement epoch/revoked then close/stale token reject/logout then close; no runtime skips
deploy	Go S1 strict TLS messaging E2E	2026-10-03T16:25:57.6219621Z DEFERRED_BY_HUMAN: friend-add-authorization-denied only (ADR-0004); not counted PASS
deploy	Go S1 strict TLS messaging E2E	2026-10-03T16:25:58.1912969Z PASS cleanup: inspected owned Compose containers/volumes removed
deploy	Java transport smoke	﻿2026-10-03T16:25:58.2034693Z ##[group]Run ./tests/infrastructure/smoke.ps1 -Profile java
deploy	Java transport smoke	2026-10-03T16:25:58.2035160Z ^[[36;1m./tests/infrastructure/smoke.ps1 -Profile java^[[0m
deploy	Java transport smoke	2026-10-03T16:25:58.2050160Z shell: /usr/bin/pwsh -command ". '{0}'"
deploy	Java transport smoke	2026-10-03T16:25:58.2050437Z env:
deploy	Java transport smoke	2026-10-03T16:25:58.2050841Z   IM_GO_CONFIG_DIR: /home/runner/work/_temp/im-go-config
deploy	Java transport smoke	2026-10-03T16:25:58.2051196Z ##[endgroup]
deploy	Java transport smoke	2026-10-03T16:26:06.8324064Z /var/run/postgresql:5432 - accepting connections
deploy	Java transport smoke	2026-10-03T16:26:07.2308078Z PASS: java profile, PostgreSQL migration, Core NATS, HTTPS and WSS over Tls13
deploy	Post Run actions/setup-node@v4	﻿2026-10-03T16:26:08.0148128Z Post job cleanup.
deploy	Post Run actions/setup-node@v4	2026-10-03T16:26:08.1331162Z (node:16608) [DEP0040] DeprecationWarning: The `punycode` module is deprecated. Please use a userland alternative instead.
deploy	Post Run actions/setup-node@v4	2026-10-03T16:26:08.1331926Z (Use `node --trace-deprecation ...` to show where the warning was created)
deploy	Post Run actions/checkout@v4	﻿2026-10-03T16:26:08.1478190Z Post job cleanup.
deploy	Post Run actions/checkout@v4	2026-10-03T16:26:08.2347653Z [command]/usr/bin/git version
deploy	Post Run actions/checkout@v4	2026-10-03T16:26:08.2385195Z git version 2.55.0
deploy	Post Run actions/checkout@v4	2026-10-03T16:26:08.2419222Z Temporarily overriding HOME='/home/runner/work/_temp/2ee99f4f-07ed-4738-baea-ad687814c8be' before making global git config changes
deploy	Post Run actions/checkout@v4	2026-10-03T16:26:08.2421095Z Adding repository directory to the temporary git global config as a safe directory
deploy	Post Run actions/checkout@v4	2026-10-03T16:26:08.2425151Z [command]/usr/bin/git config --global --add safe.directory /home/runner/work/IM-platform/IM-platform
deploy	Post Run actions/checkout@v4	2026-10-03T16:26:08.2458003Z [command]/usr/bin/git config --local --name-only --get-regexp core\.sshCommand
deploy	Post Run actions/checkout@v4	2026-10-03T16:26:08.2487167Z [command]/usr/bin/git submodule foreach --recursive sh -c "git config --local --name-only --get-regexp 'core\.sshCommand' && git config --local --unset-all 'core.sshCommand' || :"
deploy	Post Run actions/checkout@v4	2026-10-03T16:26:08.2699566Z [command]/usr/bin/git config --local --name-only --get-regexp http\.https\:\/\/github\.com\/\.extraheader
deploy	Post Run actions/checkout@v4	2026-10-03T16:26:08.2723147Z http.https://github.com/.extraheader
deploy	Post Run actions/checkout@v4	2026-10-03T16:26:08.2734163Z [command]/usr/bin/git config --local --unset-all http.https://github.com/.extraheader
deploy	Post Run actions/checkout@v4	2026-10-03T16:26:08.2763231Z [command]/usr/bin/git submodule foreach --recursive sh -c "git config --local --name-only --get-regexp 'http\.https\:\/\/github\.com\/\.extraheader' && git config --local --unset-all 'http.https://github.com/.extraheader' || :"
deploy	Post Run actions/checkout@v4	2026-10-03T16:26:08.2975897Z [command]/usr/bin/git config --local --name-only --get-regexp ^includeIf\.gitdir:
deploy	Post Run actions/checkout@v4	2026-10-03T16:26:08.3005291Z [command]/usr/bin/git submodule foreach --recursive git config --local --show-origin --name-only --get-regexp remote.origin.url
deploy	Complete job	﻿2026-10-03T16:26:08.3389982Z Cleaning up orphan processes
deploy	Complete job	2026-10-03T16:26:08.3852116Z ##[warning]Node.js 20 is deprecated. The following actions target Node.js 20 but are being forced to run on Node.js 24: actions/checkout@v4, actions/setup-node@v4. For more information see: https://github.blog/changelog/2025-09-19-deprecation-of-node-20-on-github-actions-runners/
