gate	Set up job	﻿2026-10-03T16:30:15.5672917Z Current runner version: '2.337.0'
gate	Set up job	2026-10-03T16:30:15.5699366Z ##[group]Runner Image Provisioner
gate	Set up job	2026-10-03T16:30:15.5700379Z Hosted Compute Agent
gate	Set up job	2026-10-03T16:30:15.5700993Z Version: 20260901.588
gate	Set up job	2026-10-03T16:30:15.5701654Z Commit: f88ec8081b781fac6c440065ac7ff9e710ce3d0b
gate	Set up job	2026-10-03T16:30:15.5702465Z Build Date: 2026-09-01T19:56:44Z
gate	Set up job	2026-10-03T16:30:15.5703636Z Worker ID: {c4c2aec0-adf8-4854-bc5f-e9dfca97cba9}
gate	Set up job	2026-10-03T16:30:15.5704802Z Azure Region: westus3
gate	Set up job	2026-10-03T16:30:15.5705450Z ##[endgroup]
gate	Set up job	2026-10-03T16:30:15.5707182Z ##[group]Operating System
gate	Set up job	2026-10-03T16:30:15.5707937Z Ubuntu
gate	Set up job	2026-10-03T16:30:15.5708467Z 24.04.5
gate	Set up job	2026-10-03T16:30:15.5709055Z LTS
gate	Set up job	2026-10-03T16:30:15.5709585Z ##[endgroup]
gate	Set up job	2026-10-03T16:30:15.5710179Z ##[group]Runner Image
gate	Set up job	2026-10-03T16:30:15.5710835Z Image: ubuntu-24.04
gate	Set up job	2026-10-03T16:30:15.5711399Z Version: 20260927.320.1
gate	Set up job	2026-10-03T16:30:15.5712445Z Included Software: https://github.com/actions/runner-images/blob/ubuntu24/20260927.320/images/ubuntu/Ubuntu2404-Readme.md
gate	Set up job	2026-10-03T16:30:15.5714616Z Image Release: https://github.com/actions/runner-images/releases/tag/ubuntu24%2F20260927.320
gate	Set up job	2026-10-03T16:30:15.5715652Z ##[endgroup]
gate	Set up job	2026-10-03T16:30:15.5716797Z ##[group]GITHUB_TOKEN Permissions
gate	Set up job	2026-10-03T16:30:15.5718968Z Contents: read
gate	Set up job	2026-10-03T16:30:15.5719659Z Metadata: read
gate	Set up job	2026-10-03T16:30:15.5720214Z ##[endgroup]
gate	Set up job	2026-10-03T16:30:15.5722470Z Secret source: Actions
gate	Set up job	2026-10-03T16:30:15.5723698Z Cache mode: write
gate	Set up job	2026-10-03T16:30:15.5724537Z Prepare workflow directory
gate	Set up job	2026-10-03T16:30:15.6128944Z Prepare all required actions
gate	Set up job	2026-10-03T16:30:15.6176998Z Getting action download info
gate	Set up job	2026-10-03T16:30:15.9368555Z Download action repository 'actions/checkout@v4' (SHA:11d5960a326750d5838078e36cf38b85af677262)
gate	Set up job	2026-10-03T16:30:16.1347600Z Complete job name: gate
gate	Run actions/checkout@v4	﻿2026-10-03T16:30:16.2198924Z ##[group]Run actions/checkout@v4
gate	Run actions/checkout@v4	2026-10-03T16:30:16.2199871Z with:
gate	Run actions/checkout@v4	2026-10-03T16:30:16.2200337Z   repository: nilesthump/IM-platform
gate	Run actions/checkout@v4	2026-10-03T16:30:16.2204608Z   token: ***
gate	Run actions/checkout@v4	2026-10-03T16:30:16.2205080Z   ssh-strict: true
gate	Run actions/checkout@v4	2026-10-03T16:30:16.2205541Z   ssh-user: git
gate	Run actions/checkout@v4	2026-10-03T16:30:16.2205986Z   persist-credentials: true
gate	Run actions/checkout@v4	2026-10-03T16:30:16.2206476Z   clean: true
gate	Run actions/checkout@v4	2026-10-03T16:30:16.2206926Z   sparse-checkout-cone-mode: true
gate	Run actions/checkout@v4	2026-10-03T16:30:16.2207447Z   fetch-depth: 1
gate	Run actions/checkout@v4	2026-10-03T16:30:16.2207888Z   fetch-tags: false
gate	Run actions/checkout@v4	2026-10-03T16:30:16.2208336Z   show-progress: true
gate	Run actions/checkout@v4	2026-10-03T16:30:16.2208796Z   lfs: false
gate	Run actions/checkout@v4	2026-10-03T16:30:16.2209211Z   submodules: false
gate	Run actions/checkout@v4	2026-10-03T16:30:16.2209663Z   set-safe-directory: true
gate	Run actions/checkout@v4	2026-10-03T16:30:16.2210180Z   allow-unsafe-pr-checkout: false
gate	Run actions/checkout@v4	2026-10-03T16:30:16.2211290Z ##[endgroup]
gate	Run actions/checkout@v4	2026-10-03T16:30:16.3259623Z Syncing repository: nilesthump/IM-platform
gate	Run actions/checkout@v4	2026-10-03T16:30:16.3262144Z ##[group]Getting Git version info
gate	Run actions/checkout@v4	2026-10-03T16:30:16.3263629Z Working directory is '/home/runner/work/IM-platform/IM-platform'
gate	Run actions/checkout@v4	2026-10-03T16:30:16.3265414Z [command]/usr/bin/git version
gate	Run actions/checkout@v4	2026-10-03T16:30:16.3336924Z git version 2.55.0
gate	Run actions/checkout@v4	2026-10-03T16:30:16.3387573Z ##[endgroup]
gate	Run actions/checkout@v4	2026-10-03T16:30:16.3395351Z Temporarily overriding HOME='/home/runner/work/_temp/5871a4f3-6f15-4415-968a-a6c5884c9639' before making global git config changes
gate	Run actions/checkout@v4	2026-10-03T16:30:16.3397640Z Adding repository directory to the temporary git global config as a safe directory
gate	Run actions/checkout@v4	2026-10-03T16:30:16.3399594Z [command]/usr/bin/git config --global --add safe.directory /home/runner/work/IM-platform/IM-platform
gate	Run actions/checkout@v4	2026-10-03T16:30:16.3458360Z Deleting the contents of '/home/runner/work/IM-platform/IM-platform'
gate	Run actions/checkout@v4	2026-10-03T16:30:16.3464047Z ##[group]Initializing the repository
gate	Run actions/checkout@v4	2026-10-03T16:30:16.3469415Z [command]/usr/bin/git init /home/runner/work/IM-platform/IM-platform
gate	Run actions/checkout@v4	2026-10-03T16:30:16.3581456Z hint: Using 'master' as the name for the initial branch. This default branch name
gate	Run actions/checkout@v4	2026-10-03T16:30:16.3583536Z hint: will change to "main" in Git 3.0. To configure the initial branch name
gate	Run actions/checkout@v4	2026-10-03T16:30:16.3585200Z hint: to use in all of your new repositories, which will suppress this warning,
gate	Run actions/checkout@v4	2026-10-03T16:30:16.3586498Z hint: call:
gate	Run actions/checkout@v4	2026-10-03T16:30:16.3587548Z hint:
gate	Run actions/checkout@v4	2026-10-03T16:30:16.3588434Z hint: 	git config --global init.defaultBranch <name>
gate	Run actions/checkout@v4	2026-10-03T16:30:16.3589493Z hint:
gate	Run actions/checkout@v4	2026-10-03T16:30:16.3590479Z hint: Names commonly chosen instead of 'master' are 'main', 'trunk' and
gate	Run actions/checkout@v4	2026-10-03T16:30:16.3592079Z hint: 'development'. The just-created branch can be renamed via this command:
gate	Run actions/checkout@v4	2026-10-03T16:30:16.3593556Z hint:
gate	Run actions/checkout@v4	2026-10-03T16:30:16.3594292Z hint: 	git branch -m <name>
gate	Run actions/checkout@v4	2026-10-03T16:30:16.3595103Z hint:
gate	Run actions/checkout@v4	2026-10-03T16:30:16.3596159Z hint: Disable this message with "git config set advice.defaultBranchName false"
gate	Run actions/checkout@v4	2026-10-03T16:30:16.3597950Z Initialized empty Git repository in /home/runner/work/IM-platform/IM-platform/.git/
gate	Run actions/checkout@v4	2026-10-03T16:30:16.3600863Z [command]/usr/bin/git remote add origin https://github.com/nilesthump/IM-platform
gate	Run actions/checkout@v4	2026-10-03T16:30:16.3648145Z ##[endgroup]
gate	Run actions/checkout@v4	2026-10-03T16:30:16.3649365Z ##[group]Disabling automatic garbage collection
gate	Run actions/checkout@v4	2026-10-03T16:30:16.3652963Z [command]/usr/bin/git config --local gc.auto 0
gate	Run actions/checkout@v4	2026-10-03T16:30:16.3685546Z ##[endgroup]
gate	Run actions/checkout@v4	2026-10-03T16:30:16.3686799Z ##[group]Setting up auth
gate	Run actions/checkout@v4	2026-10-03T16:30:16.3692428Z [command]/usr/bin/git config --local --name-only --get-regexp core\.sshCommand
gate	Run actions/checkout@v4	2026-10-03T16:30:16.3726843Z [command]/usr/bin/git submodule foreach --recursive sh -c "git config --local --name-only --get-regexp 'core\.sshCommand' && git config --local --unset-all 'core.sshCommand' || :"
gate	Run actions/checkout@v4	2026-10-03T16:30:16.4181190Z [command]/usr/bin/git config --local --name-only --get-regexp http\.https\:\/\/github\.com\/\.extraheader
gate	Run actions/checkout@v4	2026-10-03T16:30:16.4221162Z [command]/usr/bin/git submodule foreach --recursive sh -c "git config --local --name-only --get-regexp 'http\.https\:\/\/github\.com\/\.extraheader' && git config --local --unset-all 'http.https://github.com/.extraheader' || :"
gate	Run actions/checkout@v4	2026-10-03T16:30:16.4446485Z [command]/usr/bin/git config --local --name-only --get-regexp ^includeIf\.gitdir:
gate	Run actions/checkout@v4	2026-10-03T16:30:16.4483285Z [command]/usr/bin/git submodule foreach --recursive git config --local --show-origin --name-only --get-regexp remote.origin.url
gate	Run actions/checkout@v4	2026-10-03T16:30:16.4713190Z [command]/usr/bin/git config --local http.https://github.com/.extraheader AUTHORIZATION: basic ***
gate	Run actions/checkout@v4	2026-10-03T16:30:16.4755553Z ##[endgroup]
gate	Run actions/checkout@v4	2026-10-03T16:30:16.4764897Z ##[group]Fetching the repository
gate	Run actions/checkout@v4	2026-10-03T16:30:16.4766678Z [command]/usr/bin/git -c protocol.version=2 fetch --no-tags --prune --no-recurse-submodules --depth=1 origin +2351a2931f10dc423cf215fbad3a4e1f0b142495:refs/remotes/origin/main
gate	Run actions/checkout@v4	2026-10-03T16:30:19.1069498Z From https://github.com/nilesthump/IM-platform
gate	Run actions/checkout@v4	2026-10-03T16:30:19.1072447Z  * [new ref]         2351a2931f10dc423cf215fbad3a4e1f0b142495 -> origin/main
gate	Run actions/checkout@v4	2026-10-03T16:30:19.1076435Z ##[endgroup]
gate	Run actions/checkout@v4	2026-10-03T16:30:19.1077983Z ##[group]Determining the checkout info
gate	Run actions/checkout@v4	2026-10-03T16:30:19.1079885Z ##[endgroup]
gate	Run actions/checkout@v4	2026-10-03T16:30:19.1086221Z [command]/usr/bin/git sparse-checkout disable
gate	Run actions/checkout@v4	2026-10-03T16:30:19.1142773Z [command]/usr/bin/git config --local --unset-all extensions.worktreeConfig
gate	Run actions/checkout@v4	2026-10-03T16:30:19.1177974Z ##[group]Checking out the ref
gate	Run actions/checkout@v4	2026-10-03T16:30:19.1183848Z [command]/usr/bin/git checkout --progress --force -B main refs/remotes/origin/main
gate	Run actions/checkout@v4	2026-10-03T16:30:19.7064868Z Switched to a new branch 'main'
gate	Run actions/checkout@v4	2026-10-03T16:30:19.7083764Z branch 'main' set up to track 'origin/main'.
gate	Run actions/checkout@v4	2026-10-03T16:30:19.7098407Z ##[endgroup]
gate	Run actions/checkout@v4	2026-10-03T16:30:19.7147542Z [command]/usr/bin/git log -1 --format=%H
gate	Run actions/checkout@v4	2026-10-03T16:30:19.7174560Z 2351a2931f10dc423cf215fbad3a4e1f0b142495
gate	Require every selected job to pass	﻿2026-10-03T16:30:19.7431256Z ##[group]Run python3 ci/check_gate.py
gate	Require every selected job to pass	2026-10-03T16:30:19.7431771Z ^[[36;1mpython3 ci/check_gate.py^[[0m
gate	Require every selected job to pass	2026-10-03T16:30:19.7688670Z shell: /usr/bin/bash -e {0}
gate	Require every selected job to pass	2026-10-03T16:30:19.7689114Z env:
gate	Require every selected job to pass	2026-10-03T16:30:19.7693113Z   NEEDS_JSON: {
gate	Require every selected job to pass	  "classify": {
gate	Require every selected job to pass	    "result": "success",
gate	Require every selected job to pass	    "outputs": {
gate	Require every selected job to pass	      "desktop": "true",
gate	Require every selected job to pass	      "mobile": "true",
gate	Require every selected job to pass	      "shared": "true",
gate	Require every selected job to pass	      "plugin": "true",
gate	Require every selected job to pass	      "compatibility": "true",
gate	Require every selected job to pass	      "deploy": "true",
gate	Require every selected job to pass	      "source_go": "true",
gate	Require every selected job to pass	      "go": "true",
gate	Require every selected job to pass	      "java": "true",
gate	Require every selected job to pass	      "old_client": "true",
gate	Require every selected job to pass	      "migration": "true",
gate	Require every selected job to pass	      "architecture": "true",
gate	Require every selected job to pass	      "source_java": "true",
gate	Require every selected job to pass	      "web": "true"
gate	Require every selected job to pass	    }
gate	Require every selected job to pass	  },
gate	Require every selected job to pass	  "architecture": {
gate	Require every selected job to pass	    "result": "success",
gate	Require every selected job to pass	    "outputs": {}
gate	Require every selected job to pass	  },
gate	Require every selected job to pass	  "source_go": {
gate	Require every selected job to pass	    "result": "success",
gate	Require every selected job to pass	    "outputs": {}
gate	Require every selected job to pass	  },
gate	Require every selected job to pass	  "source_java": {
gate	Require every selected job to pass	    "result": "success",
gate	Require every selected job to pass	    "outputs": {}
gate	Require every selected job to pass	  },
gate	Require every selected job to pass	  "go": {
gate	Require every selected job to pass	    "result": "success",
gate	Require every selected job to pass	    "outputs": {}
gate	Require every selected job to pass	  },
gate	Require every selected job to pass	  "java": {
gate	Require every selected job to pass	    "result": "success",
gate	Require every selected job to pass	    "outputs": {}
gate	Require every selected job to pass	  },
gate	Require every selected job to pass	  "web": {
gate	Require every selected job to pass	    "result": "success",
gate	Require every selected job to pass	    "outputs": {}
gate	Require every selected job to pass	  },
gate	Require every selected job to pass	  "desktop": {
gate	Require every selected job to pass	    "result": "success",
gate	Require every selected job to pass	    "outputs": {}
gate	Require every selected job to pass	  },
gate	Require every selected job to pass	  "mobile": {
gate	Require every selected job to pass	    "result": "success",
gate	Require every selected job to pass	    "outputs": {}
gate	Require every selected job to pass	  },
gate	Require every selected job to pass	  "shared": {
gate	Require every selected job to pass	    "result": "success",
gate	Require every selected job to pass	    "outputs": {}
gate	Require every selected job to pass	  },
gate	Require every selected job to pass	  "compatibility": {
gate	Require every selected job to pass	    "result": "success",
gate	Require every selected job to pass	    "outputs": {}
gate	Require every selected job to pass	  },
gate	Require every selected job to pass	  "deploy": {
gate	Require every selected job to pass	    "result": "success",
gate	Require every selected job to pass	    "outputs": {}
gate	Require every selected job to pass	  }
gate	Require every selected job to pass	}
gate	Require every selected job to pass	2026-10-03T16:30:19.7697360Z   PYTHONDONTWRITEBYTECODE: 1
gate	Require every selected job to pass	2026-10-03T16:30:19.7697655Z ##[endgroup]
gate	Require every selected job to pass	2026-10-03T16:30:19.7993095Z PASS: every selected CI job succeeded
gate	Post Run actions/checkout@v4	﻿2026-10-03T16:30:19.8166481Z Post job cleanup.
gate	Post Run actions/checkout@v4	2026-10-03T16:30:19.9062206Z [command]/usr/bin/git version
gate	Post Run actions/checkout@v4	2026-10-03T16:30:19.9105028Z git version 2.55.0
gate	Post Run actions/checkout@v4	2026-10-03T16:30:19.9143167Z Temporarily overriding HOME='/home/runner/work/_temp/31745f66-ab5c-41c8-956c-946ae827ece1' before making global git config changes
gate	Post Run actions/checkout@v4	2026-10-03T16:30:19.9144613Z Adding repository directory to the temporary git global config as a safe directory
gate	Post Run actions/checkout@v4	2026-10-03T16:30:19.9148809Z [command]/usr/bin/git config --global --add safe.directory /home/runner/work/IM-platform/IM-platform
gate	Post Run actions/checkout@v4	2026-10-03T16:30:19.9187819Z [command]/usr/bin/git config --local --name-only --get-regexp core\.sshCommand
gate	Post Run actions/checkout@v4	2026-10-03T16:30:19.9221821Z [command]/usr/bin/git submodule foreach --recursive sh -c "git config --local --name-only --get-regexp 'core\.sshCommand' && git config --local --unset-all 'core.sshCommand' || :"
gate	Post Run actions/checkout@v4	2026-10-03T16:30:19.9481170Z [command]/usr/bin/git config --local --name-only --get-regexp http\.https\:\/\/github\.com\/\.extraheader
gate	Post Run actions/checkout@v4	2026-10-03T16:30:19.9509570Z http.https://github.com/.extraheader
gate	Post Run actions/checkout@v4	2026-10-03T16:30:19.9523237Z [command]/usr/bin/git config --local --unset-all http.https://github.com/.extraheader
gate	Post Run actions/checkout@v4	2026-10-03T16:30:19.9569262Z [command]/usr/bin/git submodule foreach --recursive sh -c "git config --local --name-only --get-regexp 'http\.https\:\/\/github\.com\/\.extraheader' && git config --local --unset-all 'http.https://github.com/.extraheader' || :"
gate	Post Run actions/checkout@v4	2026-10-03T16:30:19.9845111Z [command]/usr/bin/git config --local --name-only --get-regexp ^includeIf\.gitdir:
gate	Post Run actions/checkout@v4	2026-10-03T16:30:19.9886158Z [command]/usr/bin/git submodule foreach --recursive git config --local --show-origin --name-only --get-regexp remote.origin.url
gate	Complete job	﻿2026-10-03T16:30:20.0308499Z Cleaning up orphan processes
gate	Complete job	2026-10-03T16:30:20.0691183Z ##[warning]Node.js 20 is deprecated. The following actions target Node.js 20 but are being forced to run on Node.js 24: actions/checkout@v4. For more information see: https://github.blog/changelog/2025-09-19-deprecation-of-node-20-on-github-actions-runners/
