java	Set up job	﻿2026-10-03T16:24:24.7973469Z Current runner version: '2.337.0'
java	Set up job	2026-10-03T16:24:24.8001874Z ##[group]Runner Image Provisioner
java	Set up job	2026-10-03T16:24:24.8002791Z Hosted Compute Agent
java	Set up job	2026-10-03T16:24:24.8003459Z Version: 20260901.588
java	Set up job	2026-10-03T16:24:24.8004159Z Commit: f88ec8081b781fac6c440065ac7ff9e710ce3d0b
java	Set up job	2026-10-03T16:24:24.8004898Z Build Date: 2026-09-01T19:56:44Z
java	Set up job	2026-10-03T16:24:24.8005888Z Worker ID: {b40e6e7f-ae4e-4ad6-a101-912fab5d3bc4}
java	Set up job	2026-10-03T16:24:24.8006657Z Azure Region: westus
java	Set up job	2026-10-03T16:24:24.8007211Z ##[endgroup]
java	Set up job	2026-10-03T16:24:24.8009121Z ##[group]Operating System
java	Set up job	2026-10-03T16:24:24.8009788Z Ubuntu
java	Set up job	2026-10-03T16:24:24.8010402Z 24.04.5
java	Set up job	2026-10-03T16:24:24.8010924Z LTS
java	Set up job	2026-10-03T16:24:24.8011393Z ##[endgroup]
java	Set up job	2026-10-03T16:24:24.8012482Z ##[group]Runner Image
java	Set up job	2026-10-03T16:24:24.8013097Z Image: ubuntu-24.04
java	Set up job	2026-10-03T16:24:24.8013689Z Version: 20260927.320.1
java	Set up job	2026-10-03T16:24:24.8014762Z Included Software: https://github.com/actions/runner-images/blob/ubuntu24/20260927.320/images/ubuntu/Ubuntu2404-Readme.md
java	Set up job	2026-10-03T16:24:24.8016871Z Image Release: https://github.com/actions/runner-images/releases/tag/ubuntu24%2F20260927.320
java	Set up job	2026-10-03T16:24:24.8017838Z ##[endgroup]
java	Set up job	2026-10-03T16:24:24.8019062Z ##[group]GITHUB_TOKEN Permissions
java	Set up job	2026-10-03T16:24:24.8021356Z Contents: read
java	Set up job	2026-10-03T16:24:24.8022086Z Metadata: read
java	Set up job	2026-10-03T16:24:24.8022669Z ##[endgroup]
java	Set up job	2026-10-03T16:24:24.8024913Z Secret source: Actions
java	Set up job	2026-10-03T16:24:24.8026263Z Cache mode: write
java	Set up job	2026-10-03T16:24:24.8027227Z Prepare workflow directory
java	Set up job	2026-10-03T16:24:24.8391891Z Prepare all required actions
java	Set up job	2026-10-03T16:24:24.8446860Z Getting action download info
java	Set up job	2026-10-03T16:24:25.2028531Z Download action repository 'actions/checkout@v4' (SHA:11d5960a326750d5838078e36cf38b85af677262)
java	Set up job	2026-10-03T16:24:25.2944609Z Download action repository 'actions/setup-java@v4' (SHA:cf277c60eb25467037889841efdb72551f06f6c3)
java	Set up job	2026-10-03T16:24:25.9329147Z Complete job name: java
java	Run actions/checkout@v4	﻿2026-10-03T16:24:26.0309833Z ##[group]Run actions/checkout@v4
java	Run actions/checkout@v4	2026-10-03T16:24:26.0310858Z with:
java	Run actions/checkout@v4	2026-10-03T16:24:26.0311411Z   repository: nilesthump/IM-platform
java	Run actions/checkout@v4	2026-10-03T16:24:26.0315917Z   token: ***
java	Run actions/checkout@v4	2026-10-03T16:24:26.0316414Z   ssh-strict: true
java	Run actions/checkout@v4	2026-10-03T16:24:26.0316900Z   ssh-user: git
java	Run actions/checkout@v4	2026-10-03T16:24:26.0317379Z   persist-credentials: true
java	Run actions/checkout@v4	2026-10-03T16:24:26.0317905Z   clean: true
java	Run actions/checkout@v4	2026-10-03T16:24:26.0318394Z   sparse-checkout-cone-mode: true
java	Run actions/checkout@v4	2026-10-03T16:24:26.0318952Z   fetch-depth: 1
java	Run actions/checkout@v4	2026-10-03T16:24:26.0319410Z   fetch-tags: false
java	Run actions/checkout@v4	2026-10-03T16:24:26.0319883Z   show-progress: true
java	Run actions/checkout@v4	2026-10-03T16:24:26.0320367Z   lfs: false
java	Run actions/checkout@v4	2026-10-03T16:24:26.0320812Z   submodules: false
java	Run actions/checkout@v4	2026-10-03T16:24:26.0321331Z   set-safe-directory: true
java	Run actions/checkout@v4	2026-10-03T16:24:26.0321891Z   allow-unsafe-pr-checkout: false
java	Run actions/checkout@v4	2026-10-03T16:24:26.0322755Z ##[endgroup]
java	Run actions/checkout@v4	2026-10-03T16:24:26.1420730Z Syncing repository: nilesthump/IM-platform
java	Run actions/checkout@v4	2026-10-03T16:24:26.1424042Z ##[group]Getting Git version info
java	Run actions/checkout@v4	2026-10-03T16:24:26.1425835Z Working directory is '/home/runner/work/IM-platform/IM-platform'
java	Run actions/checkout@v4	2026-10-03T16:24:26.1427756Z [command]/usr/bin/git version
java	Run actions/checkout@v4	2026-10-03T16:24:26.1495133Z git version 2.55.0
java	Run actions/checkout@v4	2026-10-03T16:24:26.1537138Z ##[endgroup]
java	Run actions/checkout@v4	2026-10-03T16:24:26.1547544Z Temporarily overriding HOME='/home/runner/work/_temp/3d374ab8-47f9-4c4b-ab54-05a5d6235d6a' before making global git config changes
java	Run actions/checkout@v4	2026-10-03T16:24:26.1550961Z Adding repository directory to the temporary git global config as a safe directory
java	Run actions/checkout@v4	2026-10-03T16:24:26.1554019Z [command]/usr/bin/git config --global --add safe.directory /home/runner/work/IM-platform/IM-platform
java	Run actions/checkout@v4	2026-10-03T16:24:26.1611030Z Deleting the contents of '/home/runner/work/IM-platform/IM-platform'
java	Run actions/checkout@v4	2026-10-03T16:24:26.1616745Z ##[group]Initializing the repository
java	Run actions/checkout@v4	2026-10-03T16:24:26.1621276Z [command]/usr/bin/git init /home/runner/work/IM-platform/IM-platform
java	Run actions/checkout@v4	2026-10-03T16:24:26.1749971Z hint: Using 'master' as the name for the initial branch. This default branch name
java	Run actions/checkout@v4	2026-10-03T16:24:26.1751912Z hint: will change to "main" in Git 3.0. To configure the initial branch name
java	Run actions/checkout@v4	2026-10-03T16:24:26.1753787Z hint: to use in all of your new repositories, which will suppress this warning,
java	Run actions/checkout@v4	2026-10-03T16:24:26.1755511Z hint: call:
java	Run actions/checkout@v4	2026-10-03T16:24:26.1756505Z hint:
java	Run actions/checkout@v4	2026-10-03T16:24:26.1757424Z hint: 	git config --global init.defaultBranch <name>
java	Run actions/checkout@v4	2026-10-03T16:24:26.1758544Z hint:
java	Run actions/checkout@v4	2026-10-03T16:24:26.1759683Z hint: Names commonly chosen instead of 'master' are 'main', 'trunk' and
java	Run actions/checkout@v4	2026-10-03T16:24:26.1761385Z hint: 'development'. The just-created branch can be renamed via this command:
java	Run actions/checkout@v4	2026-10-03T16:24:26.1762772Z hint:
java	Run actions/checkout@v4	2026-10-03T16:24:26.1763503Z hint: 	git branch -m <name>
java	Run actions/checkout@v4	2026-10-03T16:24:26.1764397Z hint:
java	Run actions/checkout@v4	2026-10-03T16:24:26.1765573Z hint: Disable this message with "git config set advice.defaultBranchName false"
java	Run actions/checkout@v4	2026-10-03T16:24:26.1767656Z Initialized empty Git repository in /home/runner/work/IM-platform/IM-platform/.git/
java	Run actions/checkout@v4	2026-10-03T16:24:26.1774726Z [command]/usr/bin/git remote add origin https://github.com/nilesthump/IM-platform
java	Run actions/checkout@v4	2026-10-03T16:24:26.1829783Z ##[endgroup]
java	Run actions/checkout@v4	2026-10-03T16:24:26.1831355Z ##[group]Disabling automatic garbage collection
java	Run actions/checkout@v4	2026-10-03T16:24:26.1834114Z [command]/usr/bin/git config --local gc.auto 0
java	Run actions/checkout@v4	2026-10-03T16:24:26.1876354Z ##[endgroup]
java	Run actions/checkout@v4	2026-10-03T16:24:26.1878049Z ##[group]Setting up auth
java	Run actions/checkout@v4	2026-10-03T16:24:26.1883827Z [command]/usr/bin/git config --local --name-only --get-regexp core\.sshCommand
java	Run actions/checkout@v4	2026-10-03T16:24:26.1932803Z [command]/usr/bin/git submodule foreach --recursive sh -c "git config --local --name-only --get-regexp 'core\.sshCommand' && git config --local --unset-all 'core.sshCommand' || :"
java	Run actions/checkout@v4	2026-10-03T16:24:26.2324229Z [command]/usr/bin/git config --local --name-only --get-regexp http\.https\:\/\/github\.com\/\.extraheader
java	Run actions/checkout@v4	2026-10-03T16:24:26.2371444Z [command]/usr/bin/git submodule foreach --recursive sh -c "git config --local --name-only --get-regexp 'http\.https\:\/\/github\.com\/\.extraheader' && git config --local --unset-all 'http.https://github.com/.extraheader' || :"
java	Run actions/checkout@v4	2026-10-03T16:24:26.2614277Z [command]/usr/bin/git config --local --name-only --get-regexp ^includeIf\.gitdir:
java	Run actions/checkout@v4	2026-10-03T16:24:26.2654222Z [command]/usr/bin/git submodule foreach --recursive git config --local --show-origin --name-only --get-regexp remote.origin.url
java	Run actions/checkout@v4	2026-10-03T16:24:26.2893955Z [command]/usr/bin/git config --local http.https://github.com/.extraheader AUTHORIZATION: basic ***
java	Run actions/checkout@v4	2026-10-03T16:24:26.2941118Z ##[endgroup]
java	Run actions/checkout@v4	2026-10-03T16:24:26.2942996Z ##[group]Fetching the repository
java	Run actions/checkout@v4	2026-10-03T16:24:26.2957125Z [command]/usr/bin/git -c protocol.version=2 fetch --no-tags --prune --no-recurse-submodules --depth=1 origin +2351a2931f10dc423cf215fbad3a4e1f0b142495:refs/remotes/origin/main
java	Run actions/checkout@v4	2026-10-03T16:24:28.2996969Z From https://github.com/nilesthump/IM-platform
java	Run actions/checkout@v4	2026-10-03T16:24:28.3003113Z  * [new ref]         2351a2931f10dc423cf215fbad3a4e1f0b142495 -> origin/main
java	Run actions/checkout@v4	2026-10-03T16:24:28.3004919Z ##[endgroup]
java	Run actions/checkout@v4	2026-10-03T16:24:28.3005431Z ##[group]Determining the checkout info
java	Run actions/checkout@v4	2026-10-03T16:24:28.3012041Z ##[endgroup]
java	Run actions/checkout@v4	2026-10-03T16:24:28.3016808Z [command]/usr/bin/git sparse-checkout disable
java	Run actions/checkout@v4	2026-10-03T16:24:28.3069813Z [command]/usr/bin/git config --local --unset-all extensions.worktreeConfig
java	Run actions/checkout@v4	2026-10-03T16:24:28.3107311Z ##[group]Checking out the ref
java	Run actions/checkout@v4	2026-10-03T16:24:28.3112253Z [command]/usr/bin/git checkout --progress --force -B main refs/remotes/origin/main
java	Run actions/checkout@v4	2026-10-03T16:24:28.9001676Z Switched to a new branch 'main'
java	Run actions/checkout@v4	2026-10-03T16:24:28.9017328Z branch 'main' set up to track 'origin/main'.
java	Run actions/checkout@v4	2026-10-03T16:24:28.9037823Z ##[endgroup]
java	Run actions/checkout@v4	2026-10-03T16:24:28.9106578Z [command]/usr/bin/git log -1 --format=%H
java	Run actions/checkout@v4	2026-10-03T16:24:28.9122129Z 2351a2931f10dc423cf215fbad3a4e1f0b142495
java	Run actions/setup-java@v4	﻿2026-10-03T16:24:28.9436116Z ##[group]Run actions/setup-java@v4
java	Run actions/setup-java@v4	2026-10-03T16:24:28.9436511Z with:
java	Run actions/setup-java@v4	2026-10-03T16:24:28.9436720Z   distribution: temurin
java	Run actions/setup-java@v4	2026-10-03T16:24:28.9436949Z   java-version: 21
java	Run actions/setup-java@v4	2026-10-03T16:24:28.9437157Z   java-package: jdk
java	Run actions/setup-java@v4	2026-10-03T16:24:28.9437381Z   check-latest: false
java	Run actions/setup-java@v4	2026-10-03T16:24:28.9437591Z   server-id: github
java	Run actions/setup-java@v4	2026-10-03T16:24:28.9437809Z   server-username: GITHUB_ACTOR
java	Run actions/setup-java@v4	2026-10-03T16:24:28.9438067Z   server-password: GITHUB_TOKEN
java	Run actions/setup-java@v4	2026-10-03T16:24:28.9438560Z   overwrite-settings: true
java	Run actions/setup-java@v4	2026-10-03T16:24:28.9438795Z   job-status: success
java	Run actions/setup-java@v4	2026-10-03T16:24:28.9441665Z   token: ***
java	Run actions/setup-java@v4	2026-10-03T16:24:28.9441873Z ##[endgroup]
java	Run actions/setup-java@v4	2026-10-03T16:24:29.1180103Z ##[warning]setup-java v4 is deprecated and will no longer receive updates. Please migrate to actions/setup-java@v5.
java	Run actions/setup-java@v4	2026-10-03T16:24:29.1189050Z ##[group]Installed distributions
java	Run actions/setup-java@v4	2026-10-03T16:24:29.1376359Z Resolved Java 21.0.12+1 from tool-cache
java	Run actions/setup-java@v4	2026-10-03T16:24:29.1377084Z Setting Java 21.0.12+1 as the default
java	Run actions/setup-java@v4	2026-10-03T16:24:29.1389889Z (node:2272) [DEP0040] DeprecationWarning: The `punycode` module is deprecated. Please use a userland alternative instead.
java	Run actions/setup-java@v4	2026-10-03T16:24:29.1391343Z (Use `node --trace-deprecation ...` to show where the warning was created)
java	Run actions/setup-java@v4	2026-10-03T16:24:29.1394735Z Creating toolchains.xml for JDK version 21 from temurin
java	Run actions/setup-java@v4	2026-10-03T16:24:29.1480303Z Writing to /home/runner/.m2/toolchains.xml
java	Run actions/setup-java@v4	2026-10-03T16:24:29.1480897Z 
java	Run actions/setup-java@v4	2026-10-03T16:24:29.1481149Z Java configuration:
java	Run actions/setup-java@v4	2026-10-03T16:24:29.1481571Z   Distribution: temurin
java	Run actions/setup-java@v4	2026-10-03T16:24:29.1482025Z   Version: 21.0.12+1
java	Run actions/setup-java@v4	2026-10-03T16:24:29.1482632Z   Path: /opt/hostedtoolcache/Java_Temurin-Hotspot_jdk/21.0.12-1/x64
java	Run actions/setup-java@v4	2026-10-03T16:24:29.1483200Z 
java	Run actions/setup-java@v4	2026-10-03T16:24:29.1483895Z ##[endgroup]
java	Run actions/setup-java@v4	2026-10-03T16:24:29.1505159Z Creating settings.xml with server-id: github
java	Run actions/setup-java@v4	2026-10-03T16:24:29.1538405Z Writing to /home/runner/.m2/settings.xml
java	Java S0 compile	﻿2026-10-03T16:24:29.1729707Z ##[group]Run python3 ci/check_s0_boundary.py java
java	Java S0 compile	2026-10-03T16:24:29.1730202Z ^[[36;1mpython3 ci/check_s0_boundary.py java^[[0m
java	Java S0 compile	2026-10-03T16:24:29.1730632Z ^[[36;1mjavac -d "$RUNNER_TEMP" backend/java/InfraPlaceholder.java^[[0m
java	Java S0 compile	2026-10-03T16:24:29.2029696Z shell: /usr/bin/bash -e {0}
java	Java S0 compile	2026-10-03T16:24:29.2030072Z env:
java	Java S0 compile	2026-10-03T16:24:29.2030411Z   JAVA_HOME: /opt/hostedtoolcache/Java_Temurin-Hotspot_jdk/21.0.12-1/x64
java	Java S0 compile	2026-10-03T16:24:29.2030952Z   JAVA_HOME_21_X64: /opt/hostedtoolcache/Java_Temurin-Hotspot_jdk/21.0.12-1/x64
java	Java S0 compile	2026-10-03T16:24:29.2031389Z ##[endgroup]
java	Post Run actions/setup-java@v4	﻿2026-10-03T16:24:33.1959882Z Post job cleanup.
java	Post Run actions/setup-java@v4	2026-10-03T16:24:33.3367199Z (node:2309) [DEP0040] DeprecationWarning: The `punycode` module is deprecated. Please use a userland alternative instead.
java	Post Run actions/setup-java@v4	2026-10-03T16:24:33.3368040Z (Use `node --trace-deprecation ...` to show where the warning was created)
java	Post Run actions/checkout@v4	﻿2026-10-03T16:24:33.3592290Z Post job cleanup.
java	Post Run actions/checkout@v4	2026-10-03T16:24:33.4536303Z [command]/usr/bin/git version
java	Post Run actions/checkout@v4	2026-10-03T16:24:33.4585419Z git version 2.55.0
java	Post Run actions/checkout@v4	2026-10-03T16:24:33.4632496Z Temporarily overriding HOME='/home/runner/work/_temp/d252cdbb-6234-4640-8a16-2737fc7076d1' before making global git config changes
java	Post Run actions/checkout@v4	2026-10-03T16:24:33.4633930Z Adding repository directory to the temporary git global config as a safe directory
java	Post Run actions/checkout@v4	2026-10-03T16:24:33.4639486Z [command]/usr/bin/git config --global --add safe.directory /home/runner/work/IM-platform/IM-platform
java	Post Run actions/checkout@v4	2026-10-03T16:24:33.4685204Z [command]/usr/bin/git config --local --name-only --get-regexp core\.sshCommand
java	Post Run actions/checkout@v4	2026-10-03T16:24:33.4728923Z [command]/usr/bin/git submodule foreach --recursive sh -c "git config --local --name-only --get-regexp 'core\.sshCommand' && git config --local --unset-all 'core.sshCommand' || :"
java	Post Run actions/checkout@v4	2026-10-03T16:24:33.5068838Z [command]/usr/bin/git config --local --name-only --get-regexp http\.https\:\/\/github\.com\/\.extraheader
java	Post Run actions/checkout@v4	2026-10-03T16:24:33.5118400Z http.https://github.com/.extraheader
java	Post Run actions/checkout@v4	2026-10-03T16:24:33.5135493Z [command]/usr/bin/git config --local --unset-all http.https://github.com/.extraheader
java	Post Run actions/checkout@v4	2026-10-03T16:24:33.5217741Z [command]/usr/bin/git submodule foreach --recursive sh -c "git config --local --name-only --get-regexp 'http\.https\:\/\/github\.com\/\.extraheader' && git config --local --unset-all 'http.https://github.com/.extraheader' || :"
java	Post Run actions/checkout@v4	2026-10-03T16:24:33.5583375Z [command]/usr/bin/git config --local --name-only --get-regexp ^includeIf\.gitdir:
java	Post Run actions/checkout@v4	2026-10-03T16:24:33.5647196Z [command]/usr/bin/git submodule foreach --recursive git config --local --show-origin --name-only --get-regexp remote.origin.url
java	Complete job	﻿2026-10-03T16:24:33.6102259Z Cleaning up orphan processes
java	Complete job	2026-10-03T16:24:33.6438093Z ##[warning]Node.js 20 is deprecated. The following actions target Node.js 20 but are being forced to run on Node.js 24: actions/checkout@v4, actions/setup-java@v4. For more information see: https://github.blog/changelog/2025-09-19-deprecation-of-node-20-on-github-actions-runners/
