shared	Set up job	﻿2026-10-03T16:24:23.8959211Z Current runner version: '2.337.0'
shared	Set up job	2026-10-03T16:24:23.8995575Z ##[group]Runner Image Provisioner
shared	Set up job	2026-10-03T16:24:23.8997030Z Hosted Compute Agent
shared	Set up job	2026-10-03T16:24:23.8998289Z Version: 20260901.588
shared	Set up job	2026-10-03T16:24:23.8999924Z Commit: f88ec8081b781fac6c440065ac7ff9e710ce3d0b
shared	Set up job	2026-10-03T16:24:23.9001188Z Build Date: 2026-09-01T19:56:44Z
shared	Set up job	2026-10-03T16:24:23.9002387Z Worker ID: {5bee04ce-1e38-4579-8352-4ed576ef332e}
shared	Set up job	2026-10-03T16:24:23.9003589Z Azure Region: eastus2
shared	Set up job	2026-10-03T16:24:23.9004560Z ##[endgroup]
shared	Set up job	2026-10-03T16:24:23.9006992Z ##[group]Operating System
shared	Set up job	2026-10-03T16:24:23.9008312Z Ubuntu
shared	Set up job	2026-10-03T16:24:23.9009256Z 24.04.5
shared	Set up job	2026-10-03T16:24:23.9010092Z LTS
shared	Set up job	2026-10-03T16:24:23.9010979Z ##[endgroup]
shared	Set up job	2026-10-03T16:24:23.9012074Z ##[group]Runner Image
shared	Set up job	2026-10-03T16:24:23.9013023Z Image: ubuntu-24.04
shared	Set up job	2026-10-03T16:24:23.9014079Z Version: 20260927.320.1
shared	Set up job	2026-10-03T16:24:23.9015942Z Included Software: https://github.com/actions/runner-images/blob/ubuntu24/20260927.320/images/ubuntu/Ubuntu2404-Readme.md
shared	Set up job	2026-10-03T16:24:23.9019253Z Image Release: https://github.com/actions/runner-images/releases/tag/ubuntu24%2F20260927.320
shared	Set up job	2026-10-03T16:24:23.9020927Z ##[endgroup]
shared	Set up job	2026-10-03T16:24:23.9022874Z ##[group]GITHUB_TOKEN Permissions
shared	Set up job	2026-10-03T16:24:23.9025855Z Contents: read
shared	Set up job	2026-10-03T16:24:23.9026826Z Metadata: read
shared	Set up job	2026-10-03T16:24:23.9027716Z ##[endgroup]
shared	Set up job	2026-10-03T16:24:23.9030948Z Secret source: Actions
shared	Set up job	2026-10-03T16:24:23.9032483Z Cache mode: write
shared	Set up job	2026-10-03T16:24:23.9033994Z Prepare workflow directory
shared	Set up job	2026-10-03T16:24:23.9586482Z Prepare all required actions
shared	Set up job	2026-10-03T16:24:23.9655835Z Getting action download info
shared	Set up job	2026-10-03T16:24:24.1735859Z Download action repository 'actions/checkout@v4' (SHA:11d5960a326750d5838078e36cf38b85af677262)
shared	Set up job	2026-10-03T16:24:24.2682891Z Download action repository 'actions/setup-node@v4' (SHA:49933ea5288caeca8642d1e84afbd3f7d6820020)
shared	Set up job	2026-10-03T16:24:24.4501121Z Complete job name: shared
shared	Run actions/checkout@v4	﻿2026-10-03T16:24:24.5262258Z ##[group]Run actions/checkout@v4
shared	Run actions/checkout@v4	2026-10-03T16:24:24.5263142Z with:
shared	Run actions/checkout@v4	2026-10-03T16:24:24.5263646Z   ref: 2351a2931f10dc423cf215fbad3a4e1f0b142495
shared	Run actions/checkout@v4	2026-10-03T16:24:24.5264273Z   repository: nilesthump/IM-platform
shared	Run actions/checkout@v4	2026-10-03T16:24:24.5268499Z   token: ***
shared	Run actions/checkout@v4	2026-10-03T16:24:24.5268950Z   ssh-strict: true
shared	Run actions/checkout@v4	2026-10-03T16:24:24.5269400Z   ssh-user: git
shared	Run actions/checkout@v4	2026-10-03T16:24:24.5269851Z   persist-credentials: true
shared	Run actions/checkout@v4	2026-10-03T16:24:24.5270339Z   clean: true
shared	Run actions/checkout@v4	2026-10-03T16:24:24.5270790Z   sparse-checkout-cone-mode: true
shared	Run actions/checkout@v4	2026-10-03T16:24:24.5271586Z   fetch-depth: 1
shared	Run actions/checkout@v4	2026-10-03T16:24:24.5272200Z   fetch-tags: false
shared	Run actions/checkout@v4	2026-10-03T16:24:24.5272656Z   show-progress: true
shared	Run actions/checkout@v4	2026-10-03T16:24:24.5273105Z   lfs: false
shared	Run actions/checkout@v4	2026-10-03T16:24:24.5273523Z   submodules: false
shared	Run actions/checkout@v4	2026-10-03T16:24:24.5273973Z   set-safe-directory: true
shared	Run actions/checkout@v4	2026-10-03T16:24:24.5274486Z   allow-unsafe-pr-checkout: false
shared	Run actions/checkout@v4	2026-10-03T16:24:24.5275340Z env:
shared	Run actions/checkout@v4	2026-10-03T16:24:24.5275823Z   PYTHONDONTWRITEBYTECODE: 1
shared	Run actions/checkout@v4	2026-10-03T16:24:24.5276326Z ##[endgroup]
shared	Run actions/checkout@v4	2026-10-03T16:24:24.6266812Z Syncing repository: nilesthump/IM-platform
shared	Run actions/checkout@v4	2026-10-03T16:24:24.6269879Z ##[group]Getting Git version info
shared	Run actions/checkout@v4	2026-10-03T16:24:24.6271254Z Working directory is '/home/runner/work/IM-platform/IM-platform'
shared	Run actions/checkout@v4	2026-10-03T16:24:24.6273081Z [command]/usr/bin/git version
shared	Run actions/checkout@v4	2026-10-03T16:24:24.6317965Z git version 2.55.0
shared	Run actions/checkout@v4	2026-10-03T16:24:24.6339536Z ##[endgroup]
shared	Run actions/checkout@v4	2026-10-03T16:24:24.6353841Z Temporarily overriding HOME='/home/runner/work/_temp/d8fe347c-002e-461f-98c8-e8635aa1c10c' before making global git config changes
shared	Run actions/checkout@v4	2026-10-03T16:24:24.6356379Z Adding repository directory to the temporary git global config as a safe directory
shared	Run actions/checkout@v4	2026-10-03T16:24:24.6358701Z [command]/usr/bin/git config --global --add safe.directory /home/runner/work/IM-platform/IM-platform
shared	Run actions/checkout@v4	2026-10-03T16:24:24.6449514Z Deleting the contents of '/home/runner/work/IM-platform/IM-platform'
shared	Run actions/checkout@v4	2026-10-03T16:24:24.6450804Z ##[group]Initializing the repository
shared	Run actions/checkout@v4	2026-10-03T16:24:24.6451569Z [command]/usr/bin/git init /home/runner/work/IM-platform/IM-platform
shared	Run actions/checkout@v4	2026-10-03T16:24:24.6501672Z hint: Using 'master' as the name for the initial branch. This default branch name
shared	Run actions/checkout@v4	2026-10-03T16:24:24.6503842Z hint: will change to "main" in Git 3.0. To configure the initial branch name
shared	Run actions/checkout@v4	2026-10-03T16:24:24.6505686Z hint: to use in all of your new repositories, which will suppress this warning,
shared	Run actions/checkout@v4	2026-10-03T16:24:24.6507130Z hint: call:
shared	Run actions/checkout@v4	2026-10-03T16:24:24.6508270Z hint:
shared	Run actions/checkout@v4	2026-10-03T16:24:24.6509309Z hint: 	git config --global init.defaultBranch <name>
shared	Run actions/checkout@v4	2026-10-03T16:24:24.6510592Z hint:
shared	Run actions/checkout@v4	2026-10-03T16:24:24.6511801Z hint: Names commonly chosen instead of 'master' are 'main', 'trunk' and
shared	Run actions/checkout@v4	2026-10-03T16:24:24.6513524Z hint: 'development'. The just-created branch can be renamed via this command:
shared	Run actions/checkout@v4	2026-10-03T16:24:24.6514915Z hint:
shared	Run actions/checkout@v4	2026-10-03T16:24:24.6515934Z hint: 	git branch -m <name>
shared	Run actions/checkout@v4	2026-10-03T16:24:24.6516927Z hint:
shared	Run actions/checkout@v4	2026-10-03T16:24:24.6518314Z hint: Disable this message with "git config set advice.defaultBranchName false"
shared	Run actions/checkout@v4	2026-10-03T16:24:24.6520195Z Initialized empty Git repository in /home/runner/work/IM-platform/IM-platform/.git/
shared	Run actions/checkout@v4	2026-10-03T16:24:24.6523439Z [command]/usr/bin/git remote add origin https://github.com/nilesthump/IM-platform
shared	Run actions/checkout@v4	2026-10-03T16:24:24.6563952Z ##[endgroup]
shared	Run actions/checkout@v4	2026-10-03T16:24:24.6565298Z ##[group]Disabling automatic garbage collection
shared	Run actions/checkout@v4	2026-10-03T16:24:24.6568743Z [command]/usr/bin/git config --local gc.auto 0
shared	Run actions/checkout@v4	2026-10-03T16:24:24.6602319Z ##[endgroup]
shared	Run actions/checkout@v4	2026-10-03T16:24:24.6603695Z ##[group]Setting up auth
shared	Run actions/checkout@v4	2026-10-03T16:24:24.6610181Z [command]/usr/bin/git config --local --name-only --get-regexp core\.sshCommand
shared	Run actions/checkout@v4	2026-10-03T16:24:24.6644507Z [command]/usr/bin/git submodule foreach --recursive sh -c "git config --local --name-only --get-regexp 'core\.sshCommand' && git config --local --unset-all 'core.sshCommand' || :"
shared	Run actions/checkout@v4	2026-10-03T16:24:24.7007330Z [command]/usr/bin/git config --local --name-only --get-regexp http\.https\:\/\/github\.com\/\.extraheader
shared	Run actions/checkout@v4	2026-10-03T16:24:24.7051033Z [command]/usr/bin/git submodule foreach --recursive sh -c "git config --local --name-only --get-regexp 'http\.https\:\/\/github\.com\/\.extraheader' && git config --local --unset-all 'http.https://github.com/.extraheader' || :"
shared	Run actions/checkout@v4	2026-10-03T16:24:24.7294759Z [command]/usr/bin/git config --local --name-only --get-regexp ^includeIf\.gitdir:
shared	Run actions/checkout@v4	2026-10-03T16:24:24.7331854Z [command]/usr/bin/git submodule foreach --recursive git config --local --show-origin --name-only --get-regexp remote.origin.url
shared	Run actions/checkout@v4	2026-10-03T16:24:24.7551910Z [command]/usr/bin/git config --local http.https://github.com/.extraheader AUTHORIZATION: basic ***
shared	Run actions/checkout@v4	2026-10-03T16:24:24.7592093Z ##[endgroup]
shared	Run actions/checkout@v4	2026-10-03T16:24:24.7592986Z ##[group]Fetching the repository
shared	Run actions/checkout@v4	2026-10-03T16:24:24.7601695Z [command]/usr/bin/git -c protocol.version=2 fetch --no-tags --prune --no-recurse-submodules --depth=1 origin 2351a2931f10dc423cf215fbad3a4e1f0b142495
shared	Run actions/checkout@v4	2026-10-03T16:24:26.5648657Z From https://github.com/nilesthump/IM-platform
shared	Run actions/checkout@v4	2026-10-03T16:24:26.5650660Z  * branch            2351a2931f10dc423cf215fbad3a4e1f0b142495 -> FETCH_HEAD
shared	Run actions/checkout@v4	2026-10-03T16:24:26.5653998Z ##[endgroup]
shared	Run actions/checkout@v4	2026-10-03T16:24:26.5655548Z ##[group]Determining the checkout info
shared	Run actions/checkout@v4	2026-10-03T16:24:26.5657352Z ##[endgroup]
shared	Run actions/checkout@v4	2026-10-03T16:24:26.5661207Z [command]/usr/bin/git sparse-checkout disable
shared	Run actions/checkout@v4	2026-10-03T16:24:26.5713933Z [command]/usr/bin/git config --local --unset-all extensions.worktreeConfig
shared	Run actions/checkout@v4	2026-10-03T16:24:26.5748572Z ##[group]Checking out the ref
shared	Run actions/checkout@v4	2026-10-03T16:24:26.5753880Z [command]/usr/bin/git checkout --progress --force 2351a2931f10dc423cf215fbad3a4e1f0b142495
shared	Run actions/checkout@v4	2026-10-03T16:24:27.1481871Z Note: switching to '2351a2931f10dc423cf215fbad3a4e1f0b142495'.
shared	Run actions/checkout@v4	2026-10-03T16:24:27.1483006Z 
shared	Run actions/checkout@v4	2026-10-03T16:24:27.1483643Z You are in 'detached HEAD' state. You can look around, make experimental
shared	Run actions/checkout@v4	2026-10-03T16:24:27.1485105Z changes and commit them, and you can discard any commits you make in this
shared	Run actions/checkout@v4	2026-10-03T16:24:27.1486562Z state without impacting any branches by switching back to a branch.
shared	Run actions/checkout@v4	2026-10-03T16:24:27.1487428Z 
shared	Run actions/checkout@v4	2026-10-03T16:24:27.1488427Z If you want to create a new branch to retain commits you create, you may
shared	Run actions/checkout@v4	2026-10-03T16:24:27.1489935Z do so (now or later) by using -c with the switch command. Example:
shared	Run actions/checkout@v4	2026-10-03T16:24:27.1491107Z 
shared	Run actions/checkout@v4	2026-10-03T16:24:27.1491480Z   git switch -c <new-branch-name>
shared	Run actions/checkout@v4	2026-10-03T16:24:27.1492082Z 
shared	Run actions/checkout@v4	2026-10-03T16:24:27.1492445Z Or undo this operation with:
shared	Run actions/checkout@v4	2026-10-03T16:24:27.1493000Z 
shared	Run actions/checkout@v4	2026-10-03T16:24:27.1493315Z   git switch -
shared	Run actions/checkout@v4	2026-10-03T16:24:27.1493760Z 
shared	Run actions/checkout@v4	2026-10-03T16:24:27.1494468Z Turn off this advice by setting config variable advice.detachedHead to false
shared	Run actions/checkout@v4	2026-10-03T16:24:27.1495569Z 
shared	Run actions/checkout@v4	2026-10-03T16:24:27.1496324Z HEAD is now at 2351a29 Merge pull request #22 from nilesthump/task/LOOP1-SYNC-001
shared	Run actions/checkout@v4	2026-10-03T16:24:27.1516814Z ##[endgroup]
shared	Run actions/checkout@v4	2026-10-03T16:24:27.1564630Z [command]/usr/bin/git log -1 --format=%H
shared	Run actions/checkout@v4	2026-10-03T16:24:27.1591708Z 2351a2931f10dc423cf215fbad3a4e1f0b142495
shared	Run actions/setup-node@v4	﻿2026-10-03T16:24:27.1976133Z ##[group]Run actions/setup-node@v4
shared	Run actions/setup-node@v4	2026-10-03T16:24:27.1977387Z with:
shared	Run actions/setup-node@v4	2026-10-03T16:24:27.1978703Z   node-version: 22
shared	Run actions/setup-node@v4	2026-10-03T16:24:27.1979759Z   always-auth: false
shared	Run actions/setup-node@v4	2026-10-03T16:24:27.1980776Z   check-latest: false
shared	Run actions/setup-node@v4	2026-10-03T16:24:27.1991476Z   token: ***
shared	Run actions/setup-node@v4	2026-10-03T16:24:27.1992396Z env:
shared	Run actions/setup-node@v4	2026-10-03T16:24:27.1993329Z   PYTHONDONTWRITEBYTECODE: 1
shared	Run actions/setup-node@v4	2026-10-03T16:24:27.1994458Z ##[endgroup]
shared	Run actions/setup-node@v4	2026-10-03T16:24:27.3381334Z Found in cache @ /opt/hostedtoolcache/node/22.23.3/x64
shared	Run actions/setup-node@v4	2026-10-03T16:24:27.3386006Z (node:2317) [DEP0040] DeprecationWarning: The `punycode` module is deprecated. Please use a userland alternative instead.
shared	Run actions/setup-node@v4	2026-10-03T16:24:27.3389639Z (Use `node --trace-deprecation ...` to show where the warning was created)
shared	Run actions/setup-node@v4	2026-10-03T16:24:27.3392329Z ##[group]Environment details
shared	Run actions/setup-node@v4	2026-10-03T16:24:27.7109985Z node: v22.23.3
shared	Run actions/setup-node@v4	2026-10-03T16:24:27.7110512Z npm: 10.9.9
shared	Run actions/setup-node@v4	2026-10-03T16:24:27.7110959Z yarn: 1.22.22
shared	Run actions/setup-node@v4	2026-10-03T16:24:27.7112131Z ##[endgroup]
shared	Actual shared TypeScript storage compile	﻿2026-10-03T16:24:27.7308143Z ##[group]Run python3 -B tools/verify_client_sqlite.py --scope shared
shared	Actual shared TypeScript storage compile	2026-10-03T16:24:27.7308853Z ^[[36;1mpython3 -B tools/verify_client_sqlite.py --scope shared^[[0m
shared	Actual shared TypeScript storage compile	2026-10-03T16:24:27.7309376Z ^[[36;1mpython3 -B tools/verify_client_send.py --scope shared^[[0m
shared	Actual shared TypeScript storage compile	2026-10-03T16:24:27.7309887Z ^[[36;1mpython3 -B tools/verify_client_sync.py --scope shared^[[0m
shared	Actual shared TypeScript storage compile	2026-10-03T16:24:27.7566461Z shell: /usr/bin/bash -e {0}
shared	Actual shared TypeScript storage compile	2026-10-03T16:24:27.7566816Z env:
shared	Actual shared TypeScript storage compile	2026-10-03T16:24:27.7567147Z   PYTHONDONTWRITEBYTECODE: 1
shared	Actual shared TypeScript storage compile	2026-10-03T16:24:27.7567491Z ##[endgroup]
shared	Actual shared TypeScript storage compile	2026-10-03T16:24:27.7992559Z + npm --prefix clients/shared/protocol-sdk ci --ignore-scripts --no-audit --no-fund
shared	Actual shared TypeScript storage compile	2026-10-03T16:24:29.4205177Z 
shared	Actual shared TypeScript storage compile	2026-10-03T16:24:29.4205870Z added 1 package in 2s
shared	Actual shared TypeScript storage compile	2026-10-03T16:24:29.4609577Z + npm --prefix clients/shared/protocol-sdk run build
shared	Actual shared TypeScript storage compile	2026-10-03T16:24:29.5524629Z 
shared	Actual shared TypeScript storage compile	2026-10-03T16:24:29.5525432Z > @im/protocol-sdk@0.1.0 build
shared	Actual shared TypeScript storage compile	2026-10-03T16:24:29.5526040Z > tsc -p tsconfig.json
shared	Actual shared TypeScript storage compile	2026-10-03T16:24:29.5526332Z 
shared	Actual shared TypeScript storage compile	2026-10-03T16:24:31.0420446Z PASS: shared TypeScript compile (behavior exercised by Desktop SQLx and Android jobs)
shared	Actual shared TypeScript storage compile	2026-10-03T16:24:31.0800774Z + npm --prefix clients/shared/protocol-sdk ci --ignore-scripts --no-audit --no-fund
shared	Actual shared TypeScript storage compile	2026-10-03T16:24:31.5451886Z 
shared	Actual shared TypeScript storage compile	2026-10-03T16:24:31.5452730Z added 1 package in 416ms
shared	Actual shared TypeScript storage compile	2026-10-03T16:24:31.5546198Z + npm --prefix clients/shared/protocol-sdk run build
shared	Actual shared TypeScript storage compile	2026-10-03T16:24:31.6445708Z 
shared	Actual shared TypeScript storage compile	2026-10-03T16:24:31.6446212Z > @im/protocol-sdk@0.1.0 build
shared	Actual shared TypeScript storage compile	2026-10-03T16:24:31.6446681Z > tsc -p tsconfig.json
shared	Actual shared TypeScript storage compile	2026-10-03T16:24:31.6446878Z 
shared	Actual shared TypeScript storage compile	2026-10-03T16:24:33.0527760Z + node tests/clients/send/shared.mjs
shared	Actual shared TypeScript storage compile	2026-10-03T16:24:33.0881858Z PASS: strict schema fields, duplicate keys, exact integer lexemes, invalid frames, escaped content
shared	Actual shared TypeScript storage compile	2026-10-03T16:24:33.1316200Z + npm --prefix clients/shared/protocol-sdk ci --ignore-scripts --no-audit --no-fund
shared	Actual shared TypeScript storage compile	2026-10-03T16:24:33.5908020Z 
shared	Actual shared TypeScript storage compile	2026-10-03T16:24:33.5908915Z added 1 package in 411ms
shared	Actual shared TypeScript storage compile	2026-10-03T16:24:33.6002302Z + npm --prefix clients/shared/protocol-sdk run build
shared	Actual shared TypeScript storage compile	2026-10-03T16:24:33.6897684Z 
shared	Actual shared TypeScript storage compile	2026-10-03T16:24:33.6898568Z > @im/protocol-sdk@0.1.0 build
shared	Actual shared TypeScript storage compile	2026-10-03T16:24:33.6899235Z > tsc -p tsconfig.json
shared	Actual shared TypeScript storage compile	2026-10-03T16:24:33.6899536Z 
shared	Actual shared TypeScript storage compile	2026-10-03T16:24:35.1321619Z + node tests/clients/sync/shared.mjs
shared	Actual shared TypeScript storage compile	2026-10-03T16:24:35.3201068Z PASS: exact Sync correlation/shapes/gap/progress/kinds/numbers, 100x4096 escaped/literal Unicode bounded transport, strict nonstring Sync/WSS enums and WSS bound regression
shared	HTTP, WSS, Sync and Plugin contracts	﻿2026-10-03T16:24:35.3489521Z ##[group]Run ./contracts/http/verify-auth-user-friend.ps1
shared	HTTP, WSS, Sync and Plugin contracts	2026-10-03T16:24:35.3490296Z ^[[36;1m./contracts/http/verify-auth-user-friend.ps1^[[0m
shared	HTTP, WSS, Sync and Plugin contracts	2026-10-03T16:24:35.3490927Z ^[[36;1mif ($LASTEXITCODE -ne 0) { exit $LASTEXITCODE }^[[0m
shared	HTTP, WSS, Sync and Plugin contracts	2026-10-03T16:24:35.3491549Z ^[[36;1mpython3 -B tools/verify_sync_transport.py^[[0m
shared	HTTP, WSS, Sync and Plugin contracts	2026-10-03T16:24:35.3492161Z ^[[36;1mif ($LASTEXITCODE -ne 0) { exit $LASTEXITCODE }^[[0m
shared	HTTP, WSS, Sync and Plugin contracts	2026-10-03T16:24:35.3492963Z ^[[36;1mpython3 -B -m unittest discover -s tests/contract -p test_sync_transport.py^[[0m
shared	HTTP, WSS, Sync and Plugin contracts	2026-10-03T16:24:35.3493796Z ^[[36;1mif ($LASTEXITCODE -ne 0) { exit $LASTEXITCODE }^[[0m
shared	HTTP, WSS, Sync and Plugin contracts	2026-10-03T16:24:35.3494393Z ^[[36;1mpython3 contracts/websocket/verify.py^[[0m
shared	HTTP, WSS, Sync and Plugin contracts	2026-10-03T16:24:35.3494974Z ^[[36;1mif ($LASTEXITCODE -ne 0) { exit $LASTEXITCODE }^[[0m
shared	HTTP, WSS, Sync and Plugin contracts	2026-10-03T16:24:35.3495569Z ^[[36;1mpython3 contracts/plugin-api/verify.py^[[0m
shared	HTTP, WSS, Sync and Plugin contracts	2026-10-03T16:24:35.3496095Z ^[[36;1mexit $LASTEXITCODE^[[0m
shared	HTTP, WSS, Sync and Plugin contracts	2026-10-03T16:24:35.3533560Z shell: /usr/bin/pwsh -command ". '{0}'"
shared	HTTP, WSS, Sync and Plugin contracts	2026-10-03T16:24:35.3534332Z env:
shared	HTTP, WSS, Sync and Plugin contracts	2026-10-03T16:24:35.3534734Z   PYTHONDONTWRITEBYTECODE: 1
shared	HTTP, WSS, Sync and Plugin contracts	2026-10-03T16:24:35.3534992Z ##[endgroup]
shared	HTTP, WSS, Sync and Plugin contracts	2026-10-03T16:24:50.2672686Z PASS: Auth/User/Friend contracts verified paths=9 operations=9 error_codes=15 positive=6 negative=21 profiles=go,java schema_lint=OAI-OpenAPI-3.1-2026-08-03 mutation_regressions=15.
shared	HTTP, WSS, Sync and Plugin contracts	2026-10-03T16:24:50.3530436Z PASS: canonical external refs, HTTPS/Auth/error/pagination binding and official OpenAPI 3.1 lint; no runtime acceptance claimed
shared	HTTP, WSS, Sync and Plugin contracts	2026-10-03T16:24:50.4572751Z ....
shared	HTTP, WSS, Sync and Plugin contracts	2026-10-03T16:24:50.4573482Z ----------------------------------------------------------------------
shared	HTTP, WSS, Sync and Plugin contracts	2026-10-03T16:24:50.4574209Z Ran 4 tests in 0.010s
shared	HTTP, WSS, Sync and Plugin contracts	2026-10-03T16:24:50.4574473Z 
shared	HTTP, WSS, Sync and Plugin contracts	2026-10-03T16:24:50.4574618Z OK
shared	HTTP, WSS, Sync and Plugin contracts	2026-10-03T16:24:50.5351347Z PASS WSS v1: 8 positive, 10 negative shared Go/Java scenarios; 18 schema and 26 behavior mutations rejected
shared	HTTP, WSS, Sync and Plugin contracts	2026-10-03T16:24:50.5947723Z PASS: Sync/Plugin v1 schemas, 79 distinct Go/Java outcome artifacts (22 positive, 57 negative), SP-A-001..013, 16 mutation controls
shared	Post Run actions/setup-node@v4	﻿2026-10-03T16:24:50.7609099Z Post job cleanup.
shared	Post Run actions/setup-node@v4	2026-10-03T16:24:50.8809078Z (node:2566) [DEP0040] DeprecationWarning: The `punycode` module is deprecated. Please use a userland alternative instead.
shared	Post Run actions/setup-node@v4	2026-10-03T16:24:50.8810022Z (Use `node --trace-deprecation ...` to show where the warning was created)
shared	Post Run actions/checkout@v4	﻿2026-10-03T16:24:50.8999537Z Post job cleanup.
shared	Post Run actions/checkout@v4	2026-10-03T16:24:50.9898140Z [command]/usr/bin/git version
shared	Post Run actions/checkout@v4	2026-10-03T16:24:50.9940091Z git version 2.55.0
shared	Post Run actions/checkout@v4	2026-10-03T16:24:50.9980658Z Temporarily overriding HOME='/home/runner/work/_temp/b4dca49c-64c8-4c40-836f-64eb48f69622' before making global git config changes
shared	Post Run actions/checkout@v4	2026-10-03T16:24:50.9982295Z Adding repository directory to the temporary git global config as a safe directory
shared	Post Run actions/checkout@v4	2026-10-03T16:24:50.9986719Z [command]/usr/bin/git config --global --add safe.directory /home/runner/work/IM-platform/IM-platform
shared	Post Run actions/checkout@v4	2026-10-03T16:24:51.0032479Z [command]/usr/bin/git config --local --name-only --get-regexp core\.sshCommand
shared	Post Run actions/checkout@v4	2026-10-03T16:24:51.0062313Z [command]/usr/bin/git submodule foreach --recursive sh -c "git config --local --name-only --get-regexp 'core\.sshCommand' && git config --local --unset-all 'core.sshCommand' || :"
shared	Post Run actions/checkout@v4	2026-10-03T16:24:51.0322004Z [command]/usr/bin/git config --local --name-only --get-regexp http\.https\:\/\/github\.com\/\.extraheader
shared	Post Run actions/checkout@v4	2026-10-03T16:24:51.0354831Z http.https://github.com/.extraheader
shared	Post Run actions/checkout@v4	2026-10-03T16:24:51.0367092Z [command]/usr/bin/git config --local --unset-all http.https://github.com/.extraheader
shared	Post Run actions/checkout@v4	2026-10-03T16:24:51.0403717Z [command]/usr/bin/git submodule foreach --recursive sh -c "git config --local --name-only --get-regexp 'http\.https\:\/\/github\.com\/\.extraheader' && git config --local --unset-all 'http.https://github.com/.extraheader' || :"
shared	Post Run actions/checkout@v4	2026-10-03T16:24:51.0664620Z [command]/usr/bin/git config --local --name-only --get-regexp ^includeIf\.gitdir:
shared	Post Run actions/checkout@v4	2026-10-03T16:24:51.0707512Z [command]/usr/bin/git submodule foreach --recursive git config --local --show-origin --name-only --get-regexp remote.origin.url
shared	Complete job	﻿2026-10-03T16:24:51.1119813Z Cleaning up orphan processes
shared	Complete job	2026-10-03T16:24:51.1401111Z ##[warning]Node.js 20 is deprecated. The following actions target Node.js 20 but are being forced to run on Node.js 24: actions/checkout@v4, actions/setup-node@v4. For more information see: https://github.blog/changelog/2025-09-19-deprecation-of-node-20-on-github-actions-runners/
