source_java	Set up job	﻿2026-10-03T16:24:24.8527172Z Current runner version: '2.337.0'
source_java	Set up job	2026-10-03T16:24:24.8550492Z ##[group]Runner Image Provisioner
source_java	Set up job	2026-10-03T16:24:24.8551182Z Hosted Compute Agent
source_java	Set up job	2026-10-03T16:24:24.8551745Z Version: 20260901.588
source_java	Set up job	2026-10-03T16:24:24.8552306Z Commit: f88ec8081b781fac6c440065ac7ff9e710ce3d0b
source_java	Set up job	2026-10-03T16:24:24.8552882Z Build Date: 2026-09-01T19:56:44Z
source_java	Set up job	2026-10-03T16:24:24.8553540Z Worker ID: {e8bdeda5-8b68-4524-807c-6a66ea038386}
source_java	Set up job	2026-10-03T16:24:24.8554125Z Azure Region: westus3
source_java	Set up job	2026-10-03T16:24:24.8554676Z ##[endgroup]
source_java	Set up job	2026-10-03T16:24:24.8555817Z ##[group]Operating System
source_java	Set up job	2026-10-03T16:24:24.8556326Z Ubuntu
source_java	Set up job	2026-10-03T16:24:24.8556829Z 24.04.5
source_java	Set up job	2026-10-03T16:24:24.8557252Z LTS
source_java	Set up job	2026-10-03T16:24:24.8557699Z ##[endgroup]
source_java	Set up job	2026-10-03T16:24:24.8558381Z ##[group]Runner Image
source_java	Set up job	2026-10-03T16:24:24.8558858Z Image: ubuntu-24.04
source_java	Set up job	2026-10-03T16:24:24.8559680Z Version: 20260927.320.1
source_java	Set up job	2026-10-03T16:24:24.8560532Z Included Software: https://github.com/actions/runner-images/blob/ubuntu24/20260927.320/images/ubuntu/Ubuntu2404-Readme.md
source_java	Set up job	2026-10-03T16:24:24.8562018Z Image Release: https://github.com/actions/runner-images/releases/tag/ubuntu24%2F20260927.320
source_java	Set up job	2026-10-03T16:24:24.8562810Z ##[endgroup]
source_java	Set up job	2026-10-03T16:24:24.8563761Z ##[group]GITHUB_TOKEN Permissions
source_java	Set up job	2026-10-03T16:24:24.8565241Z Contents: read
source_java	Set up job	2026-10-03T16:24:24.8565853Z Metadata: read
source_java	Set up job	2026-10-03T16:24:24.8566310Z ##[endgroup]
source_java	Set up job	2026-10-03T16:24:24.8568221Z Secret source: Actions
source_java	Set up job	2026-10-03T16:24:24.8569038Z Cache mode: write
source_java	Set up job	2026-10-03T16:24:24.8569652Z Prepare workflow directory
source_java	Set up job	2026-10-03T16:24:24.9738885Z Prepare all required actions
source_java	Set up job	2026-10-03T16:24:24.9777163Z Getting action download info
source_java	Set up job	2026-10-03T16:24:25.2737580Z Download action repository 'actions/checkout@v4' (SHA:11d5960a326750d5838078e36cf38b85af677262)
source_java	Set up job	2026-10-03T16:24:25.9123353Z Complete job name: source_java
source_java	Run actions/checkout@v4	﻿2026-10-03T16:24:25.9811227Z ##[group]Run actions/checkout@v4
source_java	Run actions/checkout@v4	2026-10-03T16:24:25.9811958Z with:
source_java	Run actions/checkout@v4	2026-10-03T16:24:25.9812358Z   repository: nilesthump/IM-platform
source_java	Run actions/checkout@v4	2026-10-03T16:24:25.9815827Z   token: ***
source_java	Run actions/checkout@v4	2026-10-03T16:24:25.9816230Z   ssh-strict: true
source_java	Run actions/checkout@v4	2026-10-03T16:24:25.9816616Z   ssh-user: git
source_java	Run actions/checkout@v4	2026-10-03T16:24:25.9817007Z   persist-credentials: true
source_java	Run actions/checkout@v4	2026-10-03T16:24:25.9817427Z   clean: true
source_java	Run actions/checkout@v4	2026-10-03T16:24:25.9817952Z   sparse-checkout-cone-mode: true
source_java	Run actions/checkout@v4	2026-10-03T16:24:25.9818397Z   fetch-depth: 1
source_java	Run actions/checkout@v4	2026-10-03T16:24:25.9818778Z   fetch-tags: false
source_java	Run actions/checkout@v4	2026-10-03T16:24:25.9819161Z   show-progress: true
source_java	Run actions/checkout@v4	2026-10-03T16:24:25.9819547Z   lfs: false
source_java	Run actions/checkout@v4	2026-10-03T16:24:25.9819905Z   submodules: false
source_java	Run actions/checkout@v4	2026-10-03T16:24:25.9820310Z   set-safe-directory: true
source_java	Run actions/checkout@v4	2026-10-03T16:24:25.9820748Z   allow-unsafe-pr-checkout: false
source_java	Run actions/checkout@v4	2026-10-03T16:24:25.9821358Z env:
source_java	Run actions/checkout@v4	2026-10-03T16:24:25.9821752Z   PYTHONDONTWRITEBYTECODE: 1
source_java	Run actions/checkout@v4	2026-10-03T16:24:25.9822319Z ##[endgroup]
source_java	Run actions/checkout@v4	2026-10-03T16:24:26.0626235Z Syncing repository: nilesthump/IM-platform
source_java	Run actions/checkout@v4	2026-10-03T16:24:26.0628794Z ##[group]Getting Git version info
source_java	Run actions/checkout@v4	2026-10-03T16:24:26.0629997Z Working directory is '/home/runner/work/IM-platform/IM-platform'
source_java	Run actions/checkout@v4	2026-10-03T16:24:26.0631452Z [command]/usr/bin/git version
source_java	Run actions/checkout@v4	2026-10-03T16:24:26.0668819Z git version 2.55.0
source_java	Run actions/checkout@v4	2026-10-03T16:24:26.0692577Z ##[endgroup]
source_java	Run actions/checkout@v4	2026-10-03T16:24:26.0704311Z Temporarily overriding HOME='/home/runner/work/_temp/9b744248-65dd-45de-97e0-2bc83b9c3d09' before making global git config changes
source_java	Run actions/checkout@v4	2026-10-03T16:24:26.0706316Z Adding repository directory to the temporary git global config as a safe directory
source_java	Run actions/checkout@v4	2026-10-03T16:24:26.0708515Z [command]/usr/bin/git config --global --add safe.directory /home/runner/work/IM-platform/IM-platform
source_java	Run actions/checkout@v4	2026-10-03T16:24:26.0814793Z Deleting the contents of '/home/runner/work/IM-platform/IM-platform'
source_java	Run actions/checkout@v4	2026-10-03T16:24:26.0832350Z ##[group]Initializing the repository
source_java	Run actions/checkout@v4	2026-10-03T16:24:26.0836272Z [command]/usr/bin/git init /home/runner/work/IM-platform/IM-platform
source_java	Run actions/checkout@v4	2026-10-03T16:24:26.1776377Z hint: Using 'master' as the name for the initial branch. This default branch name
source_java	Run actions/checkout@v4	2026-10-03T16:24:26.1777600Z hint: will change to "main" in Git 3.0. To configure the initial branch name
source_java	Run actions/checkout@v4	2026-10-03T16:24:26.1778806Z hint: to use in all of your new repositories, which will suppress this warning,
source_java	Run actions/checkout@v4	2026-10-03T16:24:26.1780144Z hint: call:
source_java	Run actions/checkout@v4	2026-10-03T16:24:26.1780762Z hint:
source_java	Run actions/checkout@v4	2026-10-03T16:24:26.1781291Z hint: 	git config --global init.defaultBranch <name>
source_java	Run actions/checkout@v4	2026-10-03T16:24:26.1781883Z hint:
source_java	Run actions/checkout@v4	2026-10-03T16:24:26.1782382Z hint: Names commonly chosen instead of 'master' are 'main', 'trunk' and
source_java	Run actions/checkout@v4	2026-10-03T16:24:26.1783423Z hint: 'development'. The just-created branch can be renamed via this command:
source_java	Run actions/checkout@v4	2026-10-03T16:24:26.1784042Z hint:
source_java	Run actions/checkout@v4	2026-10-03T16:24:26.1784675Z hint: 	git branch -m <name>
source_java	Run actions/checkout@v4	2026-10-03T16:24:26.1785093Z hint:
source_java	Run actions/checkout@v4	2026-10-03T16:24:26.1785916Z hint: Disable this message with "git config set advice.defaultBranchName false"
source_java	Run actions/checkout@v4	2026-10-03T16:24:26.1787097Z Initialized empty Git repository in /home/runner/work/IM-platform/IM-platform/.git/
source_java	Run actions/checkout@v4	2026-10-03T16:24:26.1789273Z [command]/usr/bin/git remote add origin https://github.com/nilesthump/IM-platform
source_java	Run actions/checkout@v4	2026-10-03T16:24:26.2359455Z ##[endgroup]
source_java	Run actions/checkout@v4	2026-10-03T16:24:26.2360263Z ##[group]Disabling automatic garbage collection
source_java	Run actions/checkout@v4	2026-10-03T16:24:26.2363182Z [command]/usr/bin/git config --local gc.auto 0
source_java	Run actions/checkout@v4	2026-10-03T16:24:26.2390404Z ##[endgroup]
source_java	Run actions/checkout@v4	2026-10-03T16:24:26.2391293Z ##[group]Setting up auth
source_java	Run actions/checkout@v4	2026-10-03T16:24:26.2392166Z [command]/usr/bin/git config --local --name-only --get-regexp core\.sshCommand
source_java	Run actions/checkout@v4	2026-10-03T16:24:26.2411584Z [command]/usr/bin/git submodule foreach --recursive sh -c "git config --local --name-only --get-regexp 'core\.sshCommand' && git config --local --unset-all 'core.sshCommand' || :"
source_java	Run actions/checkout@v4	2026-10-03T16:24:26.2688632Z [command]/usr/bin/git config --local --name-only --get-regexp http\.https\:\/\/github\.com\/\.extraheader
source_java	Run actions/checkout@v4	2026-10-03T16:24:26.2719962Z [command]/usr/bin/git submodule foreach --recursive sh -c "git config --local --name-only --get-regexp 'http\.https\:\/\/github\.com\/\.extraheader' && git config --local --unset-all 'http.https://github.com/.extraheader' || :"
source_java	Run actions/checkout@v4	2026-10-03T16:24:26.2922607Z [command]/usr/bin/git config --local --name-only --get-regexp ^includeIf\.gitdir:
source_java	Run actions/checkout@v4	2026-10-03T16:24:26.2953424Z [command]/usr/bin/git submodule foreach --recursive git config --local --show-origin --name-only --get-regexp remote.origin.url
source_java	Run actions/checkout@v4	2026-10-03T16:24:26.3141330Z [command]/usr/bin/git config --local http.https://github.com/.extraheader AUTHORIZATION: basic ***
source_java	Run actions/checkout@v4	2026-10-03T16:24:26.3562319Z ##[endgroup]
source_java	Run actions/checkout@v4	2026-10-03T16:24:26.3563815Z ##[group]Fetching the repository
source_java	Run actions/checkout@v4	2026-10-03T16:24:26.3572211Z [command]/usr/bin/git -c protocol.version=2 fetch --no-tags --prune --no-recurse-submodules --depth=1 origin +2351a2931f10dc423cf215fbad3a4e1f0b142495:refs/remotes/origin/main
source_java	Run actions/checkout@v4	2026-10-03T16:24:29.1066556Z From https://github.com/nilesthump/IM-platform
source_java	Run actions/checkout@v4	2026-10-03T16:24:29.1067466Z  * [new ref]         2351a2931f10dc423cf215fbad3a4e1f0b142495 -> origin/main
source_java	Run actions/checkout@v4	2026-10-03T16:24:29.1070714Z ##[endgroup]
source_java	Run actions/checkout@v4	2026-10-03T16:24:29.1071295Z ##[group]Determining the checkout info
source_java	Run actions/checkout@v4	2026-10-03T16:24:29.1073226Z ##[endgroup]
source_java	Run actions/checkout@v4	2026-10-03T16:24:29.1079769Z [command]/usr/bin/git sparse-checkout disable
source_java	Run actions/checkout@v4	2026-10-03T16:24:29.1126511Z [command]/usr/bin/git config --local --unset-all extensions.worktreeConfig
source_java	Run actions/checkout@v4	2026-10-03T16:24:29.1156638Z ##[group]Checking out the ref
source_java	Run actions/checkout@v4	2026-10-03T16:24:29.1161899Z [command]/usr/bin/git checkout --progress --force -B main refs/remotes/origin/main
source_java	Run actions/checkout@v4	2026-10-03T16:24:29.5979167Z Switched to a new branch 'main'
source_java	Run actions/checkout@v4	2026-10-03T16:24:29.5982824Z branch 'main' set up to track 'origin/main'.
source_java	Run actions/checkout@v4	2026-10-03T16:24:29.6011151Z ##[endgroup]
source_java	Run actions/checkout@v4	2026-10-03T16:24:29.6050862Z [command]/usr/bin/git log -1 --format=%H
source_java	Run actions/checkout@v4	2026-10-03T16:24:29.6075650Z 2351a2931f10dc423cf215fbad3a4e1f0b142495
source_java	Java current source and explicit placeholder boundary	﻿2026-10-03T16:24:29.6255372Z ##[group]Run python3 ci/check_architecture.py --scope java --json
source_java	Java current source and explicit placeholder boundary	2026-10-03T16:24:29.6255863Z ^[[36;1mpython3 ci/check_architecture.py --scope java --json^[[0m
source_java	Java current source and explicit placeholder boundary	2026-10-03T16:24:29.6456597Z shell: /usr/bin/bash -e {0}
source_java	Java current source and explicit placeholder boundary	2026-10-03T16:24:29.6456853Z env:
source_java	Java current source and explicit placeholder boundary	2026-10-03T16:24:29.6457039Z   PYTHONDONTWRITEBYTECODE: 1
source_java	Java current source and explicit placeholder boundary	2026-10-03T16:24:29.6457288Z ##[endgroup]
source_java	Java current source and explicit placeholder boundary	2026-10-03T16:24:29.6896549Z {
source_java	Java current source and explicit placeholder boundary	2026-10-03T16:24:29.6896915Z   "result": "PASS",
source_java	Java current source and explicit placeholder boundary	2026-10-03T16:24:29.6897493Z   "scope": "java",
source_java	Java current source and explicit placeholder boundary	2026-10-03T16:24:29.6897690Z   "violations": [],
source_java	Java current source and explicit placeholder boundary	2026-10-03T16:24:29.6898009Z   "graphs": {
source_java	Java current source and explicit placeholder boundary	2026-10-03T16:24:29.6898175Z     "java": [
source_java	Java current source and explicit placeholder boundary	2026-10-03T16:24:29.6898352Z       {
source_java	Java current source and explicit placeholder boundary	2026-10-03T16:24:29.6898537Z         "path": "InfraPlaceholder.java",
source_java	Java current source and explicit placeholder boundary	2026-10-03T16:24:29.6898780Z         "owner": "root",
source_java	Java current source and explicit placeholder boundary	2026-10-03T16:24:29.6898994Z         "package": "",
source_java	Java current source and explicit placeholder boundary	2026-10-03T16:24:29.6899233Z         "strings": [
source_java	Java current source and explicit placeholder boundary	2026-10-03T16:24:29.6899409Z           "gateway",
source_java	Java current source and explicit placeholder boundary	2026-10-03T16:24:29.6899569Z           "core",
source_java	Java current source and explicit placeholder boundary	2026-10-03T16:24:29.6899737Z           "plugin-host",
source_java	Java current source and explicit placeholder boundary	2026-10-03T16:24:29.6900005Z           "expected gateway, core, or plugin-host role",
source_java	Java current source and explicit placeholder boundary	2026-10-03T16:24:29.6900270Z           "placeholder request failed: ",
source_java	Java current source and explicit placeholder boundary	2026-10-03T16:24:29.6900483Z           " ",
source_java	Java current source and explicit placeholder boundary	2026-10-03T16:24:29.6900658Z           "Sec-WebSocket-Key",
source_java	Java current source and explicit placeholder boundary	2026-10-03T16:24:29.6900848Z           "Upgrade",
source_java	Java current source and explicit placeholder boundary	2026-10-03T16:24:29.6901017Z           "websocket",
source_java	Java current source and explicit placeholder boundary	2026-10-03T16:24:29.6901183Z           "gateway",
source_java	Java current source and explicit placeholder boundary	2026-10-03T16:24:29.6901345Z           "/__infra/ws",
source_java	Java current source and explicit placeholder boundary	2026-10-03T16:24:29.6901526Z           "SHA-1",
source_java	Java current source and explicit placeholder boundary	2026-10-03T16:24:29.6901716Z           "258EAFA5-E914-47DA-95CA-C5AB0DC85B11",
source_java	Java current source and explicit placeholder boundary	2026-10-03T16:24:29.6902147Z           "HTTP/1.1 101 Switching Protocols\\r\\nUpgrade: websocket\\r\\nConnection: Upgrade\\r\\nSec-WebSocket-Accept: ",
source_java	Java current source and explicit placeholder boundary	2026-10-03T16:24:29.6902550Z           "\\r\\n\\r\\n",
source_java	Java current source and explicit placeholder boundary	2026-10-03T16:24:29.6902742Z           "/__infra/health",
source_java	Java current source and explicit placeholder boundary	2026-10-03T16:24:29.6902951Z           "profile=java role=",
source_java	Java current source and explicit placeholder boundary	2026-10-03T16:24:29.6903205Z           "\\n",
source_java	Java current source and explicit placeholder boundary	2026-10-03T16:24:29.6903498Z           "HTTP/1.1 200 OK\\r\\nContent-Type: text/plain; charset=utf-8\\r\\nContent-Length: ",
source_java	Java current source and explicit placeholder boundary	2026-10-03T16:24:29.6903847Z           "\\r\\nConnection: close\\r\\n\\r\\n",
source_java	Java current source and explicit placeholder boundary	2026-10-03T16:24:29.6904167Z           "HTTP/1.1 404 Not Found\\r\\nContent-Length: 0\\r\\nConnection: close\\r\\n\\r\\n"
source_java	Java current source and explicit placeholder boundary	2026-10-03T16:24:29.6904485Z         ],
source_java	Java current source and explicit placeholder boundary	2026-10-03T16:24:29.6904637Z         "types": [
source_java	Java current source and explicit placeholder boundary	2026-10-03T16:24:29.6904809Z           "InfraPlaceholder"
source_java	Java current source and explicit placeholder boundary	2026-10-03T16:24:29.6904998Z         ]
source_java	Java current source and explicit placeholder boundary	2026-10-03T16:24:29.6905152Z       }
source_java	Java current source and explicit placeholder boundary	2026-10-03T16:24:29.6905298Z     ]
source_java	Java current source and explicit placeholder boundary	2026-10-03T16:24:29.6905440Z   }
source_java	Java current source and explicit placeholder boundary	2026-10-03T16:24:29.6905584Z }
source_java	Post Run actions/checkout@v4	﻿2026-10-03T16:24:29.7037054Z Post job cleanup.
source_java	Post Run actions/checkout@v4	2026-10-03T16:24:29.7710618Z [command]/usr/bin/git version
source_java	Post Run actions/checkout@v4	2026-10-03T16:24:29.7744753Z git version 2.55.0
source_java	Post Run actions/checkout@v4	2026-10-03T16:24:29.7772762Z Temporarily overriding HOME='/home/runner/work/_temp/a62c2842-8353-4266-8016-edab9e0c1eb9' before making global git config changes
source_java	Post Run actions/checkout@v4	2026-10-03T16:24:29.7773786Z Adding repository directory to the temporary git global config as a safe directory
source_java	Post Run actions/checkout@v4	2026-10-03T16:24:29.7776745Z [command]/usr/bin/git config --global --add safe.directory /home/runner/work/IM-platform/IM-platform
source_java	Post Run actions/checkout@v4	2026-10-03T16:24:29.7810822Z [command]/usr/bin/git config --local --name-only --get-regexp core\.sshCommand
source_java	Post Run actions/checkout@v4	2026-10-03T16:24:29.7841081Z [command]/usr/bin/git submodule foreach --recursive sh -c "git config --local --name-only --get-regexp 'core\.sshCommand' && git config --local --unset-all 'core.sshCommand' || :"
source_java	Post Run actions/checkout@v4	2026-10-03T16:24:29.8069393Z [command]/usr/bin/git config --local --name-only --get-regexp http\.https\:\/\/github\.com\/\.extraheader
source_java	Post Run actions/checkout@v4	2026-10-03T16:24:29.8118829Z http.https://github.com/.extraheader
source_java	Post Run actions/checkout@v4	2026-10-03T16:24:29.8138370Z [command]/usr/bin/git config --local --unset-all http.https://github.com/.extraheader
source_java	Post Run actions/checkout@v4	2026-10-03T16:24:29.8179848Z [command]/usr/bin/git submodule foreach --recursive sh -c "git config --local --name-only --get-regexp 'http\.https\:\/\/github\.com\/\.extraheader' && git config --local --unset-all 'http.https://github.com/.extraheader' || :"
source_java	Post Run actions/checkout@v4	2026-10-03T16:24:29.8387306Z [command]/usr/bin/git config --local --name-only --get-regexp ^includeIf\.gitdir:
source_java	Post Run actions/checkout@v4	2026-10-03T16:24:29.8421297Z [command]/usr/bin/git submodule foreach --recursive git config --local --show-origin --name-only --get-regexp remote.origin.url
source_java	Complete job	﻿2026-10-03T16:24:29.8831898Z Cleaning up orphan processes
source_java	Complete job	2026-10-03T16:24:29.9077781Z ##[warning]Node.js 20 is deprecated. The following actions target Node.js 20 but are being forced to run on Node.js 24: actions/checkout@v4. For more information see: https://github.blog/changelog/2025-09-19-deprecation-of-node-20-on-github-actions-runners/
