web	Set up job	﻿2026-10-03T16:24:24.6755485Z Current runner version: '2.337.0'
web	Set up job	2026-10-03T16:24:24.6782897Z ##[group]Runner Image Provisioner
web	Set up job	2026-10-03T16:24:24.6784022Z Hosted Compute Agent
web	Set up job	2026-10-03T16:24:24.6784631Z Version: 20260901.588
web	Set up job	2026-10-03T16:24:24.6785259Z Commit: f88ec8081b781fac6c440065ac7ff9e710ce3d0b
web	Set up job	2026-10-03T16:24:24.6786573Z Build Date: 2026-09-01T19:56:44Z
web	Set up job	2026-10-03T16:24:24.6787349Z Worker ID: {808bf913-80a2-4a8c-ac79-5de9cc1600e7}
web	Set up job	2026-10-03T16:24:24.6788139Z Azure Region: westus2
web	Set up job	2026-10-03T16:24:24.6788774Z ##[endgroup]
web	Set up job	2026-10-03T16:24:24.6790631Z ##[group]Operating System
web	Set up job	2026-10-03T16:24:24.6791421Z Ubuntu
web	Set up job	2026-10-03T16:24:24.6791960Z 24.04.5
web	Set up job	2026-10-03T16:24:24.6792551Z LTS
web	Set up job	2026-10-03T16:24:24.6793098Z ##[endgroup]
web	Set up job	2026-10-03T16:24:24.6793664Z ##[group]Runner Image
web	Set up job	2026-10-03T16:24:24.6794314Z Image: ubuntu-24.04
web	Set up job	2026-10-03T16:24:24.6794898Z Version: 20260927.320.1
web	Set up job	2026-10-03T16:24:24.6796778Z Included Software: https://github.com/actions/runner-images/blob/ubuntu24/20260927.320/images/ubuntu/Ubuntu2404-Readme.md
web	Set up job	2026-10-03T16:24:24.6798741Z Image Release: https://github.com/actions/runner-images/releases/tag/ubuntu24%2F20260927.320
web	Set up job	2026-10-03T16:24:24.6799766Z ##[endgroup]
web	Set up job	2026-10-03T16:24:24.6800940Z ##[group]GITHUB_TOKEN Permissions
web	Set up job	2026-10-03T16:24:24.6803261Z Contents: read
web	Set up job	2026-10-03T16:24:24.6803900Z Metadata: read
web	Set up job	2026-10-03T16:24:24.6804450Z ##[endgroup]
web	Set up job	2026-10-03T16:24:24.6807103Z Secret source: Actions
web	Set up job	2026-10-03T16:24:24.6808089Z Cache mode: write
web	Set up job	2026-10-03T16:24:24.6808945Z Prepare workflow directory
web	Set up job	2026-10-03T16:24:24.7195253Z Prepare all required actions
web	Set up job	2026-10-03T16:24:24.7252371Z Getting action download info
web	Set up job	2026-10-03T16:24:25.0820154Z Download action repository 'actions/checkout@v4' (SHA:11d5960a326750d5838078e36cf38b85af677262)
web	Set up job	2026-10-03T16:24:25.2865275Z Complete job name: web
web	Run actions/checkout@v4	﻿2026-10-03T16:24:25.3805448Z ##[group]Run actions/checkout@v4
web	Run actions/checkout@v4	2026-10-03T16:24:25.3806735Z with:
web	Run actions/checkout@v4	2026-10-03T16:24:25.3807252Z   repository: nilesthump/IM-platform
web	Run actions/checkout@v4	2026-10-03T16:24:25.3810982Z   token: ***
web	Run actions/checkout@v4	2026-10-03T16:24:25.3811455Z   ssh-strict: true
web	Run actions/checkout@v4	2026-10-03T16:24:25.3811964Z   ssh-user: git
web	Run actions/checkout@v4	2026-10-03T16:24:25.3812426Z   persist-credentials: true
web	Run actions/checkout@v4	2026-10-03T16:24:25.3812927Z   clean: true
web	Run actions/checkout@v4	2026-10-03T16:24:25.3813386Z   sparse-checkout-cone-mode: true
web	Run actions/checkout@v4	2026-10-03T16:24:25.3813909Z   fetch-depth: 1
web	Run actions/checkout@v4	2026-10-03T16:24:25.3814343Z   fetch-tags: false
web	Run actions/checkout@v4	2026-10-03T16:24:25.3814800Z   show-progress: true
web	Run actions/checkout@v4	2026-10-03T16:24:25.3815268Z   lfs: false
web	Run actions/checkout@v4	2026-10-03T16:24:25.3815692Z   submodules: false
web	Run actions/checkout@v4	2026-10-03T16:24:25.3816343Z   set-safe-directory: true
web	Run actions/checkout@v4	2026-10-03T16:24:25.3816867Z   allow-unsafe-pr-checkout: false
web	Run actions/checkout@v4	2026-10-03T16:24:25.3817665Z ##[endgroup]
web	Run actions/checkout@v4	2026-10-03T16:24:25.4899270Z Syncing repository: nilesthump/IM-platform
web	Run actions/checkout@v4	2026-10-03T16:24:25.4901961Z ##[group]Getting Git version info
web	Run actions/checkout@v4	2026-10-03T16:24:25.4903194Z Working directory is '/home/runner/work/IM-platform/IM-platform'
web	Run actions/checkout@v4	2026-10-03T16:24:25.4904990Z [command]/usr/bin/git version
web	Run actions/checkout@v4	2026-10-03T16:24:25.4972770Z git version 2.55.0
web	Run actions/checkout@v4	2026-10-03T16:24:25.4995975Z ##[endgroup]
web	Run actions/checkout@v4	2026-10-03T16:24:25.5014990Z Temporarily overriding HOME='/home/runner/work/_temp/2cc49022-1e92-440b-ae21-c090a64f1c6c' before making global git config changes
web	Run actions/checkout@v4	2026-10-03T16:24:25.5017369Z Adding repository directory to the temporary git global config as a safe directory
web	Run actions/checkout@v4	2026-10-03T16:24:25.5020763Z [command]/usr/bin/git config --global --add safe.directory /home/runner/work/IM-platform/IM-platform
web	Run actions/checkout@v4	2026-10-03T16:24:25.5087669Z Deleting the contents of '/home/runner/work/IM-platform/IM-platform'
web	Run actions/checkout@v4	2026-10-03T16:24:25.5098261Z ##[group]Initializing the repository
web	Run actions/checkout@v4	2026-10-03T16:24:25.5106571Z [command]/usr/bin/git init /home/runner/work/IM-platform/IM-platform
web	Run actions/checkout@v4	2026-10-03T16:24:25.5231670Z hint: Using 'master' as the name for the initial branch. This default branch name
web	Run actions/checkout@v4	2026-10-03T16:24:25.5233501Z hint: will change to "main" in Git 3.0. To configure the initial branch name
web	Run actions/checkout@v4	2026-10-03T16:24:25.5235099Z hint: to use in all of your new repositories, which will suppress this warning,
web	Run actions/checkout@v4	2026-10-03T16:24:25.5236622Z hint: call:
web	Run actions/checkout@v4	2026-10-03T16:24:25.5237831Z hint:
web	Run actions/checkout@v4	2026-10-03T16:24:25.5238693Z hint: 	git config --global init.defaultBranch <name>
web	Run actions/checkout@v4	2026-10-03T16:24:25.5239784Z hint:
web	Run actions/checkout@v4	2026-10-03T16:24:25.5240725Z hint: Names commonly chosen instead of 'master' are 'main', 'trunk' and
web	Run actions/checkout@v4	2026-10-03T16:24:25.5242235Z hint: 'development'. The just-created branch can be renamed via this command:
web	Run actions/checkout@v4	2026-10-03T16:24:25.5243470Z hint:
web	Run actions/checkout@v4	2026-10-03T16:24:25.5244226Z hint: 	git branch -m <name>
web	Run actions/checkout@v4	2026-10-03T16:24:25.5245048Z hint:
web	Run actions/checkout@v4	2026-10-03T16:24:25.5246299Z hint: Disable this message with "git config set advice.defaultBranchName false"
web	Run actions/checkout@v4	2026-10-03T16:24:25.5262994Z Initialized empty Git repository in /home/runner/work/IM-platform/IM-platform/.git/
web	Run actions/checkout@v4	2026-10-03T16:24:25.5266510Z [command]/usr/bin/git remote add origin https://github.com/nilesthump/IM-platform
web	Run actions/checkout@v4	2026-10-03T16:24:25.5323093Z ##[endgroup]
web	Run actions/checkout@v4	2026-10-03T16:24:25.5324674Z ##[group]Disabling automatic garbage collection
web	Run actions/checkout@v4	2026-10-03T16:24:25.5328327Z [command]/usr/bin/git config --local gc.auto 0
web	Run actions/checkout@v4	2026-10-03T16:24:25.5366811Z ##[endgroup]
web	Run actions/checkout@v4	2026-10-03T16:24:25.5368083Z ##[group]Setting up auth
web	Run actions/checkout@v4	2026-10-03T16:24:25.5374250Z [command]/usr/bin/git config --local --name-only --get-regexp core\.sshCommand
web	Run actions/checkout@v4	2026-10-03T16:24:25.5410777Z [command]/usr/bin/git submodule foreach --recursive sh -c "git config --local --name-only --get-regexp 'core\.sshCommand' && git config --local --unset-all 'core.sshCommand' || :"
web	Run actions/checkout@v4	2026-10-03T16:24:25.5853689Z [command]/usr/bin/git config --local --name-only --get-regexp http\.https\:\/\/github\.com\/\.extraheader
web	Run actions/checkout@v4	2026-10-03T16:24:25.5896687Z [command]/usr/bin/git submodule foreach --recursive sh -c "git config --local --name-only --get-regexp 'http\.https\:\/\/github\.com\/\.extraheader' && git config --local --unset-all 'http.https://github.com/.extraheader' || :"
web	Run actions/checkout@v4	2026-10-03T16:24:25.6165625Z [command]/usr/bin/git config --local --name-only --get-regexp ^includeIf\.gitdir:
web	Run actions/checkout@v4	2026-10-03T16:24:25.6196446Z [command]/usr/bin/git submodule foreach --recursive git config --local --show-origin --name-only --get-regexp remote.origin.url
web	Run actions/checkout@v4	2026-10-03T16:24:25.6458703Z [command]/usr/bin/git config --local http.https://github.com/.extraheader AUTHORIZATION: basic ***
web	Run actions/checkout@v4	2026-10-03T16:24:25.6509413Z ##[endgroup]
web	Run actions/checkout@v4	2026-10-03T16:24:25.6512471Z ##[group]Fetching the repository
web	Run actions/checkout@v4	2026-10-03T16:24:25.6522531Z [command]/usr/bin/git -c protocol.version=2 fetch --no-tags --prune --no-recurse-submodules --depth=1 origin +2351a2931f10dc423cf215fbad3a4e1f0b142495:refs/remotes/origin/main
web	Run actions/checkout@v4	2026-10-03T16:24:27.5680269Z From https://github.com/nilesthump/IM-platform
web	Run actions/checkout@v4	2026-10-03T16:24:27.5682728Z  * [new ref]         2351a2931f10dc423cf215fbad3a4e1f0b142495 -> origin/main
web	Run actions/checkout@v4	2026-10-03T16:24:27.5689129Z ##[endgroup]
web	Run actions/checkout@v4	2026-10-03T16:24:27.5691451Z ##[group]Determining the checkout info
web	Run actions/checkout@v4	2026-10-03T16:24:27.5694374Z ##[endgroup]
web	Run actions/checkout@v4	2026-10-03T16:24:27.5696301Z [command]/usr/bin/git sparse-checkout disable
web	Run actions/checkout@v4	2026-10-03T16:24:27.5753761Z [command]/usr/bin/git config --local --unset-all extensions.worktreeConfig
web	Run actions/checkout@v4	2026-10-03T16:24:27.5788917Z ##[group]Checking out the ref
web	Run actions/checkout@v4	2026-10-03T16:24:27.5793718Z [command]/usr/bin/git checkout --progress --force -B main refs/remotes/origin/main
web	Run actions/checkout@v4	2026-10-03T16:24:28.1697748Z Switched to a new branch 'main'
web	Run actions/checkout@v4	2026-10-03T16:24:28.1702344Z branch 'main' set up to track 'origin/main'.
web	Run actions/checkout@v4	2026-10-03T16:24:28.1730814Z ##[endgroup]
web	Run actions/checkout@v4	2026-10-03T16:24:28.1777774Z [command]/usr/bin/git log -1 --format=%H
web	Run actions/checkout@v4	2026-10-03T16:24:28.1804821Z 2351a2931f10dc423cf215fbad3a4e1f0b142495
web	Web S0 skeleton boundary	﻿2026-10-03T16:24:28.2034729Z ##[group]Run python3 ci/check_s0_boundary.py web
web	Web S0 skeleton boundary	2026-10-03T16:24:28.2035287Z ^[[36;1mpython3 ci/check_s0_boundary.py web^[[0m
web	Web S0 skeleton boundary	2026-10-03T16:24:28.2363760Z shell: /usr/bin/bash -e {0}
web	Web S0 skeleton boundary	2026-10-03T16:24:28.2364242Z ##[endgroup]
web	Post Run actions/checkout@v4	﻿2026-10-03T16:24:28.2958821Z Post job cleanup.
web	Post Run actions/checkout@v4	2026-10-03T16:24:28.3860934Z [command]/usr/bin/git version
web	Post Run actions/checkout@v4	2026-10-03T16:24:28.3906682Z git version 2.55.0
web	Post Run actions/checkout@v4	2026-10-03T16:24:28.3949445Z Temporarily overriding HOME='/home/runner/work/_temp/b0482439-63b6-4620-8eb6-f3593f1370da' before making global git config changes
web	Post Run actions/checkout@v4	2026-10-03T16:24:28.3951918Z Adding repository directory to the temporary git global config as a safe directory
web	Post Run actions/checkout@v4	2026-10-03T16:24:28.3956184Z [command]/usr/bin/git config --global --add safe.directory /home/runner/work/IM-platform/IM-platform
web	Post Run actions/checkout@v4	2026-10-03T16:24:28.4005445Z [command]/usr/bin/git config --local --name-only --get-regexp core\.sshCommand
web	Post Run actions/checkout@v4	2026-10-03T16:24:28.4048543Z [command]/usr/bin/git submodule foreach --recursive sh -c "git config --local --name-only --get-regexp 'core\.sshCommand' && git config --local --unset-all 'core.sshCommand' || :"
web	Post Run actions/checkout@v4	2026-10-03T16:24:28.4326616Z [command]/usr/bin/git config --local --name-only --get-regexp http\.https\:\/\/github\.com\/\.extraheader
web	Post Run actions/checkout@v4	2026-10-03T16:24:28.4357555Z http.https://github.com/.extraheader
web	Post Run actions/checkout@v4	2026-10-03T16:24:28.4372513Z [command]/usr/bin/git config --local --unset-all http.https://github.com/.extraheader
web	Post Run actions/checkout@v4	2026-10-03T16:24:28.4415654Z [command]/usr/bin/git submodule foreach --recursive sh -c "git config --local --name-only --get-regexp 'http\.https\:\/\/github\.com\/\.extraheader' && git config --local --unset-all 'http.https://github.com/.extraheader' || :"
web	Post Run actions/checkout@v4	2026-10-03T16:24:28.4694149Z [command]/usr/bin/git config --local --name-only --get-regexp ^includeIf\.gitdir:
web	Post Run actions/checkout@v4	2026-10-03T16:24:28.4738133Z [command]/usr/bin/git submodule foreach --recursive git config --local --show-origin --name-only --get-regexp remote.origin.url
web	Complete job	﻿2026-10-03T16:24:28.5146088Z Cleaning up orphan processes
web	Complete job	2026-10-03T16:24:28.5547934Z ##[warning]Node.js 20 is deprecated. The following actions target Node.js 20 but are being forced to run on Node.js 24: actions/checkout@v4. For more information see: https://github.blog/changelog/2025-09-19-deprecation-of-node-20-on-github-actions-runners/
