deploy	Set up job	﻿2026-10-03T13:55:51.4193957Z Current runner version: '2.337.0'
deploy	Set up job	2026-10-03T13:55:51.4220857Z ##[group]Runner Image Provisioner
deploy	Set up job	2026-10-03T13:55:51.4221702Z Hosted Compute Agent
deploy	Set up job	2026-10-03T13:55:51.4222373Z Version: 20260901.588
deploy	Set up job	2026-10-03T13:55:51.4223010Z Commit: f88ec8081b781fac6c440065ac7ff9e710ce3d0b
deploy	Set up job	2026-10-03T13:55:51.4223852Z Build Date: 2026-09-01T19:56:44Z
deploy	Set up job	2026-10-03T13:55:51.4224929Z Worker ID: {5fd14efa-5c2d-4ad7-8506-bab205c922b9}
deploy	Set up job	2026-10-03T13:55:51.4225684Z Azure Region: eastus
deploy	Set up job	2026-10-03T13:55:51.4226307Z ##[endgroup]
deploy	Set up job	2026-10-03T13:55:51.4227815Z ##[group]Operating System
deploy	Set up job	2026-10-03T13:55:51.4228475Z Ubuntu
deploy	Set up job	2026-10-03T13:55:51.4229107Z 24.04.5
deploy	Set up job	2026-10-03T13:55:51.4229610Z LTS
deploy	Set up job	2026-10-03T13:55:51.4230150Z ##[endgroup]
deploy	Set up job	2026-10-03T13:55:51.4230709Z ##[group]Runner Image
deploy	Set up job	2026-10-03T13:55:51.4231345Z Image: ubuntu-24.04
deploy	Set up job	2026-10-03T13:55:51.4231997Z Version: 20260927.320.1
deploy	Set up job	2026-10-03T13:55:51.4233060Z Included Software: https://github.com/actions/runner-images/blob/ubuntu24/20260927.320/images/ubuntu/Ubuntu2404-Readme.md
deploy	Set up job	2026-10-03T13:55:51.4235030Z Image Release: https://github.com/actions/runner-images/releases/tag/ubuntu24%2F20260927.320
deploy	Set up job	2026-10-03T13:55:51.4236073Z ##[endgroup]
deploy	Set up job	2026-10-03T13:55:51.4237211Z ##[group]GITHUB_TOKEN Permissions
deploy	Set up job	2026-10-03T13:55:51.4239354Z Contents: read
deploy	Set up job	2026-10-03T13:55:51.4240073Z Metadata: read
deploy	Set up job	2026-10-03T13:55:51.4240699Z ##[endgroup]
deploy	Set up job	2026-10-03T13:55:51.4242838Z Secret source: Actions
deploy	Set up job	2026-10-03T13:55:51.4243820Z Cache mode: write
deploy	Set up job	2026-10-03T13:55:51.4245126Z Prepare workflow directory
deploy	Set up job	2026-10-03T13:55:51.4576918Z Prepare all required actions
deploy	Set up job	2026-10-03T13:55:51.4624055Z Getting action download info
deploy	Set up job	2026-10-03T13:55:51.6827652Z Download action repository 'actions/checkout@v4' (SHA:11d5960a326750d5838078e36cf38b85af677262)
deploy	Set up job	2026-10-03T13:55:51.8892135Z Complete job name: deploy
deploy	Run actions/checkout@v4	﻿2026-10-03T13:55:51.9724105Z ##[group]Run actions/checkout@v4
deploy	Run actions/checkout@v4	2026-10-03T13:55:51.9725338Z with:
deploy	Run actions/checkout@v4	2026-10-03T13:55:51.9725831Z   repository: nilesthump/IM-platform
deploy	Run actions/checkout@v4	2026-10-03T13:55:51.9729862Z   token: ***
deploy	Run actions/checkout@v4	2026-10-03T13:55:51.9730341Z   ssh-strict: true
deploy	Run actions/checkout@v4	2026-10-03T13:55:51.9730826Z   ssh-user: git
deploy	Run actions/checkout@v4	2026-10-03T13:55:51.9731301Z   persist-credentials: true
deploy	Run actions/checkout@v4	2026-10-03T13:55:51.9731793Z   clean: true
deploy	Run actions/checkout@v4	2026-10-03T13:55:51.9732242Z   sparse-checkout-cone-mode: true
deploy	Run actions/checkout@v4	2026-10-03T13:55:51.9732768Z   fetch-depth: 1
deploy	Run actions/checkout@v4	2026-10-03T13:55:51.9733197Z   fetch-tags: false
deploy	Run actions/checkout@v4	2026-10-03T13:55:51.9733635Z   show-progress: true
deploy	Run actions/checkout@v4	2026-10-03T13:55:51.9734071Z   lfs: false
deploy	Run actions/checkout@v4	2026-10-03T13:55:51.9734685Z   submodules: false
deploy	Run actions/checkout@v4	2026-10-03T13:55:51.9735146Z   set-safe-directory: true
deploy	Run actions/checkout@v4	2026-10-03T13:55:51.9735652Z   allow-unsafe-pr-checkout: false
deploy	Run actions/checkout@v4	2026-10-03T13:55:51.9736551Z ##[endgroup]
deploy	Run actions/checkout@v4	2026-10-03T13:55:52.0758823Z Syncing repository: nilesthump/IM-platform
deploy	Run actions/checkout@v4	2026-10-03T13:55:52.0761616Z ##[group]Getting Git version info
deploy	Run actions/checkout@v4	2026-10-03T13:55:52.0762831Z Working directory is '/home/runner/work/IM-platform/IM-platform'
deploy	Run actions/checkout@v4	2026-10-03T13:55:52.0764947Z [command]/usr/bin/git version
deploy	Run actions/checkout@v4	2026-10-03T13:55:52.0884079Z git version 2.55.0
deploy	Run actions/checkout@v4	2026-10-03T13:55:52.0907775Z ##[endgroup]
deploy	Run actions/checkout@v4	2026-10-03T13:55:52.0922798Z Temporarily overriding HOME='/home/runner/work/_temp/34b5cb34-072f-4c67-81a2-477300fa46a9' before making global git config changes
deploy	Run actions/checkout@v4	2026-10-03T13:55:52.0925425Z Adding repository directory to the temporary git global config as a safe directory
deploy	Run actions/checkout@v4	2026-10-03T13:55:52.0928981Z [command]/usr/bin/git config --global --add safe.directory /home/runner/work/IM-platform/IM-platform
deploy	Run actions/checkout@v4	2026-10-03T13:55:52.0986784Z Deleting the contents of '/home/runner/work/IM-platform/IM-platform'
deploy	Run actions/checkout@v4	2026-10-03T13:55:52.0991765Z ##[group]Initializing the repository
deploy	Run actions/checkout@v4	2026-10-03T13:55:52.0996333Z [command]/usr/bin/git init /home/runner/work/IM-platform/IM-platform
deploy	Run actions/checkout@v4	2026-10-03T13:55:52.1137127Z hint: Using 'master' as the name for the initial branch. This default branch name
deploy	Run actions/checkout@v4	2026-10-03T13:55:52.1138770Z hint: will change to "main" in Git 3.0. To configure the initial branch name
deploy	Run actions/checkout@v4	2026-10-03T13:55:52.1140476Z hint: to use in all of your new repositories, which will suppress this warning,
deploy	Run actions/checkout@v4	2026-10-03T13:55:52.1142080Z hint: call:
deploy	Run actions/checkout@v4	2026-10-03T13:55:52.1143076Z hint:
deploy	Run actions/checkout@v4	2026-10-03T13:55:52.1143883Z hint: 	git config --global init.defaultBranch <name>
deploy	Run actions/checkout@v4	2026-10-03T13:55:52.1145121Z hint:
deploy	Run actions/checkout@v4	2026-10-03T13:55:52.1146161Z hint: Names commonly chosen instead of 'master' are 'main', 'trunk' and
deploy	Run actions/checkout@v4	2026-10-03T13:55:52.1147709Z hint: 'development'. The just-created branch can be renamed via this command:
deploy	Run actions/checkout@v4	2026-10-03T13:55:52.1148938Z hint:
deploy	Run actions/checkout@v4	2026-10-03T13:55:52.1149593Z hint: 	git branch -m <name>
deploy	Run actions/checkout@v4	2026-10-03T13:55:52.1150386Z hint:
deploy	Run actions/checkout@v4	2026-10-03T13:55:52.1151494Z hint: Disable this message with "git config set advice.defaultBranchName false"
deploy	Run actions/checkout@v4	2026-10-03T13:55:52.1153233Z Initialized empty Git repository in /home/runner/work/IM-platform/IM-platform/.git/
deploy	Run actions/checkout@v4	2026-10-03T13:55:52.1156184Z [command]/usr/bin/git remote add origin https://github.com/nilesthump/IM-platform
deploy	Run actions/checkout@v4	2026-10-03T13:55:52.1219780Z ##[endgroup]
deploy	Run actions/checkout@v4	2026-10-03T13:55:52.1220994Z ##[group]Disabling automatic garbage collection
deploy	Run actions/checkout@v4	2026-10-03T13:55:52.1222073Z [command]/usr/bin/git config --local gc.auto 0
deploy	Run actions/checkout@v4	2026-10-03T13:55:52.1257300Z ##[endgroup]
deploy	Run actions/checkout@v4	2026-10-03T13:55:52.1258182Z ##[group]Setting up auth
deploy	Run actions/checkout@v4	2026-10-03T13:55:52.1265965Z [command]/usr/bin/git config --local --name-only --get-regexp core\.sshCommand
deploy	Run actions/checkout@v4	2026-10-03T13:55:52.1300073Z [command]/usr/bin/git submodule foreach --recursive sh -c "git config --local --name-only --get-regexp 'core\.sshCommand' && git config --local --unset-all 'core.sshCommand' || :"
deploy	Run actions/checkout@v4	2026-10-03T13:55:52.1717126Z [command]/usr/bin/git config --local --name-only --get-regexp http\.https\:\/\/github\.com\/\.extraheader
deploy	Run actions/checkout@v4	2026-10-03T13:55:52.1756119Z [command]/usr/bin/git submodule foreach --recursive sh -c "git config --local --name-only --get-regexp 'http\.https\:\/\/github\.com\/\.extraheader' && git config --local --unset-all 'http.https://github.com/.extraheader' || :"
deploy	Run actions/checkout@v4	2026-10-03T13:55:52.1991112Z [command]/usr/bin/git config --local --name-only --get-regexp ^includeIf\.gitdir:
deploy	Run actions/checkout@v4	2026-10-03T13:55:52.2030455Z [command]/usr/bin/git submodule foreach --recursive git config --local --show-origin --name-only --get-regexp remote.origin.url
deploy	Run actions/checkout@v4	2026-10-03T13:55:52.2268987Z [command]/usr/bin/git config --local http.https://github.com/.extraheader AUTHORIZATION: basic ***
deploy	Run actions/checkout@v4	2026-10-03T13:55:52.2313062Z ##[endgroup]
deploy	Run actions/checkout@v4	2026-10-03T13:55:52.2313989Z ##[group]Fetching the repository
deploy	Run actions/checkout@v4	2026-10-03T13:55:52.2322946Z [command]/usr/bin/git -c protocol.version=2 fetch --no-tags --prune --no-recurse-submodules --depth=1 origin +6f9341276c6481e982c2a9b2f2d490b76bc1df96:refs/remotes/origin/main
deploy	Run actions/checkout@v4	2026-10-03T13:55:53.8620689Z From https://github.com/nilesthump/IM-platform
deploy	Run actions/checkout@v4	2026-10-03T13:55:53.8623077Z  * [new ref]         6f9341276c6481e982c2a9b2f2d490b76bc1df96 -> origin/main
deploy	Run actions/checkout@v4	2026-10-03T13:55:53.8632413Z ##[endgroup]
deploy	Run actions/checkout@v4	2026-10-03T13:55:53.8634953Z ##[group]Determining the checkout info
deploy	Run actions/checkout@v4	2026-10-03T13:55:53.8637504Z ##[endgroup]
deploy	Run actions/checkout@v4	2026-10-03T13:55:53.8642517Z [command]/usr/bin/git sparse-checkout disable
deploy	Run actions/checkout@v4	2026-10-03T13:55:53.8700598Z [command]/usr/bin/git config --local --unset-all extensions.worktreeConfig
deploy	Run actions/checkout@v4	2026-10-03T13:55:53.8737476Z ##[group]Checking out the ref
deploy	Run actions/checkout@v4	2026-10-03T13:55:53.8742307Z [command]/usr/bin/git checkout --progress --force -B main refs/remotes/origin/main
deploy	Run actions/checkout@v4	2026-10-03T13:55:54.4288659Z Switched to a new branch 'main'
deploy	Run actions/checkout@v4	2026-10-03T13:55:54.4297615Z branch 'main' set up to track 'origin/main'.
deploy	Run actions/checkout@v4	2026-10-03T13:55:54.4325054Z ##[endgroup]
deploy	Run actions/checkout@v4	2026-10-03T13:55:54.4372379Z [command]/usr/bin/git log -1 --format=%H
deploy	Run actions/checkout@v4	2026-10-03T13:55:54.4399031Z 6f9341276c6481e982c2a9b2f2d490b76bc1df96
deploy	Prepare disposable Go profile configuration	﻿2026-10-03T13:55:54.4645694Z ##[group]Run New-Item -ItemType Directory -Path $env:IM_GO_CONFIG_DIR -Force | Out-Null
deploy	Prepare disposable Go profile configuration	2026-10-03T13:55:54.4646540Z ^[[36;1mNew-Item -ItemType Directory -Path $env:IM_GO_CONFIG_DIR -Force | Out-Null^[[0m
deploy	Prepare disposable Go profile configuration	2026-10-03T13:55:54.4647203Z ^[[36;1mAdd-Content -Path $env:GITHUB_ENV -Value "IM_GO_CONFIG_DIR=$env:IM_GO_CONFIG_DIR"^[[0m
deploy	Prepare disposable Go profile configuration	2026-10-03T13:55:54.4647886Z ^[[36;1mCopy-Item backend/go/config.example.json (Join-Path $env:IM_GO_CONFIG_DIR 'config.json')^[[0m
deploy	Prepare disposable Go profile configuration	2026-10-03T13:55:54.4648633Z ^[[36;1m[System.IO.File]::WriteAllText((Join-Path $env:IM_GO_CONFIG_DIR 'pg_password'), 'local-development-only')^[[0m
deploy	Prepare disposable Go profile configuration	2026-10-03T13:55:54.4649661Z ^[[36;1m$key = [Convert]::ToBase64String([System.Security.Cryptography.RandomNumberGenerator]::GetBytes(48))^[[0m
deploy	Prepare disposable Go profile configuration	2026-10-03T13:55:54.4650390Z ^[[36;1m[System.IO.File]::WriteAllText((Join-Path $env:IM_GO_CONFIG_DIR 'jwt_key'), $key)^[[0m
deploy	Prepare disposable Go profile configuration	2026-10-03T13:55:54.4679545Z shell: /usr/bin/pwsh -command ". '{0}'"
deploy	Prepare disposable Go profile configuration	2026-10-03T13:55:54.4679939Z env:
deploy	Prepare disposable Go profile configuration	2026-10-03T13:55:54.4680246Z   IM_GO_CONFIG_DIR: /home/runner/work/_temp/im-go-config
deploy	Prepare disposable Go profile configuration	2026-10-03T13:55:54.4680669Z ##[endgroup]
deploy	Validate both Compose profiles	﻿2026-10-03T13:55:58.4510791Z ##[group]Run docker compose -f deploy/compose.yaml --profile go config --quiet
deploy	Validate both Compose profiles	2026-10-03T13:55:58.4511442Z ^[[36;1mdocker compose -f deploy/compose.yaml --profile go config --quiet^[[0m
deploy	Validate both Compose profiles	2026-10-03T13:55:58.4511954Z ^[[36;1mdocker compose -f deploy/compose.yaml --profile java config --quiet^[[0m
deploy	Validate both Compose profiles	2026-10-03T13:55:58.4577562Z shell: /usr/bin/bash -e {0}
deploy	Validate both Compose profiles	2026-10-03T13:55:58.4577855Z env:
deploy	Validate both Compose profiles	2026-10-03T13:55:58.4578133Z   IM_GO_CONFIG_DIR: /home/runner/work/_temp/im-go-config
deploy	Validate both Compose profiles	2026-10-03T13:55:58.4578473Z ##[endgroup]
deploy	Frozen architecture integrity	﻿2026-10-03T13:55:58.9341589Z ##[group]Run ./tools/verify-frozen-architecture.ps1
deploy	Frozen architecture integrity	2026-10-03T13:55:58.9342098Z ^[[36;1m./tools/verify-frozen-architecture.ps1^[[0m
deploy	Frozen architecture integrity	2026-10-03T13:55:58.9366794Z shell: /usr/bin/pwsh -command ". '{0}'"
deploy	Frozen architecture integrity	2026-10-03T13:55:58.9367103Z env:
deploy	Frozen architecture integrity	2026-10-03T13:55:58.9367357Z   IM_GO_CONFIG_DIR: /home/runner/work/_temp/im-go-config
deploy	Frozen architecture integrity	2026-10-03T13:55:58.9367675Z ##[endgroup]
deploy	Frozen architecture integrity	2026-10-03T13:55:59.7773885Z PASS: v1.1 current SHA/PDF provenance/ADR and section-bound semantic structure; historical migration semantic_change=false; current revision semantic_change=true
deploy	Frozen architecture integrity	2026-10-03T13:55:59.8942348Z test_android_complete_literal_plugin_notations_remain_approved (test_client_technology.ClientTechnologyControls.test_android_complete_literal_plugin_notations_remain_approved) ... ok
deploy	Frozen architecture integrity	2026-10-03T13:55:59.9312929Z test_android_compose_gradle_source_and_tooling (test_client_technology.ClientTechnologyControls.test_android_compose_gradle_source_and_tooling) ... ok
deploy	Frozen architecture integrity	2026-10-03T13:55:59.9483405Z test_android_literal_and_direct_catalog_plugins_remain_approved (test_client_technology.ClientTechnologyControls.test_android_literal_and_direct_catalog_plugins_remain_approved) ... ok
deploy	Frozen architecture integrity	2026-10-03T13:55:59.9976695Z test_android_negative_real_gradle_catalog_import_build_workflow_controls (test_client_technology.ClientTechnologyControls.test_android_negative_real_gradle_catalog_import_build_workflow_controls) ... ok
deploy	Frozen architecture integrity	2026-10-03T13:56:00.0076500Z test_android_plugin_block_shortcuts_and_generic_apply_fail_closed (test_client_technology.ClientTechnologyControls.test_android_plugin_block_shortcuts_and_generic_apply_fail_closed) ... ok
deploy	Frozen architecture integrity	2026-10-03T13:56:00.0188954Z test_android_plugin_declarations_fail_closed (test_client_technology.ClientTechnologyControls.test_android_plugin_declarations_fail_closed) ... ok
deploy	Frozen architecture integrity	2026-10-03T13:56:00.0521603Z test_android_plugin_selectors_require_complete_literal_arguments (test_client_technology.ClientTechnologyControls.test_android_plugin_selectors_require_complete_literal_arguments) ... ok
deploy	Frozen architecture integrity	2026-10-03T13:56:00.0679459Z test_android_quoted_dispatch_text_remains_data (test_client_technology.ClientTechnologyControls.test_android_quoted_dispatch_text_remains_data) ... ok
deploy	Frozen architecture integrity	2026-10-03T13:56:00.0855989Z test_android_quoted_member_dispatch_fails_closed (test_client_technology.ClientTechnologyControls.test_android_quoted_member_dispatch_fails_closed) ... ok
deploy	Frozen architecture integrity	2026-10-03T13:56:00.1018352Z test_android_supported_apply_and_quoted_contexts_remain_approved (test_client_technology.ClientTechnologyControls.test_android_supported_apply_and_quoted_contexts_remain_approved) ... ok
deploy	Frozen architecture integrity	2026-10-03T13:56:00.1189454Z test_android_unsupported_plugin_applications_fail_closed (test_client_technology.ClientTechnologyControls.test_android_unsupported_plugin_applications_fail_closed) ... ok
deploy	Frozen architecture integrity	2026-10-03T13:56:00.1264765Z test_approved_ts_native_config_assets (test_client_technology.ClientTechnologyControls.test_approved_ts_native_config_assets) ... ok
deploy	Frozen architecture integrity	2026-10-03T13:56:00.1280733Z test_authority_missing_or_mutated_is_failure (test_client_technology.ClientTechnologyControls.test_authority_missing_or_mutated_is_failure) ... ok
deploy	Frozen architecture integrity	2026-10-03T13:56:00.1986158Z test_current_active_clients (test_client_technology.ClientTechnologyControls.test_current_active_clients) ... ok
deploy	Frozen architecture integrity	2026-10-03T13:56:00.2191730Z test_forbidden_source_and_config_controls (test_client_technology.ClientTechnologyControls.test_forbidden_source_and_config_controls) ... ok
deploy	Frozen architecture integrity	2026-10-03T13:56:00.2218061Z test_history_is_not_active_client_implementation (test_client_technology.ClientTechnologyControls.test_history_is_not_active_client_implementation) ... ok
deploy	Frozen architecture integrity	2026-10-03T13:56:00.2241614Z test_symlink_cannot_bypass_boundary (test_client_technology.ClientTechnologyControls.test_symlink_cannot_bypass_boundary) ... ok
deploy	Frozen architecture integrity	2026-10-03T13:56:00.2283360Z test_task_paths_and_passing_tests_cannot_approve_framework (test_client_technology.ClientTechnologyControls.test_task_paths_and_passing_tests_cannot_approve_framework) ... ok
deploy	Frozen architecture integrity	2026-10-03T13:56:00.2445889Z test_unapproved_generic_dependencies_and_imports (test_client_technology.ClientTechnologyControls.test_unapproved_generic_dependencies_and_imports) ... ok
deploy	Frozen architecture integrity	2026-10-03T13:56:00.2709090Z test_current_document (test_frozen_architecture.ArchitectureIntegrityTests.test_current_document) ... ok
deploy	Frozen architecture integrity	2026-10-03T13:56:00.4046029Z test_hash_and_provenance_mutations (test_frozen_architecture.ArchitectureIntegrityTests.test_hash_and_provenance_mutations) ... ok
deploy	Frozen architecture integrity	2026-10-03T13:56:00.4273447Z test_layout_flexibility_preserves_semantics (test_frozen_architecture.ArchitectureIntegrityTests.test_layout_flexibility_preserves_semantics) ... ok
deploy	Frozen architecture integrity	2026-10-03T13:56:01.0240230Z test_semantic_negative_controls (test_frozen_architecture.ArchitectureIntegrityTests.test_semantic_negative_controls) ... ok
deploy	Frozen architecture integrity	2026-10-03T13:56:01.0286028Z test_active_task_path_is_never_architecture_waiver (test_source_boundaries.SourceTests.test_active_task_path_is_never_architecture_waiver) ... ok
deploy	Frozen architecture integrity	2026-10-03T13:56:09.3985732Z test_arbitrarily_named_go_root_assembly_helper_valid (test_source_boundaries.SourceTests.test_arbitrarily_named_go_root_assembly_helper_valid) ... ok
deploy	Frozen architecture integrity	2026-10-03T13:56:09.4022021Z test_arbitrarily_named_java_root_assembly_helper_valid (test_source_boundaries.SourceTests.test_arbitrarily_named_java_root_assembly_helper_valid) ... ok
deploy	Frozen architecture integrity	2026-10-03T13:56:09.4483849Z test_cross_service_alias_import_and_build_tag (test_source_boundaries.SourceTests.test_cross_service_alias_import_and_build_tag) ... ok
deploy	Frozen architecture integrity	2026-10-03T13:56:09.4533483Z test_current_governance_and_task_migration_scope_valid (test_source_boundaries.SourceTests.test_current_governance_and_task_migration_scope_valid) ... ok
deploy	Frozen architecture integrity	2026-10-03T13:56:09.4562162Z test_current_java_placeholder_valid_and_no_early_business_required (test_source_boundaries.SourceTests.test_current_java_placeholder_valid_and_no_early_business_required) ... ok
deploy	Frozen architecture integrity	2026-10-03T13:56:09.4590705Z test_future_java_business_root_and_shared_disguise (test_source_boundaries.SourceTests.test_future_java_business_root_and_shared_disguise) ... ok
deploy	Frozen architecture integrity	2026-10-03T13:56:09.4616238Z test_future_java_cross_service_shared_reverse_and_fully_qualified (test_source_boundaries.SourceTests.test_future_java_cross_service_shared_reverse_and_fully_qualified) ... ok
deploy	Frozen architecture integrity	2026-10-03T13:56:10.7645734Z test_future_java_single_layout_compiles_and_imports_checked (test_source_boundaries.SourceTests.test_future_java_single_layout_compiles_and_imports_checked) ... ok
deploy	Frozen architecture integrity	2026-10-03T13:56:10.8106072Z test_gateway_cannot_write_session_or_outbox (test_source_boundaries.SourceTests.test_gateway_cannot_write_session_or_outbox) ... ok
deploy	Frozen architecture integrity	2026-10-03T13:56:10.8140784Z test_java_dynamic_jdbc_shared_repository_and_gateway_write_rejected (test_source_boundaries.SourceTests.test_java_dynamic_jdbc_shared_repository_and_gateway_write_rejected) ... ok
deploy	Frozen architecture integrity	2026-10-03T13:56:10.8166464Z test_java_gateway_dynamic_update_with_select_decoy_rejected (test_source_boundaries.SourceTests.test_java_gateway_dynamic_update_with_select_decoy_rejected) ... ok
deploy	Frozen architecture integrity	2026-10-03T13:56:10.8224608Z test_java_gateway_execute_cannot_borrow_unrelated_select_literal (test_source_boundaries.SourceTests.test_java_gateway_execute_cannot_borrow_unrelated_select_literal) ... ok
deploy	Frozen architecture integrity	2026-10-03T13:56:10.8255920Z test_java_gateway_executequery_and_connection_lifecycle_valid (test_source_boundaries.SourceTests.test_java_gateway_executequery_and_connection_lifecycle_valid) ... ok
deploy	Frozen architecture integrity	2026-10-03T13:56:10.8280752Z test_java_gateway_readonly_session_and_shared_token_primitive_valid (test_source_boundaries.SourceTests.test_java_gateway_readonly_session_and_shared_token_primitive_valid) ... ok
deploy	Frozen architecture integrity	2026-10-03T13:56:10.8461383Z test_java_noncore_jdbc_transaction_controls_rejected (test_source_boundaries.SourceTests.test_java_noncore_jdbc_transaction_controls_rejected) ... ok
deploy	Frozen architecture integrity	2026-10-03T13:56:10.8469131Z test_java_placeholder_cannot_grow_business (test_source_boundaries.SourceTests.test_java_placeholder_cannot_grow_business) ... ok
deploy	Frozen architecture integrity	2026-10-03T13:56:10.8492139Z test_java_unicode_import_cannot_bypass_dependency (test_source_boundaries.SourceTests.test_java_unicode_import_cannot_bypass_dependency) ... ok
deploy	Frozen architecture integrity	2026-10-03T13:56:13.5305927Z test_legal_single_module_go_runtime_and_blackbox_test (test_source_boundaries.SourceTests.test_legal_single_module_go_runtime_and_blackbox_test) ... ok
deploy	Frozen architecture integrity	2026-10-03T13:56:13.5749869Z test_main_whitelisted_name_cannot_hide_business (test_source_boundaries.SourceTests.test_main_whitelisted_name_cannot_hide_business) ... ok
deploy	Frozen architecture integrity	2026-10-03T13:56:13.5777199Z test_placeholder_exit_and_business_not_permanent_exception (test_source_boundaries.SourceTests.test_placeholder_exit_and_business_not_permanent_exception) ... ok
deploy	Frozen architecture integrity	2026-10-03T13:56:13.5832588Z test_plain_bullet_task_path_checked_and_legal_core_accepted (test_source_boundaries.SourceTests.test_plain_bullet_task_path_checked_and_legal_core_accepted) ... ok
deploy	Frozen architecture integrity	2026-10-03T13:56:13.6289304Z test_real_old_go_layout_rejected_without_name_hardcoding (test_source_boundaries.SourceTests.test_real_old_go_layout_rejected_without_name_hardcoding) ... ok
deploy	Frozen architecture integrity	2026-10-03T13:56:13.6745433Z test_root_new_business_and_unapproved_internal (test_source_boundaries.SourceTests.test_root_new_business_and_unapproved_internal) ... ok
deploy	Frozen architecture integrity	2026-10-03T13:56:13.7205194Z test_root_test_name_cannot_hide_business (test_source_boundaries.SourceTests.test_root_test_name_cannot_hide_business) ... ok
deploy	Frozen architecture integrity	2026-10-03T13:56:13.7669790Z test_shared_generic_repository_call_rejected_without_sql_literal (test_source_boundaries.SourceTests.test_shared_generic_repository_call_rejected_without_sql_literal) ... ok
deploy	Frozen architecture integrity	2026-10-03T13:56:13.7699836Z test_shared_java_connection_factory_is_support_not_repository (test_source_boundaries.SourceTests.test_shared_java_connection_factory_is_support_not_repository) ... ok
deploy	Frozen architecture integrity	2026-10-03T13:56:13.8163773Z test_shared_reverse_dependency_and_moved_full_auth (test_source_boundaries.SourceTests.test_shared_reverse_dependency_and_moved_full_auth) ... ok
deploy	Frozen architecture integrity	2026-10-03T13:56:13.8638725Z test_syntax_failure_cannot_be_skipped (test_source_boundaries.SourceTests.test_syntax_failure_cannot_be_skipped) ... ok
deploy	Frozen architecture integrity	2026-10-03T13:56:13.8691788Z test_workflow_missing_commands_dependencies_and_suppression_rejected (test_source_boundaries.SourceTests.test_workflow_missing_commands_dependencies_and_suppression_rejected) ... ok
deploy	Frozen architecture integrity	2026-10-03T13:56:13.8693420Z 
deploy	Frozen architecture integrity	2026-10-03T13:56:13.8693675Z ----------------------------------------------------------------------
deploy	Frozen architecture integrity	2026-10-03T13:56:13.8694208Z Ran 53 tests in 14.006s
deploy	Frozen architecture integrity	2026-10-03T13:56:13.8694659Z 
deploy	Frozen architecture integrity	2026-10-03T13:56:13.8694777Z OK
deploy	Go transport smoke	﻿2026-10-03T13:56:13.9285557Z ##[group]Run ./tests/infrastructure/smoke.ps1 -Profile go
deploy	Go transport smoke	2026-10-03T13:56:13.9286035Z ^[[36;1m./tests/infrastructure/smoke.ps1 -Profile go^[[0m
deploy	Go transport smoke	2026-10-03T13:56:13.9311198Z shell: /usr/bin/pwsh -command ". '{0}'"
deploy	Go transport smoke	2026-10-03T13:56:13.9311484Z env:
deploy	Go transport smoke	2026-10-03T13:56:13.9311750Z   IM_GO_CONFIG_DIR: /home/runner/work/_temp/im-go-config
deploy	Go transport smoke	2026-10-03T13:56:13.9312073Z ##[endgroup]
deploy	Go transport smoke	2026-10-03T13:56:46.0121679Z /var/run/postgresql:5432 - accepting connections
deploy	Go transport smoke	2026-10-03T13:56:46.5502267Z PASS: go profile, PostgreSQL migration, Core NATS, HTTPS and WSS over Tls13
deploy	Go Auth actual roles and TLS event smoke	﻿2026-10-03T13:56:47.2217639Z ##[group]Run python3 tests/go/live_role_smoke.py
deploy	Go Auth actual roles and TLS event smoke	2026-10-03T13:56:47.2218067Z ^[[36;1mpython3 tests/go/live_role_smoke.py^[[0m
deploy	Go Auth actual roles and TLS event smoke	2026-10-03T13:56:47.2281475Z shell: /usr/bin/bash -e {0}
deploy	Go Auth actual roles and TLS event smoke	2026-10-03T13:56:47.2281750Z env:
deploy	Go Auth actual roles and TLS event smoke	2026-10-03T13:56:47.2282016Z   IM_GO_CONFIG_DIR: /home/runner/work/_temp/im-go-config
deploy	Go Auth actual roles and TLS event smoke	2026-10-03T13:56:47.2282347Z ##[endgroup]
deploy	Go Auth actual roles and TLS event smoke	2026-10-03T13:56:47.5444867Z #1 [internal] load local bake definitions
deploy	Go Auth actual roles and TLS event smoke	2026-10-03T13:56:47.6453568Z #1 reading from stdin 1.45kB done
deploy	Go Auth actual roles and TLS event smoke	2026-10-03T13:56:47.6454110Z #1 DONE 0.0s
deploy	Go Auth actual roles and TLS event smoke	2026-10-03T13:56:47.6454509Z 
deploy	Go Auth actual roles and TLS event smoke	2026-10-03T13:56:47.6454787Z #2 [core-go internal] load build definition from Dockerfile
deploy	Go Auth actual roles and TLS event smoke	2026-10-03T13:56:47.6455411Z #2 transferring dockerfile: 247B done
deploy	Go Auth actual roles and TLS event smoke	2026-10-03T13:56:47.7570936Z #2 transferring dockerfile: 247B done
deploy	Go Auth actual roles and TLS event smoke	2026-10-03T13:56:47.7571554Z #2 DONE 0.0s
deploy	Go Auth actual roles and TLS event smoke	2026-10-03T13:56:47.7571756Z 
deploy	Go Auth actual roles and TLS event smoke	2026-10-03T13:56:47.7572064Z #3 [migrate internal] load build definition from migrate.Dockerfile
deploy	Go Auth actual roles and TLS event smoke	2026-10-03T13:56:47.7572731Z #3 transferring dockerfile: 229B done
deploy	Go Auth actual roles and TLS event smoke	2026-10-03T13:56:47.7573450Z #3 DONE 0.0s
deploy	Go Auth actual roles and TLS event smoke	2026-10-03T13:56:47.7573645Z 
deploy	Go Auth actual roles and TLS event smoke	2026-10-03T13:56:47.7574028Z #4 [migrate internal] load metadata for docker.io/library/python:3.12-alpine
deploy	Go Auth actual roles and TLS event smoke	2026-10-03T13:56:47.7574960Z #4 DONE 0.1s
deploy	Go Auth actual roles and TLS event smoke	2026-10-03T13:56:47.7575191Z 
deploy	Go Auth actual roles and TLS event smoke	2026-10-03T13:56:47.7575416Z #5 [migrate internal] load .dockerignore
deploy	Go Auth actual roles and TLS event smoke	2026-10-03T13:56:47.7575949Z #5 transferring context: 2B done
deploy	Go Auth actual roles and TLS event smoke	2026-10-03T13:56:47.7576245Z #5 DONE 0.0s
deploy	Go Auth actual roles and TLS event smoke	2026-10-03T13:56:47.7576394Z 
deploy	Go Auth actual roles and TLS event smoke	2026-10-03T13:56:47.7576753Z #6 [core-go internal] load metadata for docker.io/library/alpine:3.21
deploy	Go Auth actual roles and TLS event smoke	2026-10-03T13:56:47.7577432Z #6 DONE 0.1s
deploy	Go Auth actual roles and TLS event smoke	2026-10-03T13:56:47.7577636Z 
deploy	Go Auth actual roles and TLS event smoke	2026-10-03T13:56:47.7578248Z #7 [migrate 1/4] FROM docker.io/library/python:3.12-alpine@sha256:0687a6bc9716edc2a6ee0fbfb0f87e7ee358b262b67c9215de91bc9b2d38ba71
deploy	Go Auth actual roles and TLS event smoke	2026-10-03T13:56:47.7579130Z #7 DONE 0.0s
deploy	Go Auth actual roles and TLS event smoke	2026-10-03T13:56:47.7579333Z 
deploy	Go Auth actual roles and TLS event smoke	2026-10-03T13:56:47.7579691Z #8 [core-go internal] load metadata for docker.io/library/golang:1.25-alpine
deploy	Go Auth actual roles and TLS event smoke	2026-10-03T13:56:47.7580292Z #8 DONE 0.1s
deploy	Go Auth actual roles and TLS event smoke	2026-10-03T13:56:47.7580422Z 
deploy	Go Auth actual roles and TLS event smoke	2026-10-03T13:56:47.7580561Z #9 [migrate internal] load build context
deploy	Go Auth actual roles and TLS event smoke	2026-10-03T13:56:47.7581121Z #9 transferring context: 401B done
deploy	Go Auth actual roles and TLS event smoke	2026-10-03T13:56:47.7581415Z #9 DONE 0.0s
deploy	Go Auth actual roles and TLS event smoke	2026-10-03T13:56:47.7581545Z 
deploy	Go Auth actual roles and TLS event smoke	2026-10-03T13:56:47.7581777Z #10 [gateway-go internal] load .dockerignore
deploy	Go Auth actual roles and TLS event smoke	2026-10-03T13:56:47.7582301Z #10 transferring context: 2B done
deploy	Go Auth actual roles and TLS event smoke	2026-10-03T13:56:47.7582632Z #10 DONE 0.0s
deploy	Go Auth actual roles and TLS event smoke	2026-10-03T13:56:47.7582755Z 
deploy	Go Auth actual roles and TLS event smoke	2026-10-03T13:56:47.7582862Z #11 [migrate 3/4] WORKDIR /work
deploy	Go Auth actual roles and TLS event smoke	2026-10-03T13:56:47.7583296Z #11 CACHED
deploy	Go Auth actual roles and TLS event smoke	2026-10-03T13:56:47.7583423Z 
deploy	Go Auth actual roles and TLS event smoke	2026-10-03T13:56:47.7583589Z #12 [migrate 2/4] RUN apk add --no-cache postgresql-client
deploy	Go Auth actual roles and TLS event smoke	2026-10-03T13:56:47.7584293Z #12 CACHED
deploy	Go Auth actual roles and TLS event smoke	2026-10-03T13:56:47.7584722Z 
deploy	Go Auth actual roles and TLS event smoke	2026-10-03T13:56:47.7585024Z #13 [migrate 4/4] COPY contracts/database /work/contracts/database
deploy	Go Auth actual roles and TLS event smoke	2026-10-03T13:56:47.7585453Z #13 CACHED
deploy	Go Auth actual roles and TLS event smoke	2026-10-03T13:56:47.7585620Z 
deploy	Go Auth actual roles and TLS event smoke	2026-10-03T13:56:47.7586226Z #14 [core-go stage-1 1/2] FROM docker.io/library/alpine:3.21@sha256:ce64758a109eb420d874a118f87920e625e12d3634e03b4a5573fd9f6e5d3507
deploy	Go Auth actual roles and TLS event smoke	2026-10-03T13:56:47.7587095Z #14 DONE 0.0s
deploy	Go Auth actual roles and TLS event smoke	2026-10-03T13:56:47.7587303Z 
deploy	Go Auth actual roles and TLS event smoke	2026-10-03T13:56:47.7587837Z #15 [core-go build 1/6] FROM docker.io/library/golang:1.25-alpine@sha256:1ae0735f00daffa3aaf1363a5184c0d2dc55c78e3db4ec70241cdac97bf84b59
deploy	Go Auth actual roles and TLS event smoke	2026-10-03T13:56:47.7588675Z #15 DONE 0.0s
deploy	Go Auth actual roles and TLS event smoke	2026-10-03T13:56:47.7588864Z 
deploy	Go Auth actual roles and TLS event smoke	2026-10-03T13:56:47.7588977Z #16 [migrate] exporting to image
deploy	Go Auth actual roles and TLS event smoke	2026-10-03T13:56:47.7589256Z #16 exporting layers done
deploy	Go Auth actual roles and TLS event smoke	2026-10-03T13:56:47.7589988Z #16 writing image sha256:48c4995b46c1c08b5d34ec06ce3e5a989f31da6eca9239ce5f0b53706709387c done
deploy	Go Auth actual roles and TLS event smoke	2026-10-03T13:56:47.7590789Z #16 naming to docker.io/library/im-arch4-live-8300-migrate done
deploy	Go Auth actual roles and TLS event smoke	2026-10-03T13:56:47.7591270Z #16 DONE 0.0s
deploy	Go Auth actual roles and TLS event smoke	2026-10-03T13:56:47.7591396Z 
deploy	Go Auth actual roles and TLS event smoke	2026-10-03T13:56:47.7591513Z #17 [core-go internal] load build context
deploy	Go Auth actual roles and TLS event smoke	2026-10-03T13:56:47.7591833Z #17 transferring context: 1.56kB done
deploy	Go Auth actual roles and TLS event smoke	2026-10-03T13:56:47.7592097Z #17 DONE 0.0s
deploy	Go Auth actual roles and TLS event smoke	2026-10-03T13:56:47.7592217Z 
deploy	Go Auth actual roles and TLS event smoke	2026-10-03T13:56:47.7592431Z #18 [plugin-host-go build 5/6] COPY . .
deploy	Go Auth actual roles and TLS event smoke	2026-10-03T13:56:47.7593476Z #18 CACHED
deploy	Go Auth actual roles and TLS event smoke	2026-10-03T13:56:47.7593675Z 
deploy	Go Auth actual roles and TLS event smoke	2026-10-03T13:56:47.7593905Z #19 [plugin-host-go build 3/6] COPY go.mod go.sum ./
deploy	Go Auth actual roles and TLS event smoke	2026-10-03T13:56:47.7594734Z #19 CACHED
deploy	Go Auth actual roles and TLS event smoke	2026-10-03T13:56:47.7594950Z 
deploy	Go Auth actual roles and TLS event smoke	2026-10-03T13:56:47.7595276Z #20 [plugin-host-go build 6/6] RUN CGO_ENABLED=0 go build -o /im-go .
deploy	Go Auth actual roles and TLS event smoke	2026-10-03T13:56:47.7595920Z #20 CACHED
deploy	Go Auth actual roles and TLS event smoke	2026-10-03T13:56:47.7596140Z 
deploy	Go Auth actual roles and TLS event smoke	2026-10-03T13:56:47.7596378Z #21 [plugin-host-go build 4/6] RUN go mod download
deploy	Go Auth actual roles and TLS event smoke	2026-10-03T13:56:47.7596899Z #21 CACHED
deploy	Go Auth actual roles and TLS event smoke	2026-10-03T13:56:47.7597095Z 
deploy	Go Auth actual roles and TLS event smoke	2026-10-03T13:56:47.7597297Z #22 [plugin-host-go build 2/6] WORKDIR /src
deploy	Go Auth actual roles and TLS event smoke	2026-10-03T13:56:47.7597780Z #22 CACHED
deploy	Go Auth actual roles and TLS event smoke	2026-10-03T13:56:47.7597979Z 
deploy	Go Auth actual roles and TLS event smoke	2026-10-03T13:56:47.7598263Z #23 [plugin-host-go stage-1 2/2] COPY --from=build /im-go /im-go
deploy	Go Auth actual roles and TLS event smoke	2026-10-03T13:56:47.7598721Z #23 CACHED
deploy	Go Auth actual roles and TLS event smoke	2026-10-03T13:56:47.7598944Z 
deploy	Go Auth actual roles and TLS event smoke	2026-10-03T13:56:47.7599169Z #24 [plugin-host-go] exporting to image
deploy	Go Auth actual roles and TLS event smoke	2026-10-03T13:56:47.7599565Z #24 exporting layers done
deploy	Go Auth actual roles and TLS event smoke	2026-10-03T13:56:47.7600012Z #24 writing image sha256:18c85621ea7c0d139c223c103730201ecfc2feb6d316b53eac38e951fd56c94a done
deploy	Go Auth actual roles and TLS event smoke	2026-10-03T13:56:47.7600604Z #24 naming to docker.io/library/im-arch4-live-8300-plugin-host-go done
deploy	Go Auth actual roles and TLS event smoke	2026-10-03T13:56:47.7600989Z #24 DONE 0.0s
deploy	Go Auth actual roles and TLS event smoke	2026-10-03T13:56:47.7601121Z 
deploy	Go Auth actual roles and TLS event smoke	2026-10-03T13:56:47.7601240Z #25 [gateway-go] exporting to image
deploy	Go Auth actual roles and TLS event smoke	2026-10-03T13:56:47.7601523Z #25 exporting layers done
deploy	Go Auth actual roles and TLS event smoke	2026-10-03T13:56:47.7601943Z #25 writing image sha256:18c85621ea7c0d139c223c103730201ecfc2feb6d316b53eac38e951fd56c94a done
deploy	Go Auth actual roles and TLS event smoke	2026-10-03T13:56:47.7602488Z #25 naming to docker.io/library/im-arch4-live-8300-gateway-go done
deploy	Go Auth actual roles and TLS event smoke	2026-10-03T13:56:47.7602887Z #25 DONE 0.0s
deploy	Go Auth actual roles and TLS event smoke	2026-10-03T13:56:47.7603007Z 
deploy	Go Auth actual roles and TLS event smoke	2026-10-03T13:56:47.7603116Z #26 [core-go] exporting to image
deploy	Go Auth actual roles and TLS event smoke	2026-10-03T13:56:47.7603383Z #26 exporting layers done
deploy	Go Auth actual roles and TLS event smoke	2026-10-03T13:56:47.7603803Z #26 writing image sha256:18c85621ea7c0d139c223c103730201ecfc2feb6d316b53eac38e951fd56c94a done
deploy	Go Auth actual roles and TLS event smoke	2026-10-03T13:56:47.7604595Z #26 naming to docker.io/library/im-arch4-live-8300-core-go done
deploy	Go Auth actual roles and TLS event smoke	2026-10-03T13:56:47.7605124Z #26 DONE 0.0s
deploy	Go Auth actual roles and TLS event smoke	2026-10-03T13:56:47.7605276Z 
deploy	Go Auth actual roles and TLS event smoke	2026-10-03T13:56:47.7605424Z #27 [migrate] resolving provenance for metadata file
deploy	Go Auth actual roles and TLS event smoke	2026-10-03T13:56:47.7605752Z #27 DONE 0.0s
deploy	Go Auth actual roles and TLS event smoke	2026-10-03T13:56:47.7605876Z 
deploy	Go Auth actual roles and TLS event smoke	2026-10-03T13:56:47.7606030Z #28 [gateway-go] resolving provenance for metadata file
deploy	Go Auth actual roles and TLS event smoke	2026-10-03T13:56:47.7749161Z #28 DONE 0.0s
deploy	Go Auth actual roles and TLS event smoke	2026-10-03T13:56:47.7752836Z  plugin-host-go  Built
deploy	Go Auth actual roles and TLS event smoke	2026-10-03T13:56:47.7753115Z 
deploy	Go Auth actual roles and TLS event smoke	2026-10-03T13:56:47.7753433Z  migrate  Built
deploy	Go Auth actual roles and TLS event smoke	2026-10-03T13:56:47.7753807Z  gateway-go  Built
deploy	Go Auth actual roles and TLS event smoke	2026-10-03T13:56:47.7754179Z  core-go  Built
deploy	Go Auth actual roles and TLS event smoke	2026-10-03T13:56:47.7754910Z #29 [plugin-host-go] resolving provenance for metadata file
deploy	Go Auth actual roles and TLS event smoke	2026-10-03T13:56:47.7755478Z #29 DONE 0.0s
deploy	Go Auth actual roles and TLS event smoke	2026-10-03T13:56:47.7755647Z 
deploy	Go Auth actual roles and TLS event smoke	2026-10-03T13:56:47.7755813Z #30 [core-go] resolving provenance for metadata file
deploy	Go Auth actual roles and TLS event smoke	2026-10-03T13:56:47.7756261Z #30 DONE 0.0s
deploy	Go Auth actual roles and TLS event smoke	2026-10-03T13:56:47.7762750Z  Network im-arch4-live-8300_default  Creating
deploy	Go Auth actual roles and TLS event smoke	2026-10-03T13:56:47.8154427Z  Network im-arch4-live-8300_default  Created
deploy	Go Auth actual roles and TLS event smoke	2026-10-03T13:56:47.8159465Z  Volume "im-arch4-live-8300_caddy-go-data"  Creating
deploy	Go Auth actual roles and TLS event smoke	2026-10-03T13:56:47.8168687Z  Volume "im-arch4-live-8300_caddy-go-data"  Created
deploy	Go Auth actual roles and TLS event smoke	2026-10-03T13:56:47.8172279Z  Volume "im-arch4-live-8300_postgres-data"  Creating
deploy	Go Auth actual roles and TLS event smoke	2026-10-03T13:56:47.8180062Z  Volume "im-arch4-live-8300_postgres-data"  Created
deploy	Go Auth actual roles and TLS event smoke	2026-10-03T13:56:47.8183694Z  Container im-arch4-live-8300-postgres-1  Creating
deploy	Go Auth actual roles and TLS event smoke	2026-10-03T13:56:47.8197821Z  Container im-arch4-live-8300-nats-1  Creating
deploy	Go Auth actual roles and TLS event smoke	2026-10-03T13:56:47.8384901Z  Container im-arch4-live-8300-nats-1  Created
deploy	Go Auth actual roles and TLS event smoke	2026-10-03T13:56:47.8385546Z  Container im-arch4-live-8300-postgres-1  Created
deploy	Go Auth actual roles and TLS event smoke	2026-10-03T13:56:47.8386064Z  Container im-arch4-live-8300-migrate-1  Creating
deploy	Go Auth actual roles and TLS event smoke	2026-10-03T13:56:47.8472412Z  Container im-arch4-live-8300-migrate-1  Created
deploy	Go Auth actual roles and TLS event smoke	2026-10-03T13:56:47.8473084Z  Container im-arch4-live-8300-gateway-go-1  Creating
deploy	Go Auth actual roles and TLS event smoke	2026-10-03T13:56:47.8477970Z  Container im-arch4-live-8300-core-go-1  Creating
deploy	Go Auth actual roles and TLS event smoke	2026-10-03T13:56:47.8480747Z  Container im-arch4-live-8300-plugin-host-go-1  Creating
deploy	Go Auth actual roles and TLS event smoke	2026-10-03T13:56:47.8627659Z  Container im-arch4-live-8300-gateway-go-1  Created
deploy	Go Auth actual roles and TLS event smoke	2026-10-03T13:56:47.8629526Z  Container im-arch4-live-8300-core-go-1  Created
deploy	Go Auth actual roles and TLS event smoke	2026-10-03T13:56:47.8630349Z  Container im-arch4-live-8300-tls-go-1  Creating
deploy	Go Auth actual roles and TLS event smoke	2026-10-03T13:56:47.8630805Z  Container im-arch4-live-8300-plugin-host-go-1  Created
deploy	Go Auth actual roles and TLS event smoke	2026-10-03T13:56:47.8744119Z  Container im-arch4-live-8300-tls-go-1  Created
deploy	Go Auth actual roles and TLS event smoke	2026-10-03T13:56:47.8758531Z  Container im-arch4-live-8300-nats-1  Starting
deploy	Go Auth actual roles and TLS event smoke	2026-10-03T13:56:47.8759214Z  Container im-arch4-live-8300-postgres-1  Starting
deploy	Go Auth actual roles and TLS event smoke	2026-10-03T13:56:48.0258707Z  Container im-arch4-live-8300-nats-1  Started
deploy	Go Auth actual roles and TLS event smoke	2026-10-03T13:56:48.0395136Z  Container im-arch4-live-8300-postgres-1  Started
deploy	Go Auth actual roles and TLS event smoke	2026-10-03T13:56:48.0395934Z  Container im-arch4-live-8300-postgres-1  Waiting
deploy	Go Auth actual roles and TLS event smoke	2026-10-03T13:56:50.5393060Z  Container im-arch4-live-8300-postgres-1  Healthy
deploy	Go Auth actual roles and TLS event smoke	2026-10-03T13:56:50.5393837Z  Container im-arch4-live-8300-migrate-1  Starting
deploy	Go Auth actual roles and TLS event smoke	2026-10-03T13:56:50.6500484Z  Container im-arch4-live-8300-migrate-1  Started
deploy	Go Auth actual roles and TLS event smoke	2026-10-03T13:56:50.6501223Z  Container im-arch4-live-8300-migrate-1  Waiting
deploy	Go Auth actual roles and TLS event smoke	2026-10-03T13:56:50.6501854Z  Container im-arch4-live-8300-nats-1  Waiting
deploy	Go Auth actual roles and TLS event smoke	2026-10-03T13:56:50.6502437Z  Container im-arch4-live-8300-migrate-1  Waiting
deploy	Go Auth actual roles and TLS event smoke	2026-10-03T13:56:50.6502982Z  Container im-arch4-live-8300-nats-1  Waiting
deploy	Go Auth actual roles and TLS event smoke	2026-10-03T13:56:50.6503558Z  Container im-arch4-live-8300-migrate-1  Waiting
deploy	Go Auth actual roles and TLS event smoke	2026-10-03T13:56:51.1517279Z  Container im-arch4-live-8300-migrate-1  Exited
deploy	Go Auth actual roles and TLS event smoke	2026-10-03T13:56:51.1518461Z  Container im-arch4-live-8300-plugin-host-go-1  Starting
deploy	Go Auth actual roles and TLS event smoke	2026-10-03T13:56:51.1520191Z  Container im-arch4-live-8300-nats-1  Healthy
deploy	Go Auth actual roles and TLS event smoke	2026-10-03T13:56:51.1521124Z  Container im-arch4-live-8300-nats-1  Healthy
deploy	Go Auth actual roles and TLS event smoke	2026-10-03T13:56:51.1522037Z  Container im-arch4-live-8300-migrate-1  Exited
deploy	Go Auth actual roles and TLS event smoke	2026-10-03T13:56:51.1522633Z  Container im-arch4-live-8300-core-go-1  Starting
deploy	Go Auth actual roles and TLS event smoke	2026-10-03T13:56:51.1523593Z  Container im-arch4-live-8300-migrate-1  Exited
deploy	Go Auth actual roles and TLS event smoke	2026-10-03T13:56:51.1524464Z  Container im-arch4-live-8300-gateway-go-1  Starting
deploy	Go Auth actual roles and TLS event smoke	2026-10-03T13:56:51.3216019Z  Container im-arch4-live-8300-gateway-go-1  Started
deploy	Go Auth actual roles and TLS event smoke	2026-10-03T13:56:51.3219055Z  Container im-arch4-live-8300-tls-go-1  Starting
deploy	Go Auth actual roles and TLS event smoke	2026-10-03T13:56:51.3387475Z  Container im-arch4-live-8300-core-go-1  Started
deploy	Go Auth actual roles and TLS event smoke	2026-10-03T13:56:51.3527337Z  Container im-arch4-live-8300-plugin-host-go-1  Started
deploy	Go Auth actual roles and TLS event smoke	2026-10-03T13:56:51.4612724Z  Container im-arch4-live-8300-tls-go-1  Started
deploy	Go Auth actual roles and TLS event smoke	2026-10-03T13:56:53.9171724Z  Container im-arch4-live-8300-tls-go-1  Stopping
deploy	Go Auth actual roles and TLS event smoke	2026-10-03T13:56:53.9172690Z  Container im-arch4-live-8300-plugin-host-go-1  Stopping
deploy	Go Auth actual roles and TLS event smoke	2026-10-03T13:56:53.9173812Z  Container im-arch4-live-8300-core-go-1  Stopping
deploy	Go Auth actual roles and TLS event smoke	2026-10-03T13:56:54.0209231Z  Container im-arch4-live-8300-plugin-host-go-1  Stopped
deploy	Go Auth actual roles and TLS event smoke	2026-10-03T13:56:54.0212078Z  Container im-arch4-live-8300-plugin-host-go-1  Removing
deploy	Go Auth actual roles and TLS event smoke	2026-10-03T13:56:54.0301273Z  Container im-arch4-live-8300-plugin-host-go-1  Removed
deploy	Go Auth actual roles and TLS event smoke	2026-10-03T13:56:54.0449541Z  Container im-arch4-live-8300-core-go-1  Stopped
deploy	Go Auth actual roles and TLS event smoke	2026-10-03T13:56:54.0451613Z  Container im-arch4-live-8300-core-go-1  Removing
deploy	Go Auth actual roles and TLS event smoke	2026-10-03T13:56:54.0536053Z  Container im-arch4-live-8300-core-go-1  Removed
deploy	Go Auth actual roles and TLS event smoke	2026-10-03T13:56:54.0539733Z  Container im-arch4-live-8300-tls-go-1  Stopped
deploy	Go Auth actual roles and TLS event smoke	2026-10-03T13:56:54.0540904Z  Container im-arch4-live-8300-tls-go-1  Removing
deploy	Go Auth actual roles and TLS event smoke	2026-10-03T13:56:54.0617738Z  Container im-arch4-live-8300-tls-go-1  Removed
deploy	Go Auth actual roles and TLS event smoke	2026-10-03T13:56:54.0618684Z  Container im-arch4-live-8300-gateway-go-1  Stopping
deploy	Go Auth actual roles and TLS event smoke	2026-10-03T13:56:54.1352903Z  Container im-arch4-live-8300-gateway-go-1  Stopped
deploy	Go Auth actual roles and TLS event smoke	2026-10-03T13:56:54.1354041Z  Container im-arch4-live-8300-gateway-go-1  Removing
deploy	Go Auth actual roles and TLS event smoke	2026-10-03T13:56:54.1452795Z  Container im-arch4-live-8300-gateway-go-1  Removed
deploy	Go Auth actual roles and TLS event smoke	2026-10-03T13:56:54.1454018Z  Container im-arch4-live-8300-nats-1  Stopping
deploy	Go Auth actual roles and TLS event smoke	2026-10-03T13:56:54.1457635Z  Container im-arch4-live-8300-migrate-1  Stopping
deploy	Go Auth actual roles and TLS event smoke	2026-10-03T13:56:54.1461419Z  Container im-arch4-live-8300-migrate-1  Stopped
deploy	Go Auth actual roles and TLS event smoke	2026-10-03T13:56:54.1462867Z  Container im-arch4-live-8300-migrate-1  Removing
deploy	Go Auth actual roles and TLS event smoke	2026-10-03T13:56:54.1632954Z  Container im-arch4-live-8300-migrate-1  Removed
deploy	Go Auth actual roles and TLS event smoke	2026-10-03T13:56:54.1635381Z  Container im-arch4-live-8300-postgres-1  Stopping
deploy	Go Auth actual roles and TLS event smoke	2026-10-03T13:56:54.2372023Z  Container im-arch4-live-8300-nats-1  Stopped
deploy	Go Auth actual roles and TLS event smoke	2026-10-03T13:56:54.2373283Z  Container im-arch4-live-8300-nats-1  Removing
deploy	Go Auth actual roles and TLS event smoke	2026-10-03T13:56:54.2439679Z  Container im-arch4-live-8300-nats-1  Removed
deploy	Go Auth actual roles and TLS event smoke	2026-10-03T13:56:54.2834830Z  Container im-arch4-live-8300-postgres-1  Stopped
deploy	Go Auth actual roles and TLS event smoke	2026-10-03T13:56:54.2835594Z  Container im-arch4-live-8300-postgres-1  Removing
deploy	Go Auth actual roles and TLS event smoke	2026-10-03T13:56:54.2891484Z  Container im-arch4-live-8300-postgres-1  Removed
deploy	Go Auth actual roles and TLS event smoke	2026-10-03T13:56:54.2901428Z  Volume im-arch4-live-8300_postgres-data  Removing
deploy	Go Auth actual roles and TLS event smoke	2026-10-03T13:56:54.2916843Z  Network im-arch4-live-8300_default  Removing
deploy	Go Auth actual roles and TLS event smoke	2026-10-03T13:56:54.3685673Z  Network im-arch4-live-8300_default  Removed
deploy	Go Auth actual roles and TLS event smoke	2026-10-03T13:56:54.3940844Z  Volume im-arch4-live-8300_postgres-data  Removed
deploy	Go Auth actual roles and TLS event smoke	2026-10-03T13:56:54.3941569Z  Volume im-arch4-live-8300_caddy-go-data  Removing
deploy	Go Auth actual roles and TLS event smoke	2026-10-03T13:56:54.3959302Z  Volume im-arch4-live-8300_caddy-go-data  Removed
deploy	Go Auth actual roles and TLS event smoke	2026-10-03T13:56:54.4122240Z PASS: actual3 Go roles/HTTP forwarding/TLS/WSS3slots/replacementepoch/oldtokenreject/CoreOutboxNATSGatewayrevocation/logoutclose; no skips
deploy	Go public Sync strict TLS runtime	﻿2026-10-03T13:56:54.4252031Z ##[group]Run python3 -B tools/verify_sync_runtime.py
deploy	Go public Sync strict TLS runtime	2026-10-03T13:56:54.4252492Z ^[[36;1mpython3 -B tools/verify_sync_runtime.py^[[0m
deploy	Go public Sync strict TLS runtime	2026-10-03T13:56:54.4314684Z shell: /usr/bin/bash -e {0}
deploy	Go public Sync strict TLS runtime	2026-10-03T13:56:54.4314943Z env:
deploy	Go public Sync strict TLS runtime	2026-10-03T13:56:54.4315205Z   IM_GO_CONFIG_DIR: /home/runner/work/_temp/im-go-config
deploy	Go public Sync strict TLS runtime	2026-10-03T13:56:54.4315526Z ##[endgroup]
deploy	Go public Sync strict TLS runtime	2026-10-03T13:57:00.0736829Z PASS: strict trusted-CA HTTPS proxy/Gateway/Core; real PG 208 User and 205 durable WSS Message items, all pages <=100, terminal/new-commit/replay/auth/foreign/query/version/read-only
deploy	Go public Sync strict TLS runtime	2026-10-03T13:57:00.7810799Z PASS: inspected disposable project cleanup
deploy	Go S1 strict TLS messaging E2E	﻿2026-10-03T13:57:00.7961937Z ##[group]Run python3 -B tests/e2e/go_tls_messaging.py
deploy	Go S1 strict TLS messaging E2E	2026-10-03T13:57:00.7963090Z ^[[36;1mpython3 -B tests/e2e/go_tls_messaging.py^[[0m
deploy	Go S1 strict TLS messaging E2E	2026-10-03T13:57:00.8025975Z shell: /usr/bin/bash -e {0}
deploy	Go S1 strict TLS messaging E2E	2026-10-03T13:57:00.8026253Z env:
deploy	Go S1 strict TLS messaging E2E	2026-10-03T13:57:00.8026516Z   IM_GO_CONFIG_DIR: /home/runner/work/_temp/im-go-config
deploy	Go S1 strict TLS messaging E2E	2026-10-03T13:57:00.8026839Z ##[endgroup]
deploy	Go S1 strict TLS messaging E2E	2026-10-03T13:57:05.5805473Z PASS TLS: trusted CA/CERT_REQUIRED/hostname HTTPS+WSS; untrusted CA and certificate name mismatch rejected
deploy	Go S1 strict TLS messaging E2E	2026-10-03T13:57:14.0155095Z PASS fixtures: HTTPS register/login/search/friend unique DIRECT; WSS hello/SQL durable ACK/one Outbox/NATS recipient; retry/conflict/nonmember/deferred COMMIT rollback; no duplicates/wrong recipient
deploy	Go S1 strict TLS messaging E2E	2026-10-03T13:57:14.9670014Z PASS revocation: replacement epoch/revoked then close/stale token reject/logout then close; no runtime skips
deploy	Go S1 strict TLS messaging E2E	2026-10-03T13:57:14.9671300Z DEFERRED_BY_HUMAN: friend-add-authorization-denied only (ADR-0004); not counted PASS
deploy	Go S1 strict TLS messaging E2E	2026-10-03T13:57:15.6688943Z PASS cleanup: inspected owned Compose containers/volumes removed
deploy	Java transport smoke	﻿2026-10-03T13:57:15.6854590Z ##[group]Run ./tests/infrastructure/smoke.ps1 -Profile java
deploy	Java transport smoke	2026-10-03T13:57:15.6855126Z ^[[36;1m./tests/infrastructure/smoke.ps1 -Profile java^[[0m
deploy	Java transport smoke	2026-10-03T13:57:15.6878765Z shell: /usr/bin/pwsh -command ". '{0}'"
deploy	Java transport smoke	2026-10-03T13:57:15.6879053Z env:
deploy	Java transport smoke	2026-10-03T13:57:15.6879296Z   IM_GO_CONFIG_DIR: /home/runner/work/_temp/im-go-config
deploy	Java transport smoke	2026-10-03T13:57:15.6879606Z ##[endgroup]
deploy	Java transport smoke	2026-10-03T13:57:25.0303000Z /var/run/postgresql:5432 - accepting connections
deploy	Java transport smoke	2026-10-03T13:57:25.5109623Z PASS: java profile, PostgreSQL migration, Core NATS, HTTPS and WSS over Tls13
deploy	Post Run actions/checkout@v4	﻿2026-10-03T13:57:26.4403975Z Post job cleanup.
deploy	Post Run actions/checkout@v4	2026-10-03T13:57:26.5305036Z [command]/usr/bin/git version
deploy	Post Run actions/checkout@v4	2026-10-03T13:57:26.5352211Z git version 2.55.0
deploy	Post Run actions/checkout@v4	2026-10-03T13:57:26.5397946Z Temporarily overriding HOME='/home/runner/work/_temp/d93bd351-a1f7-4dc4-ba9d-6a24587d53cd' before making global git config changes
deploy	Post Run actions/checkout@v4	2026-10-03T13:57:26.5399271Z Adding repository directory to the temporary git global config as a safe directory
deploy	Post Run actions/checkout@v4	2026-10-03T13:57:26.5404404Z [command]/usr/bin/git config --global --add safe.directory /home/runner/work/IM-platform/IM-platform
deploy	Post Run actions/checkout@v4	2026-10-03T13:57:26.5445322Z [command]/usr/bin/git config --local --name-only --get-regexp core\.sshCommand
deploy	Post Run actions/checkout@v4	2026-10-03T13:57:26.5481654Z [command]/usr/bin/git submodule foreach --recursive sh -c "git config --local --name-only --get-regexp 'core\.sshCommand' && git config --local --unset-all 'core.sshCommand' || :"
deploy	Post Run actions/checkout@v4	2026-10-03T13:57:26.5746252Z [command]/usr/bin/git config --local --name-only --get-regexp http\.https\:\/\/github\.com\/\.extraheader
deploy	Post Run actions/checkout@v4	2026-10-03T13:57:26.5780719Z http.https://github.com/.extraheader
deploy	Post Run actions/checkout@v4	2026-10-03T13:57:26.5793475Z [command]/usr/bin/git config --local --unset-all http.https://github.com/.extraheader
deploy	Post Run actions/checkout@v4	2026-10-03T13:57:26.5828820Z [command]/usr/bin/git submodule foreach --recursive sh -c "git config --local --name-only --get-regexp 'http\.https\:\/\/github\.com\/\.extraheader' && git config --local --unset-all 'http.https://github.com/.extraheader' || :"
deploy	Post Run actions/checkout@v4	2026-10-03T13:57:26.6107299Z [command]/usr/bin/git config --local --name-only --get-regexp ^includeIf\.gitdir:
deploy	Post Run actions/checkout@v4	2026-10-03T13:57:26.6149852Z [command]/usr/bin/git submodule foreach --recursive git config --local --show-origin --name-only --get-regexp remote.origin.url
deploy	Complete job	﻿2026-10-03T13:57:26.6570817Z Cleaning up orphan processes
deploy	Complete job	2026-10-03T13:57:26.6956310Z ##[warning]Node.js 20 is deprecated. The following actions target Node.js 20 but are being forced to run on Node.js 24: actions/checkout@v4. For more information see: https://github.blog/changelog/2025-09-19-deprecation-of-node-20-on-github-actions-runners/
