architecture	Set up job	﻿2026-10-03T12:10:24.7478964Z Current runner version: '2.337.0'
architecture	Set up job	2026-10-03T12:10:24.7498172Z ##[group]Runner Image Provisioner
architecture	Set up job	2026-10-03T12:10:24.7498731Z Hosted Compute Agent
architecture	Set up job	2026-10-03T12:10:24.7499096Z Version: 20260901.588
architecture	Set up job	2026-10-03T12:10:24.7499519Z Commit: f88ec8081b781fac6c440065ac7ff9e710ce3d0b
architecture	Set up job	2026-10-03T12:10:24.7499945Z Build Date: 2026-09-01T19:56:44Z
architecture	Set up job	2026-10-03T12:10:24.7500403Z Worker ID: {0a9351ed-bbf2-4d9d-8e9c-f392703e125f}
architecture	Set up job	2026-10-03T12:10:24.7500819Z Azure Region: centralus
architecture	Set up job	2026-10-03T12:10:24.7501180Z ##[endgroup]
architecture	Set up job	2026-10-03T12:10:24.7501964Z ##[group]Operating System
architecture	Set up job	2026-10-03T12:10:24.7502320Z Ubuntu
architecture	Set up job	2026-10-03T12:10:24.7502665Z 24.04.5
architecture	Set up job	2026-10-03T12:10:24.7502980Z LTS
architecture	Set up job	2026-10-03T12:10:24.7503544Z ##[endgroup]
architecture	Set up job	2026-10-03T12:10:24.7503905Z ##[group]Runner Image
architecture	Set up job	2026-10-03T12:10:24.7504286Z Image: ubuntu-24.04
architecture	Set up job	2026-10-03T12:10:24.7504643Z Version: 20260927.320.1
architecture	Set up job	2026-10-03T12:10:24.7505259Z Included Software: https://github.com/actions/runner-images/blob/ubuntu24/20260927.320/images/ubuntu/Ubuntu2404-Readme.md
architecture	Set up job	2026-10-03T12:10:24.7506294Z Image Release: https://github.com/actions/runner-images/releases/tag/ubuntu24%2F20260927.320
architecture	Set up job	2026-10-03T12:10:24.7506864Z ##[endgroup]
architecture	Set up job	2026-10-03T12:10:24.7507547Z ##[group]GITHUB_TOKEN Permissions
architecture	Set up job	2026-10-03T12:10:24.7508754Z Contents: read
architecture	Set up job	2026-10-03T12:10:24.7509133Z Metadata: read
architecture	Set up job	2026-10-03T12:10:24.7509474Z ##[endgroup]
architecture	Set up job	2026-10-03T12:10:24.7510781Z Secret source: Actions
architecture	Set up job	2026-10-03T12:10:24.7511377Z Cache mode: write
architecture	Set up job	2026-10-03T12:10:24.7511833Z Prepare workflow directory
architecture	Set up job	2026-10-03T12:10:24.7745980Z Prepare all required actions
architecture	Set up job	2026-10-03T12:10:24.7789298Z Getting action download info
architecture	Set up job	2026-10-03T12:10:25.0220525Z Download action repository 'actions/checkout@v4' (SHA:11d5960a326750d5838078e36cf38b85af677262)
architecture	Set up job	2026-10-03T12:10:25.1030565Z Download action repository 'actions/setup-go@v5' (SHA:40f1582b2485089dde7abd97c1529aa768e1baff)
architecture	Set up job	2026-10-03T12:10:25.5312963Z Download action repository 'actions/setup-java@v4' (SHA:cf277c60eb25467037889841efdb72551f06f6c3)
architecture	Set up job	2026-10-03T12:10:26.1553016Z Complete job name: architecture
architecture	Run actions/checkout@v4	﻿2026-10-03T12:10:26.2099852Z ##[group]Run actions/checkout@v4
architecture	Run actions/checkout@v4	2026-10-03T12:10:26.2100712Z with:
architecture	Run actions/checkout@v4	2026-10-03T12:10:26.2101245Z   repository: nilesthump/IM-platform
architecture	Run actions/checkout@v4	2026-10-03T12:10:26.2106687Z   token: ***
architecture	Run actions/checkout@v4	2026-10-03T12:10:26.2107177Z   ssh-strict: true
architecture	Run actions/checkout@v4	2026-10-03T12:10:26.2107679Z   ssh-user: git
architecture	Run actions/checkout@v4	2026-10-03T12:10:26.2108185Z   persist-credentials: true
architecture	Run actions/checkout@v4	2026-10-03T12:10:26.2108747Z   clean: true
architecture	Run actions/checkout@v4	2026-10-03T12:10:26.2109254Z   sparse-checkout-cone-mode: true
architecture	Run actions/checkout@v4	2026-10-03T12:10:26.2109854Z   fetch-depth: 1
architecture	Run actions/checkout@v4	2026-10-03T12:10:26.2110347Z   fetch-tags: false
architecture	Run actions/checkout@v4	2026-10-03T12:10:26.2110862Z   show-progress: true
architecture	Run actions/checkout@v4	2026-10-03T12:10:26.2111366Z   lfs: false
architecture	Run actions/checkout@v4	2026-10-03T12:10:26.2111835Z   submodules: false
architecture	Run actions/checkout@v4	2026-10-03T12:10:26.2112373Z   set-safe-directory: true
architecture	Run actions/checkout@v4	2026-10-03T12:10:26.2112960Z   allow-unsafe-pr-checkout: false
architecture	Run actions/checkout@v4	2026-10-03T12:10:26.2113704Z env:
architecture	Run actions/checkout@v4	2026-10-03T12:10:26.2114188Z   PYTHONDONTWRITEBYTECODE: 1
architecture	Run actions/checkout@v4	2026-10-03T12:10:26.2114755Z ##[endgroup]
architecture	Run actions/checkout@v4	2026-10-03T12:10:26.2770628Z Syncing repository: nilesthump/IM-platform
architecture	Run actions/checkout@v4	2026-10-03T12:10:26.2773429Z ##[group]Getting Git version info
architecture	Run actions/checkout@v4	2026-10-03T12:10:26.2774355Z Working directory is '/home/runner/work/IM-platform/IM-platform'
architecture	Run actions/checkout@v4	2026-10-03T12:10:26.2775532Z [command]/usr/bin/git version
architecture	Run actions/checkout@v4	2026-10-03T12:10:26.2849791Z git version 2.55.0
architecture	Run actions/checkout@v4	2026-10-03T12:10:26.2864727Z ##[endgroup]
architecture	Run actions/checkout@v4	2026-10-03T12:10:26.2878885Z Temporarily overriding HOME='/home/runner/work/_temp/2eb62b89-436e-412d-9168-eacdb8e4223e' before making global git config changes
architecture	Run actions/checkout@v4	2026-10-03T12:10:26.2881308Z Adding repository directory to the temporary git global config as a safe directory
architecture	Run actions/checkout@v4	2026-10-03T12:10:26.2884590Z [command]/usr/bin/git config --global --add safe.directory /home/runner/work/IM-platform/IM-platform
architecture	Run actions/checkout@v4	2026-10-03T12:10:26.2929708Z Deleting the contents of '/home/runner/work/IM-platform/IM-platform'
architecture	Run actions/checkout@v4	2026-10-03T12:10:26.2932996Z ##[group]Initializing the repository
architecture	Run actions/checkout@v4	2026-10-03T12:10:26.2936680Z [command]/usr/bin/git init /home/runner/work/IM-platform/IM-platform
architecture	Run actions/checkout@v4	2026-10-03T12:10:26.3037209Z hint: Using 'master' as the name for the initial branch. This default branch name
architecture	Run actions/checkout@v4	2026-10-03T12:10:26.3039757Z hint: will change to "main" in Git 3.0. To configure the initial branch name
architecture	Run actions/checkout@v4	2026-10-03T12:10:26.3042437Z hint: to use in all of your new repositories, which will suppress this warning,
architecture	Run actions/checkout@v4	2026-10-03T12:10:26.3043454Z hint: call:
architecture	Run actions/checkout@v4	2026-10-03T12:10:26.3043924Z hint:
architecture	Run actions/checkout@v4	2026-10-03T12:10:26.3044556Z hint: 	git config --global init.defaultBranch <name>
architecture	Run actions/checkout@v4	2026-10-03T12:10:26.3045269Z hint:
architecture	Run actions/checkout@v4	2026-10-03T12:10:26.3045943Z hint: Names commonly chosen instead of 'master' are 'main', 'trunk' and
architecture	Run actions/checkout@v4	2026-10-03T12:10:26.3047037Z hint: 'development'. The just-created branch can be renamed via this command:
architecture	Run actions/checkout@v4	2026-10-03T12:10:26.3047897Z hint:
architecture	Run actions/checkout@v4	2026-10-03T12:10:26.3048375Z hint: 	git branch -m <name>
architecture	Run actions/checkout@v4	2026-10-03T12:10:26.3048930Z hint:
architecture	Run actions/checkout@v4	2026-10-03T12:10:26.3049652Z hint: Disable this message with "git config set advice.defaultBranchName false"
architecture	Run actions/checkout@v4	2026-10-03T12:10:26.3054668Z Initialized empty Git repository in /home/runner/work/IM-platform/IM-platform/.git/
architecture	Run actions/checkout@v4	2026-10-03T12:10:26.3061754Z [command]/usr/bin/git remote add origin https://github.com/nilesthump/IM-platform
architecture	Run actions/checkout@v4	2026-10-03T12:10:26.3143108Z ##[endgroup]
architecture	Run actions/checkout@v4	2026-10-03T12:10:26.3144433Z ##[group]Disabling automatic garbage collection
architecture	Run actions/checkout@v4	2026-10-03T12:10:26.3145770Z [command]/usr/bin/git config --local gc.auto 0
architecture	Run actions/checkout@v4	2026-10-03T12:10:26.3176828Z ##[endgroup]
architecture	Run actions/checkout@v4	2026-10-03T12:10:26.3177689Z ##[group]Setting up auth
architecture	Run actions/checkout@v4	2026-10-03T12:10:26.3182128Z [command]/usr/bin/git config --local --name-only --get-regexp core\.sshCommand
architecture	Run actions/checkout@v4	2026-10-03T12:10:26.3212948Z [command]/usr/bin/git submodule foreach --recursive sh -c "git config --local --name-only --get-regexp 'core\.sshCommand' && git config --local --unset-all 'core.sshCommand' || :"
architecture	Run actions/checkout@v4	2026-10-03T12:10:26.3505785Z [command]/usr/bin/git config --local --name-only --get-regexp http\.https\:\/\/github\.com\/\.extraheader
architecture	Run actions/checkout@v4	2026-10-03T12:10:26.3533809Z [command]/usr/bin/git submodule foreach --recursive sh -c "git config --local --name-only --get-regexp 'http\.https\:\/\/github\.com\/\.extraheader' && git config --local --unset-all 'http.https://github.com/.extraheader' || :"
architecture	Run actions/checkout@v4	2026-10-03T12:10:26.3705219Z [command]/usr/bin/git config --local --name-only --get-regexp ^includeIf\.gitdir:
architecture	Run actions/checkout@v4	2026-10-03T12:10:26.3734143Z [command]/usr/bin/git submodule foreach --recursive git config --local --show-origin --name-only --get-regexp remote.origin.url
architecture	Run actions/checkout@v4	2026-10-03T12:10:26.3907504Z [command]/usr/bin/git config --local http.https://github.com/.extraheader AUTHORIZATION: basic ***
architecture	Run actions/checkout@v4	2026-10-03T12:10:26.3940701Z ##[endgroup]
architecture	Run actions/checkout@v4	2026-10-03T12:10:26.3942006Z ##[group]Fetching the repository
architecture	Run actions/checkout@v4	2026-10-03T12:10:26.3948493Z [command]/usr/bin/git -c protocol.version=2 fetch --no-tags --prune --no-recurse-submodules --depth=1 origin +4f384b5413ae605325e1be329853fb45b8cf240e:refs/remotes/pull/18/merge
architecture	Run actions/checkout@v4	2026-10-03T12:10:28.1854748Z From https://github.com/nilesthump/IM-platform
architecture	Run actions/checkout@v4	2026-10-03T12:10:28.1855775Z  * [new ref]         4f384b5413ae605325e1be329853fb45b8cf240e -> pull/18/merge
architecture	Run actions/checkout@v4	2026-10-03T12:10:28.1872080Z ##[endgroup]
architecture	Run actions/checkout@v4	2026-10-03T12:10:28.1872550Z ##[group]Determining the checkout info
architecture	Run actions/checkout@v4	2026-10-03T12:10:28.1873087Z ##[endgroup]
architecture	Run actions/checkout@v4	2026-10-03T12:10:28.1873479Z [command]/usr/bin/git sparse-checkout disable
architecture	Run actions/checkout@v4	2026-10-03T12:10:28.1911215Z [command]/usr/bin/git config --local --unset-all extensions.worktreeConfig
architecture	Run actions/checkout@v4	2026-10-03T12:10:28.1938149Z ##[group]Checking out the ref
architecture	Run actions/checkout@v4	2026-10-03T12:10:28.1940418Z [command]/usr/bin/git checkout --progress --force refs/remotes/pull/18/merge
architecture	Run actions/checkout@v4	2026-10-03T12:10:28.5734463Z Note: switching to 'refs/remotes/pull/18/merge'.
architecture	Run actions/checkout@v4	2026-10-03T12:10:28.5734908Z 
architecture	Run actions/checkout@v4	2026-10-03T12:10:28.5735115Z You are in 'detached HEAD' state. You can look around, make experimental
architecture	Run actions/checkout@v4	2026-10-03T12:10:28.5735556Z changes and commit them, and you can discard any commits you make in this
architecture	Run actions/checkout@v4	2026-10-03T12:10:28.5736028Z state without impacting any branches by switching back to a branch.
architecture	Run actions/checkout@v4	2026-10-03T12:10:28.5736306Z 
architecture	Run actions/checkout@v4	2026-10-03T12:10:28.5736549Z If you want to create a new branch to retain commits you create, you may
architecture	Run actions/checkout@v4	2026-10-03T12:10:28.5737526Z do so (now or later) by using -c with the switch command. Example:
architecture	Run actions/checkout@v4	2026-10-03T12:10:28.5737792Z 
architecture	Run actions/checkout@v4	2026-10-03T12:10:28.5737915Z   git switch -c <new-branch-name>
architecture	Run actions/checkout@v4	2026-10-03T12:10:28.5738084Z 
architecture	Run actions/checkout@v4	2026-10-03T12:10:28.5738212Z Or undo this operation with:
architecture	Run actions/checkout@v4	2026-10-03T12:10:28.5738371Z 
architecture	Run actions/checkout@v4	2026-10-03T12:10:28.5738492Z   git switch -
architecture	Run actions/checkout@v4	2026-10-03T12:10:28.5738609Z 
architecture	Run actions/checkout@v4	2026-10-03T12:10:28.5739006Z Turn off this advice by setting config variable advice.detachedHead to false
architecture	Run actions/checkout@v4	2026-10-03T12:10:28.5739280Z 
architecture	Run actions/checkout@v4	2026-10-03T12:10:28.5739560Z HEAD is now at 4f384b5 Merge b8200783ea3eadc1ed4e4050238f051a7ab708b3 into a0304fcc7be18b87f5986d014849d6b48b96a071
architecture	Run actions/checkout@v4	2026-10-03T12:10:28.5824562Z ##[endgroup]
architecture	Run actions/checkout@v4	2026-10-03T12:10:28.5825810Z [command]/usr/bin/git log -1 --format=%H
architecture	Run actions/checkout@v4	2026-10-03T12:10:28.5834903Z 4f384b5413ae605325e1be329853fb45b8cf240e
architecture	Run actions/setup-go@v5	﻿2026-10-03T12:10:28.6020533Z ##[group]Run actions/setup-go@v5
architecture	Run actions/setup-go@v5	2026-10-03T12:10:28.6020736Z with:
architecture	Run actions/setup-go@v5	2026-10-03T12:10:28.6020888Z   go-version: 1.23
architecture	Run actions/setup-go@v5	2026-10-03T12:10:28.6021040Z   check-latest: false
architecture	Run actions/setup-go@v5	2026-10-03T12:10:28.6022512Z   token: ***
architecture	Run actions/setup-go@v5	2026-10-03T12:10:28.6022656Z   cache: true
architecture	Run actions/setup-go@v5	2026-10-03T12:10:28.6022796Z env:
architecture	Run actions/setup-go@v5	2026-10-03T12:10:28.6022971Z   PYTHONDONTWRITEBYTECODE: 1
architecture	Run actions/setup-go@v5	2026-10-03T12:10:28.6023138Z ##[endgroup]
architecture	Run actions/setup-go@v5	2026-10-03T12:10:28.6822940Z Setup go version spec 1.23
architecture	Run actions/setup-go@v5	2026-10-03T12:10:28.6853537Z Attempting to download 1.23...
architecture	Run actions/setup-go@v5	2026-10-03T12:10:28.6924535Z (node:2089) [DEP0040] DeprecationWarning: The `punycode` module is deprecated. Please use a userland alternative instead.
architecture	Run actions/setup-go@v5	2026-10-03T12:10:28.6925117Z (Use `node --trace-deprecation ...` to show where the warning was created)
architecture	Run actions/setup-go@v5	2026-10-03T12:10:29.4176011Z matching 1.23...
architecture	Run actions/setup-go@v5	2026-10-03T12:10:29.4194103Z Acquiring 1.23.12 from https://github.com/actions/go-versions/releases/download/1.23.12-16792118003/go-1.23.12-linux-x64.tar.gz
architecture	Run actions/setup-go@v5	2026-10-03T12:10:29.9076973Z Extracting Go...
architecture	Run actions/setup-go@v5	2026-10-03T12:10:29.9161590Z [command]/usr/bin/tar xz --warning=no-unknown-keyword --overwrite -C /home/runner/work/_temp/5c4dbc12-0b5a-4fb1-8f96-bc5b7e5d3787 -f /home/runner/work/_temp/df842a45-2fc4-4142-bf03-9a0ec845dfb8
architecture	Run actions/setup-go@v5	2026-10-03T12:10:31.1730879Z Successfully extracted go to /home/runner/work/_temp/5c4dbc12-0b5a-4fb1-8f96-bc5b7e5d3787
architecture	Run actions/setup-go@v5	2026-10-03T12:10:31.1731310Z Adding to the cache ...
architecture	Run actions/setup-go@v5	2026-10-03T12:10:34.5265706Z Successfully cached go to /opt/hostedtoolcache/go/1.23.12/x64
architecture	Run actions/setup-go@v5	2026-10-03T12:10:34.5273376Z Added go to the path
architecture	Run actions/setup-go@v5	2026-10-03T12:10:34.5273731Z Successfully set up Go version 1.23
architecture	Run actions/setup-go@v5	2026-10-03T12:10:34.5427512Z [command]/opt/hostedtoolcache/go/1.23.12/x64/bin/go env GOMODCACHE
architecture	Run actions/setup-go@v5	2026-10-03T12:10:34.5471970Z [command]/opt/hostedtoolcache/go/1.23.12/x64/bin/go env GOCACHE
architecture	Run actions/setup-go@v5	2026-10-03T12:10:34.5516841Z /home/runner/go/pkg/mod
architecture	Run actions/setup-go@v5	2026-10-03T12:10:34.5533903Z /home/runner/.cache/go-build
architecture	Run actions/setup-go@v5	2026-10-03T12:10:34.5550744Z ##[warning]Restore cache failed: Dependencies file is not found in /home/runner/work/IM-platform/IM-platform. Supported file pattern: go.sum
architecture	Run actions/setup-go@v5	2026-10-03T12:10:34.5579771Z go version go1.23.12 linux/amd64
architecture	Run actions/setup-go@v5	2026-10-03T12:10:34.5580032Z 
architecture	Run actions/setup-go@v5	2026-10-03T12:10:34.5580485Z ##[group]go env
architecture	Run actions/setup-go@v5	2026-10-03T12:10:34.6621040Z GO111MODULE=''
architecture	Run actions/setup-go@v5	2026-10-03T12:10:34.6621339Z GOARCH='amd64'
architecture	Run actions/setup-go@v5	2026-10-03T12:10:34.6621544Z GOBIN=''
architecture	Run actions/setup-go@v5	2026-10-03T12:10:34.6621747Z GOCACHE='/home/runner/.cache/go-build'
architecture	Run actions/setup-go@v5	2026-10-03T12:10:34.6622015Z GOENV='/home/runner/.config/go/env'
architecture	Run actions/setup-go@v5	2026-10-03T12:10:34.6622227Z GOEXE=''
architecture	Run actions/setup-go@v5	2026-10-03T12:10:34.6622386Z GOEXPERIMENT=''
architecture	Run actions/setup-go@v5	2026-10-03T12:10:34.6622555Z GOFLAGS=''
architecture	Run actions/setup-go@v5	2026-10-03T12:10:34.6622722Z GOHOSTARCH='amd64'
architecture	Run actions/setup-go@v5	2026-10-03T12:10:34.6622904Z GOHOSTOS='linux'
architecture	Run actions/setup-go@v5	2026-10-03T12:10:34.6623073Z GOINSECURE=''
architecture	Run actions/setup-go@v5	2026-10-03T12:10:34.6623389Z GOMODCACHE='/home/runner/go/pkg/mod'
architecture	Run actions/setup-go@v5	2026-10-03T12:10:34.6623607Z GONOPROXY=''
architecture	Run actions/setup-go@v5	2026-10-03T12:10:34.6623757Z GONOSUMDB=''
architecture	Run actions/setup-go@v5	2026-10-03T12:10:34.6623862Z GOOS='linux'
architecture	Run actions/setup-go@v5	2026-10-03T12:10:34.6623973Z GOPATH='/home/runner/go'
architecture	Run actions/setup-go@v5	2026-10-03T12:10:34.6624097Z GOPRIVATE=''
architecture	Run actions/setup-go@v5	2026-10-03T12:10:34.6624255Z GOPROXY='https://proxy.golang.org,direct'
architecture	Run actions/setup-go@v5	2026-10-03T12:10:34.6624472Z GOROOT='/opt/hostedtoolcache/go/1.23.12/x64'
architecture	Run actions/setup-go@v5	2026-10-03T12:10:34.6624633Z GOSUMDB='sum.golang.org'
architecture	Run actions/setup-go@v5	2026-10-03T12:10:34.6625088Z GOTMPDIR=''
architecture	Run actions/setup-go@v5	2026-10-03T12:10:34.6625254Z GOTOOLCHAIN='auto'
architecture	Run actions/setup-go@v5	2026-10-03T12:10:34.6625552Z GOTOOLDIR='/opt/hostedtoolcache/go/1.23.12/x64/pkg/tool/linux_amd64'
architecture	Run actions/setup-go@v5	2026-10-03T12:10:34.6625874Z GOVCS=''
architecture	Run actions/setup-go@v5	2026-10-03T12:10:34.6626036Z GOVERSION='go1.23.12'
architecture	Run actions/setup-go@v5	2026-10-03T12:10:34.6626223Z GODEBUG=''
architecture	Run actions/setup-go@v5	2026-10-03T12:10:34.6626384Z GOTELEMETRY='local'
architecture	Run actions/setup-go@v5	2026-10-03T12:10:34.6626619Z GOTELEMETRYDIR='/home/runner/.config/go/telemetry'
architecture	Run actions/setup-go@v5	2026-10-03T12:10:34.6626870Z GCCGO='gccgo'
architecture	Run actions/setup-go@v5	2026-10-03T12:10:34.6627037Z GOAMD64='v1'
architecture	Run actions/setup-go@v5	2026-10-03T12:10:34.6627145Z AR='ar'
architecture	Run actions/setup-go@v5	2026-10-03T12:10:34.6627242Z CC='gcc'
architecture	Run actions/setup-go@v5	2026-10-03T12:10:34.6627340Z CXX='g++'
architecture	Run actions/setup-go@v5	2026-10-03T12:10:34.6627439Z CGO_ENABLED='1'
architecture	Run actions/setup-go@v5	2026-10-03T12:10:34.6627546Z GOMOD='/dev/null'
architecture	Run actions/setup-go@v5	2026-10-03T12:10:34.6627652Z GOWORK=''
architecture	Run actions/setup-go@v5	2026-10-03T12:10:34.6627762Z CGO_CFLAGS='-O2 -g'
architecture	Run actions/setup-go@v5	2026-10-03T12:10:34.6627876Z CGO_CPPFLAGS=''
architecture	Run actions/setup-go@v5	2026-10-03T12:10:34.6628145Z CGO_CXXFLAGS='-O2 -g'
architecture	Run actions/setup-go@v5	2026-10-03T12:10:34.6628261Z CGO_FFLAGS='-O2 -g'
architecture	Run actions/setup-go@v5	2026-10-03T12:10:34.6628372Z CGO_LDFLAGS='-O2 -g'
architecture	Run actions/setup-go@v5	2026-10-03T12:10:34.6628507Z PKG_CONFIG='pkg-config'
architecture	Run actions/setup-go@v5	2026-10-03T12:10:34.6628922Z GOGCCFLAGS='-fPIC -m64 -pthread -Wl,--no-gc-sections -fmessage-length=0 -ffile-prefix-map=/tmp/go-build3639215494=/tmp/go-build -gno-record-gcc-switches'
architecture	Run actions/setup-go@v5	2026-10-03T12:10:34.6629218Z 
architecture	Run actions/setup-go@v5	2026-10-03T12:10:34.6629465Z ##[endgroup]
architecture	Run actions/setup-java@v4	﻿2026-10-03T12:10:34.6854338Z ##[group]Run actions/setup-java@v4
architecture	Run actions/setup-java@v4	2026-10-03T12:10:34.6854498Z with:
architecture	Run actions/setup-java@v4	2026-10-03T12:10:34.6854609Z   distribution: temurin
architecture	Run actions/setup-java@v4	2026-10-03T12:10:34.6854729Z   java-version: 21
architecture	Run actions/setup-java@v4	2026-10-03T12:10:34.6854840Z   java-package: jdk
architecture	Run actions/setup-java@v4	2026-10-03T12:10:34.6854950Z   check-latest: false
architecture	Run actions/setup-java@v4	2026-10-03T12:10:34.6855063Z   server-id: github
architecture	Run actions/setup-java@v4	2026-10-03T12:10:34.6855180Z   server-username: GITHUB_ACTOR
architecture	Run actions/setup-java@v4	2026-10-03T12:10:34.6855317Z   server-password: GITHUB_TOKEN
architecture	Run actions/setup-java@v4	2026-10-03T12:10:34.6855451Z   overwrite-settings: true
architecture	Run actions/setup-java@v4	2026-10-03T12:10:34.6855578Z   job-status: success
architecture	Run actions/setup-java@v4	2026-10-03T12:10:34.6856953Z   token: ***
architecture	Run actions/setup-java@v4	2026-10-03T12:10:34.6857091Z env:
architecture	Run actions/setup-java@v4	2026-10-03T12:10:34.6857205Z   PYTHONDONTWRITEBYTECODE: 1
architecture	Run actions/setup-java@v4	2026-10-03T12:10:34.6857349Z ##[endgroup]
architecture	Run actions/setup-java@v4	2026-10-03T12:10:34.7902351Z ##[warning]setup-java v4 is deprecated and will no longer receive updates. Please migrate to actions/setup-java@v5.
architecture	Run actions/setup-java@v4	2026-10-03T12:10:34.7904118Z ##[group]Installed distributions
architecture	Run actions/setup-java@v4	2026-10-03T12:10:34.7949263Z Resolved Java 21.0.12+1 from tool-cache
architecture	Run actions/setup-java@v4	2026-10-03T12:10:34.7949706Z Setting Java 21.0.12+1 as the default
architecture	Run actions/setup-java@v4	2026-10-03T12:10:34.7956345Z (node:2157) [DEP0040] DeprecationWarning: The `punycode` module is deprecated. Please use a userland alternative instead.
architecture	Run actions/setup-java@v4	2026-10-03T12:10:34.7956863Z (Use `node --trace-deprecation ...` to show where the warning was created)
architecture	Run actions/setup-java@v4	2026-10-03T12:10:34.7958611Z Creating toolchains.xml for JDK version 21 from temurin
architecture	Run actions/setup-java@v4	2026-10-03T12:10:34.8004721Z Writing to /home/runner/.m2/toolchains.xml
architecture	Run actions/setup-java@v4	2026-10-03T12:10:34.8005127Z 
architecture	Run actions/setup-java@v4	2026-10-03T12:10:34.8005331Z Java configuration:
architecture	Run actions/setup-java@v4	2026-10-03T12:10:34.8005546Z   Distribution: temurin
architecture	Run actions/setup-java@v4	2026-10-03T12:10:34.8005748Z   Version: 21.0.12+1
architecture	Run actions/setup-java@v4	2026-10-03T12:10:34.8006057Z   Path: /opt/hostedtoolcache/Java_Temurin-Hotspot_jdk/21.0.12-1/x64
architecture	Run actions/setup-java@v4	2026-10-03T12:10:34.8006303Z 
architecture	Run actions/setup-java@v4	2026-10-03T12:10:34.8006534Z ##[endgroup]
architecture	Run actions/setup-java@v4	2026-10-03T12:10:34.8018774Z Creating settings.xml with server-id: github
architecture	Run actions/setup-java@v4	2026-10-03T12:10:34.8045459Z Writing to /home/runner/.m2/settings.xml
architecture	Canonical integrity and authority structure	﻿2026-10-03T12:10:34.8164527Z ##[group]Run ./tools/verify-frozen-architecture.ps1
architecture	Canonical integrity and authority structure	2026-10-03T12:10:34.8164947Z ^[[36;1m./tools/verify-frozen-architecture.ps1^[[0m
architecture	Canonical integrity and authority structure	2026-10-03T12:10:34.8200600Z shell: /usr/bin/pwsh -command ". '{0}'"
architecture	Canonical integrity and authority structure	2026-10-03T12:10:34.8201034Z env:
architecture	Canonical integrity and authority structure	2026-10-03T12:10:34.8201287Z   PYTHONDONTWRITEBYTECODE: 1
architecture	Canonical integrity and authority structure	2026-10-03T12:10:34.8201691Z   JAVA_HOME: /opt/hostedtoolcache/Java_Temurin-Hotspot_jdk/21.0.12-1/x64
architecture	Canonical integrity and authority structure	2026-10-03T12:10:34.8202135Z   JAVA_HOME_21_X64: /opt/hostedtoolcache/Java_Temurin-Hotspot_jdk/21.0.12-1/x64
architecture	Canonical integrity and authority structure	2026-10-03T12:10:34.8202475Z ##[endgroup]
architecture	Canonical integrity and authority structure	2026-10-03T12:10:35.7166528Z PASS: v1.1 current SHA/PDF provenance/ADR and section-bound semantic structure; historical migration semantic_change=false; current revision semantic_change=true
architecture	Canonical integrity and authority structure	2026-10-03T12:10:35.7978541Z test_android_complete_literal_plugin_notations_remain_approved (test_client_technology.ClientTechnologyControls.test_android_complete_literal_plugin_notations_remain_approved) ... ok
architecture	Canonical integrity and authority structure	2026-10-03T12:10:35.8094893Z test_android_compose_gradle_source_and_tooling (test_client_technology.ClientTechnologyControls.test_android_compose_gradle_source_and_tooling) ... ok
architecture	Canonical integrity and authority structure	2026-10-03T12:10:35.8157558Z test_android_literal_and_direct_catalog_plugins_remain_approved (test_client_technology.ClientTechnologyControls.test_android_literal_and_direct_catalog_plugins_remain_approved) ... ok
architecture	Canonical integrity and authority structure	2026-10-03T12:10:35.8379198Z test_android_negative_real_gradle_catalog_import_build_workflow_controls (test_client_technology.ClientTechnologyControls.test_android_negative_real_gradle_catalog_import_build_workflow_controls) ... ok
architecture	Canonical integrity and authority structure	2026-10-03T12:10:35.8437609Z test_android_plugin_block_shortcuts_and_generic_apply_fail_closed (test_client_technology.ClientTechnologyControls.test_android_plugin_block_shortcuts_and_generic_apply_fail_closed) ... ok
architecture	Canonical integrity and authority structure	2026-10-03T12:10:35.8488692Z test_android_plugin_declarations_fail_closed (test_client_technology.ClientTechnologyControls.test_android_plugin_declarations_fail_closed) ... ok
architecture	Canonical integrity and authority structure	2026-10-03T12:10:35.8647828Z test_android_plugin_selectors_require_complete_literal_arguments (test_client_technology.ClientTechnologyControls.test_android_plugin_selectors_require_complete_literal_arguments) ... ok
architecture	Canonical integrity and authority structure	2026-10-03T12:10:35.8729892Z test_android_quoted_dispatch_text_remains_data (test_client_technology.ClientTechnologyControls.test_android_quoted_dispatch_text_remains_data) ... ok
architecture	Canonical integrity and authority structure	2026-10-03T12:10:35.8819307Z test_android_quoted_member_dispatch_fails_closed (test_client_technology.ClientTechnologyControls.test_android_quoted_member_dispatch_fails_closed) ... ok
architecture	Canonical integrity and authority structure	2026-10-03T12:10:35.8902124Z test_android_supported_apply_and_quoted_contexts_remain_approved (test_client_technology.ClientTechnologyControls.test_android_supported_apply_and_quoted_contexts_remain_approved) ... ok
architecture	Canonical integrity and authority structure	2026-10-03T12:10:35.9043537Z test_android_unsupported_plugin_applications_fail_closed (test_client_technology.ClientTechnologyControls.test_android_unsupported_plugin_applications_fail_closed) ... ok
architecture	Canonical integrity and authority structure	2026-10-03T12:10:35.9086985Z test_approved_ts_native_config_assets (test_client_technology.ClientTechnologyControls.test_approved_ts_native_config_assets) ... ok
architecture	Canonical integrity and authority structure	2026-10-03T12:10:35.9096866Z test_authority_missing_or_mutated_is_failure (test_client_technology.ClientTechnologyControls.test_authority_missing_or_mutated_is_failure) ... ok
architecture	Canonical integrity and authority structure	2026-10-03T12:10:35.9464227Z test_current_active_clients (test_client_technology.ClientTechnologyControls.test_current_active_clients) ... ok
architecture	Canonical integrity and authority structure	2026-10-03T12:10:35.9575758Z test_forbidden_source_and_config_controls (test_client_technology.ClientTechnologyControls.test_forbidden_source_and_config_controls) ... ok
architecture	Canonical integrity and authority structure	2026-10-03T12:10:35.9590648Z test_history_is_not_active_client_implementation (test_client_technology.ClientTechnologyControls.test_history_is_not_active_client_implementation) ... ok
architecture	Canonical integrity and authority structure	2026-10-03T12:10:35.9604427Z test_symlink_cannot_bypass_boundary (test_client_technology.ClientTechnologyControls.test_symlink_cannot_bypass_boundary) ... ok
architecture	Canonical integrity and authority structure	2026-10-03T12:10:35.9627320Z test_task_paths_and_passing_tests_cannot_approve_framework (test_client_technology.ClientTechnologyControls.test_task_paths_and_passing_tests_cannot_approve_framework) ... ok
architecture	Canonical integrity and authority structure	2026-10-03T12:10:35.9712635Z test_unapproved_generic_dependencies_and_imports (test_client_technology.ClientTechnologyControls.test_unapproved_generic_dependencies_and_imports) ... ok
architecture	Canonical integrity and authority structure	2026-10-03T12:10:35.9832018Z test_current_document (test_frozen_architecture.ArchitectureIntegrityTests.test_current_document) ... ok
architecture	Canonical integrity and authority structure	2026-10-03T12:10:36.0450837Z test_hash_and_provenance_mutations (test_frozen_architecture.ArchitectureIntegrityTests.test_hash_and_provenance_mutations) ... ok
architecture	Canonical integrity and authority structure	2026-10-03T12:10:36.0557090Z test_layout_flexibility_preserves_semantics (test_frozen_architecture.ArchitectureIntegrityTests.test_layout_flexibility_preserves_semantics) ... ok
architecture	Canonical integrity and authority structure	2026-10-03T12:10:36.3260740Z test_semantic_negative_controls (test_frozen_architecture.ArchitectureIntegrityTests.test_semantic_negative_controls) ... ok
architecture	Canonical integrity and authority structure	2026-10-03T12:10:36.3288311Z test_active_task_path_is_never_architecture_waiver (test_source_boundaries.SourceTests.test_active_task_path_is_never_architecture_waiver) ... ok
architecture	Canonical integrity and authority structure	2026-10-03T12:10:39.1910138Z test_arbitrarily_named_go_root_assembly_helper_valid (test_source_boundaries.SourceTests.test_arbitrarily_named_go_root_assembly_helper_valid) ... ok
architecture	Canonical integrity and authority structure	2026-10-03T12:10:39.1934195Z test_arbitrarily_named_java_root_assembly_helper_valid (test_source_boundaries.SourceTests.test_arbitrarily_named_java_root_assembly_helper_valid) ... ok
architecture	Canonical integrity and authority structure	2026-10-03T12:10:39.2645370Z test_cross_service_alias_import_and_build_tag (test_source_boundaries.SourceTests.test_cross_service_alias_import_and_build_tag) ... ok
architecture	Canonical integrity and authority structure	2026-10-03T12:10:39.2673402Z test_current_governance_and_task_migration_scope_valid (test_source_boundaries.SourceTests.test_current_governance_and_task_migration_scope_valid) ... ok
architecture	Canonical integrity and authority structure	2026-10-03T12:10:39.2690165Z test_current_java_placeholder_valid_and_no_early_business_required (test_source_boundaries.SourceTests.test_current_java_placeholder_valid_and_no_early_business_required) ... ok
architecture	Canonical integrity and authority structure	2026-10-03T12:10:39.2707168Z test_future_java_business_root_and_shared_disguise (test_source_boundaries.SourceTests.test_future_java_business_root_and_shared_disguise) ... ok
architecture	Canonical integrity and authority structure	2026-10-03T12:10:39.2723034Z test_future_java_cross_service_shared_reverse_and_fully_qualified (test_source_boundaries.SourceTests.test_future_java_cross_service_shared_reverse_and_fully_qualified) ... ok
architecture	Canonical integrity and authority structure	2026-10-03T12:10:39.7149596Z test_future_java_single_layout_compiles_and_imports_checked (test_source_boundaries.SourceTests.test_future_java_single_layout_compiles_and_imports_checked) ... ok
architecture	Canonical integrity and authority structure	2026-10-03T12:10:39.7819730Z test_gateway_cannot_write_session_or_outbox (test_source_boundaries.SourceTests.test_gateway_cannot_write_session_or_outbox) ... ok
architecture	Canonical integrity and authority structure	2026-10-03T12:10:39.7838149Z test_java_dynamic_jdbc_shared_repository_and_gateway_write_rejected (test_source_boundaries.SourceTests.test_java_dynamic_jdbc_shared_repository_and_gateway_write_rejected) ... ok
architecture	Canonical integrity and authority structure	2026-10-03T12:10:39.7852376Z test_java_gateway_dynamic_update_with_select_decoy_rejected (test_source_boundaries.SourceTests.test_java_gateway_dynamic_update_with_select_decoy_rejected) ... ok
architecture	Canonical integrity and authority structure	2026-10-03T12:10:39.7885061Z test_java_gateway_execute_cannot_borrow_unrelated_select_literal (test_source_boundaries.SourceTests.test_java_gateway_execute_cannot_borrow_unrelated_select_literal) ... ok
architecture	Canonical integrity and authority structure	2026-10-03T12:10:39.7901671Z test_java_gateway_executequery_and_connection_lifecycle_valid (test_source_boundaries.SourceTests.test_java_gateway_executequery_and_connection_lifecycle_valid) ... ok
architecture	Canonical integrity and authority structure	2026-10-03T12:10:39.7915047Z test_java_gateway_readonly_session_and_shared_token_primitive_valid (test_source_boundaries.SourceTests.test_java_gateway_readonly_session_and_shared_token_primitive_valid) ... ok
architecture	Canonical integrity and authority structure	2026-10-03T12:10:39.8066769Z test_java_noncore_jdbc_transaction_controls_rejected (test_source_boundaries.SourceTests.test_java_noncore_jdbc_transaction_controls_rejected) ... ok
architecture	Canonical integrity and authority structure	2026-10-03T12:10:39.8071472Z test_java_placeholder_cannot_grow_business (test_source_boundaries.SourceTests.test_java_placeholder_cannot_grow_business) ... ok
architecture	Canonical integrity and authority structure	2026-10-03T12:10:39.8085004Z test_java_unicode_import_cannot_bypass_dependency (test_source_boundaries.SourceTests.test_java_unicode_import_cannot_bypass_dependency) ... ok
architecture	Canonical integrity and authority structure	2026-10-03T12:10:40.9990223Z test_legal_single_module_go_runtime_and_blackbox_test (test_source_boundaries.SourceTests.test_legal_single_module_go_runtime_and_blackbox_test) ... ok
architecture	Canonical integrity and authority structure	2026-10-03T12:10:41.0634526Z test_main_whitelisted_name_cannot_hide_business (test_source_boundaries.SourceTests.test_main_whitelisted_name_cannot_hide_business) ... ok
architecture	Canonical integrity and authority structure	2026-10-03T12:10:41.0649535Z test_placeholder_exit_and_business_not_permanent_exception (test_source_boundaries.SourceTests.test_placeholder_exit_and_business_not_permanent_exception) ... ok
architecture	Canonical integrity and authority structure	2026-10-03T12:10:41.0679815Z test_plain_bullet_task_path_checked_and_legal_core_accepted (test_source_boundaries.SourceTests.test_plain_bullet_task_path_checked_and_legal_core_accepted) ... ok
architecture	Canonical integrity and authority structure	2026-10-03T12:10:41.1350269Z test_real_old_go_layout_rejected_without_name_hardcoding (test_source_boundaries.SourceTests.test_real_old_go_layout_rejected_without_name_hardcoding) ... ok
architecture	Canonical integrity and authority structure	2026-10-03T12:10:41.2019166Z test_root_new_business_and_unapproved_internal (test_source_boundaries.SourceTests.test_root_new_business_and_unapproved_internal) ... ok
architecture	Canonical integrity and authority structure	2026-10-03T12:10:41.2680116Z test_root_test_name_cannot_hide_business (test_source_boundaries.SourceTests.test_root_test_name_cannot_hide_business) ... ok
architecture	Canonical integrity and authority structure	2026-10-03T12:10:41.3346616Z test_shared_generic_repository_call_rejected_without_sql_literal (test_source_boundaries.SourceTests.test_shared_generic_repository_call_rejected_without_sql_literal) ... ok
architecture	Canonical integrity and authority structure	2026-10-03T12:10:41.3361299Z test_shared_java_connection_factory_is_support_not_repository (test_source_boundaries.SourceTests.test_shared_java_connection_factory_is_support_not_repository) ... ok
architecture	Canonical integrity and authority structure	2026-10-03T12:10:41.4010427Z test_shared_reverse_dependency_and_moved_full_auth (test_source_boundaries.SourceTests.test_shared_reverse_dependency_and_moved_full_auth) ... ok
architecture	Canonical integrity and authority structure	2026-10-03T12:10:41.4699236Z test_syntax_failure_cannot_be_skipped (test_source_boundaries.SourceTests.test_syntax_failure_cannot_be_skipped) ... ok
architecture	Canonical integrity and authority structure	2026-10-03T12:10:41.4723650Z test_workflow_missing_commands_dependencies_and_suppression_rejected (test_source_boundaries.SourceTests.test_workflow_missing_commands_dependencies_and_suppression_rejected) ... ok
architecture	Canonical integrity and authority structure	2026-10-03T12:10:41.4724150Z 
architecture	Canonical integrity and authority structure	2026-10-03T12:10:41.4724259Z ----------------------------------------------------------------------
architecture	Canonical integrity and authority structure	2026-10-03T12:10:41.4724487Z Ran 53 tests in 5.693s
architecture	Canonical integrity and authority structure	2026-10-03T12:10:41.4724570Z 
architecture	Canonical integrity and authority structure	2026-10-03T12:10:41.4724619Z OK
architecture	Current governance references and task scopes	﻿2026-10-03T12:10:41.5280954Z ##[group]Run python3 ci/check_architecture.py --scope governance
architecture	Current governance references and task scopes	2026-10-03T12:10:41.5281243Z ^[[36;1mpython3 ci/check_architecture.py --scope governance^[[0m
architecture	Current governance references and task scopes	2026-10-03T12:10:41.5333392Z shell: /usr/bin/bash -e {0}
architecture	Current governance references and task scopes	2026-10-03T12:10:41.5333571Z env:
architecture	Current governance references and task scopes	2026-10-03T12:10:41.5333693Z   PYTHONDONTWRITEBYTECODE: 1
architecture	Current governance references and task scopes	2026-10-03T12:10:41.5333890Z   JAVA_HOME: /opt/hostedtoolcache/Java_Temurin-Hotspot_jdk/21.0.12-1/x64
architecture	Current governance references and task scopes	2026-10-03T12:10:41.5334154Z   JAVA_HOME_21_X64: /opt/hostedtoolcache/Java_Temurin-Hotspot_jdk/21.0.12-1/x64
architecture	Current governance references and task scopes	2026-10-03T12:10:41.5334356Z ##[endgroup]
architecture	Current governance references and task scopes	2026-10-03T12:10:41.5709342Z PASS: scope=governance violations=0; static checks supplement independent Review
architecture	Active client technology/source/dependency/configuration guard	﻿2026-10-03T12:10:41.5770291Z ##[group]Run python3 ci/check_architecture.py --scope clients --json
architecture	Active client technology/source/dependency/configuration guard	2026-10-03T12:10:41.5770569Z ^[[36;1mpython3 ci/check_architecture.py --scope clients --json^[[0m
architecture	Active client technology/source/dependency/configuration guard	2026-10-03T12:10:41.5823629Z shell: /usr/bin/bash -e {0}
architecture	Active client technology/source/dependency/configuration guard	2026-10-03T12:10:41.5823778Z env:
architecture	Active client technology/source/dependency/configuration guard	2026-10-03T12:10:41.5823902Z   PYTHONDONTWRITEBYTECODE: 1
architecture	Active client technology/source/dependency/configuration guard	2026-10-03T12:10:41.5824106Z   JAVA_HOME: /opt/hostedtoolcache/Java_Temurin-Hotspot_jdk/21.0.12-1/x64
architecture	Active client technology/source/dependency/configuration guard	2026-10-03T12:10:41.5824380Z   JAVA_HOME_21_X64: /opt/hostedtoolcache/Java_Temurin-Hotspot_jdk/21.0.12-1/x64
architecture	Active client technology/source/dependency/configuration guard	2026-10-03T12:10:41.5824603Z ##[endgroup]
architecture	Active client technology/source/dependency/configuration guard	2026-10-03T12:10:41.6614280Z {
architecture	Active client technology/source/dependency/configuration guard	2026-10-03T12:10:41.6614586Z   "result": "PASS",
architecture	Active client technology/source/dependency/configuration guard	2026-10-03T12:10:41.6614782Z   "scope": "clients",
architecture	Active client technology/source/dependency/configuration guard	2026-10-03T12:10:41.6614931Z   "violations": [],
architecture	Active client technology/source/dependency/configuration guard	2026-10-03T12:10:41.6615056Z   "graphs": {}
architecture	Active client technology/source/dependency/configuration guard	2026-10-03T12:10:41.6615166Z }
architecture	Checker positive and negative controls	﻿2026-10-03T12:10:41.6699720Z ##[group]Run python3 -m unittest discover -s tests/architecture -v
architecture	Checker positive and negative controls	2026-10-03T12:10:41.6700009Z ^[[36;1mpython3 -m unittest discover -s tests/architecture -v^[[0m
architecture	Checker positive and negative controls	2026-10-03T12:10:41.6752871Z shell: /usr/bin/bash -e {0}
architecture	Checker positive and negative controls	2026-10-03T12:10:41.6753018Z env:
architecture	Checker positive and negative controls	2026-10-03T12:10:41.6753142Z   PYTHONDONTWRITEBYTECODE: 1
architecture	Checker positive and negative controls	2026-10-03T12:10:41.6753467Z   JAVA_HOME: /opt/hostedtoolcache/Java_Temurin-Hotspot_jdk/21.0.12-1/x64
architecture	Checker positive and negative controls	2026-10-03T12:10:41.6753733Z   JAVA_HOME_21_X64: /opt/hostedtoolcache/Java_Temurin-Hotspot_jdk/21.0.12-1/x64
architecture	Checker positive and negative controls	2026-10-03T12:10:41.6753939Z ##[endgroup]
architecture	Checker positive and negative controls	2026-10-03T12:10:41.7490492Z test_android_complete_literal_plugin_notations_remain_approved (test_client_technology.ClientTechnologyControls.test_android_complete_literal_plugin_notations_remain_approved) ... ok
architecture	Checker positive and negative controls	2026-10-03T12:10:41.7616395Z test_android_compose_gradle_source_and_tooling (test_client_technology.ClientTechnologyControls.test_android_compose_gradle_source_and_tooling) ... ok
architecture	Checker positive and negative controls	2026-10-03T12:10:41.7682987Z test_android_literal_and_direct_catalog_plugins_remain_approved (test_client_technology.ClientTechnologyControls.test_android_literal_and_direct_catalog_plugins_remain_approved) ... ok
architecture	Checker positive and negative controls	2026-10-03T12:10:41.7909870Z test_android_negative_real_gradle_catalog_import_build_workflow_controls (test_client_technology.ClientTechnologyControls.test_android_negative_real_gradle_catalog_import_build_workflow_controls) ... ok
architecture	Checker positive and negative controls	2026-10-03T12:10:41.7969373Z test_android_plugin_block_shortcuts_and_generic_apply_fail_closed (test_client_technology.ClientTechnologyControls.test_android_plugin_block_shortcuts_and_generic_apply_fail_closed) ... ok
architecture	Checker positive and negative controls	2026-10-03T12:10:41.8022273Z test_android_plugin_declarations_fail_closed (test_client_technology.ClientTechnologyControls.test_android_plugin_declarations_fail_closed) ... ok
architecture	Checker positive and negative controls	2026-10-03T12:10:41.8280014Z test_android_plugin_selectors_require_complete_literal_arguments (test_client_technology.ClientTechnologyControls.test_android_plugin_selectors_require_complete_literal_arguments) ... ok
architecture	Checker positive and negative controls	2026-10-03T12:10:41.8361994Z test_android_quoted_dispatch_text_remains_data (test_client_technology.ClientTechnologyControls.test_android_quoted_dispatch_text_remains_data) ... ok
architecture	Checker positive and negative controls	2026-10-03T12:10:41.8454782Z test_android_quoted_member_dispatch_fails_closed (test_client_technology.ClientTechnologyControls.test_android_quoted_member_dispatch_fails_closed) ... ok
architecture	Checker positive and negative controls	2026-10-03T12:10:41.8538629Z test_android_supported_apply_and_quoted_contexts_remain_approved (test_client_technology.ClientTechnologyControls.test_android_supported_apply_and_quoted_contexts_remain_approved) ... ok
architecture	Checker positive and negative controls	2026-10-03T12:10:41.8629054Z test_android_unsupported_plugin_applications_fail_closed (test_client_technology.ClientTechnologyControls.test_android_unsupported_plugin_applications_fail_closed) ... ok
architecture	Checker positive and negative controls	2026-10-03T12:10:41.8670539Z test_approved_ts_native_config_assets (test_client_technology.ClientTechnologyControls.test_approved_ts_native_config_assets) ... ok
architecture	Checker positive and negative controls	2026-10-03T12:10:41.8679907Z test_authority_missing_or_mutated_is_failure (test_client_technology.ClientTechnologyControls.test_authority_missing_or_mutated_is_failure) ... ok
architecture	Checker positive and negative controls	2026-10-03T12:10:41.9051217Z test_current_active_clients (test_client_technology.ClientTechnologyControls.test_current_active_clients) ... ok
architecture	Checker positive and negative controls	2026-10-03T12:10:41.9162511Z test_forbidden_source_and_config_controls (test_client_technology.ClientTechnologyControls.test_forbidden_source_and_config_controls) ... ok
architecture	Checker positive and negative controls	2026-10-03T12:10:41.9177949Z test_history_is_not_active_client_implementation (test_client_technology.ClientTechnologyControls.test_history_is_not_active_client_implementation) ... ok
architecture	Checker positive and negative controls	2026-10-03T12:10:41.9191590Z test_symlink_cannot_bypass_boundary (test_client_technology.ClientTechnologyControls.test_symlink_cannot_bypass_boundary) ... ok
architecture	Checker positive and negative controls	2026-10-03T12:10:41.9214915Z test_task_paths_and_passing_tests_cannot_approve_framework (test_client_technology.ClientTechnologyControls.test_task_paths_and_passing_tests_cannot_approve_framework) ... ok
architecture	Checker positive and negative controls	2026-10-03T12:10:41.9301579Z test_unapproved_generic_dependencies_and_imports (test_client_technology.ClientTechnologyControls.test_unapproved_generic_dependencies_and_imports) ... ok
architecture	Checker positive and negative controls	2026-10-03T12:10:41.9419647Z test_current_document (test_frozen_architecture.ArchitectureIntegrityTests.test_current_document) ... ok
architecture	Checker positive and negative controls	2026-10-03T12:10:42.0044179Z test_hash_and_provenance_mutations (test_frozen_architecture.ArchitectureIntegrityTests.test_hash_and_provenance_mutations) ... ok
architecture	Checker positive and negative controls	2026-10-03T12:10:42.0151930Z test_layout_flexibility_preserves_semantics (test_frozen_architecture.ArchitectureIntegrityTests.test_layout_flexibility_preserves_semantics) ... ok
architecture	Checker positive and negative controls	2026-10-03T12:10:42.2858003Z test_semantic_negative_controls (test_frozen_architecture.ArchitectureIntegrityTests.test_semantic_negative_controls) ... ok
architecture	Checker positive and negative controls	2026-10-03T12:10:42.2885984Z test_active_task_path_is_never_architecture_waiver (test_source_boundaries.SourceTests.test_active_task_path_is_never_architecture_waiver) ... ok
architecture	Checker positive and negative controls	2026-10-03T12:10:42.3561293Z test_arbitrarily_named_go_root_assembly_helper_valid (test_source_boundaries.SourceTests.test_arbitrarily_named_go_root_assembly_helper_valid) ... ok
architecture	Checker positive and negative controls	2026-10-03T12:10:42.3583411Z test_arbitrarily_named_java_root_assembly_helper_valid (test_source_boundaries.SourceTests.test_arbitrarily_named_java_root_assembly_helper_valid) ... ok
architecture	Checker positive and negative controls	2026-10-03T12:10:42.4263812Z test_cross_service_alias_import_and_build_tag (test_source_boundaries.SourceTests.test_cross_service_alias_import_and_build_tag) ... ok
architecture	Checker positive and negative controls	2026-10-03T12:10:42.4291101Z test_current_governance_and_task_migration_scope_valid (test_source_boundaries.SourceTests.test_current_governance_and_task_migration_scope_valid) ... ok
architecture	Checker positive and negative controls	2026-10-03T12:10:42.4307915Z test_current_java_placeholder_valid_and_no_early_business_required (test_source_boundaries.SourceTests.test_current_java_placeholder_valid_and_no_early_business_required) ... ok
architecture	Checker positive and negative controls	2026-10-03T12:10:42.4324370Z test_future_java_business_root_and_shared_disguise (test_source_boundaries.SourceTests.test_future_java_business_root_and_shared_disguise) ... ok
architecture	Checker positive and negative controls	2026-10-03T12:10:42.4339953Z test_future_java_cross_service_shared_reverse_and_fully_qualified (test_source_boundaries.SourceTests.test_future_java_cross_service_shared_reverse_and_fully_qualified) ... ok
architecture	Checker positive and negative controls	2026-10-03T12:10:42.7570236Z test_future_java_single_layout_compiles_and_imports_checked (test_source_boundaries.SourceTests.test_future_java_single_layout_compiles_and_imports_checked) ... ok
architecture	Checker positive and negative controls	2026-10-03T12:10:42.8258273Z test_gateway_cannot_write_session_or_outbox (test_source_boundaries.SourceTests.test_gateway_cannot_write_session_or_outbox) ... ok
architecture	Checker positive and negative controls	2026-10-03T12:10:42.8276569Z test_java_dynamic_jdbc_shared_repository_and_gateway_write_rejected (test_source_boundaries.SourceTests.test_java_dynamic_jdbc_shared_repository_and_gateway_write_rejected) ... ok
architecture	Checker positive and negative controls	2026-10-03T12:10:42.8290159Z test_java_gateway_dynamic_update_with_select_decoy_rejected (test_source_boundaries.SourceTests.test_java_gateway_dynamic_update_with_select_decoy_rejected) ... ok
architecture	Checker positive and negative controls	2026-10-03T12:10:42.8321985Z test_java_gateway_execute_cannot_borrow_unrelated_select_literal (test_source_boundaries.SourceTests.test_java_gateway_execute_cannot_borrow_unrelated_select_literal) ... ok
architecture	Checker positive and negative controls	2026-10-03T12:10:42.8338659Z test_java_gateway_executequery_and_connection_lifecycle_valid (test_source_boundaries.SourceTests.test_java_gateway_executequery_and_connection_lifecycle_valid) ... ok
architecture	Checker positive and negative controls	2026-10-03T12:10:42.8351966Z test_java_gateway_readonly_session_and_shared_token_primitive_valid (test_source_boundaries.SourceTests.test_java_gateway_readonly_session_and_shared_token_primitive_valid) ... ok
architecture	Checker positive and negative controls	2026-10-03T12:10:42.8448354Z test_java_noncore_jdbc_transaction_controls_rejected (test_source_boundaries.SourceTests.test_java_noncore_jdbc_transaction_controls_rejected) ... ok
architecture	Checker positive and negative controls	2026-10-03T12:10:42.8452727Z test_java_placeholder_cannot_grow_business (test_source_boundaries.SourceTests.test_java_placeholder_cannot_grow_business) ... ok
architecture	Checker positive and negative controls	2026-10-03T12:10:42.8466006Z test_java_unicode_import_cannot_bypass_dependency (test_source_boundaries.SourceTests.test_java_unicode_import_cannot_bypass_dependency) ... ok
architecture	Checker positive and negative controls	2026-10-03T12:10:43.0289094Z test_legal_single_module_go_runtime_and_blackbox_test (test_source_boundaries.SourceTests.test_legal_single_module_go_runtime_and_blackbox_test) ... ok
architecture	Checker positive and negative controls	2026-10-03T12:10:43.1009245Z test_main_whitelisted_name_cannot_hide_business (test_source_boundaries.SourceTests.test_main_whitelisted_name_cannot_hide_business) ... ok
architecture	Checker positive and negative controls	2026-10-03T12:10:43.1024627Z test_placeholder_exit_and_business_not_permanent_exception (test_source_boundaries.SourceTests.test_placeholder_exit_and_business_not_permanent_exception) ... ok
architecture	Checker positive and negative controls	2026-10-03T12:10:43.1054635Z test_plain_bullet_task_path_checked_and_legal_core_accepted (test_source_boundaries.SourceTests.test_plain_bullet_task_path_checked_and_legal_core_accepted) ... ok
architecture	Checker positive and negative controls	2026-10-03T12:10:43.1699480Z test_real_old_go_layout_rejected_without_name_hardcoding (test_source_boundaries.SourceTests.test_real_old_go_layout_rejected_without_name_hardcoding) ... ok
architecture	Checker positive and negative controls	2026-10-03T12:10:43.2362143Z test_root_new_business_and_unapproved_internal (test_source_boundaries.SourceTests.test_root_new_business_and_unapproved_internal) ... ok
architecture	Checker positive and negative controls	2026-10-03T12:10:43.3021617Z test_root_test_name_cannot_hide_business (test_source_boundaries.SourceTests.test_root_test_name_cannot_hide_business) ... ok
architecture	Checker positive and negative controls	2026-10-03T12:10:43.3684943Z test_shared_generic_repository_call_rejected_without_sql_literal (test_source_boundaries.SourceTests.test_shared_generic_repository_call_rejected_without_sql_literal) ... ok
architecture	Checker positive and negative controls	2026-10-03T12:10:43.3700324Z test_shared_java_connection_factory_is_support_not_repository (test_source_boundaries.SourceTests.test_shared_java_connection_factory_is_support_not_repository) ... ok
architecture	Checker positive and negative controls	2026-10-03T12:10:43.4347840Z test_shared_reverse_dependency_and_moved_full_auth (test_source_boundaries.SourceTests.test_shared_reverse_dependency_and_moved_full_auth) ... ok
architecture	Checker positive and negative controls	2026-10-03T12:10:43.5039378Z test_syntax_failure_cannot_be_skipped (test_source_boundaries.SourceTests.test_syntax_failure_cannot_be_skipped) ... ok
architecture	Checker positive and negative controls	2026-10-03T12:10:43.5065427Z test_workflow_missing_commands_dependencies_and_suppression_rejected (test_source_boundaries.SourceTests.test_workflow_missing_commands_dependencies_and_suppression_rejected) ... ok
architecture	Checker positive and negative controls	2026-10-03T12:10:43.5065928Z 
architecture	Checker positive and negative controls	2026-10-03T12:10:43.5066037Z ----------------------------------------------------------------------
architecture	Checker positive and negative controls	2026-10-03T12:10:43.5066241Z Ran 53 tests in 1.775s
architecture	Checker positive and negative controls	2026-10-03T12:10:43.5066321Z 
architecture	Checker positive and negative controls	2026-10-03T12:10:43.5066376Z OK
architecture	Post Run actions/setup-java@v4	﻿2026-10-03T12:10:43.5225949Z Post job cleanup.
architecture	Post Run actions/setup-java@v4	2026-10-03T12:10:43.6115030Z (node:5021) [DEP0040] DeprecationWarning: The `punycode` module is deprecated. Please use a userland alternative instead.
architecture	Post Run actions/setup-java@v4	2026-10-03T12:10:43.6115502Z (Use `node --trace-deprecation ...` to show where the warning was created)
architecture	Post Run actions/setup-go@v5	﻿2026-10-03T12:10:43.6271029Z Post job cleanup.
architecture	Post Run actions/setup-go@v5	2026-10-03T12:10:43.7044338Z (node:5029) [DEP0040] DeprecationWarning: The `punycode` module is deprecated. Please use a userland alternative instead.
architecture	Post Run actions/setup-go@v5	2026-10-03T12:10:43.7048069Z (Use `node --trace-deprecation ...` to show where the warning was created)
architecture	Post Run actions/setup-go@v5	2026-10-03T12:10:43.7084805Z [command]/opt/hostedtoolcache/go/1.23.12/x64/bin/go env GOMODCACHE
architecture	Post Run actions/setup-go@v5	2026-10-03T12:10:43.7149537Z [command]/opt/hostedtoolcache/go/1.23.12/x64/bin/go env GOCACHE
architecture	Post Run actions/setup-go@v5	2026-10-03T12:10:43.7170169Z /home/runner/go/pkg/mod
architecture	Post Run actions/setup-go@v5	2026-10-03T12:10:43.7184379Z /home/runner/.cache/go-build
architecture	Post Run actions/setup-go@v5	2026-10-03T12:10:43.7208725Z [warning]Cache folder path is retrieved but doesn't exist on disk: /home/runner/go/pkg/mod
architecture	Post Run actions/setup-go@v5	2026-10-03T12:10:43.7209453Z Primary key was not generated. Please check the log messages above for more errors or information
architecture	Post Run actions/checkout@v4	﻿2026-10-03T12:10:43.7335978Z Post job cleanup.
architecture	Post Run actions/checkout@v4	2026-10-03T12:10:43.7893344Z [command]/usr/bin/git version
architecture	Post Run actions/checkout@v4	2026-10-03T12:10:43.7926242Z git version 2.55.0
architecture	Post Run actions/checkout@v4	2026-10-03T12:10:43.7950556Z Temporarily overriding HOME='/home/runner/work/_temp/dfece74c-f5cc-4460-ab43-28e9a14200fc' before making global git config changes
architecture	Post Run actions/checkout@v4	2026-10-03T12:10:43.7951122Z Adding repository directory to the temporary git global config as a safe directory
architecture	Post Run actions/checkout@v4	2026-10-03T12:10:43.7954465Z [command]/usr/bin/git config --global --add safe.directory /home/runner/work/IM-platform/IM-platform
architecture	Post Run actions/checkout@v4	2026-10-03T12:10:43.7984885Z [command]/usr/bin/git config --local --name-only --get-regexp core\.sshCommand
architecture	Post Run actions/checkout@v4	2026-10-03T12:10:43.8012375Z [command]/usr/bin/git submodule foreach --recursive sh -c "git config --local --name-only --get-regexp 'core\.sshCommand' && git config --local --unset-all 'core.sshCommand' || :"
architecture	Post Run actions/checkout@v4	2026-10-03T12:10:43.8215560Z [command]/usr/bin/git config --local --name-only --get-regexp http\.https\:\/\/github\.com\/\.extraheader
architecture	Post Run actions/checkout@v4	2026-10-03T12:10:43.8238187Z http.https://github.com/.extraheader
architecture	Post Run actions/checkout@v4	2026-10-03T12:10:43.8246779Z [command]/usr/bin/git config --local --unset-all http.https://github.com/.extraheader
architecture	Post Run actions/checkout@v4	2026-10-03T12:10:43.8274850Z [command]/usr/bin/git submodule foreach --recursive sh -c "git config --local --name-only --get-regexp 'http\.https\:\/\/github\.com\/\.extraheader' && git config --local --unset-all 'http.https://github.com/.extraheader' || :"
architecture	Post Run actions/checkout@v4	2026-10-03T12:10:43.8471400Z [command]/usr/bin/git config --local --name-only --get-regexp ^includeIf\.gitdir:
architecture	Post Run actions/checkout@v4	2026-10-03T12:10:43.8501203Z [command]/usr/bin/git submodule foreach --recursive git config --local --show-origin --name-only --get-regexp remote.origin.url
architecture	Complete job	﻿2026-10-03T12:10:43.8795179Z Cleaning up orphan processes
architecture	Complete job	2026-10-03T12:10:43.8971256Z ##[warning]Node.js 20 is deprecated. The following actions target Node.js 20 but are being forced to run on Node.js 24: actions/checkout@v4, actions/setup-go@v5, actions/setup-java@v4. For more information see: https://github.blog/changelog/2025-09-19-deprecation-of-node-20-on-github-actions-runners/
