classify	Set up job	﻿2026-10-03T12:09:54.8247299Z Current runner version: '2.337.0'
classify	Set up job	2026-10-03T12:09:54.8273044Z ##[group]Runner Image Provisioner
classify	Set up job	2026-10-03T12:09:54.8274155Z Hosted Compute Agent
classify	Set up job	2026-10-03T12:09:54.8274892Z Version: 20260901.588
classify	Set up job	2026-10-03T12:09:54.8275557Z Commit: f88ec8081b781fac6c440065ac7ff9e710ce3d0b
classify	Set up job	2026-10-03T12:09:54.8276337Z Build Date: 2026-09-01T19:56:44Z
classify	Set up job	2026-10-03T12:09:54.8277050Z Worker ID: {6b577b26-538a-4257-8d2f-ac5c3b2bcd9c}
classify	Set up job	2026-10-03T12:09:54.8277809Z Azure Region: westcentralus
classify	Set up job	2026-10-03T12:09:54.8278488Z ##[endgroup]
classify	Set up job	2026-10-03T12:09:54.8279999Z ##[group]Operating System
classify	Set up job	2026-10-03T12:09:54.8280720Z Ubuntu
classify	Set up job	2026-10-03T12:09:54.8281271Z 24.04.5
classify	Set up job	2026-10-03T12:09:54.8281824Z LTS
classify	Set up job	2026-10-03T12:09:54.8282387Z ##[endgroup]
classify	Set up job	2026-10-03T12:09:54.8282945Z ##[group]Runner Image
classify	Set up job	2026-10-03T12:09:54.8283528Z Image: ubuntu-24.04
classify	Set up job	2026-10-03T12:09:54.8284557Z Version: 20260927.320.1
classify	Set up job	2026-10-03T12:09:54.8285710Z Included Software: https://github.com/actions/runner-images/blob/ubuntu24/20260927.320/images/ubuntu/Ubuntu2404-Readme.md
classify	Set up job	2026-10-03T12:09:54.8287593Z Image Release: https://github.com/actions/runner-images/releases/tag/ubuntu24%2F20260927.320
classify	Set up job	2026-10-03T12:09:54.8288575Z ##[endgroup]
classify	Set up job	2026-10-03T12:09:54.8289766Z ##[group]GITHUB_TOKEN Permissions
classify	Set up job	2026-10-03T12:09:54.8291617Z Contents: read
classify	Set up job	2026-10-03T12:09:54.8292360Z Metadata: read
classify	Set up job	2026-10-03T12:09:54.8292930Z ##[endgroup]
classify	Set up job	2026-10-03T12:09:54.8295515Z Secret source: Actions
classify	Set up job	2026-10-03T12:09:54.8296522Z Cache mode: write
classify	Set up job	2026-10-03T12:09:54.8297268Z Prepare workflow directory
classify	Set up job	2026-10-03T12:09:54.8636392Z Prepare all required actions
classify	Set up job	2026-10-03T12:09:54.8683515Z Getting action download info
classify	Set up job	2026-10-03T12:09:55.1629977Z Download action repository 'actions/checkout@v4' (SHA:11d5960a326750d5838078e36cf38b85af677262)
classify	Set up job	2026-10-03T12:09:55.3680462Z Complete job name: classify
classify	Run actions/checkout@v4	﻿2026-10-03T12:09:55.4532635Z ##[group]Run actions/checkout@v4
classify	Run actions/checkout@v4	2026-10-03T12:09:55.4533545Z with:
classify	Run actions/checkout@v4	2026-10-03T12:09:55.4534272Z   fetch-depth: 0
classify	Run actions/checkout@v4	2026-10-03T12:09:55.4535365Z   ref: b8200783ea3eadc1ed4e4050238f051a7ab708b3
classify	Run actions/checkout@v4	2026-10-03T12:09:55.4536361Z   repository: nilesthump/IM-platform
classify	Run actions/checkout@v4	2026-10-03T12:09:55.4540460Z   token: ***
classify	Run actions/checkout@v4	2026-10-03T12:09:55.4540911Z   ssh-strict: true
classify	Run actions/checkout@v4	2026-10-03T12:09:55.4541365Z   ssh-user: git
classify	Run actions/checkout@v4	2026-10-03T12:09:55.4541824Z   persist-credentials: true
classify	Run actions/checkout@v4	2026-10-03T12:09:55.4542316Z   clean: true
classify	Run actions/checkout@v4	2026-10-03T12:09:55.4542764Z   sparse-checkout-cone-mode: true
classify	Run actions/checkout@v4	2026-10-03T12:09:55.4543292Z   fetch-tags: false
classify	Run actions/checkout@v4	2026-10-03T12:09:55.4543734Z   show-progress: true
classify	Run actions/checkout@v4	2026-10-03T12:09:55.4544349Z   lfs: false
classify	Run actions/checkout@v4	2026-10-03T12:09:55.4544772Z   submodules: false
classify	Run actions/checkout@v4	2026-10-03T12:09:55.4545239Z   set-safe-directory: true
classify	Run actions/checkout@v4	2026-10-03T12:09:55.4545754Z   allow-unsafe-pr-checkout: false
classify	Run actions/checkout@v4	2026-10-03T12:09:55.4546643Z ##[endgroup]
classify	Run actions/checkout@v4	2026-10-03T12:09:55.5611200Z Syncing repository: nilesthump/IM-platform
classify	Run actions/checkout@v4	2026-10-03T12:09:55.5613747Z ##[group]Getting Git version info
classify	Run actions/checkout@v4	2026-10-03T12:09:55.5615327Z Working directory is '/home/runner/work/IM-platform/IM-platform'
classify	Run actions/checkout@v4	2026-10-03T12:09:55.5617035Z [command]/usr/bin/git version
classify	Run actions/checkout@v4	2026-10-03T12:09:55.5664440Z git version 2.55.0
classify	Run actions/checkout@v4	2026-10-03T12:09:55.5686975Z ##[endgroup]
classify	Run actions/checkout@v4	2026-10-03T12:09:55.5701917Z Temporarily overriding HOME='/home/runner/work/_temp/b3565579-33a4-495b-aa66-ec2f76e96da0' before making global git config changes
classify	Run actions/checkout@v4	2026-10-03T12:09:55.5704574Z Adding repository directory to the temporary git global config as a safe directory
classify	Run actions/checkout@v4	2026-10-03T12:09:55.5707779Z [command]/usr/bin/git config --global --add safe.directory /home/runner/work/IM-platform/IM-platform
classify	Run actions/checkout@v4	2026-10-03T12:09:55.5761617Z Deleting the contents of '/home/runner/work/IM-platform/IM-platform'
classify	Run actions/checkout@v4	2026-10-03T12:09:55.5773322Z ##[group]Initializing the repository
classify	Run actions/checkout@v4	2026-10-03T12:09:55.5775054Z [command]/usr/bin/git init /home/runner/work/IM-platform/IM-platform
classify	Run actions/checkout@v4	2026-10-03T12:09:55.5867783Z hint: Using 'master' as the name for the initial branch. This default branch name
classify	Run actions/checkout@v4	2026-10-03T12:09:55.5869466Z hint: will change to "main" in Git 3.0. To configure the initial branch name
classify	Run actions/checkout@v4	2026-10-03T12:09:55.5871053Z hint: to use in all of your new repositories, which will suppress this warning,
classify	Run actions/checkout@v4	2026-10-03T12:09:55.5873033Z hint: call:
classify	Run actions/checkout@v4	2026-10-03T12:09:55.5873750Z hint:
classify	Run actions/checkout@v4	2026-10-03T12:09:55.5874887Z hint: 	git config --global init.defaultBranch <name>
classify	Run actions/checkout@v4	2026-10-03T12:09:55.5875888Z hint:
classify	Run actions/checkout@v4	2026-10-03T12:09:55.5876842Z hint: Names commonly chosen instead of 'master' are 'main', 'trunk' and
classify	Run actions/checkout@v4	2026-10-03T12:09:55.5878405Z hint: 'development'. The just-created branch can be renamed via this command:
classify	Run actions/checkout@v4	2026-10-03T12:09:55.5879698Z hint:
classify	Run actions/checkout@v4	2026-10-03T12:09:55.5880418Z hint: 	git branch -m <name>
classify	Run actions/checkout@v4	2026-10-03T12:09:55.5881187Z hint:
classify	Run actions/checkout@v4	2026-10-03T12:09:55.5882186Z hint: Disable this message with "git config set advice.defaultBranchName false"
classify	Run actions/checkout@v4	2026-10-03T12:09:55.5884304Z Initialized empty Git repository in /home/runner/work/IM-platform/IM-platform/.git/
classify	Run actions/checkout@v4	2026-10-03T12:09:55.5887501Z [command]/usr/bin/git remote add origin https://github.com/nilesthump/IM-platform
classify	Run actions/checkout@v4	2026-10-03T12:09:55.5934445Z ##[endgroup]
classify	Run actions/checkout@v4	2026-10-03T12:09:55.5936143Z ##[group]Disabling automatic garbage collection
classify	Run actions/checkout@v4	2026-10-03T12:09:55.5938182Z [command]/usr/bin/git config --local gc.auto 0
classify	Run actions/checkout@v4	2026-10-03T12:09:55.5971946Z ##[endgroup]
classify	Run actions/checkout@v4	2026-10-03T12:09:55.5973127Z ##[group]Setting up auth
classify	Run actions/checkout@v4	2026-10-03T12:09:55.5979840Z [command]/usr/bin/git config --local --name-only --get-regexp core\.sshCommand
classify	Run actions/checkout@v4	2026-10-03T12:09:55.6013712Z [command]/usr/bin/git submodule foreach --recursive sh -c "git config --local --name-only --get-regexp 'core\.sshCommand' && git config --local --unset-all 'core.sshCommand' || :"
classify	Run actions/checkout@v4	2026-10-03T12:09:55.6393577Z [command]/usr/bin/git config --local --name-only --get-regexp http\.https\:\/\/github\.com\/\.extraheader
classify	Run actions/checkout@v4	2026-10-03T12:09:55.6434625Z [command]/usr/bin/git submodule foreach --recursive sh -c "git config --local --name-only --get-regexp 'http\.https\:\/\/github\.com\/\.extraheader' && git config --local --unset-all 'http.https://github.com/.extraheader' || :"
classify	Run actions/checkout@v4	2026-10-03T12:09:55.6677413Z [command]/usr/bin/git config --local --name-only --get-regexp ^includeIf\.gitdir:
classify	Run actions/checkout@v4	2026-10-03T12:09:55.6717702Z [command]/usr/bin/git submodule foreach --recursive git config --local --show-origin --name-only --get-regexp remote.origin.url
classify	Run actions/checkout@v4	2026-10-03T12:09:55.6944867Z [command]/usr/bin/git config --local http.https://github.com/.extraheader AUTHORIZATION: basic ***
classify	Run actions/checkout@v4	2026-10-03T12:09:55.6984851Z ##[endgroup]
classify	Run actions/checkout@v4	2026-10-03T12:09:55.6986365Z ##[group]Fetching the repository
classify	Run actions/checkout@v4	2026-10-03T12:09:55.6995657Z [command]/usr/bin/git -c protocol.version=2 fetch --prune --no-recurse-submodules origin +refs/heads/*:refs/remotes/origin/* +refs/tags/*:refs/tags/*
classify	Run actions/checkout@v4	2026-10-03T12:09:57.9894354Z From https://github.com/nilesthump/IM-platform
classify	Run actions/checkout@v4	2026-10-03T12:09:57.9897380Z  * [new branch]      docs/workspace-constraints-20261003 -> origin/docs/workspace-constraints-20261003
classify	Run actions/checkout@v4	2026-10-03T12:09:57.9900629Z  * [new branch]      fix/LOOP1-CI-001-s0-placeholder -> origin/fix/LOOP1-CI-001-s0-placeholder
classify	Run actions/checkout@v4	2026-10-03T12:09:57.9903128Z  * [new branch]      main                   -> origin/main
classify	Run actions/checkout@v4	2026-10-03T12:09:57.9905617Z  * [new branch]      recovery/s1-handoff-20261001 -> origin/recovery/s1-handoff-20261001
classify	Run actions/checkout@v4	2026-10-03T12:09:57.9908903Z  * [new branch]      recovery/s2-open-record-20261001 -> origin/recovery/s2-open-record-20261001
classify	Run actions/checkout@v4	2026-10-03T12:09:57.9911995Z  * [new branch]      rollback/pr7-20261001  -> origin/rollback/pr7-20261001
classify	Run actions/checkout@v4	2026-10-03T12:09:57.9915616Z  * [new branch]      task/LOOP1-ARCH-REMEDIATION -> origin/task/LOOP1-ARCH-REMEDIATION
classify	Run actions/checkout@v4	2026-10-03T12:09:57.9918853Z  * [new branch]      task/LOOP1-CI-001      -> origin/task/LOOP1-CI-001
classify	Run actions/checkout@v4	2026-10-03T12:09:57.9922092Z  * [new branch]      task/LOOP1-CLIENT-ARCH-CLARIFICATION-001 -> origin/task/LOOP1-CLIENT-ARCH-CLARIFICATION-001
classify	Run actions/checkout@v4	2026-10-03T12:09:57.9926410Z  * [new branch]      task/LOOP1-CLIENT-MVP-PLAN-20261003 -> origin/task/LOOP1-CLIENT-MVP-PLAN-20261003
classify	Run actions/checkout@v4	2026-10-03T12:09:57.9929482Z  * [new branch]      task/LOOP1-CLIENT-SEND-001 -> origin/task/LOOP1-CLIENT-SEND-001
classify	Run actions/checkout@v4	2026-10-03T12:09:57.9931792Z  * [new branch]      task/LOOP1-CLIENT-SQLITE-001 -> origin/task/LOOP1-CLIENT-SQLITE-001
classify	Run actions/checkout@v4	2026-10-03T12:09:57.9935116Z  * [new branch]      task/LOOP1-CLIENT-SQLITE-001-ts-kotlin -> origin/task/LOOP1-CLIENT-SQLITE-001-ts-kotlin
classify	Run actions/checkout@v4	2026-10-03T12:09:57.9938975Z  * [new branch]      task/LOOP1-CLIENT-UI-ARCH-001 -> origin/task/LOOP1-CLIENT-UI-ARCH-001
classify	Run actions/checkout@v4	2026-10-03T12:09:57.9941412Z  * [new branch]      task/LOOP1-E2E-001     -> origin/task/LOOP1-E2E-001
classify	Run actions/checkout@v4	2026-10-03T12:09:57.9943479Z  * [new branch]      task/LOOP1-GO-AUTH-001 -> origin/task/LOOP1-GO-AUTH-001
classify	Run actions/checkout@v4	2026-10-03T12:09:57.9945923Z  * [new branch]      task/LOOP1-GO-MSG-001  -> origin/task/LOOP1-GO-MSG-001
classify	Run actions/checkout@v4	2026-10-03T12:09:57.9948853Z  * [new branch]      task/LOOP1-GO-SOCIAL-001-v1.1 -> origin/task/LOOP1-GO-SOCIAL-001-v1.1
classify	Run actions/checkout@v4	2026-10-03T12:09:57.9952694Z  * [new branch]      task/LOOP1-SYNC-001    -> origin/task/LOOP1-SYNC-001
classify	Run actions/checkout@v4	2026-10-03T12:09:57.9960113Z [command]/usr/bin/git rev-parse --verify --quiet b8200783ea3eadc1ed4e4050238f051a7ab708b3^{object}
classify	Run actions/checkout@v4	2026-10-03T12:09:57.9964476Z b8200783ea3eadc1ed4e4050238f051a7ab708b3
classify	Run actions/checkout@v4	2026-10-03T12:09:57.9970200Z ##[endgroup]
classify	Run actions/checkout@v4	2026-10-03T12:09:57.9973166Z ##[group]Determining the checkout info
classify	Run actions/checkout@v4	2026-10-03T12:09:57.9976120Z ##[endgroup]
classify	Run actions/checkout@v4	2026-10-03T12:09:57.9977513Z [command]/usr/bin/git sparse-checkout disable
classify	Run actions/checkout@v4	2026-10-03T12:09:58.0022746Z [command]/usr/bin/git config --local --unset-all extensions.worktreeConfig
classify	Run actions/checkout@v4	2026-10-03T12:09:58.0058374Z ##[group]Checking out the ref
classify	Run actions/checkout@v4	2026-10-03T12:09:58.0061738Z [command]/usr/bin/git checkout --progress --force b8200783ea3eadc1ed4e4050238f051a7ab708b3
classify	Run actions/checkout@v4	2026-10-03T12:09:58.5369320Z Note: switching to 'b8200783ea3eadc1ed4e4050238f051a7ab708b3'.
classify	Run actions/checkout@v4	2026-10-03T12:09:58.5371459Z 
classify	Run actions/checkout@v4	2026-10-03T12:09:58.5373711Z You are in 'detached HEAD' state. You can look around, make experimental
classify	Run actions/checkout@v4	2026-10-03T12:09:58.5375573Z changes and commit them, and you can discard any commits you make in this
classify	Run actions/checkout@v4	2026-10-03T12:09:58.5376518Z state without impacting any branches by switching back to a branch.
classify	Run actions/checkout@v4	2026-10-03T12:09:58.5377283Z 
classify	Run actions/checkout@v4	2026-10-03T12:09:58.5377571Z If you want to create a new branch to retain commits you create, you may
classify	Run actions/checkout@v4	2026-10-03T12:09:58.5378253Z do so (now or later) by using -c with the switch command. Example:
classify	Run actions/checkout@v4	2026-10-03T12:09:58.5378632Z 
classify	Run actions/checkout@v4	2026-10-03T12:09:58.5378800Z   git switch -c <new-branch-name>
classify	Run actions/checkout@v4	2026-10-03T12:09:58.5379054Z 
classify	Run actions/checkout@v4	2026-10-03T12:09:58.5379218Z Or undo this operation with:
classify	Run actions/checkout@v4	2026-10-03T12:09:58.5379452Z 
classify	Run actions/checkout@v4	2026-10-03T12:09:58.5379599Z   git switch -
classify	Run actions/checkout@v4	2026-10-03T12:09:58.5379786Z 
classify	Run actions/checkout@v4	2026-10-03T12:09:58.5380176Z Turn off this advice by setting config variable advice.detachedHead to false
classify	Run actions/checkout@v4	2026-10-03T12:09:58.5380626Z 
classify	Run actions/checkout@v4	2026-10-03T12:09:58.5380992Z HEAD is now at b820078 Archive immutable recovery failure and clean local repair evidence
classify	Run actions/checkout@v4	2026-10-03T12:09:58.5398962Z ##[endgroup]
classify	Run actions/checkout@v4	2026-10-03T12:09:58.5445374Z [command]/usr/bin/git log -1 --format=%H
classify	Run actions/checkout@v4	2026-10-03T12:09:58.5472444Z b8200783ea3eadc1ed4e4050238f051a7ab708b3
classify	Diagnose checkout status	﻿2026-10-03T12:09:58.5681367Z ##[group]Run $status = @(git -c core.excludesFile=.git/info/exclude status --porcelain=v1 --untracked-files=all 2>&1)
classify	Diagnose checkout status	2026-10-03T12:09:58.5682374Z ^[[36;1m$status = @(git -c core.excludesFile=.git/info/exclude status --porcelain=v1 --untracked-files=all 2>&1)^[[0m
classify	Diagnose checkout status	2026-10-03T12:09:58.5683047Z ^[[36;1mif ($LASTEXITCODE -ne 0) { exit $LASTEXITCODE }^[[0m
classify	Diagnose checkout status	2026-10-03T12:09:58.5683500Z ^[[36;1mWrite-Host "checkout_status_entries=$($status.Count)"^[[0m
classify	Diagnose checkout status	2026-10-03T12:09:58.5684358Z ^[[36;1mforeach ($entry in $status) { Write-Host "checkout_status=$entry" }^[[0m
classify	Diagnose checkout status	2026-10-03T12:09:58.5713644Z shell: /usr/bin/pwsh -command ". '{0}'"
classify	Diagnose checkout status	2026-10-03T12:09:58.5714429Z ##[endgroup]
classify	Diagnose checkout status	2026-10-03T12:10:02.5304466Z checkout_status_entries=0
classify	Verify clean repository recovery	﻿2026-10-03T12:10:02.7373674Z ##[group]Run ./tools/verify-loop1-ctrl-002.ps1 -Mode Acceptance
classify	Verify clean repository recovery	2026-10-03T12:10:02.7440147Z ^[[36;1m./tools/verify-loop1-ctrl-002.ps1 -Mode Acceptance^[[0m
classify	Verify clean repository recovery	2026-10-03T12:10:02.7466298Z shell: /usr/bin/pwsh -command ". '{0}'"
classify	Verify clean repository recovery	2026-10-03T12:10:02.7466598Z ##[endgroup]
classify	Verify clean repository recovery	2026-10-03T12:10:18.3999033Z PASS: generic repository recovery verified task=LOOP1-SYNC-TRANSPORT-001 state=review mode=Acceptance queues=5 task_specs=29.
classify	Verify clean repository recovery	2026-10-03T12:10:18.4007912Z GIT: branch=HEAD status_entries=0 diff_lines=0 recent_commits=5.
classify	Test path matrix	﻿2026-10-03T12:10:18.4502844Z ##[group]Run python3 -m unittest discover -s tests/ci -v
classify	Test path matrix	2026-10-03T12:10:18.4503294Z ^[[36;1mpython3 -m unittest discover -s tests/ci -v^[[0m
classify	Test path matrix	2026-10-03T12:10:18.4567518Z shell: /usr/bin/bash -e {0}
classify	Test path matrix	2026-10-03T12:10:18.4567797Z env:
classify	Test path matrix	2026-10-03T12:10:18.4568013Z   PYTHONDONTWRITEBYTECODE: 1
classify	Test path matrix	2026-10-03T12:10:18.4568279Z ##[endgroup]
classify	Test path matrix	2026-10-03T12:10:18.5586555Z test_actual_storage_runner_and_deleted_fixture_select_actual_clients (test_classify.ClientStoragePaths.test_actual_storage_runner_and_deleted_fixture_select_actual_clients) ... ok
classify	Test path matrix	2026-10-03T12:10:18.5589746Z test_ci_changes_run_all_jobs (test_classify.PathMatrixTests.test_ci_changes_run_all_jobs) ... ok
classify	Test path matrix	2026-10-03T12:10:18.5591263Z test_client_changes_always_select_architecture (test_classify.PathMatrixTests.test_client_changes_always_select_architecture) ... ok
classify	Test path matrix	2026-10-03T12:10:18.5864435Z test_deleted_e2e_path_still_selects_live_checks (test_classify.PathMatrixTests.test_deleted_e2e_path_still_selects_live_checks) ... ok
classify	Test path matrix	2026-10-03T12:10:18.6107158Z test_deleted_send_fixture_still_runs_actual_checks (test_classify.PathMatrixTests.test_deleted_send_fixture_still_runs_actual_checks) ... ok
classify	Test path matrix	2026-10-03T12:10:18.6108605Z test_deploy_changes_run_deploy_validation (test_classify.PathMatrixTests.test_deploy_changes_run_deploy_validation) ... ok
classify	Test path matrix	2026-10-03T12:10:18.6109632Z test_e2e_paths_select_go_deploy_and_boundaries (test_classify.PathMatrixTests.test_e2e_paths_select_go_deploy_and_boundaries) ... ok
classify	Test path matrix	2026-10-03T12:10:18.6862386Z test_git_diff_includes_both_sides_of_shared_renames (test_classify.PathMatrixTests.test_git_diff_includes_both_sides_of_shared_renames) ... ok
classify	Test path matrix	2026-10-03T12:10:18.7110409Z test_git_diff_includes_deleted_shared_file (test_classify.PathMatrixTests.test_git_diff_includes_deleted_shared_file) ... ok
classify	Test path matrix	2026-10-03T12:10:18.7119432Z test_github_outputs_are_lowercase_booleans (test_classify.PathMatrixTests.test_github_outputs_are_lowercase_booleans) ... ok
classify	Test path matrix	2026-10-03T12:10:18.7123268Z test_governance_changes_cannot_skip_architecture (test_classify.PathMatrixTests.test_governance_changes_cannot_skip_architecture) ... ok
classify	Test path matrix	2026-10-03T12:10:18.7382728Z test_governance_deleted_and_renamed_paths_still_trigger (test_classify.PathMatrixTests.test_governance_deleted_and_renamed_paths_still_trigger) ... ok
classify	Test path matrix	2026-10-03T12:10:18.7385216Z test_profile_and_client_changes_are_local (test_classify.PathMatrixTests.test_profile_and_client_changes_are_local) ... ok
classify	Test path matrix	2026-10-03T12:10:18.7386896Z test_rejects_paths_outside_repo (test_classify.PathMatrixTests.test_rejects_paths_outside_repo) ... ok
classify	Test path matrix	2026-10-03T12:10:18.7388736Z test_send_verification_paths_select_actual_runtimes (test_classify.PathMatrixTests.test_send_verification_paths_select_actual_runtimes) ... ok
classify	Test path matrix	2026-10-03T12:10:18.7390641Z test_shared_changes_fan_out_to_full_compatibility (test_classify.PathMatrixTests.test_shared_changes_fan_out_to_full_compatibility) ... ok
classify	Test path matrix	2026-10-03T12:10:18.7392230Z test_union_and_deleted_paths (test_classify.PathMatrixTests.test_union_and_deleted_paths) ... ok
classify	Test path matrix	2026-10-03T12:10:18.7394129Z test_unrelated_files_do_not_schedule_product_jobs (test_classify.PathMatrixTests.test_unrelated_files_do_not_schedule_product_jobs) ... ok
classify	Test path matrix	2026-10-03T12:10:18.7396157Z test_architecture_jobs_missing_invalid_skipped_failed_cancelled (test_gate.GateTests.test_architecture_jobs_missing_invalid_skipped_failed_cancelled) ... ok
classify	Test path matrix	2026-10-03T12:10:18.7397845Z test_classifier_failure_fails_gate (test_gate.GateTests.test_classifier_failure_fails_gate) ... ok
classify	Test path matrix	2026-10-03T12:10:18.7399087Z test_selected_job_must_succeed (test_gate.GateTests.test_selected_job_must_succeed) ... ok
classify	Test path matrix	2026-10-03T12:10:18.7400378Z test_shared_subchecks_require_compatibility (test_gate.GateTests.test_shared_subchecks_require_compatibility) ... ok
classify	Test path matrix	2026-10-03T12:10:18.7402128Z test_recursive_live_go_verification_and_role_smoke_present (test_go_regression.GoRegressionTests.test_recursive_live_go_verification_and_role_smoke_present) ... ok
classify	Test path matrix	2026-10-03T12:10:18.7404830Z test_role_smoke_change_and_deletion_select_actual_jobs (test_go_regression.GoRegressionTests.test_role_smoke_change_and_deletion_select_actual_jobs) ... ok
classify	Test path matrix	2026-10-03T12:10:18.7558271Z test_websocket_upgrade_eof_terminates (test_go_regression.GoRegressionTests.test_websocket_upgrade_eof_terminates) ... ok
classify	Test path matrix	2026-10-03T12:10:18.7560298Z test_all_affected_workflow_jobs_use_boundary_checker (test_s0_boundary.S0BoundaryTests.test_all_affected_workflow_jobs_use_boundary_checker) ... ok
classify	Test path matrix	2026-10-03T12:10:18.7570263Z test_allowed_entry_name_is_only_allowed_at_profile_root (test_s0_boundary.S0BoundaryTests.test_allowed_entry_name_is_only_allowed_at_profile_root) ... ok
classify	Test path matrix	2026-10-03T12:10:18.7578033Z test_allowed_name_and_profile_root_symlink_checks_without_os_link_privilege (test_s0_boundary.S0BoundaryTests.test_allowed_name_and_profile_root_symlink_checks_without_os_link_privilege) ... ok
classify	Test path matrix	2026-10-03T12:10:18.7648109Z test_committed_skeleton_contains_no_unexpected_source (test_s0_boundary.S0BoundaryTests.test_committed_skeleton_contains_no_unexpected_source) ... ok
classify	Test path matrix	2026-10-03T12:10:18.7724561Z test_empty_markers_are_ignored_but_new_source_is_rejected (test_s0_boundary.S0BoundaryTests.test_empty_markers_are_ignored_but_new_source_is_rejected) ... ok
classify	Test path matrix	2026-10-03T12:10:18.7750720Z test_symlinks_cannot_hide_behind_allowed_names_or_profile_root (test_s0_boundary.S0BoundaryTests.test_symlinks_cannot_hide_behind_allowed_names_or_profile_root) ... ok
classify	Test path matrix	2026-10-03T12:10:18.7753720Z test_rejects_runner_context_at_deploy_job_env (test_workflow_context.WorkflowContextTests.test_rejects_runner_context_at_deploy_job_env) ... ok
classify	Test path matrix	2026-10-03T12:10:18.7756687Z test_runner_context_is_absent_from_job_env (test_workflow_context.WorkflowContextTests.test_runner_context_is_absent_from_job_env) ... ok
classify	Test path matrix	2026-10-03T12:10:18.7757707Z 
classify	Test path matrix	2026-10-03T12:10:18.7757952Z ----------------------------------------------------------------------
classify	Test path matrix	2026-10-03T12:10:18.7758482Z Ran 33 tests in 0.217s
classify	Test path matrix	2026-10-03T12:10:18.7758693Z 
classify	Test path matrix	2026-10-03T12:10:18.7758805Z OK
classify	Test path matrix	2026-10-03T12:10:18.7759075Z {
classify	Test path matrix	2026-10-03T12:10:18.7759348Z   "paths": [
classify	Test path matrix	2026-10-03T12:10:18.7759659Z     "contracts/errors/x.json"
classify	Test path matrix	2026-10-03T12:10:18.7760003Z   ],
classify	Test path matrix	2026-10-03T12:10:18.7760260Z   "jobs": {
classify	Test path matrix	2026-10-03T12:10:18.7760526Z     "go": true,
classify	Test path matrix	2026-10-03T12:10:18.7760815Z     "java": true,
classify	Test path matrix	2026-10-03T12:10:18.7761106Z     "web": true,
classify	Test path matrix	2026-10-03T12:10:18.7761392Z     "desktop": true,
classify	Test path matrix	2026-10-03T12:10:18.7761704Z     "mobile": true,
classify	Test path matrix	2026-10-03T12:10:18.7762010Z     "shared": true,
classify	Test path matrix	2026-10-03T12:10:18.7762320Z     "old_client": true,
classify	Test path matrix	2026-10-03T12:10:18.7762642Z     "plugin": true,
classify	Test path matrix	2026-10-03T12:10:18.7762937Z     "migration": true,
classify	Test path matrix	2026-10-03T12:10:18.7763267Z     "compatibility": true,
classify	Test path matrix	2026-10-03T12:10:18.7763617Z     "deploy": false,
classify	Test path matrix	2026-10-03T12:10:18.7764142Z     "architecture": true,
classify	Test path matrix	2026-10-03T12:10:18.7764499Z     "source_go": true,
classify	Test path matrix	2026-10-03T12:10:18.7764825Z     "source_java": true
classify	Test path matrix	2026-10-03T12:10:18.7765145Z   }
classify	Test path matrix	2026-10-03T12:10:18.7765399Z }
classify	Classify full diff, including deletions	﻿2026-10-03T12:10:18.7943558Z ##[group]Run base="$BASE_SHA"
classify	Classify full diff, including deletions	2026-10-03T12:10:18.7944168Z ^[[36;1mbase="$BASE_SHA"^[[0m
classify	Classify full diff, including deletions	2026-10-03T12:10:18.7944456Z ^[[36;1mif [[ -z "$base" || "$base" =~ ^0+$ ]]; then^[[0m
classify	Classify full diff, including deletions	2026-10-03T12:10:18.7944796Z ^[[36;1m  base=$(git hash-object -t tree /dev/null)^[[0m
classify	Classify full diff, including deletions	2026-10-03T12:10:18.7945084Z ^[[36;1mfi^[[0m
classify	Classify full diff, including deletions	2026-10-03T12:10:18.7945464Z ^[[36;1mpython3 ci/classify.py --base "$base" --head "$HEAD_SHA" --github-output "$GITHUB_OUTPUT"^[[0m
classify	Classify full diff, including deletions	2026-10-03T12:10:18.8009358Z shell: /usr/bin/bash --noprofile --norc -e -o pipefail {0}
classify	Classify full diff, including deletions	2026-10-03T12:10:18.8009732Z env:
classify	Classify full diff, including deletions	2026-10-03T12:10:18.8009976Z   BASE_SHA: a0304fcc7be18b87f5986d014849d6b48b96a071
classify	Classify full diff, including deletions	2026-10-03T12:10:18.8010334Z   HEAD_SHA: b8200783ea3eadc1ed4e4050238f051a7ab708b3
classify	Classify full diff, including deletions	2026-10-03T12:10:18.8010661Z   PYTHONDONTWRITEBYTECODE: 1
classify	Classify full diff, including deletions	2026-10-03T12:10:18.8010923Z ##[endgroup]
classify	Classify full diff, including deletions	2026-10-03T12:10:18.8419482Z {
classify	Classify full diff, including deletions	2026-10-03T12:10:18.8419958Z   "paths": [
classify	Classify full diff, including deletions	2026-10-03T12:10:18.8420383Z     ".github/workflows/ci.yml",
classify	Classify full diff, including deletions	2026-10-03T12:10:18.8420847Z     "contracts/http/sync.openapi.json",
classify	Classify full diff, including deletions	2026-10-03T12:10:18.8421433Z     "spec/architecture/README.md",
classify	Classify full diff, including deletions	2026-10-03T12:10:18.8422301Z     "spec/architecture/baseline.md",
classify	Classify full diff, including deletions	2026-10-03T12:10:18.8422904Z     "spec/architecture/decisions/ADR-0008-sync-https-transport.md",
classify	Classify full diff, including deletions	2026-10-03T12:10:18.8423582Z     "spec/architecture/frozen-architecture.md",
classify	Classify full diff, including deletions	2026-10-03T12:10:18.8424363Z     "spec/progress/current.md",
classify	Classify full diff, including deletions	2026-10-03T12:10:18.8425327Z     "spec/progress/evidence/LOOP1-SYNC-001/implementation-research/prompts/P-SYNC-IMPLEMENTATION-20261003/metadata.json",
classify	Classify full diff, including deletions	2026-10-03T12:10:18.8426851Z     "spec/progress/evidence/LOOP1-SYNC-001/implementation-research/prompts/P-SYNC-IMPLEMENTATION-20261003/prompt.txt",
classify	Classify full diff, including deletions	2026-10-03T12:10:18.8428395Z     "spec/progress/evidence/LOOP1-SYNC-001/implementation-research/prompts/P-SYNC-IMPLEMENTATION-EXACT-20261003/metadata.json",
classify	Classify full diff, including deletions	2026-10-03T12:10:18.8429952Z     "spec/progress/evidence/LOOP1-SYNC-001/implementation-research/prompts/P-SYNC-IMPLEMENTATION-EXACT-20261003/prompt.txt",
classify	Classify full diff, including deletions	2026-10-03T12:10:18.8431583Z     "spec/progress/evidence/LOOP1-SYNC-001/implementation-research/runs/R-SYNC-IMPLEMENTATION-20261003/blobs/C-0c854a25-4a44-48e0-8168-6fb80dac33af.stderr.txt",
classify	Classify full diff, including deletions	2026-10-03T12:10:18.8433621Z     "spec/progress/evidence/LOOP1-SYNC-001/implementation-research/runs/R-SYNC-IMPLEMENTATION-20261003/blobs/C-0c854a25-4a44-48e0-8168-6fb80dac33af.stdout.txt",
classify	Classify full diff, including deletions	2026-10-03T12:10:18.8435981Z     "spec/progress/evidence/LOOP1-SYNC-001/implementation-research/runs/R-SYNC-IMPLEMENTATION-20261003/blobs/C-5fbc4255-754d-441e-b961-dd6ff1af711f.stderr.txt",
classify	Classify full diff, including deletions	2026-10-03T12:10:18.8438019Z     "spec/progress/evidence/LOOP1-SYNC-001/implementation-research/runs/R-SYNC-IMPLEMENTATION-20261003/blobs/C-5fbc4255-754d-441e-b961-dd6ff1af711f.stdout.txt",
classify	Classify full diff, including deletions	2026-10-03T12:10:18.8439969Z     "spec/progress/evidence/LOOP1-SYNC-001/implementation-research/runs/R-SYNC-IMPLEMENTATION-20261003/blobs/C-80939d3e-9152-405f-abdf-758ed145573d.stderr.txt",
classify	Classify full diff, including deletions	2026-10-03T12:10:18.8441935Z     "spec/progress/evidence/LOOP1-SYNC-001/implementation-research/runs/R-SYNC-IMPLEMENTATION-20261003/blobs/C-80939d3e-9152-405f-abdf-758ed145573d.stdout.txt",
classify	Classify full diff, including deletions	2026-10-03T12:10:18.8444156Z     "spec/progress/evidence/LOOP1-SYNC-001/implementation-research/runs/R-SYNC-IMPLEMENTATION-20261003/blobs/C-9ad448a2-960f-4d5c-b787-7978ed017779.stderr.txt",
classify	Classify full diff, including deletions	2026-10-03T12:10:18.8446245Z     "spec/progress/evidence/LOOP1-SYNC-001/implementation-research/runs/R-SYNC-IMPLEMENTATION-20261003/blobs/C-9ad448a2-960f-4d5c-b787-7978ed017779.stdout.txt",
classify	Classify full diff, including deletions	2026-10-03T12:10:18.8448337Z     "spec/progress/evidence/LOOP1-SYNC-001/implementation-research/runs/R-SYNC-IMPLEMENTATION-20261003/blobs/C-baed6ac2-e12b-4ca5-a931-e960e2aefd6f.stderr.txt",
classify	Classify full diff, including deletions	2026-10-03T12:10:18.8450493Z     "spec/progress/evidence/LOOP1-SYNC-001/implementation-research/runs/R-SYNC-IMPLEMENTATION-20261003/blobs/C-baed6ac2-e12b-4ca5-a931-e960e2aefd6f.stdout.txt",
classify	Classify full diff, including deletions	2026-10-03T12:10:18.8452281Z     "spec/progress/evidence/LOOP1-SYNC-001/implementation-research/runs/R-SYNC-IMPLEMENTATION-20261003/diff.patch",
classify	Classify full diff, including deletions	2026-10-03T12:10:18.8453734Z     "spec/progress/evidence/LOOP1-SYNC-001/implementation-research/runs/R-SYNC-IMPLEMENTATION-20261003/events.jsonl",
classify	Classify full diff, including deletions	2026-10-03T12:10:18.8455829Z     "spec/progress/evidence/LOOP1-SYNC-001/implementation-research/runs/R-SYNC-IMPLEMENTATION-20261003/final_state.json",
classify	Classify full diff, including deletions	2026-10-03T12:10:18.8457443Z     "spec/progress/evidence/LOOP1-SYNC-001/implementation-research/runs/R-SYNC-IMPLEMENTATION-20261003/initial_state.json",
classify	Classify full diff, including deletions	2026-10-03T12:10:18.8458981Z     "spec/progress/evidence/LOOP1-SYNC-001/implementation-research/runs/R-SYNC-IMPLEMENTATION-20261003/metadata.json",
classify	Classify full diff, including deletions	2026-10-03T12:10:18.8460451Z     "spec/progress/evidence/LOOP1-SYNC-001/implementation-research/runs/R-SYNC-IMPLEMENTATION-20261003/summary.json",
classify	Classify full diff, including deletions	2026-10-03T12:10:18.8461687Z     "spec/progress/evidence/LOOP1-SYNC-001/implementation/authority-blocker.md",
classify	Classify full diff, including deletions	2026-10-03T12:10:18.8462716Z     "spec/progress/evidence/LOOP1-SYNC-001/research/prompts/P-SYNC-RESUME-20261003/metadata.json",
classify	Classify full diff, including deletions	2026-10-03T12:10:18.8463821Z     "spec/progress/evidence/LOOP1-SYNC-001/research/prompts/P-SYNC-RESUME-20261003/prompt.txt",
classify	Classify full diff, including deletions	2026-10-03T12:10:18.8465891Z     "spec/progress/evidence/LOOP1-SYNC-001/research/runs/R-SYNC-RESUME-20261003/blobs/C-31b59ec7-60c2-41a5-ac95-45793ff06e87.stderr.txt",
classify	Classify full diff, including deletions	2026-10-03T12:10:18.8467520Z     "spec/progress/evidence/LOOP1-SYNC-001/research/runs/R-SYNC-RESUME-20261003/blobs/C-31b59ec7-60c2-41a5-ac95-45793ff06e87.stdout.txt",
classify	Classify full diff, including deletions	2026-10-03T12:10:18.8469333Z     "spec/progress/evidence/LOOP1-SYNC-001/research/runs/R-SYNC-RESUME-20261003/blobs/C-56c712df-a873-408b-b60d-9783afa4c038.stderr.txt",
classify	Classify full diff, including deletions	2026-10-03T12:10:18.8470887Z     "spec/progress/evidence/LOOP1-SYNC-001/research/runs/R-SYNC-RESUME-20261003/blobs/C-56c712df-a873-408b-b60d-9783afa4c038.stdout.txt",
classify	Classify full diff, including deletions	2026-10-03T12:10:18.8472453Z     "spec/progress/evidence/LOOP1-SYNC-001/research/runs/R-SYNC-RESUME-20261003/blobs/C-a3581c26-3f5f-422d-9652-67c930c0b3fb.stderr.txt",
classify	Classify full diff, including deletions	2026-10-03T12:10:18.8474262Z     "spec/progress/evidence/LOOP1-SYNC-001/research/runs/R-SYNC-RESUME-20261003/blobs/C-a3581c26-3f5f-422d-9652-67c930c0b3fb.stdout.txt",
classify	Classify full diff, including deletions	2026-10-03T12:10:18.8475932Z     "spec/progress/evidence/LOOP1-SYNC-001/research/runs/R-SYNC-RESUME-20261003/blobs/C-ac5b9fe0-edd3-4e49-8307-06f4c603fbf0.stderr.txt",
classify	Classify full diff, including deletions	2026-10-03T12:10:18.8477568Z     "spec/progress/evidence/LOOP1-SYNC-001/research/runs/R-SYNC-RESUME-20261003/blobs/C-ac5b9fe0-edd3-4e49-8307-06f4c603fbf0.stdout.txt",
classify	Classify full diff, including deletions	2026-10-03T12:10:18.8478558Z     "spec/progress/evidence/LOOP1-SYNC-001/research/runs/R-SYNC-RESUME-20261003/blobs/C-bf8085dd-e0cf-47cb-a588-b8cdc342e901.stderr.txt",
classify	Classify full diff, including deletions	2026-10-03T12:10:18.8479481Z     "spec/progress/evidence/LOOP1-SYNC-001/research/runs/R-SYNC-RESUME-20261003/blobs/C-bf8085dd-e0cf-47cb-a588-b8cdc342e901.stdout.txt",
classify	Classify full diff, including deletions	2026-10-03T12:10:18.8481216Z     "spec/progress/evidence/LOOP1-SYNC-001/research/runs/R-SYNC-RESUME-20261003/blobs/C-fa570a6c-b69f-4b9b-bf34-727968dcae25.stderr.txt",
classify	Classify full diff, including deletions	2026-10-03T12:10:18.8482650Z     "spec/progress/evidence/LOOP1-SYNC-001/research/runs/R-SYNC-RESUME-20261003/blobs/C-fa570a6c-b69f-4b9b-bf34-727968dcae25.stdout.txt",
classify	Classify full diff, including deletions	2026-10-03T12:10:18.8483437Z     "spec/progress/evidence/LOOP1-SYNC-001/research/runs/R-SYNC-RESUME-20261003/diff.patch",
classify	Classify full diff, including deletions	2026-10-03T12:10:18.8484363Z     "spec/progress/evidence/LOOP1-SYNC-001/research/runs/R-SYNC-RESUME-20261003/events.jsonl",
classify	Classify full diff, including deletions	2026-10-03T12:10:18.8485016Z     "spec/progress/evidence/LOOP1-SYNC-001/research/runs/R-SYNC-RESUME-20261003/final_state.json",
classify	Classify full diff, including deletions	2026-10-03T12:10:18.8485665Z     "spec/progress/evidence/LOOP1-SYNC-001/research/runs/R-SYNC-RESUME-20261003/initial_state.json",
classify	Classify full diff, including deletions	2026-10-03T12:10:18.8486300Z     "spec/progress/evidence/LOOP1-SYNC-001/research/runs/R-SYNC-RESUME-20261003/metadata.json",
classify	Classify full diff, including deletions	2026-10-03T12:10:18.8486928Z     "spec/progress/evidence/LOOP1-SYNC-001/research/runs/R-SYNC-RESUME-20261003/summary.json",
classify	Classify full diff, including deletions	2026-10-03T12:10:18.8487528Z     "spec/progress/evidence/LOOP1-SYNC-TRANSPORT-001/external-publication-blocker.md",
classify	Classify full diff, including deletions	2026-10-03T12:10:18.8488121Z     "spec/progress/evidence/LOOP1-SYNC-TRANSPORT-001/go-implementation-proposal.md",
classify	Classify full diff, including deletions	2026-10-03T12:10:18.8488674Z     "spec/progress/evidence/LOOP1-SYNC-TRANSPORT-001/human-authorization.txt",
classify	Classify full diff, including deletions	2026-10-03T12:10:18.8489413Z     "spec/progress/evidence/LOOP1-SYNC-TRANSPORT-001/implementation-handoff.md",
classify	Classify full diff, including deletions	2026-10-03T12:10:18.8490065Z     "spec/progress/evidence/LOOP1-SYNC-TRANSPORT-001/independent-review-57404dcc/independent_probe.py",
classify	Classify full diff, including deletions	2026-10-03T12:10:18.8490965Z     "spec/progress/evidence/LOOP1-SYNC-TRANSPORT-001/independent-review-57404dcc/research/prompts/P-cc2c3143-f01e-4c50-88a5-821c8e611a4c/metadata.json",
classify	Classify full diff, including deletions	2026-10-03T12:10:18.8492009Z     "spec/progress/evidence/LOOP1-SYNC-TRANSPORT-001/independent-review-57404dcc/research/prompts/P-cc2c3143-f01e-4c50-88a5-821c8e611a4c/prompt.txt",
classify	Classify full diff, including deletions	2026-10-03T12:10:18.8493270Z     "spec/progress/evidence/LOOP1-SYNC-TRANSPORT-001/independent-review-57404dcc/research/runs/R-20261003T112320Z-9d2ad7fc-5017-4dc1-aac5-7b9dd76ed7ad/blobs/C-0e26c13f-fae8-4db8-8871-34a0c03f4633.stderr.txt",
classify	Classify full diff, including deletions	2026-10-03T12:10:18.8494981Z     "spec/progress/evidence/LOOP1-SYNC-TRANSPORT-001/independent-review-57404dcc/research/runs/R-20261003T112320Z-9d2ad7fc-5017-4dc1-aac5-7b9dd76ed7ad/blobs/C-0e26c13f-fae8-4db8-8871-34a0c03f4633.stdout.txt",
classify	Classify full diff, including deletions	2026-10-03T12:10:18.8496588Z     "spec/progress/evidence/LOOP1-SYNC-TRANSPORT-001/independent-review-57404dcc/research/runs/R-20261003T112320Z-9d2ad7fc-5017-4dc1-aac5-7b9dd76ed7ad/blobs/C-1296b063-67b5-45d6-90e8-f409def291e4.stderr.txt",
classify	Classify full diff, including deletions	2026-10-03T12:10:18.8498071Z     "spec/progress/evidence/LOOP1-SYNC-TRANSPORT-001/independent-review-57404dcc/research/runs/R-20261003T112320Z-9d2ad7fc-5017-4dc1-aac5-7b9dd76ed7ad/blobs/C-1296b063-67b5-45d6-90e8-f409def291e4.stdout.txt",
classify	Classify full diff, including deletions	2026-10-03T12:10:18.8499536Z     "spec/progress/evidence/LOOP1-SYNC-TRANSPORT-001/independent-review-57404dcc/research/runs/R-20261003T112320Z-9d2ad7fc-5017-4dc1-aac5-7b9dd76ed7ad/blobs/C-1abca076-37ed-4eed-99aa-cfd450b77c9a.stderr.txt",
classify	Classify full diff, including deletions	2026-10-03T12:10:18.8500998Z     "spec/progress/evidence/LOOP1-SYNC-TRANSPORT-001/independent-review-57404dcc/research/runs/R-20261003T112320Z-9d2ad7fc-5017-4dc1-aac5-7b9dd76ed7ad/blobs/C-1abca076-37ed-4eed-99aa-cfd450b77c9a.stdout.txt",
classify	Classify full diff, including deletions	2026-10-03T12:10:18.8502465Z     "spec/progress/evidence/LOOP1-SYNC-TRANSPORT-001/independent-review-57404dcc/research/runs/R-20261003T112320Z-9d2ad7fc-5017-4dc1-aac5-7b9dd76ed7ad/blobs/C-4b25bb8f-0ffa-4699-bae6-cbcce153cdd0.stderr.txt",
classify	Classify full diff, including deletions	2026-10-03T12:10:18.8504164Z     "spec/progress/evidence/LOOP1-SYNC-TRANSPORT-001/independent-review-57404dcc/research/runs/R-20261003T112320Z-9d2ad7fc-5017-4dc1-aac5-7b9dd76ed7ad/blobs/C-4b25bb8f-0ffa-4699-bae6-cbcce153cdd0.stdout.txt",
classify	Classify full diff, including deletions	2026-10-03T12:10:18.8505651Z     "spec/progress/evidence/LOOP1-SYNC-TRANSPORT-001/independent-review-57404dcc/research/runs/R-20261003T112320Z-9d2ad7fc-5017-4dc1-aac5-7b9dd76ed7ad/blobs/C-4ecd6df2-5058-424c-9745-cf1f0b27fb33.stderr.txt",
classify	Classify full diff, including deletions	2026-10-03T12:10:18.8507095Z     "spec/progress/evidence/LOOP1-SYNC-TRANSPORT-001/independent-review-57404dcc/research/runs/R-20261003T112320Z-9d2ad7fc-5017-4dc1-aac5-7b9dd76ed7ad/blobs/C-4ecd6df2-5058-424c-9745-cf1f0b27fb33.stdout.txt",
classify	Classify full diff, including deletions	2026-10-03T12:10:18.8508525Z     "spec/progress/evidence/LOOP1-SYNC-TRANSPORT-001/independent-review-57404dcc/research/runs/R-20261003T112320Z-9d2ad7fc-5017-4dc1-aac5-7b9dd76ed7ad/blobs/C-63d98804-f82b-4bc5-a0a2-75784b528864.stderr.txt",
classify	Classify full diff, including deletions	2026-10-03T12:10:18.8509960Z     "spec/progress/evidence/LOOP1-SYNC-TRANSPORT-001/independent-review-57404dcc/research/runs/R-20261003T112320Z-9d2ad7fc-5017-4dc1-aac5-7b9dd76ed7ad/blobs/C-63d98804-f82b-4bc5-a0a2-75784b528864.stdout.txt",
classify	Classify full diff, including deletions	2026-10-03T12:10:18.8511391Z     "spec/progress/evidence/LOOP1-SYNC-TRANSPORT-001/independent-review-57404dcc/research/runs/R-20261003T112320Z-9d2ad7fc-5017-4dc1-aac5-7b9dd76ed7ad/blobs/C-77f98739-b069-4f79-b061-34142e04807e.stderr.txt",
classify	Classify full diff, including deletions	2026-10-03T12:10:18.8512804Z     "spec/progress/evidence/LOOP1-SYNC-TRANSPORT-001/independent-review-57404dcc/research/runs/R-20261003T112320Z-9d2ad7fc-5017-4dc1-aac5-7b9dd76ed7ad/blobs/C-77f98739-b069-4f79-b061-34142e04807e.stdout.txt",
classify	Classify full diff, including deletions	2026-10-03T12:10:18.8514443Z     "spec/progress/evidence/LOOP1-SYNC-TRANSPORT-001/independent-review-57404dcc/research/runs/R-20261003T112320Z-9d2ad7fc-5017-4dc1-aac5-7b9dd76ed7ad/blobs/C-836a9a13-f09e-4c32-904e-cfd098164d99.stderr.txt",
classify	Classify full diff, including deletions	2026-10-03T12:10:18.8516029Z     "spec/progress/evidence/LOOP1-SYNC-TRANSPORT-001/independent-review-57404dcc/research/runs/R-20261003T112320Z-9d2ad7fc-5017-4dc1-aac5-7b9dd76ed7ad/blobs/C-836a9a13-f09e-4c32-904e-cfd098164d99.stdout.txt",
classify	Classify full diff, including deletions	2026-10-03T12:10:18.8517466Z     "spec/progress/evidence/LOOP1-SYNC-TRANSPORT-001/independent-review-57404dcc/research/runs/R-20261003T112320Z-9d2ad7fc-5017-4dc1-aac5-7b9dd76ed7ad/blobs/C-aae8efbe-1782-4f0f-ac50-710fe55aca08.stderr.txt",
classify	Classify full diff, including deletions	2026-10-03T12:10:18.8518921Z     "spec/progress/evidence/LOOP1-SYNC-TRANSPORT-001/independent-review-57404dcc/research/runs/R-20261003T112320Z-9d2ad7fc-5017-4dc1-aac5-7b9dd76ed7ad/blobs/C-aae8efbe-1782-4f0f-ac50-710fe55aca08.stdout.txt",
classify	Classify full diff, including deletions	2026-10-03T12:10:18.8520360Z     "spec/progress/evidence/LOOP1-SYNC-TRANSPORT-001/independent-review-57404dcc/research/runs/R-20261003T112320Z-9d2ad7fc-5017-4dc1-aac5-7b9dd76ed7ad/blobs/C-c0d2d105-3cca-4007-97f9-526c116ffa2a.stderr.txt",
classify	Classify full diff, including deletions	2026-10-03T12:10:18.8521911Z     "spec/progress/evidence/LOOP1-SYNC-TRANSPORT-001/independent-review-57404dcc/research/runs/R-20261003T112320Z-9d2ad7fc-5017-4dc1-aac5-7b9dd76ed7ad/blobs/C-c0d2d105-3cca-4007-97f9-526c116ffa2a.stdout.txt",
classify	Classify full diff, including deletions	2026-10-03T12:10:18.8523342Z     "spec/progress/evidence/LOOP1-SYNC-TRANSPORT-001/independent-review-57404dcc/research/runs/R-20261003T112320Z-9d2ad7fc-5017-4dc1-aac5-7b9dd76ed7ad/blobs/C-cba057eb-9318-41fc-a561-fd3a918b8015.stderr.txt",
classify	Classify full diff, including deletions	2026-10-03T12:10:18.8525070Z     "spec/progress/evidence/LOOP1-SYNC-TRANSPORT-001/independent-review-57404dcc/research/runs/R-20261003T112320Z-9d2ad7fc-5017-4dc1-aac5-7b9dd76ed7ad/blobs/C-cba057eb-9318-41fc-a561-fd3a918b8015.stdout.txt",
classify	Classify full diff, including deletions	2026-10-03T12:10:18.8526554Z     "spec/progress/evidence/LOOP1-SYNC-TRANSPORT-001/independent-review-57404dcc/research/runs/R-20261003T112320Z-9d2ad7fc-5017-4dc1-aac5-7b9dd76ed7ad/blobs/C-ccf4b9bf-7bd8-4c00-8fa6-dcf5e6e8a162.stderr.txt",
classify	Classify full diff, including deletions	2026-10-03T12:10:18.8528007Z     "spec/progress/evidence/LOOP1-SYNC-TRANSPORT-001/independent-review-57404dcc/research/runs/R-20261003T112320Z-9d2ad7fc-5017-4dc1-aac5-7b9dd76ed7ad/blobs/C-ccf4b9bf-7bd8-4c00-8fa6-dcf5e6e8a162.stdout.txt",
classify	Classify full diff, including deletions	2026-10-03T12:10:18.8529446Z     "spec/progress/evidence/LOOP1-SYNC-TRANSPORT-001/independent-review-57404dcc/research/runs/R-20261003T112320Z-9d2ad7fc-5017-4dc1-aac5-7b9dd76ed7ad/blobs/C-d069ca2f-11d9-423d-917b-489319903385.stderr.txt",
classify	Classify full diff, including deletions	2026-10-03T12:10:18.8530877Z     "spec/progress/evidence/LOOP1-SYNC-TRANSPORT-001/independent-review-57404dcc/research/runs/R-20261003T112320Z-9d2ad7fc-5017-4dc1-aac5-7b9dd76ed7ad/blobs/C-d069ca2f-11d9-423d-917b-489319903385.stdout.txt",
classify	Classify full diff, including deletions	2026-10-03T12:10:18.8532317Z     "spec/progress/evidence/LOOP1-SYNC-TRANSPORT-001/independent-review-57404dcc/research/runs/R-20261003T112320Z-9d2ad7fc-5017-4dc1-aac5-7b9dd76ed7ad/blobs/C-fdf8f272-93a8-4694-b5f7-993f4e84d3b1.stderr.txt",
classify	Classify full diff, including deletions	2026-10-03T12:10:18.8533758Z     "spec/progress/evidence/LOOP1-SYNC-TRANSPORT-001/independent-review-57404dcc/research/runs/R-20261003T112320Z-9d2ad7fc-5017-4dc1-aac5-7b9dd76ed7ad/blobs/C-fdf8f272-93a8-4694-b5f7-993f4e84d3b1.stdout.txt",
classify	Classify full diff, including deletions	2026-10-03T12:10:18.8535418Z     "spec/progress/evidence/LOOP1-SYNC-TRANSPORT-001/independent-review-57404dcc/research/runs/R-20261003T112320Z-9d2ad7fc-5017-4dc1-aac5-7b9dd76ed7ad/blobs/C-fe69fae2-86a5-45fe-8f88-c4abdea21cd6.stderr.txt",
classify	Classify full diff, including deletions	2026-10-03T12:10:18.8536867Z     "spec/progress/evidence/LOOP1-SYNC-TRANSPORT-001/independent-review-57404dcc/research/runs/R-20261003T112320Z-9d2ad7fc-5017-4dc1-aac5-7b9dd76ed7ad/blobs/C-fe69fae2-86a5-45fe-8f88-c4abdea21cd6.stdout.txt",
classify	Classify full diff, including deletions	2026-10-03T12:10:18.8538161Z     "spec/progress/evidence/LOOP1-SYNC-TRANSPORT-001/independent-review-57404dcc/research/runs/R-20261003T112320Z-9d2ad7fc-5017-4dc1-aac5-7b9dd76ed7ad/diff.patch",
classify	Classify full diff, including deletions	2026-10-03T12:10:18.8539302Z     "spec/progress/evidence/LOOP1-SYNC-TRANSPORT-001/independent-review-57404dcc/research/runs/R-20261003T112320Z-9d2ad7fc-5017-4dc1-aac5-7b9dd76ed7ad/events.jsonl",
classify	Classify full diff, including deletions	2026-10-03T12:10:18.8540611Z     "spec/progress/evidence/LOOP1-SYNC-TRANSPORT-001/independent-review-57404dcc/research/runs/R-20261003T112320Z-9d2ad7fc-5017-4dc1-aac5-7b9dd76ed7ad/final_state.json",
classify	Classify full diff, including deletions	2026-10-03T12:10:18.8541798Z     "spec/progress/evidence/LOOP1-SYNC-TRANSPORT-001/independent-review-57404dcc/research/runs/R-20261003T112320Z-9d2ad7fc-5017-4dc1-aac5-7b9dd76ed7ad/initial_state.json",
classify	Classify full diff, including deletions	2026-10-03T12:10:18.8542991Z     "spec/progress/evidence/LOOP1-SYNC-TRANSPORT-001/independent-review-57404dcc/research/runs/R-20261003T112320Z-9d2ad7fc-5017-4dc1-aac5-7b9dd76ed7ad/metadata.json",
classify	Classify full diff, including deletions	2026-10-03T12:10:18.8544385Z     "spec/progress/evidence/LOOP1-SYNC-TRANSPORT-001/independent-review-57404dcc/research/runs/R-20261003T112320Z-9d2ad7fc-5017-4dc1-aac5-7b9dd76ed7ad/summary.json",
classify	Classify full diff, including deletions	2026-10-03T12:10:18.8545312Z     "spec/progress/evidence/LOOP1-SYNC-TRANSPORT-001/independent-review-57404dcc/review.md",
classify	Classify full diff, including deletions	2026-10-03T12:10:18.8545928Z     "spec/progress/evidence/LOOP1-SYNC-TRANSPORT-001/independent-review-archive.json",
classify	Classify full diff, including deletions	2026-10-03T12:10:18.8546514Z     "spec/progress/evidence/LOOP1-SYNC-TRANSPORT-001/paging-revision/handoff.md",
classify	Classify full diff, including deletions	2026-10-03T12:10:18.8547243Z     "spec/progress/evidence/LOOP1-SYNC-TRANSPORT-001/paging-revision/human-authorization.txt",
classify	Classify full diff, including deletions	2026-10-03T12:10:18.8548013Z     "spec/progress/evidence/LOOP1-SYNC-TRANSPORT-001/paging-revision/research/prompts/P-SYNC-PAGING-20261003/metadata.json",
classify	Classify full diff, including deletions	2026-10-03T12:10:18.8548922Z     "spec/progress/evidence/LOOP1-SYNC-TRANSPORT-001/paging-revision/research/prompts/P-SYNC-PAGING-20261003/prompt.txt",
classify	Classify full diff, including deletions	2026-10-03T12:10:18.8549934Z     "spec/progress/evidence/LOOP1-SYNC-TRANSPORT-001/paging-revision/research/runs/R-SYNC-PAGING-20261003/blobs/C-16b17afe-f3bb-4caf-8c7b-da6bf5b5dc4f.stderr.txt",
classify	Classify full diff, including deletions	2026-10-03T12:10:18.8551081Z     "spec/progress/evidence/LOOP1-SYNC-TRANSPORT-001/paging-revision/research/runs/R-SYNC-PAGING-20261003/blobs/C-16b17afe-f3bb-4caf-8c7b-da6bf5b5dc4f.stdout.txt",
classify	Classify full diff, including deletions	2026-10-03T12:10:18.8552203Z     "spec/progress/evidence/LOOP1-SYNC-TRANSPORT-001/paging-revision/research/runs/R-SYNC-PAGING-20261003/blobs/C-6cb0d969-9b44-4935-ad4d-1b6ac1c24bdd.stderr.txt",
classify	Classify full diff, including deletions	2026-10-03T12:10:18.8553329Z     "spec/progress/evidence/LOOP1-SYNC-TRANSPORT-001/paging-revision/research/runs/R-SYNC-PAGING-20261003/blobs/C-6cb0d969-9b44-4935-ad4d-1b6ac1c24bdd.stdout.txt",
classify	Classify full diff, including deletions	2026-10-03T12:10:18.8554657Z     "spec/progress/evidence/LOOP1-SYNC-TRANSPORT-001/paging-revision/research/runs/R-SYNC-PAGING-20261003/blobs/C-8b5d233e-96c3-4b27-bea4-cbf9524b5352.stderr.txt",
classify	Classify full diff, including deletions	2026-10-03T12:10:18.8555768Z     "spec/progress/evidence/LOOP1-SYNC-TRANSPORT-001/paging-revision/research/runs/R-SYNC-PAGING-20261003/blobs/C-8b5d233e-96c3-4b27-bea4-cbf9524b5352.stdout.txt",
classify	Classify full diff, including deletions	2026-10-03T12:10:18.8556885Z     "spec/progress/evidence/LOOP1-SYNC-TRANSPORT-001/paging-revision/research/runs/R-SYNC-PAGING-20261003/blobs/C-db35a34d-4a22-4003-a1dc-e747f9f082d5.stderr.txt",
classify	Classify full diff, including deletions	2026-10-03T12:10:18.8557993Z     "spec/progress/evidence/LOOP1-SYNC-TRANSPORT-001/paging-revision/research/runs/R-SYNC-PAGING-20261003/blobs/C-db35a34d-4a22-4003-a1dc-e747f9f082d5.stdout.txt",
classify	Classify full diff, including deletions	2026-10-03T12:10:18.8559103Z     "spec/progress/evidence/LOOP1-SYNC-TRANSPORT-001/paging-revision/research/runs/R-SYNC-PAGING-20261003/blobs/C-e4450445-1681-4667-8dc9-84d4f5509103.stderr.txt",
classify	Classify full diff, including deletions	2026-10-03T12:10:18.8560203Z     "spec/progress/evidence/LOOP1-SYNC-TRANSPORT-001/paging-revision/research/runs/R-SYNC-PAGING-20261003/blobs/C-e4450445-1681-4667-8dc9-84d4f5509103.stdout.txt",
classify	Classify full diff, including deletions	2026-10-03T12:10:18.8561312Z     "spec/progress/evidence/LOOP1-SYNC-TRANSPORT-001/paging-revision/research/runs/R-SYNC-PAGING-20261003/blobs/C-ecf75946-e790-459b-8b8f-f7f7621a7697.stderr.txt",
classify	Classify full diff, including deletions	2026-10-03T12:10:18.8562421Z     "spec/progress/evidence/LOOP1-SYNC-TRANSPORT-001/paging-revision/research/runs/R-SYNC-PAGING-20261003/blobs/C-ecf75946-e790-459b-8b8f-f7f7621a7697.stdout.txt",
classify	Classify full diff, including deletions	2026-10-03T12:10:18.8563525Z     "spec/progress/evidence/LOOP1-SYNC-TRANSPORT-001/paging-revision/research/runs/R-SYNC-PAGING-20261003/blobs/C-f19ada17-0e57-47d0-ae1b-c2341d4c6fb6.stderr.txt",
classify	Classify full diff, including deletions	2026-10-03T12:10:18.8565088Z     "spec/progress/evidence/LOOP1-SYNC-TRANSPORT-001/paging-revision/research/runs/R-SYNC-PAGING-20261003/blobs/C-f19ada17-0e57-47d0-ae1b-c2341d4c6fb6.stdout.txt",
classify	Classify full diff, including deletions	2026-10-03T12:10:18.8566215Z     "spec/progress/evidence/LOOP1-SYNC-TRANSPORT-001/paging-revision/research/runs/R-SYNC-PAGING-20261003/blobs/C-f2303073-8dfb-4fd7-8e1a-7277addd57eb.stderr.txt",
classify	Classify full diff, including deletions	2026-10-03T12:10:18.8567326Z     "spec/progress/evidence/LOOP1-SYNC-TRANSPORT-001/paging-revision/research/runs/R-SYNC-PAGING-20261003/blobs/C-f2303073-8dfb-4fd7-8e1a-7277addd57eb.stdout.txt",
classify	Classify full diff, including deletions	2026-10-03T12:10:18.8568426Z     "spec/progress/evidence/LOOP1-SYNC-TRANSPORT-001/paging-revision/research/runs/R-SYNC-PAGING-20261003/blobs/C-f6425a4c-ea80-4991-a769-32ea163a20c0.stderr.txt",
classify	Classify full diff, including deletions	2026-10-03T12:10:18.8569529Z     "spec/progress/evidence/LOOP1-SYNC-TRANSPORT-001/paging-revision/research/runs/R-SYNC-PAGING-20261003/blobs/C-f6425a4c-ea80-4991-a769-32ea163a20c0.stdout.txt",
classify	Classify full diff, including deletions	2026-10-03T12:10:18.8570493Z     "spec/progress/evidence/LOOP1-SYNC-TRANSPORT-001/paging-revision/research/runs/R-SYNC-PAGING-20261003/diff.patch",
classify	Classify full diff, including deletions	2026-10-03T12:10:18.8571447Z     "spec/progress/evidence/LOOP1-SYNC-TRANSPORT-001/paging-revision/research/runs/R-SYNC-PAGING-20261003/events.jsonl",
classify	Classify full diff, including deletions	2026-10-03T12:10:18.8572279Z     "spec/progress/evidence/LOOP1-SYNC-TRANSPORT-001/paging-revision/research/runs/R-SYNC-PAGING-20261003/final_state.json",
classify	Classify full diff, including deletions	2026-10-03T12:10:18.8573130Z     "spec/progress/evidence/LOOP1-SYNC-TRANSPORT-001/paging-revision/research/runs/R-SYNC-PAGING-20261003/initial_state.json",
classify	Classify full diff, including deletions	2026-10-03T12:10:18.8574184Z     "spec/progress/evidence/LOOP1-SYNC-TRANSPORT-001/paging-revision/research/runs/R-SYNC-PAGING-20261003/metadata.json",
classify	Classify full diff, including deletions	2026-10-03T12:10:18.8575012Z     "spec/progress/evidence/LOOP1-SYNC-TRANSPORT-001/paging-revision/research/runs/R-SYNC-PAGING-20261003/summary.json",
classify	Classify full diff, including deletions	2026-10-03T12:10:18.8575714Z     "spec/progress/evidence/LOOP1-SYNC-TRANSPORT-001/recovery-fix/failure-and-repair.md",
classify	Classify full diff, including deletions	2026-10-03T12:10:18.8576283Z     "spec/progress/evidence/LOOP1-SYNC-TRANSPORT-001/recovery-fix/handoff.md",
classify	Classify full diff, including deletions	2026-10-03T12:10:18.8576927Z     "spec/progress/evidence/LOOP1-SYNC-TRANSPORT-001/recovery-fix/hosted-failure-8c672a2/37121195918-failed.log",
classify	Classify full diff, including deletions	2026-10-03T12:10:18.8577694Z     "spec/progress/evidence/LOOP1-SYNC-TRANSPORT-001/recovery-fix/hosted-failure-8c672a2/37121195918-provider.json",
classify	Classify full diff, including deletions	2026-10-03T12:10:18.8578454Z     "spec/progress/evidence/LOOP1-SYNC-TRANSPORT-001/recovery-fix/hosted-failure-8c672a2/37121215717-failed.log",
classify	Classify full diff, including deletions	2026-10-03T12:10:18.8579220Z     "spec/progress/evidence/LOOP1-SYNC-TRANSPORT-001/recovery-fix/hosted-failure-8c672a2/37121215717-provider.json",
classify	Classify full diff, including deletions	2026-10-03T12:10:18.8579899Z     "spec/progress/evidence/LOOP1-SYNC-TRANSPORT-001/recovery-fix/import-manifest.json",
classify	Classify full diff, including deletions	2026-10-03T12:10:18.8580697Z     "spec/progress/evidence/LOOP1-SYNC-TRANSPORT-001/recovery-fix/independent-fail-8c672a2/prompts/P-SYNC-PAGING-REVIEW-20261003/metadata.json",
classify	Classify full diff, including deletions	2026-10-03T12:10:18.8581705Z     "spec/progress/evidence/LOOP1-SYNC-TRANSPORT-001/recovery-fix/independent-fail-8c672a2/prompts/P-SYNC-PAGING-REVIEW-20261003/prompt.txt",
classify	Classify full diff, including deletions	2026-10-03T12:10:18.8582581Z     "spec/progress/evidence/LOOP1-SYNC-TRANSPORT-001/recovery-fix/independent-fail-8c672a2/review.md",
classify	Classify full diff, including deletions	2026-10-03T12:10:18.8583578Z     "spec/progress/evidence/LOOP1-SYNC-TRANSPORT-001/recovery-fix/independent-fail-8c672a2/runs/R-SYNC-PAGING-REVIEW-20261003/blobs/C-00d2e658-1107-4245-9d86-360adbed7a47.stderr.txt",
classify	Classify full diff, including deletions	2026-10-03T12:10:18.8585092Z     "spec/progress/evidence/LOOP1-SYNC-TRANSPORT-001/recovery-fix/independent-fail-8c672a2/runs/R-SYNC-PAGING-REVIEW-20261003/blobs/C-00d2e658-1107-4245-9d86-360adbed7a47.stdout.txt",
classify	Classify full diff, including deletions	2026-10-03T12:10:18.8586374Z     "spec/progress/evidence/LOOP1-SYNC-TRANSPORT-001/recovery-fix/independent-fail-8c672a2/runs/R-SYNC-PAGING-REVIEW-20261003/blobs/C-3085c988-efed-4ac2-a3d5-16926684bb4c.stderr.txt",
classify	Classify full diff, including deletions	2026-10-03T12:10:18.8587645Z     "spec/progress/evidence/LOOP1-SYNC-TRANSPORT-001/recovery-fix/independent-fail-8c672a2/runs/R-SYNC-PAGING-REVIEW-20261003/blobs/C-3085c988-efed-4ac2-a3d5-16926684bb4c.stdout.txt",
classify	Classify full diff, including deletions	2026-10-03T12:10:18.8589070Z     "spec/progress/evidence/LOOP1-SYNC-TRANSPORT-001/recovery-fix/independent-fail-8c672a2/runs/R-SYNC-PAGING-REVIEW-20261003/blobs/C-3e9e9ff6-6e4e-4844-aae9-6b8d90e05dae.stderr.txt",
classify	Classify full diff, including deletions	2026-10-03T12:10:18.8590347Z     "spec/progress/evidence/LOOP1-SYNC-TRANSPORT-001/recovery-fix/independent-fail-8c672a2/runs/R-SYNC-PAGING-REVIEW-20261003/blobs/C-3e9e9ff6-6e4e-4844-aae9-6b8d90e05dae.stdout.txt",
classify	Classify full diff, including deletions	2026-10-03T12:10:18.8591612Z     "spec/progress/evidence/LOOP1-SYNC-TRANSPORT-001/recovery-fix/independent-fail-8c672a2/runs/R-SYNC-PAGING-REVIEW-20261003/blobs/C-3e9fd6ae-f698-45ac-959d-50bdd53b7f04.stderr.txt",
classify	Classify full diff, including deletions	2026-10-03T12:10:18.8592874Z     "spec/progress/evidence/LOOP1-SYNC-TRANSPORT-001/recovery-fix/independent-fail-8c672a2/runs/R-SYNC-PAGING-REVIEW-20261003/blobs/C-3e9fd6ae-f698-45ac-959d-50bdd53b7f04.stdout.txt",
classify	Classify full diff, including deletions	2026-10-03T12:10:18.8594359Z     "spec/progress/evidence/LOOP1-SYNC-TRANSPORT-001/recovery-fix/independent-fail-8c672a2/runs/R-SYNC-PAGING-REVIEW-20261003/blobs/C-45b2b10d-0972-43dd-b7f1-b946d6d9e0c7.stderr.txt",
classify	Classify full diff, including deletions	2026-10-03T12:10:18.8595776Z     "spec/progress/evidence/LOOP1-SYNC-TRANSPORT-001/recovery-fix/independent-fail-8c672a2/runs/R-SYNC-PAGING-REVIEW-20261003/blobs/C-45b2b10d-0972-43dd-b7f1-b946d6d9e0c7.stdout.txt",
classify	Classify full diff, including deletions	2026-10-03T12:10:18.8597035Z     "spec/progress/evidence/LOOP1-SYNC-TRANSPORT-001/recovery-fix/independent-fail-8c672a2/runs/R-SYNC-PAGING-REVIEW-20261003/blobs/C-4c730074-87ec-46d7-854d-f84274efb6c4.stderr.txt",
classify	Classify full diff, including deletions	2026-10-03T12:10:18.8598293Z     "spec/progress/evidence/LOOP1-SYNC-TRANSPORT-001/recovery-fix/independent-fail-8c672a2/runs/R-SYNC-PAGING-REVIEW-20261003/blobs/C-4c730074-87ec-46d7-854d-f84274efb6c4.stdout.txt",
classify	Classify full diff, including deletions	2026-10-03T12:10:18.8599558Z     "spec/progress/evidence/LOOP1-SYNC-TRANSPORT-001/recovery-fix/independent-fail-8c672a2/runs/R-SYNC-PAGING-REVIEW-20261003/blobs/C-57edbf20-9f79-484f-a4ff-64e25b2d572d.stderr.txt",
classify	Classify full diff, including deletions	2026-10-03T12:10:18.8600820Z     "spec/progress/evidence/LOOP1-SYNC-TRANSPORT-001/recovery-fix/independent-fail-8c672a2/runs/R-SYNC-PAGING-REVIEW-20261003/blobs/C-57edbf20-9f79-484f-a4ff-64e25b2d572d.stdout.txt",
classify	Classify full diff, including deletions	2026-10-03T12:10:18.8602100Z     "spec/progress/evidence/LOOP1-SYNC-TRANSPORT-001/recovery-fix/independent-fail-8c672a2/runs/R-SYNC-PAGING-REVIEW-20261003/blobs/C-7391347a-7103-4a97-92f5-6ccab33c50cd.stderr.txt",
classify	Classify full diff, including deletions	2026-10-03T12:10:18.8603358Z     "spec/progress/evidence/LOOP1-SYNC-TRANSPORT-001/recovery-fix/independent-fail-8c672a2/runs/R-SYNC-PAGING-REVIEW-20261003/blobs/C-7391347a-7103-4a97-92f5-6ccab33c50cd.stdout.txt",
classify	Classify full diff, including deletions	2026-10-03T12:10:18.8604874Z     "spec/progress/evidence/LOOP1-SYNC-TRANSPORT-001/recovery-fix/independent-fail-8c672a2/runs/R-SYNC-PAGING-REVIEW-20261003/blobs/C-8337138b-76d8-402a-9651-29231e07976d.stderr.txt",
classify	Classify full diff, including deletions	2026-10-03T12:10:18.8606133Z     "spec/progress/evidence/LOOP1-SYNC-TRANSPORT-001/recovery-fix/independent-fail-8c672a2/runs/R-SYNC-PAGING-REVIEW-20261003/blobs/C-8337138b-76d8-402a-9651-29231e07976d.stdout.txt",
classify	Classify full diff, including deletions	2026-10-03T12:10:18.8607396Z     "spec/progress/evidence/LOOP1-SYNC-TRANSPORT-001/recovery-fix/independent-fail-8c672a2/runs/R-SYNC-PAGING-REVIEW-20261003/blobs/C-870b536c-80bd-4d4f-b85c-71ce9956234b.stderr.txt",
classify	Classify full diff, including deletions	2026-10-03T12:10:18.8608665Z     "spec/progress/evidence/LOOP1-SYNC-TRANSPORT-001/recovery-fix/independent-fail-8c672a2/runs/R-SYNC-PAGING-REVIEW-20261003/blobs/C-870b536c-80bd-4d4f-b85c-71ce9956234b.stdout.txt",
classify	Classify full diff, including deletions	2026-10-03T12:10:18.8609937Z     "spec/progress/evidence/LOOP1-SYNC-TRANSPORT-001/recovery-fix/independent-fail-8c672a2/runs/R-SYNC-PAGING-REVIEW-20261003/blobs/C-9a9adc14-4c33-464a-8c7c-7f22def977ae.stderr.txt",
classify	Classify full diff, including deletions	2026-10-03T12:10:18.8611199Z     "spec/progress/evidence/LOOP1-SYNC-TRANSPORT-001/recovery-fix/independent-fail-8c672a2/runs/R-SYNC-PAGING-REVIEW-20261003/blobs/C-9a9adc14-4c33-464a-8c7c-7f22def977ae.stdout.txt",
classify	Classify full diff, including deletions	2026-10-03T12:10:18.8612463Z     "spec/progress/evidence/LOOP1-SYNC-TRANSPORT-001/recovery-fix/independent-fail-8c672a2/runs/R-SYNC-PAGING-REVIEW-20261003/blobs/C-ba663833-5328-462c-aae7-54218ae6089b.stderr.txt",
classify	Classify full diff, including deletions	2026-10-03T12:10:18.8613732Z     "spec/progress/evidence/LOOP1-SYNC-TRANSPORT-001/recovery-fix/independent-fail-8c672a2/runs/R-SYNC-PAGING-REVIEW-20261003/blobs/C-ba663833-5328-462c-aae7-54218ae6089b.stdout.txt",
classify	Classify full diff, including deletions	2026-10-03T12:10:18.8615422Z     "spec/progress/evidence/LOOP1-SYNC-TRANSPORT-001/recovery-fix/independent-fail-8c672a2/runs/R-SYNC-PAGING-REVIEW-20261003/blobs/C-ee584cee-d697-4052-b817-3970c23cd139.stderr.txt",
classify	Classify full diff, including deletions	2026-10-03T12:10:18.8616703Z     "spec/progress/evidence/LOOP1-SYNC-TRANSPORT-001/recovery-fix/independent-fail-8c672a2/runs/R-SYNC-PAGING-REVIEW-20261003/blobs/C-ee584cee-d697-4052-b817-3970c23cd139.stdout.txt",
classify	Classify full diff, including deletions	2026-10-03T12:10:18.8617994Z     "spec/progress/evidence/LOOP1-SYNC-TRANSPORT-001/recovery-fix/independent-fail-8c672a2/runs/R-SYNC-PAGING-REVIEW-20261003/blobs/C-fb0a53d8-a4bf-4fa4-8bb3-047ac0fca16c.stderr.txt",
classify	Classify full diff, including deletions	2026-10-03T12:10:18.8619298Z     "spec/progress/evidence/LOOP1-SYNC-TRANSPORT-001/recovery-fix/independent-fail-8c672a2/runs/R-SYNC-PAGING-REVIEW-20261003/blobs/C-fb0a53d8-a4bf-4fa4-8bb3-047ac0fca16c.stdout.txt",
classify	Classify full diff, including deletions	2026-10-03T12:10:18.8620442Z     "spec/progress/evidence/LOOP1-SYNC-TRANSPORT-001/recovery-fix/independent-fail-8c672a2/runs/R-SYNC-PAGING-REVIEW-20261003/diff.patch",
classify	Classify full diff, including deletions	2026-10-03T12:10:18.8621663Z     "spec/progress/evidence/LOOP1-SYNC-TRANSPORT-001/recovery-fix/independent-fail-8c672a2/runs/R-SYNC-PAGING-REVIEW-20261003/events.jsonl",
classify	Classify full diff, including deletions	2026-10-03T12:10:18.8622647Z     "spec/progress/evidence/LOOP1-SYNC-TRANSPORT-001/recovery-fix/independent-fail-8c672a2/runs/R-SYNC-PAGING-REVIEW-20261003/final_state.json",
classify	Classify full diff, including deletions	2026-10-03T12:10:18.8623650Z     "spec/progress/evidence/LOOP1-SYNC-TRANSPORT-001/recovery-fix/independent-fail-8c672a2/runs/R-SYNC-PAGING-REVIEW-20261003/initial_state.json",
classify	Classify full diff, including deletions	2026-10-03T12:10:18.8624902Z     "spec/progress/evidence/LOOP1-SYNC-TRANSPORT-001/recovery-fix/independent-fail-8c672a2/runs/R-SYNC-PAGING-REVIEW-20261003/metadata.json",
classify	Classify full diff, including deletions	2026-10-03T12:10:18.8625888Z     "spec/progress/evidence/LOOP1-SYNC-TRANSPORT-001/recovery-fix/independent-fail-8c672a2/runs/R-SYNC-PAGING-REVIEW-20261003/summary.json",
classify	Classify full diff, including deletions	2026-10-03T12:10:18.8626720Z     "spec/progress/evidence/LOOP1-SYNC-TRANSPORT-001/recovery-fix/research-import-manifest.json",
classify	Classify full diff, including deletions	2026-10-03T12:10:18.8627504Z     "spec/progress/evidence/LOOP1-SYNC-TRANSPORT-001/recovery-fix/research/prompts/P-SYNC-RECOVERY-FIX-20261003/metadata.json",
classify	Classify full diff, including deletions	2026-10-03T12:10:18.8628372Z     "spec/progress/evidence/LOOP1-SYNC-TRANSPORT-001/recovery-fix/research/prompts/P-SYNC-RECOVERY-FIX-20261003/prompt.txt",
classify	Classify full diff, including deletions	2026-10-03T12:10:18.8629369Z     "spec/progress/evidence/LOOP1-SYNC-TRANSPORT-001/recovery-fix/research/runs/R-SYNC-RECOVERY-FIX-20261003/blobs/C-07dfe398-ed42-4537-abb2-1f2ee622c718.stderr.txt",
classify	Classify full diff, including deletions	2026-10-03T12:10:18.8630524Z     "spec/progress/evidence/LOOP1-SYNC-TRANSPORT-001/recovery-fix/research/runs/R-SYNC-RECOVERY-FIX-20261003/blobs/C-07dfe398-ed42-4537-abb2-1f2ee622c718.stdout.txt",
classify	Classify full diff, including deletions	2026-10-03T12:10:18.8631659Z     "spec/progress/evidence/LOOP1-SYNC-TRANSPORT-001/recovery-fix/research/runs/R-SYNC-RECOVERY-FIX-20261003/blobs/C-0ebc3f55-983f-449f-b9bb-89eb35fce9ea.stderr.txt",
classify	Classify full diff, including deletions	2026-10-03T12:10:18.8632819Z     "spec/progress/evidence/LOOP1-SYNC-TRANSPORT-001/recovery-fix/research/runs/R-SYNC-RECOVERY-FIX-20261003/blobs/C-0ebc3f55-983f-449f-b9bb-89eb35fce9ea.stdout.txt",
classify	Classify full diff, including deletions	2026-10-03T12:10:18.8634158Z     "spec/progress/evidence/LOOP1-SYNC-TRANSPORT-001/recovery-fix/research/runs/R-SYNC-RECOVERY-FIX-20261003/blobs/C-2d355087-e892-4527-a976-385f4e6fc3eb.stderr.txt",
classify	Classify full diff, including deletions	2026-10-03T12:10:18.8635290Z     "spec/progress/evidence/LOOP1-SYNC-TRANSPORT-001/recovery-fix/research/runs/R-SYNC-RECOVERY-FIX-20261003/blobs/C-2d355087-e892-4527-a976-385f4e6fc3eb.stdout.txt",
classify	Classify full diff, including deletions	2026-10-03T12:10:18.8636411Z     "spec/progress/evidence/LOOP1-SYNC-TRANSPORT-001/recovery-fix/research/runs/R-SYNC-RECOVERY-FIX-20261003/blobs/C-33d595b9-2736-4f4b-b3d6-432d863985cb.stderr.txt",
classify	Classify full diff, including deletions	2026-10-03T12:10:18.8637530Z     "spec/progress/evidence/LOOP1-SYNC-TRANSPORT-001/recovery-fix/research/runs/R-SYNC-RECOVERY-FIX-20261003/blobs/C-33d595b9-2736-4f4b-b3d6-432d863985cb.stdout.txt",
classify	Classify full diff, including deletions	2026-10-03T12:10:18.8638657Z     "spec/progress/evidence/LOOP1-SYNC-TRANSPORT-001/recovery-fix/research/runs/R-SYNC-RECOVERY-FIX-20261003/blobs/C-36ae5232-d03a-437d-a228-84b66c58c936.stderr.txt",
classify	Classify full diff, including deletions	2026-10-03T12:10:18.8639999Z     "spec/progress/evidence/LOOP1-SYNC-TRANSPORT-001/recovery-fix/research/runs/R-SYNC-RECOVERY-FIX-20261003/blobs/C-36ae5232-d03a-437d-a228-84b66c58c936.stdout.txt",
classify	Classify full diff, including deletions	2026-10-03T12:10:18.8641131Z     "spec/progress/evidence/LOOP1-SYNC-TRANSPORT-001/recovery-fix/research/runs/R-SYNC-RECOVERY-FIX-20261003/blobs/C-5da951b7-b0a4-40cc-92e7-951bcc90caa8.stderr.txt",
classify	Classify full diff, including deletions	2026-10-03T12:10:18.8642264Z     "spec/progress/evidence/LOOP1-SYNC-TRANSPORT-001/recovery-fix/research/runs/R-SYNC-RECOVERY-FIX-20261003/blobs/C-5da951b7-b0a4-40cc-92e7-951bcc90caa8.stdout.txt",
classify	Classify full diff, including deletions	2026-10-03T12:10:18.8643395Z     "spec/progress/evidence/LOOP1-SYNC-TRANSPORT-001/recovery-fix/research/runs/R-SYNC-RECOVERY-FIX-20261003/blobs/C-6367a221-a906-44ce-af73-32dd5bd58a27.stderr.txt",
classify	Classify full diff, including deletions	2026-10-03T12:10:18.8644779Z     "spec/progress/evidence/LOOP1-SYNC-TRANSPORT-001/recovery-fix/research/runs/R-SYNC-RECOVERY-FIX-20261003/blobs/C-6367a221-a906-44ce-af73-32dd5bd58a27.stdout.txt",
classify	Classify full diff, including deletions	2026-10-03T12:10:18.8646052Z     "spec/progress/evidence/LOOP1-SYNC-TRANSPORT-001/recovery-fix/research/runs/R-SYNC-RECOVERY-FIX-20261003/blobs/C-644c92bd-1714-4cb7-b801-06bd6b8b1d46.stderr.txt",
classify	Classify full diff, including deletions	2026-10-03T12:10:18.8647186Z     "spec/progress/evidence/LOOP1-SYNC-TRANSPORT-001/recovery-fix/research/runs/R-SYNC-RECOVERY-FIX-20261003/blobs/C-644c92bd-1714-4cb7-b801-06bd6b8b1d46.stdout.txt",
classify	Classify full diff, including deletions	2026-10-03T12:10:18.8648325Z     "spec/progress/evidence/LOOP1-SYNC-TRANSPORT-001/recovery-fix/research/runs/R-SYNC-RECOVERY-FIX-20261003/blobs/C-651712a8-6b4d-4b5a-a8a7-2a8d109c74e2.stderr.txt",
classify	Classify full diff, including deletions	2026-10-03T12:10:18.8649484Z     "spec/progress/evidence/LOOP1-SYNC-TRANSPORT-001/recovery-fix/research/runs/R-SYNC-RECOVERY-FIX-20261003/blobs/C-651712a8-6b4d-4b5a-a8a7-2a8d109c74e2.stdout.txt",
classify	Classify full diff, including deletions	2026-10-03T12:10:18.8650621Z     "spec/progress/evidence/LOOP1-SYNC-TRANSPORT-001/recovery-fix/research/runs/R-SYNC-RECOVERY-FIX-20261003/blobs/C-73ed9e40-6f3f-4e15-b830-8fe3409bdb87.stderr.txt",
classify	Classify full diff, including deletions	2026-10-03T12:10:18.8651767Z     "spec/progress/evidence/LOOP1-SYNC-TRANSPORT-001/recovery-fix/research/runs/R-SYNC-RECOVERY-FIX-20261003/blobs/C-73ed9e40-6f3f-4e15-b830-8fe3409bdb87.stdout.txt",
classify	Classify full diff, including deletions	2026-10-03T12:10:18.8652891Z     "spec/progress/evidence/LOOP1-SYNC-TRANSPORT-001/recovery-fix/research/runs/R-SYNC-RECOVERY-FIX-20261003/blobs/C-816a826e-02a8-4016-ac1d-32417988538e.stderr.txt",
classify	Classify full diff, including deletions	2026-10-03T12:10:18.8654232Z     "spec/progress/evidence/LOOP1-SYNC-TRANSPORT-001/recovery-fix/research/runs/R-SYNC-RECOVERY-FIX-20261003/blobs/C-816a826e-02a8-4016-ac1d-32417988538e.stdout.txt",
classify	Classify full diff, including deletions	2026-10-03T12:10:18.8655367Z     "spec/progress/evidence/LOOP1-SYNC-TRANSPORT-001/recovery-fix/research/runs/R-SYNC-RECOVERY-FIX-20261003/blobs/C-ada1d826-3753-4dc1-a4be-6644199ef6fb.stderr.txt",
classify	Classify full diff, including deletions	2026-10-03T12:10:18.8656498Z     "spec/progress/evidence/LOOP1-SYNC-TRANSPORT-001/recovery-fix/research/runs/R-SYNC-RECOVERY-FIX-20261003/blobs/C-ada1d826-3753-4dc1-a4be-6644199ef6fb.stdout.txt",
classify	Classify full diff, including deletions	2026-10-03T12:10:18.8657645Z     "spec/progress/evidence/LOOP1-SYNC-TRANSPORT-001/recovery-fix/research/runs/R-SYNC-RECOVERY-FIX-20261003/blobs/C-aefa9c61-8b23-466c-b482-f5df5765e0eb.stderr.txt",
classify	Classify full diff, including deletions	2026-10-03T12:10:18.8658784Z     "spec/progress/evidence/LOOP1-SYNC-TRANSPORT-001/recovery-fix/research/runs/R-SYNC-RECOVERY-FIX-20261003/blobs/C-aefa9c61-8b23-466c-b482-f5df5765e0eb.stdout.txt",
classify	Classify full diff, including deletions	2026-10-03T12:10:18.8659916Z     "spec/progress/evidence/LOOP1-SYNC-TRANSPORT-001/recovery-fix/research/runs/R-SYNC-RECOVERY-FIX-20261003/blobs/C-c9e38840-1f7c-49b4-bc06-ffb594c0ff0c.stderr.txt",
classify	Classify full diff, including deletions	2026-10-03T12:10:18.8661044Z     "spec/progress/evidence/LOOP1-SYNC-TRANSPORT-001/recovery-fix/research/runs/R-SYNC-RECOVERY-FIX-20261003/blobs/C-c9e38840-1f7c-49b4-bc06-ffb594c0ff0c.stdout.txt",
classify	Classify full diff, including deletions	2026-10-03T12:10:18.8662169Z     "spec/progress/evidence/LOOP1-SYNC-TRANSPORT-001/recovery-fix/research/runs/R-SYNC-RECOVERY-FIX-20261003/blobs/C-ced3a636-d72d-4186-971e-580ff8a140d0.stderr.txt",
classify	Classify full diff, including deletions	2026-10-03T12:10:18.8663426Z     "spec/progress/evidence/LOOP1-SYNC-TRANSPORT-001/recovery-fix/research/runs/R-SYNC-RECOVERY-FIX-20261003/blobs/C-ced3a636-d72d-4186-971e-580ff8a140d0.stdout.txt",
classify	Classify full diff, including deletions	2026-10-03T12:10:18.8664801Z     "spec/progress/evidence/LOOP1-SYNC-TRANSPORT-001/recovery-fix/research/runs/R-SYNC-RECOVERY-FIX-20261003/blobs/C-d3dbc3fb-c662-4919-a414-9471e48a57b6.stderr.txt",
classify	Classify full diff, including deletions	2026-10-03T12:10:18.8665934Z     "spec/progress/evidence/LOOP1-SYNC-TRANSPORT-001/recovery-fix/research/runs/R-SYNC-RECOVERY-FIX-20261003/blobs/C-d3dbc3fb-c662-4919-a414-9471e48a57b6.stdout.txt",
classify	Classify full diff, including deletions	2026-10-03T12:10:18.8666914Z     "spec/progress/evidence/LOOP1-SYNC-TRANSPORT-001/recovery-fix/research/runs/R-SYNC-RECOVERY-FIX-20261003/diff.patch",
classify	Classify full diff, including deletions	2026-10-03T12:10:18.8667742Z     "spec/progress/evidence/LOOP1-SYNC-TRANSPORT-001/recovery-fix/research/runs/R-SYNC-RECOVERY-FIX-20261003/events.jsonl",
classify	Classify full diff, including deletions	2026-10-03T12:10:18.8668593Z     "spec/progress/evidence/LOOP1-SYNC-TRANSPORT-001/recovery-fix/research/runs/R-SYNC-RECOVERY-FIX-20261003/final_state.json",
classify	Classify full diff, including deletions	2026-10-03T12:10:18.8669609Z     "spec/progress/evidence/LOOP1-SYNC-TRANSPORT-001/recovery-fix/research/runs/R-SYNC-RECOVERY-FIX-20261003/initial_state.json",
classify	Classify full diff, including deletions	2026-10-03T12:10:18.8670478Z     "spec/progress/evidence/LOOP1-SYNC-TRANSPORT-001/recovery-fix/research/runs/R-SYNC-RECOVERY-FIX-20261003/metadata.json",
classify	Classify full diff, including deletions	2026-10-03T12:10:18.8671320Z     "spec/progress/evidence/LOOP1-SYNC-TRANSPORT-001/recovery-fix/research/runs/R-SYNC-RECOVERY-FIX-20261003/summary.json",
classify	Classify full diff, including deletions	2026-10-03T12:10:18.8672053Z     "spec/progress/evidence/LOOP1-SYNC-TRANSPORT-001/recovery-fix/verification-history.md",
classify	Classify full diff, including deletions	2026-10-03T12:10:18.8672757Z     "spec/progress/evidence/LOOP1-SYNC-TRANSPORT-001/research/prompts/P-SYNC-TRANSPORT-20261003/metadata.json",
classify	Classify full diff, including deletions	2026-10-03T12:10:18.8673509Z     "spec/progress/evidence/LOOP1-SYNC-TRANSPORT-001/research/prompts/P-SYNC-TRANSPORT-20261003/prompt.txt",
classify	Classify full diff, including deletions	2026-10-03T12:10:18.8674620Z     "spec/progress/evidence/LOOP1-SYNC-TRANSPORT-001/research/runs/R-SYNC-TRANSPORT-20261003/blobs/C-0f0e3dbe-c189-44e8-8957-1aab5e157b35.stderr.txt",
classify	Classify full diff, including deletions	2026-10-03T12:10:18.8675659Z     "spec/progress/evidence/LOOP1-SYNC-TRANSPORT-001/research/runs/R-SYNC-TRANSPORT-20261003/blobs/C-0f0e3dbe-c189-44e8-8957-1aab5e157b35.stdout.txt",
classify	Classify full diff, including deletions	2026-10-03T12:10:18.8676673Z     "spec/progress/evidence/LOOP1-SYNC-TRANSPORT-001/research/runs/R-SYNC-TRANSPORT-20261003/blobs/C-10ce5d69-d03c-4522-9be7-6326329cd513.stderr.txt",
classify	Classify full diff, including deletions	2026-10-03T12:10:18.8677676Z     "spec/progress/evidence/LOOP1-SYNC-TRANSPORT-001/research/runs/R-SYNC-TRANSPORT-20261003/blobs/C-10ce5d69-d03c-4522-9be7-6326329cd513.stdout.txt",
classify	Classify full diff, including deletions	2026-10-03T12:10:18.8678690Z     "spec/progress/evidence/LOOP1-SYNC-TRANSPORT-001/research/runs/R-SYNC-TRANSPORT-20261003/blobs/C-14c36375-e5e8-4488-8d4b-b5c39ddcafa7.stderr.txt",
classify	Classify full diff, including deletions	2026-10-03T12:10:18.8679701Z     "spec/progress/evidence/LOOP1-SYNC-TRANSPORT-001/research/runs/R-SYNC-TRANSPORT-20261003/blobs/C-14c36375-e5e8-4488-8d4b-b5c39ddcafa7.stdout.txt",
classify	Classify full diff, including deletions	2026-10-03T12:10:18.8680713Z     "spec/progress/evidence/LOOP1-SYNC-TRANSPORT-001/research/runs/R-SYNC-TRANSPORT-20261003/blobs/C-2e30696d-08a8-4852-9a98-ab1f95077606.stderr.txt",
classify	Classify full diff, including deletions	2026-10-03T12:10:18.8681726Z     "spec/progress/evidence/LOOP1-SYNC-TRANSPORT-001/research/runs/R-SYNC-TRANSPORT-20261003/blobs/C-2e30696d-08a8-4852-9a98-ab1f95077606.stdout.txt",
classify	Classify full diff, including deletions	2026-10-03T12:10:18.8682728Z     "spec/progress/evidence/LOOP1-SYNC-TRANSPORT-001/research/runs/R-SYNC-TRANSPORT-20261003/blobs/C-328e8210-c027-4ee0-ba5c-f2edb117a882.stderr.txt",
classify	Classify full diff, including deletions	2026-10-03T12:10:18.8683733Z     "spec/progress/evidence/LOOP1-SYNC-TRANSPORT-001/research/runs/R-SYNC-TRANSPORT-20261003/blobs/C-328e8210-c027-4ee0-ba5c-f2edb117a882.stdout.txt",
classify	Classify full diff, including deletions	2026-10-03T12:10:18.8685017Z     "spec/progress/evidence/LOOP1-SYNC-TRANSPORT-001/research/runs/R-SYNC-TRANSPORT-20261003/blobs/C-36bff3c3-725e-4804-b28a-e316e1ad2970.stderr.txt",
classify	Classify full diff, including deletions	2026-10-03T12:10:18.8686035Z     "spec/progress/evidence/LOOP1-SYNC-TRANSPORT-001/research/runs/R-SYNC-TRANSPORT-20261003/blobs/C-36bff3c3-725e-4804-b28a-e316e1ad2970.stdout.txt",
classify	Classify full diff, including deletions	2026-10-03T12:10:18.8687070Z     "spec/progress/evidence/LOOP1-SYNC-TRANSPORT-001/research/runs/R-SYNC-TRANSPORT-20261003/blobs/C-472c0e29-3930-475e-807e-57a7d230aff6.stderr.txt",
classify	Classify full diff, including deletions	2026-10-03T12:10:18.8688231Z     "spec/progress/evidence/LOOP1-SYNC-TRANSPORT-001/research/runs/R-SYNC-TRANSPORT-20261003/blobs/C-472c0e29-3930-475e-807e-57a7d230aff6.stdout.txt",
classify	Classify full diff, including deletions	2026-10-03T12:10:18.8689243Z     "spec/progress/evidence/LOOP1-SYNC-TRANSPORT-001/research/runs/R-SYNC-TRANSPORT-20261003/blobs/C-4b16273d-6116-44fe-b6d2-08b02a25b1f6.stderr.txt",
classify	Classify full diff, including deletions	2026-10-03T12:10:18.8690249Z     "spec/progress/evidence/LOOP1-SYNC-TRANSPORT-001/research/runs/R-SYNC-TRANSPORT-20261003/blobs/C-4b16273d-6116-44fe-b6d2-08b02a25b1f6.stdout.txt",
classify	Classify full diff, including deletions	2026-10-03T12:10:18.8691258Z     "spec/progress/evidence/LOOP1-SYNC-TRANSPORT-001/research/runs/R-SYNC-TRANSPORT-20261003/blobs/C-526820db-34ec-4af6-911c-5261c3fb7c91.stderr.txt",
classify	Classify full diff, including deletions	2026-10-03T12:10:18.8692267Z     "spec/progress/evidence/LOOP1-SYNC-TRANSPORT-001/research/runs/R-SYNC-TRANSPORT-20261003/blobs/C-526820db-34ec-4af6-911c-5261c3fb7c91.stdout.txt",
classify	Classify full diff, including deletions	2026-10-03T12:10:18.8693392Z     "spec/progress/evidence/LOOP1-SYNC-TRANSPORT-001/research/runs/R-SYNC-TRANSPORT-20261003/blobs/C-5a3c83fc-ae99-4b66-b4aa-0ed6ee84a9dd.stderr.txt",
classify	Classify full diff, including deletions	2026-10-03T12:10:18.8694688Z     "spec/progress/evidence/LOOP1-SYNC-TRANSPORT-001/research/runs/R-SYNC-TRANSPORT-20261003/blobs/C-5a3c83fc-ae99-4b66-b4aa-0ed6ee84a9dd.stdout.txt",
classify	Classify full diff, including deletions	2026-10-03T12:10:18.8695742Z     "spec/progress/evidence/LOOP1-SYNC-TRANSPORT-001/research/runs/R-SYNC-TRANSPORT-20261003/blobs/C-5d4aa70e-ba70-4ff3-a1a2-5386e2782c6c.stderr.txt",
classify	Classify full diff, including deletions	2026-10-03T12:10:18.8696768Z     "spec/progress/evidence/LOOP1-SYNC-TRANSPORT-001/research/runs/R-SYNC-TRANSPORT-20261003/blobs/C-5d4aa70e-ba70-4ff3-a1a2-5386e2782c6c.stdout.txt",
classify	Classify full diff, including deletions	2026-10-03T12:10:18.8697800Z     "spec/progress/evidence/LOOP1-SYNC-TRANSPORT-001/research/runs/R-SYNC-TRANSPORT-20261003/blobs/C-6daaedae-4649-4140-b654-c337affdb98f.stderr.txt",
classify	Classify full diff, including deletions	2026-10-03T12:10:18.8698831Z     "spec/progress/evidence/LOOP1-SYNC-TRANSPORT-001/research/runs/R-SYNC-TRANSPORT-20261003/blobs/C-6daaedae-4649-4140-b654-c337affdb98f.stdout.txt",
classify	Classify full diff, including deletions	2026-10-03T12:10:18.8699861Z     "spec/progress/evidence/LOOP1-SYNC-TRANSPORT-001/research/runs/R-SYNC-TRANSPORT-20261003/blobs/C-6f106dec-3aec-4854-b984-c52728eb5b6c.stderr.txt",
classify	Classify full diff, including deletions	2026-10-03T12:10:18.8700877Z     "spec/progress/evidence/LOOP1-SYNC-TRANSPORT-001/research/runs/R-SYNC-TRANSPORT-20261003/blobs/C-6f106dec-3aec-4854-b984-c52728eb5b6c.stdout.txt",
classify	Classify full diff, including deletions	2026-10-03T12:10:18.8701893Z     "spec/progress/evidence/LOOP1-SYNC-TRANSPORT-001/research/runs/R-SYNC-TRANSPORT-20261003/blobs/C-959958f7-33e8-4c93-8a08-dc1e492104ee.stderr.txt",
classify	Classify full diff, including deletions	2026-10-03T12:10:18.8702899Z     "spec/progress/evidence/LOOP1-SYNC-TRANSPORT-001/research/runs/R-SYNC-TRANSPORT-20261003/blobs/C-959958f7-33e8-4c93-8a08-dc1e492104ee.stdout.txt",
classify	Classify full diff, including deletions	2026-10-03T12:10:18.8704135Z     "spec/progress/evidence/LOOP1-SYNC-TRANSPORT-001/research/runs/R-SYNC-TRANSPORT-20261003/blobs/C-b7f5b89f-b881-44dd-abcc-f0475d2231c8.stderr.txt",
classify	Classify full diff, including deletions	2026-10-03T12:10:18.8705175Z     "spec/progress/evidence/LOOP1-SYNC-TRANSPORT-001/research/runs/R-SYNC-TRANSPORT-20261003/blobs/C-b7f5b89f-b881-44dd-abcc-f0475d2231c8.stdout.txt",
classify	Classify full diff, including deletions	2026-10-03T12:10:18.8706209Z     "spec/progress/evidence/LOOP1-SYNC-TRANSPORT-001/research/runs/R-SYNC-TRANSPORT-20261003/blobs/C-bad62218-035c-4c1f-b9ec-ca1cdcfdba74.stderr.txt",
classify	Classify full diff, including deletions	2026-10-03T12:10:18.8707233Z     "spec/progress/evidence/LOOP1-SYNC-TRANSPORT-001/research/runs/R-SYNC-TRANSPORT-20261003/blobs/C-bad62218-035c-4c1f-b9ec-ca1cdcfdba74.stdout.txt",
classify	Classify full diff, including deletions	2026-10-03T12:10:18.8708253Z     "spec/progress/evidence/LOOP1-SYNC-TRANSPORT-001/research/runs/R-SYNC-TRANSPORT-20261003/blobs/C-bbc1e173-7182-4fbe-9402-fca8a5ab2da4.stderr.txt",
classify	Classify full diff, including deletions	2026-10-03T12:10:18.8709275Z     "spec/progress/evidence/LOOP1-SYNC-TRANSPORT-001/research/runs/R-SYNC-TRANSPORT-20261003/blobs/C-bbc1e173-7182-4fbe-9402-fca8a5ab2da4.stdout.txt",
classify	Classify full diff, including deletions	2026-10-03T12:10:18.8710299Z     "spec/progress/evidence/LOOP1-SYNC-TRANSPORT-001/research/runs/R-SYNC-TRANSPORT-20261003/blobs/C-c4539fee-5cb1-4e30-a0aa-3ef6d59995df.stderr.txt",
classify	Classify full diff, including deletions	2026-10-03T12:10:18.8711463Z     "spec/progress/evidence/LOOP1-SYNC-TRANSPORT-001/research/runs/R-SYNC-TRANSPORT-20261003/blobs/C-c4539fee-5cb1-4e30-a0aa-3ef6d59995df.stdout.txt",
classify	Classify full diff, including deletions	2026-10-03T12:10:18.8712476Z     "spec/progress/evidence/LOOP1-SYNC-TRANSPORT-001/research/runs/R-SYNC-TRANSPORT-20261003/blobs/C-e4711082-9e92-4b94-b9bc-425523669bd7.stderr.txt",
classify	Classify full diff, including deletions	2026-10-03T12:10:18.8713480Z     "spec/progress/evidence/LOOP1-SYNC-TRANSPORT-001/research/runs/R-SYNC-TRANSPORT-20261003/blobs/C-e4711082-9e92-4b94-b9bc-425523669bd7.stdout.txt",
classify	Classify full diff, including deletions	2026-10-03T12:10:18.8714619Z     "spec/progress/evidence/LOOP1-SYNC-TRANSPORT-001/research/runs/R-SYNC-TRANSPORT-20261003/blobs/C-ea5a963d-e89c-41a5-aa0c-b7b4829be552.stderr.txt",
classify	Classify full diff, including deletions	2026-10-03T12:10:18.8715653Z     "spec/progress/evidence/LOOP1-SYNC-TRANSPORT-001/research/runs/R-SYNC-TRANSPORT-20261003/blobs/C-ea5a963d-e89c-41a5-aa0c-b7b4829be552.stdout.txt",
classify	Classify full diff, including deletions	2026-10-03T12:10:18.8716529Z     "spec/progress/evidence/LOOP1-SYNC-TRANSPORT-001/research/runs/R-SYNC-TRANSPORT-20261003/diff.patch",
classify	Classify full diff, including deletions	2026-10-03T12:10:18.8717392Z     "spec/progress/evidence/LOOP1-SYNC-TRANSPORT-001/research/runs/R-SYNC-TRANSPORT-20261003/events.jsonl",
classify	Classify full diff, including deletions	2026-10-03T12:10:18.8718137Z     "spec/progress/evidence/LOOP1-SYNC-TRANSPORT-001/research/runs/R-SYNC-TRANSPORT-20261003/final_state.json",
classify	Classify full diff, including deletions	2026-10-03T12:10:18.8718896Z     "spec/progress/evidence/LOOP1-SYNC-TRANSPORT-001/research/runs/R-SYNC-TRANSPORT-20261003/initial_state.json",
classify	Classify full diff, including deletions	2026-10-03T12:10:18.8719651Z     "spec/progress/evidence/LOOP1-SYNC-TRANSPORT-001/research/runs/R-SYNC-TRANSPORT-20261003/metadata.json",
classify	Classify full diff, including deletions	2026-10-03T12:10:18.8720382Z     "spec/progress/evidence/LOOP1-SYNC-TRANSPORT-001/research/runs/R-SYNC-TRANSPORT-20261003/summary.json",
classify	Classify full diff, including deletions	2026-10-03T12:10:18.8721012Z     "spec/progress/evidence/LOOP1-SYNC-TRANSPORT-001/verification-history.md",
classify	Classify full diff, including deletions	2026-10-03T12:10:18.8721432Z     "spec/tasks/backlog/LOOP1-SYNC-001.md",
classify	Classify full diff, including deletions	2026-10-03T12:10:18.8721756Z     "spec/tasks/review/LOOP1-SYNC-TRANSPORT-001.md",
classify	Classify full diff, including deletions	2026-10-03T12:10:18.8722084Z     "tests/contract/test_sync_transport.py",
classify	Classify full diff, including deletions	2026-10-03T12:10:18.8722376Z     "tools/verify_sync_transport.py"
classify	Classify full diff, including deletions	2026-10-03T12:10:18.8722618Z   ],
classify	Classify full diff, including deletions	2026-10-03T12:10:18.8722785Z   "jobs": {
classify	Classify full diff, including deletions	2026-10-03T12:10:18.8722965Z     "go": true,
classify	Classify full diff, including deletions	2026-10-03T12:10:18.8723155Z     "java": true,
classify	Classify full diff, including deletions	2026-10-03T12:10:18.8723347Z     "web": true,
classify	Classify full diff, including deletions	2026-10-03T12:10:18.8723546Z     "desktop": true,
classify	Classify full diff, including deletions	2026-10-03T12:10:18.8723745Z     "mobile": true,
classify	Classify full diff, including deletions	2026-10-03T12:10:18.8724177Z     "shared": true,
classify	Classify full diff, including deletions	2026-10-03T12:10:18.8724380Z     "old_client": true,
classify	Classify full diff, including deletions	2026-10-03T12:10:18.8724590Z     "plugin": true,
classify	Classify full diff, including deletions	2026-10-03T12:10:18.8724787Z     "migration": true,
classify	Classify full diff, including deletions	2026-10-03T12:10:18.8725003Z     "compatibility": true,
classify	Classify full diff, including deletions	2026-10-03T12:10:18.8725231Z     "deploy": true,
classify	Classify full diff, including deletions	2026-10-03T12:10:18.8725430Z     "architecture": true,
classify	Classify full diff, including deletions	2026-10-03T12:10:18.8725649Z     "source_go": true,
classify	Classify full diff, including deletions	2026-10-03T12:10:18.8725856Z     "source_java": true
classify	Classify full diff, including deletions	2026-10-03T12:10:18.8726054Z   }
classify	Classify full diff, including deletions	2026-10-03T12:10:18.8726225Z }
classify	Post Run actions/checkout@v4	﻿2026-10-03T12:10:18.8883332Z Post job cleanup.
classify	Post Run actions/checkout@v4	2026-10-03T12:10:18.9740246Z [command]/usr/bin/git version
classify	Post Run actions/checkout@v4	2026-10-03T12:10:18.9785637Z git version 2.55.0
classify	Post Run actions/checkout@v4	2026-10-03T12:10:18.9831184Z Temporarily overriding HOME='/home/runner/work/_temp/152c7890-08e9-49c6-8052-844bfc83264d' before making global git config changes
classify	Post Run actions/checkout@v4	2026-10-03T12:10:18.9832699Z Adding repository directory to the temporary git global config as a safe directory
classify	Post Run actions/checkout@v4	2026-10-03T12:10:18.9837479Z [command]/usr/bin/git config --global --add safe.directory /home/runner/work/IM-platform/IM-platform
classify	Post Run actions/checkout@v4	2026-10-03T12:10:18.9877259Z [command]/usr/bin/git config --local --name-only --get-regexp core\.sshCommand
classify	Post Run actions/checkout@v4	2026-10-03T12:10:18.9914610Z [command]/usr/bin/git submodule foreach --recursive sh -c "git config --local --name-only --get-regexp 'core\.sshCommand' && git config --local --unset-all 'core.sshCommand' || :"
classify	Post Run actions/checkout@v4	2026-10-03T12:10:19.0182788Z [command]/usr/bin/git config --local --name-only --get-regexp http\.https\:\/\/github\.com\/\.extraheader
classify	Post Run actions/checkout@v4	2026-10-03T12:10:19.0211797Z http.https://github.com/.extraheader
classify	Post Run actions/checkout@v4	2026-10-03T12:10:19.0226569Z [command]/usr/bin/git config --local --unset-all http.https://github.com/.extraheader
classify	Post Run actions/checkout@v4	2026-10-03T12:10:19.0265223Z [command]/usr/bin/git submodule foreach --recursive sh -c "git config --local --name-only --get-regexp 'http\.https\:\/\/github\.com\/\.extraheader' && git config --local --unset-all 'http.https://github.com/.extraheader' || :"
classify	Post Run actions/checkout@v4	2026-10-03T12:10:19.0523815Z [command]/usr/bin/git config --local --name-only --get-regexp ^includeIf\.gitdir:
classify	Post Run actions/checkout@v4	2026-10-03T12:10:19.0571713Z [command]/usr/bin/git submodule foreach --recursive git config --local --show-origin --name-only --get-regexp remote.origin.url
classify	Complete job	﻿2026-10-03T12:10:19.1024775Z Evaluate and set job outputs
classify	Complete job	2026-10-03T12:10:19.1036425Z Set output 'go'
classify	Complete job	2026-10-03T12:10:19.1038453Z Set output 'java'
classify	Complete job	2026-10-03T12:10:19.1039420Z Set output 'web'
classify	Complete job	2026-10-03T12:10:19.1039718Z Set output 'desktop'
classify	Complete job	2026-10-03T12:10:19.1040031Z Set output 'mobile'
classify	Complete job	2026-10-03T12:10:19.1040321Z Set output 'shared'
classify	Complete job	2026-10-03T12:10:19.1040599Z Set output 'old_client'
classify	Complete job	2026-10-03T12:10:19.1041040Z Set output 'plugin'
classify	Complete job	2026-10-03T12:10:19.1041602Z Set output 'migration'
classify	Complete job	2026-10-03T12:10:19.1041900Z Set output 'compatibility'
classify	Complete job	2026-10-03T12:10:19.1042197Z Set output 'deploy'
classify	Complete job	2026-10-03T12:10:19.1042482Z Set output 'architecture'
classify	Complete job	2026-10-03T12:10:19.1042782Z Set output 'source_go'
classify	Complete job	2026-10-03T12:10:19.1043059Z Set output 'source_java'
classify	Complete job	2026-10-03T12:10:19.1044099Z Cleaning up orphan processes
classify	Complete job	2026-10-03T12:10:19.1379726Z ##[warning]Node.js 20 is deprecated. The following actions target Node.js 20 but are being forced to run on Node.js 24: actions/checkout@v4. For more information see: https://github.blog/changelog/2025-09-19-deprecation-of-node-20-on-github-actions-runners/
