deploy	Set up job	﻿2026-10-03T12:10:25.3713818Z Current runner version: '2.337.0'
deploy	Set up job	2026-10-03T12:10:25.3735091Z ##[group]Runner Image Provisioner
deploy	Set up job	2026-10-03T12:10:25.3735943Z Hosted Compute Agent
deploy	Set up job	2026-10-03T12:10:25.3736447Z Version: 20260901.588
deploy	Set up job	2026-10-03T12:10:25.3736979Z Commit: f88ec8081b781fac6c440065ac7ff9e710ce3d0b
deploy	Set up job	2026-10-03T12:10:25.3737570Z Build Date: 2026-09-01T19:56:44Z
deploy	Set up job	2026-10-03T12:10:25.3738115Z Worker ID: {372ea887-9510-4ca2-804f-8dc628021278}
deploy	Set up job	2026-10-03T12:10:25.3738712Z Azure Region: westus3
deploy	Set up job	2026-10-03T12:10:25.3739174Z ##[endgroup]
deploy	Set up job	2026-10-03T12:10:25.3740568Z ##[group]Operating System
deploy	Set up job	2026-10-03T12:10:25.3741193Z Ubuntu
deploy	Set up job	2026-10-03T12:10:25.3741641Z 24.04.5
deploy	Set up job	2026-10-03T12:10:25.3742086Z LTS
deploy	Set up job	2026-10-03T12:10:25.3742537Z ##[endgroup]
deploy	Set up job	2026-10-03T12:10:25.3742980Z ##[group]Runner Image
deploy	Set up job	2026-10-03T12:10:25.3743476Z Image: ubuntu-24.04
deploy	Set up job	2026-10-03T12:10:25.3743947Z Version: 20260927.320.1
deploy	Set up job	2026-10-03T12:10:25.3744806Z Included Software: https://github.com/actions/runner-images/blob/ubuntu24/20260927.320/images/ubuntu/Ubuntu2404-Readme.md
deploy	Set up job	2026-10-03T12:10:25.3746182Z Image Release: https://github.com/actions/runner-images/releases/tag/ubuntu24%2F20260927.320
deploy	Set up job	2026-10-03T12:10:25.3746960Z ##[endgroup]
deploy	Set up job	2026-10-03T12:10:25.3747879Z ##[group]GITHUB_TOKEN Permissions
deploy	Set up job	2026-10-03T12:10:25.3749583Z Contents: read
deploy	Set up job	2026-10-03T12:10:25.3750228Z Metadata: read
deploy	Set up job	2026-10-03T12:10:25.3750807Z ##[endgroup]
deploy	Set up job	2026-10-03T12:10:25.3752494Z Secret source: Actions
deploy	Set up job	2026-10-03T12:10:25.3753280Z Cache mode: write
deploy	Set up job	2026-10-03T12:10:25.3753837Z Prepare workflow directory
deploy	Set up job	2026-10-03T12:10:25.4018585Z Prepare all required actions
deploy	Set up job	2026-10-03T12:10:25.4060800Z Getting action download info
deploy	Set up job	2026-10-03T12:10:25.6982485Z Download action repository 'actions/checkout@v4' (SHA:11d5960a326750d5838078e36cf38b85af677262)
deploy	Set up job	2026-10-03T12:10:25.8723705Z Complete job name: deploy
deploy	Run actions/checkout@v4	﻿2026-10-03T12:10:25.9322248Z ##[group]Run actions/checkout@v4
deploy	Run actions/checkout@v4	2026-10-03T12:10:25.9323022Z with:
deploy	Run actions/checkout@v4	2026-10-03T12:10:25.9323499Z   repository: nilesthump/IM-platform
deploy	Run actions/checkout@v4	2026-10-03T12:10:25.9327026Z   token: ***
deploy	Run actions/checkout@v4	2026-10-03T12:10:25.9327460Z   ssh-strict: true
deploy	Run actions/checkout@v4	2026-10-03T12:10:25.9327869Z   ssh-user: git
deploy	Run actions/checkout@v4	2026-10-03T12:10:25.9328338Z   persist-credentials: true
deploy	Run actions/checkout@v4	2026-10-03T12:10:25.9328814Z   clean: true
deploy	Run actions/checkout@v4	2026-10-03T12:10:25.9329313Z   sparse-checkout-cone-mode: true
deploy	Run actions/checkout@v4	2026-10-03T12:10:25.9330016Z   fetch-depth: 1
deploy	Run actions/checkout@v4	2026-10-03T12:10:25.9330859Z   fetch-tags: false
deploy	Run actions/checkout@v4	2026-10-03T12:10:25.9331334Z   show-progress: true
deploy	Run actions/checkout@v4	2026-10-03T12:10:25.9331768Z   lfs: false
deploy	Run actions/checkout@v4	2026-10-03T12:10:25.9332174Z   submodules: false
deploy	Run actions/checkout@v4	2026-10-03T12:10:25.9332640Z   set-safe-directory: true
deploy	Run actions/checkout@v4	2026-10-03T12:10:25.9333120Z   allow-unsafe-pr-checkout: false
deploy	Run actions/checkout@v4	2026-10-03T12:10:25.9333803Z ##[endgroup]
deploy	Run actions/checkout@v4	2026-10-03T12:10:26.0225410Z Syncing repository: nilesthump/IM-platform
deploy	Run actions/checkout@v4	2026-10-03T12:10:26.0227278Z ##[group]Getting Git version info
deploy	Run actions/checkout@v4	2026-10-03T12:10:26.0227969Z Working directory is '/home/runner/work/IM-platform/IM-platform'
deploy	Run actions/checkout@v4	2026-10-03T12:10:26.0229019Z [command]/usr/bin/git version
deploy	Run actions/checkout@v4	2026-10-03T12:10:26.0322433Z git version 2.55.0
deploy	Run actions/checkout@v4	2026-10-03T12:10:26.0341026Z ##[endgroup]
deploy	Run actions/checkout@v4	2026-10-03T12:10:26.0355556Z Temporarily overriding HOME='/home/runner/work/_temp/6f5dc50e-7e51-4406-aacf-36529cd6aadf' before making global git config changes
deploy	Run actions/checkout@v4	2026-10-03T12:10:26.0370239Z Adding repository directory to the temporary git global config as a safe directory
deploy	Run actions/checkout@v4	2026-10-03T12:10:26.0401282Z [command]/usr/bin/git config --global --add safe.directory /home/runner/work/IM-platform/IM-platform
deploy	Run actions/checkout@v4	2026-10-03T12:10:26.0406709Z Deleting the contents of '/home/runner/work/IM-platform/IM-platform'
deploy	Run actions/checkout@v4	2026-10-03T12:10:26.0415512Z ##[group]Initializing the repository
deploy	Run actions/checkout@v4	2026-10-03T12:10:26.0416886Z [command]/usr/bin/git init /home/runner/work/IM-platform/IM-platform
deploy	Run actions/checkout@v4	2026-10-03T12:10:26.0525584Z hint: Using 'master' as the name for the initial branch. This default branch name
deploy	Run actions/checkout@v4	2026-10-03T12:10:26.0526907Z hint: will change to "main" in Git 3.0. To configure the initial branch name
deploy	Run actions/checkout@v4	2026-10-03T12:10:26.0528190Z hint: to use in all of your new repositories, which will suppress this warning,
deploy	Run actions/checkout@v4	2026-10-03T12:10:26.0529480Z hint: call:
deploy	Run actions/checkout@v4	2026-10-03T12:10:26.0530599Z hint:
deploy	Run actions/checkout@v4	2026-10-03T12:10:26.0531191Z hint: 	git config --global init.defaultBranch <name>
deploy	Run actions/checkout@v4	2026-10-03T12:10:26.0531798Z hint:
deploy	Run actions/checkout@v4	2026-10-03T12:10:26.0532366Z hint: Names commonly chosen instead of 'master' are 'main', 'trunk' and
deploy	Run actions/checkout@v4	2026-10-03T12:10:26.0533216Z hint: 'development'. The just-created branch can be renamed via this command:
deploy	Run actions/checkout@v4	2026-10-03T12:10:26.0533874Z hint:
deploy	Run actions/checkout@v4	2026-10-03T12:10:26.0534315Z hint: 	git branch -m <name>
deploy	Run actions/checkout@v4	2026-10-03T12:10:26.0534946Z hint:
deploy	Run actions/checkout@v4	2026-10-03T12:10:26.0536126Z hint: Disable this message with "git config set advice.defaultBranchName false"
deploy	Run actions/checkout@v4	2026-10-03T12:10:26.0537492Z Initialized empty Git repository in /home/runner/work/IM-platform/IM-platform/.git/
deploy	Run actions/checkout@v4	2026-10-03T12:10:26.0539932Z [command]/usr/bin/git remote add origin https://github.com/nilesthump/IM-platform
deploy	Run actions/checkout@v4	2026-10-03T12:10:26.0578993Z ##[endgroup]
deploy	Run actions/checkout@v4	2026-10-03T12:10:26.0580013Z ##[group]Disabling automatic garbage collection
deploy	Run actions/checkout@v4	2026-10-03T12:10:26.0583175Z [command]/usr/bin/git config --local gc.auto 0
deploy	Run actions/checkout@v4	2026-10-03T12:10:26.0609798Z ##[endgroup]
deploy	Run actions/checkout@v4	2026-10-03T12:10:26.0611154Z ##[group]Setting up auth
deploy	Run actions/checkout@v4	2026-10-03T12:10:26.0616346Z [command]/usr/bin/git config --local --name-only --get-regexp core\.sshCommand
deploy	Run actions/checkout@v4	2026-10-03T12:10:26.0646428Z [command]/usr/bin/git submodule foreach --recursive sh -c "git config --local --name-only --get-regexp 'core\.sshCommand' && git config --local --unset-all 'core.sshCommand' || :"
deploy	Run actions/checkout@v4	2026-10-03T12:10:26.0961349Z [command]/usr/bin/git config --local --name-only --get-regexp http\.https\:\/\/github\.com\/\.extraheader
deploy	Run actions/checkout@v4	2026-10-03T12:10:26.0987740Z [command]/usr/bin/git submodule foreach --recursive sh -c "git config --local --name-only --get-regexp 'http\.https\:\/\/github\.com\/\.extraheader' && git config --local --unset-all 'http.https://github.com/.extraheader' || :"
deploy	Run actions/checkout@v4	2026-10-03T12:10:26.1153823Z [command]/usr/bin/git config --local --name-only --get-regexp ^includeIf\.gitdir:
deploy	Run actions/checkout@v4	2026-10-03T12:10:26.1178853Z [command]/usr/bin/git submodule foreach --recursive git config --local --show-origin --name-only --get-regexp remote.origin.url
deploy	Run actions/checkout@v4	2026-10-03T12:10:26.1361865Z [command]/usr/bin/git config --local http.https://github.com/.extraheader AUTHORIZATION: basic ***
deploy	Run actions/checkout@v4	2026-10-03T12:10:26.1400880Z ##[endgroup]
deploy	Run actions/checkout@v4	2026-10-03T12:10:26.1402367Z ##[group]Fetching the repository
deploy	Run actions/checkout@v4	2026-10-03T12:10:26.1411534Z [command]/usr/bin/git -c protocol.version=2 fetch --no-tags --prune --no-recurse-submodules --depth=1 origin +4f384b5413ae605325e1be329853fb45b8cf240e:refs/remotes/pull/18/merge
deploy	Run actions/checkout@v4	2026-10-03T12:10:28.5558534Z From https://github.com/nilesthump/IM-platform
deploy	Run actions/checkout@v4	2026-10-03T12:10:28.5561407Z  * [new ref]         4f384b5413ae605325e1be329853fb45b8cf240e -> pull/18/merge
deploy	Run actions/checkout@v4	2026-10-03T12:10:28.5567225Z ##[endgroup]
deploy	Run actions/checkout@v4	2026-10-03T12:10:28.5569662Z ##[group]Determining the checkout info
deploy	Run actions/checkout@v4	2026-10-03T12:10:28.5572544Z ##[endgroup]
deploy	Run actions/checkout@v4	2026-10-03T12:10:28.5574322Z [command]/usr/bin/git sparse-checkout disable
deploy	Run actions/checkout@v4	2026-10-03T12:10:28.5621919Z [command]/usr/bin/git config --local --unset-all extensions.worktreeConfig
deploy	Run actions/checkout@v4	2026-10-03T12:10:28.5658732Z ##[group]Checking out the ref
deploy	Run actions/checkout@v4	2026-10-03T12:10:28.5661117Z [command]/usr/bin/git checkout --progress --force refs/remotes/pull/18/merge
deploy	Run actions/checkout@v4	2026-10-03T12:10:28.9357164Z Note: switching to 'refs/remotes/pull/18/merge'.
deploy	Run actions/checkout@v4	2026-10-03T12:10:28.9358606Z 
deploy	Run actions/checkout@v4	2026-10-03T12:10:28.9358954Z You are in 'detached HEAD' state. You can look around, make experimental
deploy	Run actions/checkout@v4	2026-10-03T12:10:28.9359778Z changes and commit them, and you can discard any commits you make in this
deploy	Run actions/checkout@v4	2026-10-03T12:10:28.9360871Z state without impacting any branches by switching back to a branch.
deploy	Run actions/checkout@v4	2026-10-03T12:10:28.9361191Z 
deploy	Run actions/checkout@v4	2026-10-03T12:10:28.9361458Z If you want to create a new branch to retain commits you create, you may
deploy	Run actions/checkout@v4	2026-10-03T12:10:28.9362011Z do so (now or later) by using -c with the switch command. Example:
deploy	Run actions/checkout@v4	2026-10-03T12:10:28.9362309Z 
deploy	Run actions/checkout@v4	2026-10-03T12:10:28.9362465Z   git switch -c <new-branch-name>
deploy	Run actions/checkout@v4	2026-10-03T12:10:28.9362755Z 
deploy	Run actions/checkout@v4	2026-10-03T12:10:28.9362965Z Or undo this operation with:
deploy	Run actions/checkout@v4	2026-10-03T12:10:28.9363195Z 
deploy	Run actions/checkout@v4	2026-10-03T12:10:28.9363321Z   git switch -
deploy	Run actions/checkout@v4	2026-10-03T12:10:28.9363763Z 
deploy	Run actions/checkout@v4	2026-10-03T12:10:28.9364044Z Turn off this advice by setting config variable advice.detachedHead to false
deploy	Run actions/checkout@v4	2026-10-03T12:10:28.9364701Z 
deploy	Run actions/checkout@v4	2026-10-03T12:10:28.9365106Z HEAD is now at 4f384b5 Merge b8200783ea3eadc1ed4e4050238f051a7ab708b3 into a0304fcc7be18b87f5986d014849d6b48b96a071
deploy	Run actions/checkout@v4	2026-10-03T12:10:28.9376876Z ##[endgroup]
deploy	Run actions/checkout@v4	2026-10-03T12:10:28.9414285Z [command]/usr/bin/git log -1 --format=%H
deploy	Run actions/checkout@v4	2026-10-03T12:10:28.9434691Z 4f384b5413ae605325e1be329853fb45b8cf240e
deploy	Prepare disposable Go profile configuration	﻿2026-10-03T12:10:28.9649329Z ##[group]Run New-Item -ItemType Directory -Path $env:IM_GO_CONFIG_DIR -Force | Out-Null
deploy	Prepare disposable Go profile configuration	2026-10-03T12:10:28.9650330Z ^[[36;1mNew-Item -ItemType Directory -Path $env:IM_GO_CONFIG_DIR -Force | Out-Null^[[0m
deploy	Prepare disposable Go profile configuration	2026-10-03T12:10:28.9651050Z ^[[36;1mAdd-Content -Path $env:GITHUB_ENV -Value "IM_GO_CONFIG_DIR=$env:IM_GO_CONFIG_DIR"^[[0m
deploy	Prepare disposable Go profile configuration	2026-10-03T12:10:28.9651696Z ^[[36;1mCopy-Item backend/go/config.example.json (Join-Path $env:IM_GO_CONFIG_DIR 'config.json')^[[0m
deploy	Prepare disposable Go profile configuration	2026-10-03T12:10:28.9652393Z ^[[36;1m[System.IO.File]::WriteAllText((Join-Path $env:IM_GO_CONFIG_DIR 'pg_password'), 'local-development-only')^[[0m
deploy	Prepare disposable Go profile configuration	2026-10-03T12:10:28.9653128Z ^[[36;1m$key = [Convert]::ToBase64String([System.Security.Cryptography.RandomNumberGenerator]::GetBytes(48))^[[0m
deploy	Prepare disposable Go profile configuration	2026-10-03T12:10:28.9653751Z ^[[36;1m[System.IO.File]::WriteAllText((Join-Path $env:IM_GO_CONFIG_DIR 'jwt_key'), $key)^[[0m
deploy	Prepare disposable Go profile configuration	2026-10-03T12:10:28.9672190Z shell: /usr/bin/pwsh -command ". '{0}'"
deploy	Prepare disposable Go profile configuration	2026-10-03T12:10:28.9672681Z env:
deploy	Prepare disposable Go profile configuration	2026-10-03T12:10:28.9673026Z   IM_GO_CONFIG_DIR: /home/runner/work/_temp/im-go-config
deploy	Prepare disposable Go profile configuration	2026-10-03T12:10:28.9673544Z ##[endgroup]
deploy	Validate both Compose profiles	﻿2026-10-03T12:10:33.0507296Z ##[group]Run docker compose -f deploy/compose.yaml --profile go config --quiet
deploy	Validate both Compose profiles	2026-10-03T12:10:33.0507906Z ^[[36;1mdocker compose -f deploy/compose.yaml --profile go config --quiet^[[0m
deploy	Validate both Compose profiles	2026-10-03T12:10:33.0508371Z ^[[36;1mdocker compose -f deploy/compose.yaml --profile java config --quiet^[[0m
deploy	Validate both Compose profiles	2026-10-03T12:10:33.0547334Z shell: /usr/bin/bash -e {0}
deploy	Validate both Compose profiles	2026-10-03T12:10:33.0547826Z env:
deploy	Validate both Compose profiles	2026-10-03T12:10:33.0548264Z   IM_GO_CONFIG_DIR: /home/runner/work/_temp/im-go-config
deploy	Validate both Compose profiles	2026-10-03T12:10:33.0548678Z ##[endgroup]
deploy	Frozen architecture integrity	﻿2026-10-03T12:10:35.3521249Z ##[group]Run ./tools/verify-frozen-architecture.ps1
deploy	Frozen architecture integrity	2026-10-03T12:10:35.3521710Z ^[[36;1m./tools/verify-frozen-architecture.ps1^[[0m
deploy	Frozen architecture integrity	2026-10-03T12:10:35.3535637Z shell: /usr/bin/pwsh -command ". '{0}'"
deploy	Frozen architecture integrity	2026-10-03T12:10:35.3536017Z env:
deploy	Frozen architecture integrity	2026-10-03T12:10:35.3536307Z   IM_GO_CONFIG_DIR: /home/runner/work/_temp/im-go-config
deploy	Frozen architecture integrity	2026-10-03T12:10:35.3536653Z ##[endgroup]
deploy	Frozen architecture integrity	2026-10-03T12:10:36.0390839Z PASS: v1.1 current SHA/PDF provenance/ADR and section-bound semantic structure; historical migration semantic_change=false; current revision semantic_change=true
deploy	Frozen architecture integrity	2026-10-03T12:10:36.1584853Z test_android_complete_literal_plugin_notations_remain_approved (test_client_technology.ClientTechnologyControls.test_android_complete_literal_plugin_notations_remain_approved) ... ok
deploy	Frozen architecture integrity	2026-10-03T12:10:36.1743187Z test_android_compose_gradle_source_and_tooling (test_client_technology.ClientTechnologyControls.test_android_compose_gradle_source_and_tooling) ... ok
deploy	Frozen architecture integrity	2026-10-03T12:10:36.1824874Z test_android_literal_and_direct_catalog_plugins_remain_approved (test_client_technology.ClientTechnologyControls.test_android_literal_and_direct_catalog_plugins_remain_approved) ... ok
deploy	Frozen architecture integrity	2026-10-03T12:10:36.2097966Z test_android_negative_real_gradle_catalog_import_build_workflow_controls (test_client_technology.ClientTechnologyControls.test_android_negative_real_gradle_catalog_import_build_workflow_controls) ... ok
deploy	Frozen architecture integrity	2026-10-03T12:10:36.2170478Z test_android_plugin_block_shortcuts_and_generic_apply_fail_closed (test_client_technology.ClientTechnologyControls.test_android_plugin_block_shortcuts_and_generic_apply_fail_closed) ... ok
deploy	Frozen architecture integrity	2026-10-03T12:10:36.2233929Z test_android_plugin_declarations_fail_closed (test_client_technology.ClientTechnologyControls.test_android_plugin_declarations_fail_closed) ... ok
deploy	Frozen architecture integrity	2026-10-03T12:10:36.2444945Z test_android_plugin_selectors_require_complete_literal_arguments (test_client_technology.ClientTechnologyControls.test_android_plugin_selectors_require_complete_literal_arguments) ... ok
deploy	Frozen architecture integrity	2026-10-03T12:10:36.2548868Z test_android_quoted_dispatch_text_remains_data (test_client_technology.ClientTechnologyControls.test_android_quoted_dispatch_text_remains_data) ... ok
deploy	Frozen architecture integrity	2026-10-03T12:10:36.2665729Z test_android_quoted_member_dispatch_fails_closed (test_client_technology.ClientTechnologyControls.test_android_quoted_member_dispatch_fails_closed) ... ok
deploy	Frozen architecture integrity	2026-10-03T12:10:36.2774960Z test_android_supported_apply_and_quoted_contexts_remain_approved (test_client_technology.ClientTechnologyControls.test_android_supported_apply_and_quoted_contexts_remain_approved) ... ok
deploy	Frozen architecture integrity	2026-10-03T12:10:36.2890578Z test_android_unsupported_plugin_applications_fail_closed (test_client_technology.ClientTechnologyControls.test_android_unsupported_plugin_applications_fail_closed) ... ok
deploy	Frozen architecture integrity	2026-10-03T12:10:36.2928430Z test_approved_ts_native_config_assets (test_client_technology.ClientTechnologyControls.test_approved_ts_native_config_assets) ... ok
deploy	Frozen architecture integrity	2026-10-03T12:10:36.2937984Z test_authority_missing_or_mutated_is_failure (test_client_technology.ClientTechnologyControls.test_authority_missing_or_mutated_is_failure) ... ok
deploy	Frozen architecture integrity	2026-10-03T12:10:36.3469187Z test_current_active_clients (test_client_technology.ClientTechnologyControls.test_current_active_clients) ... ok
deploy	Frozen architecture integrity	2026-10-03T12:10:36.3609861Z test_forbidden_source_and_config_controls (test_client_technology.ClientTechnologyControls.test_forbidden_source_and_config_controls) ... ok
deploy	Frozen architecture integrity	2026-10-03T12:10:36.3625780Z test_history_is_not_active_client_implementation (test_client_technology.ClientTechnologyControls.test_history_is_not_active_client_implementation) ... ok
deploy	Frozen architecture integrity	2026-10-03T12:10:36.3640795Z test_symlink_cannot_bypass_boundary (test_client_technology.ClientTechnologyControls.test_symlink_cannot_bypass_boundary) ... ok
deploy	Frozen architecture integrity	2026-10-03T12:10:36.3671663Z test_task_paths_and_passing_tests_cannot_approve_framework (test_client_technology.ClientTechnologyControls.test_task_paths_and_passing_tests_cannot_approve_framework) ... ok
deploy	Frozen architecture integrity	2026-10-03T12:10:36.3784930Z test_unapproved_generic_dependencies_and_imports (test_client_technology.ClientTechnologyControls.test_unapproved_generic_dependencies_and_imports) ... ok
deploy	Frozen architecture integrity	2026-10-03T12:10:36.3955812Z test_current_document (test_frozen_architecture.ArchitectureIntegrityTests.test_current_document) ... ok
deploy	Frozen architecture integrity	2026-10-03T12:10:36.4808607Z test_hash_and_provenance_mutations (test_frozen_architecture.ArchitectureIntegrityTests.test_hash_and_provenance_mutations) ... ok
deploy	Frozen architecture integrity	2026-10-03T12:10:36.4977599Z test_layout_flexibility_preserves_semantics (test_frozen_architecture.ArchitectureIntegrityTests.test_layout_flexibility_preserves_semantics) ... ok
deploy	Frozen architecture integrity	2026-10-03T12:10:36.8886432Z test_semantic_negative_controls (test_frozen_architecture.ArchitectureIntegrityTests.test_semantic_negative_controls) ... ok
deploy	Frozen architecture integrity	2026-10-03T12:10:36.8916240Z test_active_task_path_is_never_architecture_waiver (test_source_boundaries.SourceTests.test_active_task_path_is_never_architecture_waiver) ... ok
deploy	Frozen architecture integrity	2026-10-03T12:10:45.4933565Z test_arbitrarily_named_go_root_assembly_helper_valid (test_source_boundaries.SourceTests.test_arbitrarily_named_go_root_assembly_helper_valid) ... ok
deploy	Frozen architecture integrity	2026-10-03T12:10:45.4958077Z test_arbitrarily_named_java_root_assembly_helper_valid (test_source_boundaries.SourceTests.test_arbitrarily_named_java_root_assembly_helper_valid) ... ok
deploy	Frozen architecture integrity	2026-10-03T12:10:45.5322443Z test_cross_service_alias_import_and_build_tag (test_source_boundaries.SourceTests.test_cross_service_alias_import_and_build_tag) ... ok
deploy	Frozen architecture integrity	2026-10-03T12:10:45.5363120Z test_current_governance_and_task_migration_scope_valid (test_source_boundaries.SourceTests.test_current_governance_and_task_migration_scope_valid) ... ok
deploy	Frozen architecture integrity	2026-10-03T12:10:45.5386177Z test_current_java_placeholder_valid_and_no_early_business_required (test_source_boundaries.SourceTests.test_current_java_placeholder_valid_and_no_early_business_required) ... ok
deploy	Frozen architecture integrity	2026-10-03T12:10:45.5406525Z test_future_java_business_root_and_shared_disguise (test_source_boundaries.SourceTests.test_future_java_business_root_and_shared_disguise) ... ok
deploy	Frozen architecture integrity	2026-10-03T12:10:45.5425765Z test_future_java_cross_service_shared_reverse_and_fully_qualified (test_source_boundaries.SourceTests.test_future_java_cross_service_shared_reverse_and_fully_qualified) ... ok
deploy	Frozen architecture integrity	2026-10-03T12:10:47.9047151Z test_future_java_single_layout_compiles_and_imports_checked (test_source_boundaries.SourceTests.test_future_java_single_layout_compiles_and_imports_checked) ... ok
deploy	Frozen architecture integrity	2026-10-03T12:10:47.9456551Z test_gateway_cannot_write_session_or_outbox (test_source_boundaries.SourceTests.test_gateway_cannot_write_session_or_outbox) ... ok
deploy	Frozen architecture integrity	2026-10-03T12:10:47.9475920Z test_java_dynamic_jdbc_shared_repository_and_gateway_write_rejected (test_source_boundaries.SourceTests.test_java_dynamic_jdbc_shared_repository_and_gateway_write_rejected) ... ok
deploy	Frozen architecture integrity	2026-10-03T12:10:47.9489346Z test_java_gateway_dynamic_update_with_select_decoy_rejected (test_source_boundaries.SourceTests.test_java_gateway_dynamic_update_with_select_decoy_rejected) ... ok
deploy	Frozen architecture integrity	2026-10-03T12:10:47.9525911Z test_java_gateway_execute_cannot_borrow_unrelated_select_literal (test_source_boundaries.SourceTests.test_java_gateway_execute_cannot_borrow_unrelated_select_literal) ... ok
deploy	Frozen architecture integrity	2026-10-03T12:10:47.9543878Z test_java_gateway_executequery_and_connection_lifecycle_valid (test_source_boundaries.SourceTests.test_java_gateway_executequery_and_connection_lifecycle_valid) ... ok
deploy	Frozen architecture integrity	2026-10-03T12:10:47.9557073Z test_java_gateway_readonly_session_and_shared_token_primitive_valid (test_source_boundaries.SourceTests.test_java_gateway_readonly_session_and_shared_token_primitive_valid) ... ok
deploy	Frozen architecture integrity	2026-10-03T12:10:47.9674048Z test_java_noncore_jdbc_transaction_controls_rejected (test_source_boundaries.SourceTests.test_java_noncore_jdbc_transaction_controls_rejected) ... ok
deploy	Frozen architecture integrity	2026-10-03T12:10:47.9678672Z test_java_placeholder_cannot_grow_business (test_source_boundaries.SourceTests.test_java_placeholder_cannot_grow_business) ... ok
deploy	Frozen architecture integrity	2026-10-03T12:10:47.9691765Z test_java_unicode_import_cannot_bypass_dependency (test_source_boundaries.SourceTests.test_java_unicode_import_cannot_bypass_dependency) ... ok
deploy	Frozen architecture integrity	2026-10-03T12:10:50.6125215Z test_legal_single_module_go_runtime_and_blackbox_test (test_source_boundaries.SourceTests.test_legal_single_module_go_runtime_and_blackbox_test) ... ok
deploy	Frozen architecture integrity	2026-10-03T12:10:50.6485369Z test_main_whitelisted_name_cannot_hide_business (test_source_boundaries.SourceTests.test_main_whitelisted_name_cannot_hide_business) ... ok
deploy	Frozen architecture integrity	2026-10-03T12:10:50.6500336Z test_placeholder_exit_and_business_not_permanent_exception (test_source_boundaries.SourceTests.test_placeholder_exit_and_business_not_permanent_exception) ... ok
deploy	Frozen architecture integrity	2026-10-03T12:10:50.6534275Z test_plain_bullet_task_path_checked_and_legal_core_accepted (test_source_boundaries.SourceTests.test_plain_bullet_task_path_checked_and_legal_core_accepted) ... ok
deploy	Frozen architecture integrity	2026-10-03T12:10:50.6864214Z test_real_old_go_layout_rejected_without_name_hardcoding (test_source_boundaries.SourceTests.test_real_old_go_layout_rejected_without_name_hardcoding) ... ok
deploy	Frozen architecture integrity	2026-10-03T12:10:50.7191439Z test_root_new_business_and_unapproved_internal (test_source_boundaries.SourceTests.test_root_new_business_and_unapproved_internal) ... ok
deploy	Frozen architecture integrity	2026-10-03T12:10:50.7500724Z test_root_test_name_cannot_hide_business (test_source_boundaries.SourceTests.test_root_test_name_cannot_hide_business) ... ok
deploy	Frozen architecture integrity	2026-10-03T12:10:50.7809629Z test_shared_generic_repository_call_rejected_without_sql_literal (test_source_boundaries.SourceTests.test_shared_generic_repository_call_rejected_without_sql_literal) ... ok
deploy	Frozen architecture integrity	2026-10-03T12:10:50.7824714Z test_shared_java_connection_factory_is_support_not_repository (test_source_boundaries.SourceTests.test_shared_java_connection_factory_is_support_not_repository) ... ok
deploy	Frozen architecture integrity	2026-10-03T12:10:50.8146382Z test_shared_reverse_dependency_and_moved_full_auth (test_source_boundaries.SourceTests.test_shared_reverse_dependency_and_moved_full_auth) ... ok
deploy	Frozen architecture integrity	2026-10-03T12:10:50.8479249Z test_syntax_failure_cannot_be_skipped (test_source_boundaries.SourceTests.test_syntax_failure_cannot_be_skipped) ... ok
deploy	Frozen architecture integrity	2026-10-03T12:10:50.8516917Z test_workflow_missing_commands_dependencies_and_suppression_rejected (test_source_boundaries.SourceTests.test_workflow_missing_commands_dependencies_and_suppression_rejected) ... ok
deploy	Frozen architecture integrity	2026-10-03T12:10:50.8517746Z 
deploy	Frozen architecture integrity	2026-10-03T12:10:50.8517918Z ----------------------------------------------------------------------
deploy	Frozen architecture integrity	2026-10-03T12:10:50.8518365Z Ran 53 tests in 14.724s
deploy	Frozen architecture integrity	2026-10-03T12:10:50.8518513Z 
deploy	Frozen architecture integrity	2026-10-03T12:10:50.8518630Z OK
deploy	Go transport smoke	﻿2026-10-03T12:10:50.8978631Z ##[group]Run ./tests/infrastructure/smoke.ps1 -Profile go
deploy	Go transport smoke	2026-10-03T12:10:50.8979134Z ^[[36;1m./tests/infrastructure/smoke.ps1 -Profile go^[[0m
deploy	Go transport smoke	2026-10-03T12:10:50.8993448Z shell: /usr/bin/pwsh -command ". '{0}'"
deploy	Go transport smoke	2026-10-03T12:10:50.8993758Z env:
deploy	Go transport smoke	2026-10-03T12:10:50.8994060Z   IM_GO_CONFIG_DIR: /home/runner/work/_temp/im-go-config
deploy	Go transport smoke	2026-10-03T12:10:50.8994405Z ##[endgroup]
deploy	Go transport smoke	2026-10-03T12:11:24.8873265Z /var/run/postgresql:5432 - accepting connections
deploy	Go transport smoke	2026-10-03T12:11:25.3338221Z PASS: go profile, PostgreSQL migration, Core NATS, HTTPS and WSS over Tls13
deploy	Go Auth actual roles and TLS event smoke	﻿2026-10-03T12:11:25.9295495Z ##[group]Run python3 tests/go/live_role_smoke.py
deploy	Go Auth actual roles and TLS event smoke	2026-10-03T12:11:25.9295933Z ^[[36;1mpython3 tests/go/live_role_smoke.py^[[0m
deploy	Go Auth actual roles and TLS event smoke	2026-10-03T12:11:25.9330497Z shell: /usr/bin/bash -e {0}
deploy	Go Auth actual roles and TLS event smoke	2026-10-03T12:11:25.9330971Z env:
deploy	Go Auth actual roles and TLS event smoke	2026-10-03T12:11:25.9331348Z   IM_GO_CONFIG_DIR: /home/runner/work/_temp/im-go-config
deploy	Go Auth actual roles and TLS event smoke	2026-10-03T12:11:25.9331754Z ##[endgroup]
deploy	Go Auth actual roles and TLS event smoke	2026-10-03T12:11:26.2091348Z #1 [internal] load local bake definitions
deploy	Go Auth actual roles and TLS event smoke	2026-10-03T12:11:26.3951368Z #1 reading from stdin 1.45kB done
deploy	Go Auth actual roles and TLS event smoke	2026-10-03T12:11:26.3952358Z #1 DONE 0.0s
deploy	Go Auth actual roles and TLS event smoke	2026-10-03T12:11:26.3952530Z 
deploy	Go Auth actual roles and TLS event smoke	2026-10-03T12:11:26.3952802Z #2 [plugin-host-go internal] load build definition from Dockerfile
deploy	Go Auth actual roles and TLS event smoke	2026-10-03T12:11:26.3953274Z #2 transferring dockerfile: 247B done
deploy	Go Auth actual roles and TLS event smoke	2026-10-03T12:11:26.3953614Z #2 DONE 0.0s
deploy	Go Auth actual roles and TLS event smoke	2026-10-03T12:11:26.3953814Z 
deploy	Go Auth actual roles and TLS event smoke	2026-10-03T12:11:26.3954023Z #3 [migrate internal] load build definition from migrate.Dockerfile
deploy	Go Auth actual roles and TLS event smoke	2026-10-03T12:11:26.3954463Z #3 transferring dockerfile: 229B done
deploy	Go Auth actual roles and TLS event smoke	2026-10-03T12:11:26.3954857Z #3 DONE 0.0s
deploy	Go Auth actual roles and TLS event smoke	2026-10-03T12:11:26.3954999Z 
deploy	Go Auth actual roles and TLS event smoke	2026-10-03T12:11:26.3955360Z #4 [core-go internal] load metadata for docker.io/library/alpine:3.21
deploy	Go Auth actual roles and TLS event smoke	2026-10-03T12:11:26.4775077Z #4 DONE 0.1s
deploy	Go Auth actual roles and TLS event smoke	2026-10-03T12:11:26.4775516Z 
deploy	Go Auth actual roles and TLS event smoke	2026-10-03T12:11:26.4776112Z #5 [migrate internal] load metadata for docker.io/library/python:3.12-alpine
deploy	Go Auth actual roles and TLS event smoke	2026-10-03T12:11:26.4776659Z #5 DONE 0.1s
deploy	Go Auth actual roles and TLS event smoke	2026-10-03T12:11:26.4776859Z 
deploy	Go Auth actual roles and TLS event smoke	2026-10-03T12:11:26.4777067Z #6 [migrate internal] load .dockerignore
deploy	Go Auth actual roles and TLS event smoke	2026-10-03T12:11:26.4777523Z #6 transferring context: 2B done
deploy	Go Auth actual roles and TLS event smoke	2026-10-03T12:11:26.4777998Z #6 DONE 0.0s
deploy	Go Auth actual roles and TLS event smoke	2026-10-03T12:11:26.4778191Z 
deploy	Go Auth actual roles and TLS event smoke	2026-10-03T12:11:26.4778682Z #7 [migrate 1/4] FROM docker.io/library/python:3.12-alpine@sha256:0687a6bc9716edc2a6ee0fbfb0f87e7ee358b262b67c9215de91bc9b2d38ba71
deploy	Go Auth actual roles and TLS event smoke	2026-10-03T12:11:26.4779520Z  gateway-go  Built
deploy	Go Auth actual roles and TLS event smoke	2026-10-03T12:11:26.4779814Z  migrate  Built
deploy	Go Auth actual roles and TLS event smoke	2026-10-03T12:11:26.4780242Z  core-go  Built
deploy	Go Auth actual roles and TLS event smoke	2026-10-03T12:11:26.4780738Z  plugin-host-go  Built
deploy	Go Auth actual roles and TLS event smoke	2026-10-03T12:11:26.4781067Z #7 DONE 0.0s
deploy	Go Auth actual roles and TLS event smoke	2026-10-03T12:11:26.4781206Z 
deploy	Go Auth actual roles and TLS event smoke	2026-10-03T12:11:26.4781416Z #8 [migrate internal] load build context
deploy	Go Auth actual roles and TLS event smoke	2026-10-03T12:11:26.4782043Z #8 transferring context: 401B done
deploy	Go Auth actual roles and TLS event smoke	2026-10-03T12:11:26.4782505Z #8 DONE 0.0s
deploy	Go Auth actual roles and TLS event smoke	2026-10-03T12:11:26.4782719Z 
deploy	Go Auth actual roles and TLS event smoke	2026-10-03T12:11:26.4782907Z #9 [migrate 2/4] RUN apk add --no-cache postgresql-client
deploy	Go Auth actual roles and TLS event smoke	2026-10-03T12:11:26.4783320Z #9 CACHED
deploy	Go Auth actual roles and TLS event smoke	2026-10-03T12:11:26.4783458Z 
deploy	Go Auth actual roles and TLS event smoke	2026-10-03T12:11:26.4783622Z #10 [migrate 3/4] WORKDIR /work
deploy	Go Auth actual roles and TLS event smoke	2026-10-03T12:11:26.4783952Z #10 CACHED
deploy	Go Auth actual roles and TLS event smoke	2026-10-03T12:11:26.4784116Z 
deploy	Go Auth actual roles and TLS event smoke	2026-10-03T12:11:26.4784382Z #11 [migrate 4/4] COPY contracts/database /work/contracts/database
deploy	Go Auth actual roles and TLS event smoke	2026-10-03T12:11:26.4784911Z #11 CACHED
deploy	Go Auth actual roles and TLS event smoke	2026-10-03T12:11:26.4785113Z 
deploy	Go Auth actual roles and TLS event smoke	2026-10-03T12:11:26.4785265Z #12 [migrate] exporting to image
deploy	Go Auth actual roles and TLS event smoke	2026-10-03T12:11:26.4785680Z #12 exporting layers done
deploy	Go Auth actual roles and TLS event smoke	2026-10-03T12:11:26.4786428Z #12 writing image sha256:46226b3ebf200bcbe1e1d634fb18df64f3b4bac90400bc7f0f50f70f1ac6843b done
deploy	Go Auth actual roles and TLS event smoke	2026-10-03T12:11:26.4787307Z #12 naming to docker.io/library/im-arch4-live-8038-migrate done
deploy	Go Auth actual roles and TLS event smoke	2026-10-03T12:11:26.4787876Z #12 DONE 0.0s
deploy	Go Auth actual roles and TLS event smoke	2026-10-03T12:11:26.4788376Z 
deploy	Go Auth actual roles and TLS event smoke	2026-10-03T12:11:26.4788642Z #13 [migrate] resolving provenance for metadata file
deploy	Go Auth actual roles and TLS event smoke	2026-10-03T12:11:26.4789095Z #13 DONE 0.0s
deploy	Go Auth actual roles and TLS event smoke	2026-10-03T12:11:26.4789477Z 
deploy	Go Auth actual roles and TLS event smoke	2026-10-03T12:11:26.4789892Z #14 [plugin-host-go internal] load metadata for docker.io/library/golang:1.25-alpine
deploy	Go Auth actual roles and TLS event smoke	2026-10-03T12:11:26.4790753Z #14 DONE 0.1s
deploy	Go Auth actual roles and TLS event smoke	2026-10-03T12:11:26.4790954Z 
deploy	Go Auth actual roles and TLS event smoke	2026-10-03T12:11:26.4791181Z #15 [gateway-go internal] load .dockerignore
deploy	Go Auth actual roles and TLS event smoke	2026-10-03T12:11:26.4791694Z #15 transferring context: 2B done
deploy	Go Auth actual roles and TLS event smoke	2026-10-03T12:11:26.4792150Z #15 DONE 0.0s
deploy	Go Auth actual roles and TLS event smoke	2026-10-03T12:11:26.4792360Z 
deploy	Go Auth actual roles and TLS event smoke	2026-10-03T12:11:26.4793029Z #16 [gateway-go stage-1 1/2] FROM docker.io/library/alpine:3.21@sha256:ce64758a109eb420d874a118f87920e625e12d3634e03b4a5573fd9f6e5d3507
deploy	Go Auth actual roles and TLS event smoke	2026-10-03T12:11:26.4793930Z #16 DONE 0.0s
deploy	Go Auth actual roles and TLS event smoke	2026-10-03T12:11:26.4794059Z 
deploy	Go Auth actual roles and TLS event smoke	2026-10-03T12:11:26.4794594Z #17 [gateway-go build 1/6] FROM docker.io/library/golang:1.25-alpine@sha256:1ae0735f00daffa3aaf1363a5184c0d2dc55c78e3db4ec70241cdac97bf84b59
deploy	Go Auth actual roles and TLS event smoke	2026-10-03T12:11:26.4795455Z #17 DONE 0.0s
deploy	Go Auth actual roles and TLS event smoke	2026-10-03T12:11:26.4795744Z 
deploy	Go Auth actual roles and TLS event smoke	2026-10-03T12:11:26.4796050Z #18 [gateway-go internal] load build context
deploy	Go Auth actual roles and TLS event smoke	2026-10-03T12:11:26.4796711Z #18 transferring context: 1.51kB done
deploy	Go Auth actual roles and TLS event smoke	2026-10-03T12:11:26.4797403Z #18 DONE 0.0s
deploy	Go Auth actual roles and TLS event smoke	2026-10-03T12:11:26.4797534Z 
deploy	Go Auth actual roles and TLS event smoke	2026-10-03T12:11:26.4797692Z #19 [gateway-go build 2/6] WORKDIR /src
deploy	Go Auth actual roles and TLS event smoke	2026-10-03T12:11:26.4798029Z #19 CACHED
deploy	Go Auth actual roles and TLS event smoke	2026-10-03T12:11:26.4798190Z 
deploy	Go Auth actual roles and TLS event smoke	2026-10-03T12:11:26.4798430Z #20 [gateway-go build 6/6] RUN CGO_ENABLED=0 go build -o /im-go .
deploy	Go Auth actual roles and TLS event smoke	2026-10-03T12:11:26.4798918Z #20 CACHED
deploy	Go Auth actual roles and TLS event smoke	2026-10-03T12:11:26.4799135Z 
deploy	Go Auth actual roles and TLS event smoke	2026-10-03T12:11:26.4799307Z #21 [gateway-go build 3/6] COPY go.mod go.sum ./
deploy	Go Auth actual roles and TLS event smoke	2026-10-03T12:11:26.4799735Z #21 CACHED
deploy	Go Auth actual roles and TLS event smoke	2026-10-03T12:11:26.4799955Z 
deploy	Go Auth actual roles and TLS event smoke	2026-10-03T12:11:26.4800491Z #22 [gateway-go build 5/6] COPY . .
deploy	Go Auth actual roles and TLS event smoke	2026-10-03T12:11:26.4800928Z #22 CACHED
deploy	Go Auth actual roles and TLS event smoke	2026-10-03T12:11:26.4801076Z 
deploy	Go Auth actual roles and TLS event smoke	2026-10-03T12:11:26.4801282Z #23 [gateway-go build 4/6] RUN go mod download
deploy	Go Auth actual roles and TLS event smoke	2026-10-03T12:11:26.4801634Z #23 CACHED
deploy	Go Auth actual roles and TLS event smoke	2026-10-03T12:11:26.4801756Z 
deploy	Go Auth actual roles and TLS event smoke	2026-10-03T12:11:26.4801954Z #24 [gateway-go stage-1 2/2] COPY --from=build /im-go /im-go
deploy	Go Auth actual roles and TLS event smoke	2026-10-03T12:11:26.4802363Z #24 CACHED
deploy	Go Auth actual roles and TLS event smoke	2026-10-03T12:11:26.4802515Z 
deploy	Go Auth actual roles and TLS event smoke	2026-10-03T12:11:26.4802637Z #25 [gateway-go] exporting to image
deploy	Go Auth actual roles and TLS event smoke	2026-10-03T12:11:26.4802966Z #25 exporting layers done
deploy	Go Auth actual roles and TLS event smoke	2026-10-03T12:11:26.4803472Z #25 writing image sha256:ebcb8d0349bbf8faacecb9afc4b0efe09d07c1a9041073e7025f897fbe0d1b63 done
deploy	Go Auth actual roles and TLS event smoke	2026-10-03T12:11:26.4804050Z #25 naming to docker.io/library/im-arch4-live-8038-gateway-go done
deploy	Go Auth actual roles and TLS event smoke	2026-10-03T12:11:26.4804453Z #25 DONE 0.0s
deploy	Go Auth actual roles and TLS event smoke	2026-10-03T12:11:26.4804579Z 
deploy	Go Auth actual roles and TLS event smoke	2026-10-03T12:11:26.4804773Z #26 [plugin-host-go] exporting to image
deploy	Go Auth actual roles and TLS event smoke	2026-10-03T12:11:26.4805179Z #26 exporting layers done
deploy	Go Auth actual roles and TLS event smoke	2026-10-03T12:11:26.4805816Z #26 writing image sha256:ebcb8d0349bbf8faacecb9afc4b0efe09d07c1a9041073e7025f897fbe0d1b63 done
deploy	Go Auth actual roles and TLS event smoke	2026-10-03T12:11:26.4806447Z #26 naming to docker.io/library/im-arch4-live-8038-plugin-host-go done
deploy	Go Auth actual roles and TLS event smoke	2026-10-03T12:11:26.4807221Z #26 DONE 0.0s
deploy	Go Auth actual roles and TLS event smoke	2026-10-03T12:11:26.4807395Z 
deploy	Go Auth actual roles and TLS event smoke	2026-10-03T12:11:26.4807518Z #27 [core-go] exporting to image
deploy	Go Auth actual roles and TLS event smoke	2026-10-03T12:11:26.4807976Z #27 exporting layers done
deploy	Go Auth actual roles and TLS event smoke	2026-10-03T12:11:26.4808599Z #27 writing image sha256:ebcb8d0349bbf8faacecb9afc4b0efe09d07c1a9041073e7025f897fbe0d1b63 done
deploy	Go Auth actual roles and TLS event smoke	2026-10-03T12:11:26.4809297Z #27 naming to docker.io/library/im-arch4-live-8038-core-go done
deploy	Go Auth actual roles and TLS event smoke	2026-10-03T12:11:26.4809908Z #27 DONE 0.0s
deploy	Go Auth actual roles and TLS event smoke	2026-10-03T12:11:26.4810234Z 
deploy	Go Auth actual roles and TLS event smoke	2026-10-03T12:11:26.4810453Z #28 [gateway-go] resolving provenance for metadata file
deploy	Go Auth actual roles and TLS event smoke	2026-10-03T12:11:26.4811009Z #28 DONE 0.0s
deploy	Go Auth actual roles and TLS event smoke	2026-10-03T12:11:26.4811402Z 
deploy	Go Auth actual roles and TLS event smoke	2026-10-03T12:11:26.4811641Z #29 [core-go] resolving provenance for metadata file
deploy	Go Auth actual roles and TLS event smoke	2026-10-03T12:11:26.4812173Z #29 DONE 0.0s
deploy	Go Auth actual roles and TLS event smoke	2026-10-03T12:11:26.4812285Z 
deploy	Go Auth actual roles and TLS event smoke	2026-10-03T12:11:26.4812513Z #30 [plugin-host-go] resolving provenance for metadata file
deploy	Go Auth actual roles and TLS event smoke	2026-10-03T12:11:26.4812874Z #30 DONE 0.0s
deploy	Go Auth actual roles and TLS event smoke	2026-10-03T12:11:26.4813162Z  Network im-arch4-live-8038_default  Creating
deploy	Go Auth actual roles and TLS event smoke	2026-10-03T12:11:26.5098583Z  Network im-arch4-live-8038_default  Created
deploy	Go Auth actual roles and TLS event smoke	2026-10-03T12:11:26.5103346Z  Volume "im-arch4-live-8038_caddy-go-data"  Creating
deploy	Go Auth actual roles and TLS event smoke	2026-10-03T12:11:26.5115217Z  Volume "im-arch4-live-8038_caddy-go-data"  Created
deploy	Go Auth actual roles and TLS event smoke	2026-10-03T12:11:26.5118603Z  Volume "im-arch4-live-8038_postgres-data"  Creating
deploy	Go Auth actual roles and TLS event smoke	2026-10-03T12:11:26.5127116Z  Volume "im-arch4-live-8038_postgres-data"  Created
deploy	Go Auth actual roles and TLS event smoke	2026-10-03T12:11:26.5131424Z  Container im-arch4-live-8038-postgres-1  Creating
deploy	Go Auth actual roles and TLS event smoke	2026-10-03T12:11:26.5132854Z  Container im-arch4-live-8038-nats-1  Creating
deploy	Go Auth actual roles and TLS event smoke	2026-10-03T12:11:26.5446920Z  Container im-arch4-live-8038-nats-1  Created
deploy	Go Auth actual roles and TLS event smoke	2026-10-03T12:11:26.5447719Z  Container im-arch4-live-8038-postgres-1  Created
deploy	Go Auth actual roles and TLS event smoke	2026-10-03T12:11:26.5448657Z  Container im-arch4-live-8038-migrate-1  Creating
deploy	Go Auth actual roles and TLS event smoke	2026-10-03T12:11:26.5527819Z  Container im-arch4-live-8038-migrate-1  Created
deploy	Go Auth actual roles and TLS event smoke	2026-10-03T12:11:26.5528765Z  Container im-arch4-live-8038-gateway-go-1  Creating
deploy	Go Auth actual roles and TLS event smoke	2026-10-03T12:11:26.5529743Z  Container im-arch4-live-8038-core-go-1  Creating
deploy	Go Auth actual roles and TLS event smoke	2026-10-03T12:11:26.5530667Z  Container im-arch4-live-8038-plugin-host-go-1  Creating
deploy	Go Auth actual roles and TLS event smoke	2026-10-03T12:11:26.5638269Z  Container im-arch4-live-8038-core-go-1  Created
deploy	Go Auth actual roles and TLS event smoke	2026-10-03T12:11:26.5639480Z  Container im-arch4-live-8038-gateway-go-1  Created
deploy	Go Auth actual roles and TLS event smoke	2026-10-03T12:11:26.5641152Z  Container im-arch4-live-8038-plugin-host-go-1  Created
deploy	Go Auth actual roles and TLS event smoke	2026-10-03T12:11:26.5641969Z  Container im-arch4-live-8038-tls-go-1  Creating
deploy	Go Auth actual roles and TLS event smoke	2026-10-03T12:11:26.5719237Z  Container im-arch4-live-8038-tls-go-1  Created
deploy	Go Auth actual roles and TLS event smoke	2026-10-03T12:11:26.5731034Z  Container im-arch4-live-8038-nats-1  Starting
deploy	Go Auth actual roles and TLS event smoke	2026-10-03T12:11:26.5731805Z  Container im-arch4-live-8038-postgres-1  Starting
deploy	Go Auth actual roles and TLS event smoke	2026-10-03T12:11:26.6853687Z  Container im-arch4-live-8038-nats-1  Started
deploy	Go Auth actual roles and TLS event smoke	2026-10-03T12:11:26.6917664Z  Container im-arch4-live-8038-postgres-1  Started
deploy	Go Auth actual roles and TLS event smoke	2026-10-03T12:11:26.6918680Z  Container im-arch4-live-8038-postgres-1  Waiting
deploy	Go Auth actual roles and TLS event smoke	2026-10-03T12:11:29.1930955Z  Container im-arch4-live-8038-postgres-1  Healthy
deploy	Go Auth actual roles and TLS event smoke	2026-10-03T12:11:29.1932093Z  Container im-arch4-live-8038-migrate-1  Starting
deploy	Go Auth actual roles and TLS event smoke	2026-10-03T12:11:29.2899341Z  Container im-arch4-live-8038-migrate-1  Started
deploy	Go Auth actual roles and TLS event smoke	2026-10-03T12:11:29.2900008Z  Container im-arch4-live-8038-nats-1  Waiting
deploy	Go Auth actual roles and TLS event smoke	2026-10-03T12:11:29.2900755Z  Container im-arch4-live-8038-migrate-1  Waiting
deploy	Go Auth actual roles and TLS event smoke	2026-10-03T12:11:29.2901133Z  Container im-arch4-live-8038-nats-1  Waiting
deploy	Go Auth actual roles and TLS event smoke	2026-10-03T12:11:29.2901501Z  Container im-arch4-live-8038-migrate-1  Waiting
deploy	Go Auth actual roles and TLS event smoke	2026-10-03T12:11:29.2901832Z  Container im-arch4-live-8038-migrate-1  Waiting
deploy	Go Auth actual roles and TLS event smoke	2026-10-03T12:11:29.7918462Z  Container im-arch4-live-8038-migrate-1  Exited
deploy	Go Auth actual roles and TLS event smoke	2026-10-03T12:11:29.7919239Z  Container im-arch4-live-8038-migrate-1  Exited
deploy	Go Auth actual roles and TLS event smoke	2026-10-03T12:11:29.7919808Z  Container im-arch4-live-8038-plugin-host-go-1  Starting
deploy	Go Auth actual roles and TLS event smoke	2026-10-03T12:11:29.7920706Z  Container im-arch4-live-8038-migrate-1  Exited
deploy	Go Auth actual roles and TLS event smoke	2026-10-03T12:11:29.7921210Z  Container im-arch4-live-8038-nats-1  Healthy
deploy	Go Auth actual roles and TLS event smoke	2026-10-03T12:11:29.7921750Z  Container im-arch4-live-8038-gateway-go-1  Starting
deploy	Go Auth actual roles and TLS event smoke	2026-10-03T12:11:29.7922320Z  Container im-arch4-live-8038-nats-1  Healthy
deploy	Go Auth actual roles and TLS event smoke	2026-10-03T12:11:29.7922854Z  Container im-arch4-live-8038-core-go-1  Starting
deploy	Go Auth actual roles and TLS event smoke	2026-10-03T12:11:29.9045693Z  Container im-arch4-live-8038-plugin-host-go-1  Started
deploy	Go Auth actual roles and TLS event smoke	2026-10-03T12:11:29.9133151Z  Container im-arch4-live-8038-gateway-go-1  Started
deploy	Go Auth actual roles and TLS event smoke	2026-10-03T12:11:29.9134153Z  Container im-arch4-live-8038-tls-go-1  Starting
deploy	Go Auth actual roles and TLS event smoke	2026-10-03T12:11:29.9167124Z  Container im-arch4-live-8038-core-go-1  Started
deploy	Go Auth actual roles and TLS event smoke	2026-10-03T12:11:29.9972343Z  Container im-arch4-live-8038-tls-go-1  Started
deploy	Go Auth actual roles and TLS event smoke	2026-10-03T12:11:32.4959777Z  Container im-arch4-live-8038-plugin-host-go-1  Stopping
deploy	Go Auth actual roles and TLS event smoke	2026-10-03T12:11:32.4961029Z  Container im-arch4-live-8038-core-go-1  Stopping
deploy	Go Auth actual roles and TLS event smoke	2026-10-03T12:11:32.4961815Z  Container im-arch4-live-8038-tls-go-1  Stopping
deploy	Go Auth actual roles and TLS event smoke	2026-10-03T12:11:32.5831906Z  Container im-arch4-live-8038-core-go-1  Stopped
deploy	Go Auth actual roles and TLS event smoke	2026-10-03T12:11:32.5832831Z  Container im-arch4-live-8038-core-go-1  Removing
deploy	Go Auth actual roles and TLS event smoke	2026-10-03T12:11:32.6029962Z  Container im-arch4-live-8038-plugin-host-go-1  Stopped
deploy	Go Auth actual roles and TLS event smoke	2026-10-03T12:11:32.6034758Z  Container im-arch4-live-8038-plugin-host-go-1  Removing
deploy	Go Auth actual roles and TLS event smoke	2026-10-03T12:11:32.6040901Z  Container im-arch4-live-8038-core-go-1  Removed
deploy	Go Auth actual roles and TLS event smoke	2026-10-03T12:11:32.6127761Z  Container im-arch4-live-8038-tls-go-1  Stopped
deploy	Go Auth actual roles and TLS event smoke	2026-10-03T12:11:32.6130581Z  Container im-arch4-live-8038-tls-go-1  Removing
deploy	Go Auth actual roles and TLS event smoke	2026-10-03T12:11:32.6161625Z  Container im-arch4-live-8038-plugin-host-go-1  Removed
deploy	Go Auth actual roles and TLS event smoke	2026-10-03T12:11:32.6204684Z  Container im-arch4-live-8038-tls-go-1  Removed
deploy	Go Auth actual roles and TLS event smoke	2026-10-03T12:11:32.6205340Z  Container im-arch4-live-8038-gateway-go-1  Stopping
deploy	Go Auth actual roles and TLS event smoke	2026-10-03T12:11:32.6825756Z  Container im-arch4-live-8038-gateway-go-1  Stopped
deploy	Go Auth actual roles and TLS event smoke	2026-10-03T12:11:32.6826396Z  Container im-arch4-live-8038-gateway-go-1  Removing
deploy	Go Auth actual roles and TLS event smoke	2026-10-03T12:11:32.6884399Z  Container im-arch4-live-8038-gateway-go-1  Removed
deploy	Go Auth actual roles and TLS event smoke	2026-10-03T12:11:32.6885449Z  Container im-arch4-live-8038-nats-1  Stopping
deploy	Go Auth actual roles and TLS event smoke	2026-10-03T12:11:32.6886221Z  Container im-arch4-live-8038-migrate-1  Stopping
deploy	Go Auth actual roles and TLS event smoke	2026-10-03T12:11:32.6893208Z  Container im-arch4-live-8038-migrate-1  Stopped
deploy	Go Auth actual roles and TLS event smoke	2026-10-03T12:11:32.6893801Z  Container im-arch4-live-8038-migrate-1  Removing
deploy	Go Auth actual roles and TLS event smoke	2026-10-03T12:11:32.7133626Z  Container im-arch4-live-8038-migrate-1  Removed
deploy	Go Auth actual roles and TLS event smoke	2026-10-03T12:11:32.7134343Z  Container im-arch4-live-8038-postgres-1  Stopping
deploy	Go Auth actual roles and TLS event smoke	2026-10-03T12:11:32.7729855Z  Container im-arch4-live-8038-nats-1  Stopped
deploy	Go Auth actual roles and TLS event smoke	2026-10-03T12:11:32.7731172Z  Container im-arch4-live-8038-nats-1  Removing
deploy	Go Auth actual roles and TLS event smoke	2026-10-03T12:11:32.7782960Z  Container im-arch4-live-8038-nats-1  Removed
deploy	Go Auth actual roles and TLS event smoke	2026-10-03T12:11:32.8225051Z  Container im-arch4-live-8038-postgres-1  Stopped
deploy	Go Auth actual roles and TLS event smoke	2026-10-03T12:11:32.8225837Z  Container im-arch4-live-8038-postgres-1  Removing
deploy	Go Auth actual roles and TLS event smoke	2026-10-03T12:11:32.8277877Z  Container im-arch4-live-8038-postgres-1  Removed
deploy	Go Auth actual roles and TLS event smoke	2026-10-03T12:11:32.8286561Z  Volume im-arch4-live-8038_postgres-data  Removing
deploy	Go Auth actual roles and TLS event smoke	2026-10-03T12:11:32.8287437Z  Volume im-arch4-live-8038_caddy-go-data  Removing
deploy	Go Auth actual roles and TLS event smoke	2026-10-03T12:11:32.8288480Z  Network im-arch4-live-8038_default  Removing
deploy	Go Auth actual roles and TLS event smoke	2026-10-03T12:11:32.8310345Z  Volume im-arch4-live-8038_caddy-go-data  Removed
deploy	Go Auth actual roles and TLS event smoke	2026-10-03T12:11:32.8880763Z  Network im-arch4-live-8038_default  Removed
deploy	Go Auth actual roles and TLS event smoke	2026-10-03T12:11:32.9845193Z  Volume im-arch4-live-8038_postgres-data  Removed
deploy	Go Auth actual roles and TLS event smoke	2026-10-03T12:11:32.9892159Z PASS: actual3 Go roles/HTTP forwarding/TLS/WSS3slots/replacementepoch/oldtokenreject/CoreOutboxNATSGatewayrevocation/logoutclose; no skips
deploy	Go S1 strict TLS messaging E2E	﻿2026-10-03T12:11:33.0012332Z ##[group]Run python3 -B tests/e2e/go_tls_messaging.py
deploy	Go S1 strict TLS messaging E2E	2026-10-03T12:11:33.0012899Z ^[[36;1mpython3 -B tests/e2e/go_tls_messaging.py^[[0m
deploy	Go S1 strict TLS messaging E2E	2026-10-03T12:11:33.0050442Z shell: /usr/bin/bash -e {0}
deploy	Go S1 strict TLS messaging E2E	2026-10-03T12:11:33.0050791Z env:
deploy	Go S1 strict TLS messaging E2E	2026-10-03T12:11:33.0051183Z   IM_GO_CONFIG_DIR: /home/runner/work/_temp/im-go-config
deploy	Go S1 strict TLS messaging E2E	2026-10-03T12:11:33.0051570Z ##[endgroup]
deploy	Go S1 strict TLS messaging E2E	2026-10-03T12:11:37.4978232Z PASS TLS: trusted CA/CERT_REQUIRED/hostname HTTPS+WSS; untrusted CA and certificate name mismatch rejected
deploy	Go S1 strict TLS messaging E2E	2026-10-03T12:11:45.4688847Z PASS fixtures: HTTPS register/login/search/friend unique DIRECT; WSS hello/SQL durable ACK/one Outbox/NATS recipient; retry/conflict/nonmember/deferred COMMIT rollback; no duplicates/wrong recipient
deploy	Go S1 strict TLS messaging E2E	2026-10-03T12:11:46.0115938Z PASS revocation: replacement epoch/revoked then close/stale token reject/logout then close; no runtime skips
deploy	Go S1 strict TLS messaging E2E	2026-10-03T12:11:46.0117168Z DEFERRED_BY_HUMAN: friend-add-authorization-denied only (ADR-0004); not counted PASS
deploy	Go S1 strict TLS messaging E2E	2026-10-03T12:11:46.6829766Z PASS cleanup: inspected owned Compose containers/volumes removed
deploy	Java transport smoke	﻿2026-10-03T12:11:46.6957723Z ##[group]Run ./tests/infrastructure/smoke.ps1 -Profile java
deploy	Java transport smoke	2026-10-03T12:11:46.6958980Z ^[[36;1m./tests/infrastructure/smoke.ps1 -Profile java^[[0m
deploy	Java transport smoke	2026-10-03T12:11:46.6972729Z shell: /usr/bin/pwsh -command ". '{0}'"
deploy	Java transport smoke	2026-10-03T12:11:46.6973070Z env:
deploy	Java transport smoke	2026-10-03T12:11:46.6973372Z   IM_GO_CONFIG_DIR: /home/runner/work/_temp/im-go-config
deploy	Java transport smoke	2026-10-03T12:11:46.6973736Z ##[endgroup]
deploy	Java transport smoke	2026-10-03T12:11:57.8342134Z /var/run/postgresql:5432 - accepting connections
deploy	Java transport smoke	2026-10-03T12:11:58.2102618Z PASS: java profile, PostgreSQL migration, Core NATS, HTTPS and WSS over Tls13
deploy	Post Run actions/checkout@v4	﻿2026-10-03T12:11:59.1214784Z Post job cleanup.
deploy	Post Run actions/checkout@v4	2026-10-03T12:11:59.1943013Z [command]/usr/bin/git version
deploy	Post Run actions/checkout@v4	2026-10-03T12:11:59.1975364Z git version 2.55.0
deploy	Post Run actions/checkout@v4	2026-10-03T12:11:59.2004758Z Temporarily overriding HOME='/home/runner/work/_temp/d90b6af6-a21d-485c-abed-042152434456' before making global git config changes
deploy	Post Run actions/checkout@v4	2026-10-03T12:11:59.2006263Z Adding repository directory to the temporary git global config as a safe directory
deploy	Post Run actions/checkout@v4	2026-10-03T12:11:59.2009835Z [command]/usr/bin/git config --global --add safe.directory /home/runner/work/IM-platform/IM-platform
deploy	Post Run actions/checkout@v4	2026-10-03T12:11:59.2040147Z [command]/usr/bin/git config --local --name-only --get-regexp core\.sshCommand
deploy	Post Run actions/checkout@v4	2026-10-03T12:11:59.2069016Z [command]/usr/bin/git submodule foreach --recursive sh -c "git config --local --name-only --get-regexp 'core\.sshCommand' && git config --local --unset-all 'core.sshCommand' || :"
deploy	Post Run actions/checkout@v4	2026-10-03T12:11:59.2257575Z [command]/usr/bin/git config --local --name-only --get-regexp http\.https\:\/\/github\.com\/\.extraheader
deploy	Post Run actions/checkout@v4	2026-10-03T12:11:59.2279236Z http.https://github.com/.extraheader
deploy	Post Run actions/checkout@v4	2026-10-03T12:11:59.2287953Z [command]/usr/bin/git config --local --unset-all http.https://github.com/.extraheader
deploy	Post Run actions/checkout@v4	2026-10-03T12:11:59.2315502Z [command]/usr/bin/git submodule foreach --recursive sh -c "git config --local --name-only --get-regexp 'http\.https\:\/\/github\.com\/\.extraheader' && git config --local --unset-all 'http.https://github.com/.extraheader' || :"
deploy	Post Run actions/checkout@v4	2026-10-03T12:11:59.2542128Z [command]/usr/bin/git config --local --name-only --get-regexp ^includeIf\.gitdir:
deploy	Post Run actions/checkout@v4	2026-10-03T12:11:59.2567682Z [command]/usr/bin/git submodule foreach --recursive git config --local --show-origin --name-only --get-regexp remote.origin.url
deploy	Complete job	﻿2026-10-03T12:11:59.2872932Z Cleaning up orphan processes
deploy	Complete job	2026-10-03T12:11:59.3152908Z ##[warning]Node.js 20 is deprecated. The following actions target Node.js 20 but are being forced to run on Node.js 24: actions/checkout@v4. For more information see: https://github.blog/changelog/2025-09-19-deprecation-of-node-20-on-github-actions-runners/
