shared	Set up job	﻿2026-10-03T12:10:24.9449906Z Current runner version: '2.337.0'
shared	Set up job	2026-10-03T12:10:24.9478817Z ##[group]Runner Image Provisioner
shared	Set up job	2026-10-03T12:10:24.9479401Z Hosted Compute Agent
shared	Set up job	2026-10-03T12:10:24.9479816Z Version: 20260901.588
shared	Set up job	2026-10-03T12:10:24.9481973Z Commit: f88ec8081b781fac6c440065ac7ff9e710ce3d0b
shared	Set up job	2026-10-03T12:10:24.9482405Z Build Date: 2026-09-01T19:56:44Z
shared	Set up job	2026-10-03T12:10:24.9482869Z Worker ID: {4f17f334-ad90-40b3-b9b2-94e8d3365b32}
shared	Set up job	2026-10-03T12:10:24.9483301Z Azure Region: centralus
shared	Set up job	2026-10-03T12:10:24.9483689Z ##[endgroup]
shared	Set up job	2026-10-03T12:10:24.9484503Z ##[group]Operating System
shared	Set up job	2026-10-03T12:10:24.9484867Z Ubuntu
shared	Set up job	2026-10-03T12:10:24.9487296Z 24.04.5
shared	Set up job	2026-10-03T12:10:24.9489087Z LTS
shared	Set up job	2026-10-03T12:10:24.9489446Z ##[endgroup]
shared	Set up job	2026-10-03T12:10:24.9489804Z ##[group]Runner Image
shared	Set up job	2026-10-03T12:10:24.9490201Z Image: ubuntu-24.04
shared	Set up job	2026-10-03T12:10:24.9490573Z Version: 20260927.320.1
shared	Set up job	2026-10-03T12:10:24.9491238Z Included Software: https://github.com/actions/runner-images/blob/ubuntu24/20260927.320/images/ubuntu/Ubuntu2404-Readme.md
shared	Set up job	2026-10-03T12:10:24.9492295Z Image Release: https://github.com/actions/runner-images/releases/tag/ubuntu24%2F20260927.320
shared	Set up job	2026-10-03T12:10:24.9492892Z ##[endgroup]
shared	Set up job	2026-10-03T12:10:24.9493566Z ##[group]GITHUB_TOKEN Permissions
shared	Set up job	2026-10-03T12:10:24.9494810Z Contents: read
shared	Set up job	2026-10-03T12:10:24.9495404Z Metadata: read
shared	Set up job	2026-10-03T12:10:24.9495832Z ##[endgroup]
shared	Set up job	2026-10-03T12:10:24.9502866Z Secret source: Actions
shared	Set up job	2026-10-03T12:10:24.9506044Z Cache mode: write
shared	Set up job	2026-10-03T12:10:24.9507323Z Prepare workflow directory
shared	Set up job	2026-10-03T12:10:24.9957205Z Prepare all required actions
shared	Set up job	2026-10-03T12:10:24.9991195Z Getting action download info
shared	Set up job	2026-10-03T12:10:25.2732825Z Download action repository 'actions/checkout@v4' (SHA:11d5960a326750d5838078e36cf38b85af677262)
shared	Set up job	2026-10-03T12:10:25.5734579Z Download action repository 'actions/setup-node@v4' (SHA:49933ea5288caeca8642d1e84afbd3f7d6820020)
shared	Set up job	2026-10-03T12:10:26.1495830Z Complete job name: shared
shared	Run actions/checkout@v4	﻿2026-10-03T12:10:26.2053632Z ##[group]Run actions/checkout@v4
shared	Run actions/checkout@v4	2026-10-03T12:10:26.2054133Z with:
shared	Run actions/checkout@v4	2026-10-03T12:10:26.2054474Z   ref: b8200783ea3eadc1ed4e4050238f051a7ab708b3
shared	Run actions/checkout@v4	2026-10-03T12:10:26.2054859Z   repository: nilesthump/IM-platform
shared	Run actions/checkout@v4	2026-10-03T12:10:26.2057240Z   token: ***
shared	Run actions/checkout@v4	2026-10-03T12:10:26.2057507Z   ssh-strict: true
shared	Run actions/checkout@v4	2026-10-03T12:10:26.2057787Z   ssh-user: git
shared	Run actions/checkout@v4	2026-10-03T12:10:26.2058068Z   persist-credentials: true
shared	Run actions/checkout@v4	2026-10-03T12:10:26.2058369Z   clean: true
shared	Run actions/checkout@v4	2026-10-03T12:10:26.2058648Z   sparse-checkout-cone-mode: true
shared	Run actions/checkout@v4	2026-10-03T12:10:26.2058969Z   fetch-depth: 1
shared	Run actions/checkout@v4	2026-10-03T12:10:26.2059242Z   fetch-tags: false
shared	Run actions/checkout@v4	2026-10-03T12:10:26.2059517Z   show-progress: true
shared	Run actions/checkout@v4	2026-10-03T12:10:26.2059790Z   lfs: false
shared	Run actions/checkout@v4	2026-10-03T12:10:26.2060065Z   submodules: false
shared	Run actions/checkout@v4	2026-10-03T12:10:26.2060349Z   set-safe-directory: true
shared	Run actions/checkout@v4	2026-10-03T12:10:26.2060663Z   allow-unsafe-pr-checkout: false
shared	Run actions/checkout@v4	2026-10-03T12:10:26.2061062Z env:
shared	Run actions/checkout@v4	2026-10-03T12:10:26.2061323Z   PYTHONDONTWRITEBYTECODE: 1
shared	Run actions/checkout@v4	2026-10-03T12:10:26.2061629Z ##[endgroup]
shared	Run actions/checkout@v4	2026-10-03T12:10:26.2772871Z Syncing repository: nilesthump/IM-platform
shared	Run actions/checkout@v4	2026-10-03T12:10:26.2775066Z ##[group]Getting Git version info
shared	Run actions/checkout@v4	2026-10-03T12:10:26.2776206Z Working directory is '/home/runner/work/IM-platform/IM-platform'
shared	Run actions/checkout@v4	2026-10-03T12:10:26.2777384Z [command]/usr/bin/git version
shared	Run actions/checkout@v4	2026-10-03T12:10:26.3946620Z git version 2.55.0
shared	Run actions/checkout@v4	2026-10-03T12:10:26.3960269Z ##[endgroup]
shared	Run actions/checkout@v4	2026-10-03T12:10:26.3970485Z Temporarily overriding HOME='/home/runner/work/_temp/9a6c44c5-1c3f-4463-a5d3-753a7752f020' before making global git config changes
shared	Run actions/checkout@v4	2026-10-03T12:10:26.3974258Z Adding repository directory to the temporary git global config as a safe directory
shared	Run actions/checkout@v4	2026-10-03T12:10:26.3974951Z [command]/usr/bin/git config --global --add safe.directory /home/runner/work/IM-platform/IM-platform
shared	Run actions/checkout@v4	2026-10-03T12:10:26.4235918Z Deleting the contents of '/home/runner/work/IM-platform/IM-platform'
shared	Run actions/checkout@v4	2026-10-03T12:10:26.4238947Z ##[group]Initializing the repository
shared	Run actions/checkout@v4	2026-10-03T12:10:26.4242534Z [command]/usr/bin/git init /home/runner/work/IM-platform/IM-platform
shared	Run actions/checkout@v4	2026-10-03T12:10:26.4866836Z hint: Using 'master' as the name for the initial branch. This default branch name
shared	Run actions/checkout@v4	2026-10-03T12:10:26.4868040Z hint: will change to "main" in Git 3.0. To configure the initial branch name
shared	Run actions/checkout@v4	2026-10-03T12:10:26.4868592Z hint: to use in all of your new repositories, which will suppress this warning,
shared	Run actions/checkout@v4	2026-10-03T12:10:26.4869023Z hint: call:
shared	Run actions/checkout@v4	2026-10-03T12:10:26.4869262Z hint:
shared	Run actions/checkout@v4	2026-10-03T12:10:26.4869593Z hint: 	git config --global init.defaultBranch <name>
shared	Run actions/checkout@v4	2026-10-03T12:10:26.4869958Z hint:
shared	Run actions/checkout@v4	2026-10-03T12:10:26.4870298Z hint: Names commonly chosen instead of 'master' are 'main', 'trunk' and
shared	Run actions/checkout@v4	2026-10-03T12:10:26.4870843Z hint: 'development'. The just-created branch can be renamed via this command:
shared	Run actions/checkout@v4	2026-10-03T12:10:26.4871279Z hint:
shared	Run actions/checkout@v4	2026-10-03T12:10:26.4871527Z hint: 	git branch -m <name>
shared	Run actions/checkout@v4	2026-10-03T12:10:26.4871806Z hint:
shared	Run actions/checkout@v4	2026-10-03T12:10:26.4872175Z hint: Disable this message with "git config set advice.defaultBranchName false"
shared	Run actions/checkout@v4	2026-10-03T12:10:26.4876049Z Initialized empty Git repository in /home/runner/work/IM-platform/IM-platform/.git/
shared	Run actions/checkout@v4	2026-10-03T12:10:26.4885578Z [command]/usr/bin/git remote add origin https://github.com/nilesthump/IM-platform
shared	Run actions/checkout@v4	2026-10-03T12:10:26.5291504Z ##[endgroup]
shared	Run actions/checkout@v4	2026-10-03T12:10:26.5292665Z ##[group]Disabling automatic garbage collection
shared	Run actions/checkout@v4	2026-10-03T12:10:26.5294742Z [command]/usr/bin/git config --local gc.auto 0
shared	Run actions/checkout@v4	2026-10-03T12:10:26.5389788Z ##[endgroup]
shared	Run actions/checkout@v4	2026-10-03T12:10:26.5390439Z ##[group]Setting up auth
shared	Run actions/checkout@v4	2026-10-03T12:10:26.5395821Z [command]/usr/bin/git config --local --name-only --get-regexp core\.sshCommand
shared	Run actions/checkout@v4	2026-10-03T12:10:26.5424716Z [command]/usr/bin/git submodule foreach --recursive sh -c "git config --local --name-only --get-regexp 'core\.sshCommand' && git config --local --unset-all 'core.sshCommand' || :"
shared	Run actions/checkout@v4	2026-10-03T12:10:26.7244220Z [command]/usr/bin/git config --local --name-only --get-regexp http\.https\:\/\/github\.com\/\.extraheader
shared	Run actions/checkout@v4	2026-10-03T12:10:26.7275445Z [command]/usr/bin/git submodule foreach --recursive sh -c "git config --local --name-only --get-regexp 'http\.https\:\/\/github\.com\/\.extraheader' && git config --local --unset-all 'http.https://github.com/.extraheader' || :"
shared	Run actions/checkout@v4	2026-10-03T12:10:26.7476976Z [command]/usr/bin/git config --local --name-only --get-regexp ^includeIf\.gitdir:
shared	Run actions/checkout@v4	2026-10-03T12:10:26.7508111Z [command]/usr/bin/git submodule foreach --recursive git config --local --show-origin --name-only --get-regexp remote.origin.url
shared	Run actions/checkout@v4	2026-10-03T12:10:26.7705600Z [command]/usr/bin/git config --local http.https://github.com/.extraheader AUTHORIZATION: basic ***
shared	Run actions/checkout@v4	2026-10-03T12:10:26.8142344Z ##[endgroup]
shared	Run actions/checkout@v4	2026-10-03T12:10:26.8143707Z ##[group]Fetching the repository
shared	Run actions/checkout@v4	2026-10-03T12:10:26.8151277Z [command]/usr/bin/git -c protocol.version=2 fetch --no-tags --prune --no-recurse-submodules --depth=1 origin b8200783ea3eadc1ed4e4050238f051a7ab708b3
shared	Run actions/checkout@v4	2026-10-03T12:10:29.0578158Z From https://github.com/nilesthump/IM-platform
shared	Run actions/checkout@v4	2026-10-03T12:10:29.0579329Z  * branch            b8200783ea3eadc1ed4e4050238f051a7ab708b3 -> FETCH_HEAD
shared	Run actions/checkout@v4	2026-10-03T12:10:29.0586259Z ##[endgroup]
shared	Run actions/checkout@v4	2026-10-03T12:10:29.0586853Z ##[group]Determining the checkout info
shared	Run actions/checkout@v4	2026-10-03T12:10:29.0587385Z ##[endgroup]
shared	Run actions/checkout@v4	2026-10-03T12:10:29.0588395Z [command]/usr/bin/git sparse-checkout disable
shared	Run actions/checkout@v4	2026-10-03T12:10:29.0768013Z [command]/usr/bin/git config --local --unset-all extensions.worktreeConfig
shared	Run actions/checkout@v4	2026-10-03T12:10:29.0831650Z ##[group]Checking out the ref
shared	Run actions/checkout@v4	2026-10-03T12:10:29.0834107Z [command]/usr/bin/git checkout --progress --force b8200783ea3eadc1ed4e4050238f051a7ab708b3
shared	Run actions/checkout@v4	2026-10-03T12:10:29.4644257Z Note: switching to 'b8200783ea3eadc1ed4e4050238f051a7ab708b3'.
shared	Run actions/checkout@v4	2026-10-03T12:10:29.4644633Z 
shared	Run actions/checkout@v4	2026-10-03T12:10:29.4644785Z You are in 'detached HEAD' state. You can look around, make experimental
shared	Run actions/checkout@v4	2026-10-03T12:10:29.4645088Z changes and commit them, and you can discard any commits you make in this
shared	Run actions/checkout@v4	2026-10-03T12:10:29.4645566Z state without impacting any branches by switching back to a branch.
shared	Run actions/checkout@v4	2026-10-03T12:10:29.4645785Z 
shared	Run actions/checkout@v4	2026-10-03T12:10:29.4645959Z If you want to create a new branch to retain commits you create, you may
shared	Run actions/checkout@v4	2026-10-03T12:10:29.4646344Z do so (now or later) by using -c with the switch command. Example:
shared	Run actions/checkout@v4	2026-10-03T12:10:29.4646807Z 
shared	Run actions/checkout@v4	2026-10-03T12:10:29.4646894Z   git switch -c <new-branch-name>
shared	Run actions/checkout@v4	2026-10-03T12:10:29.4647012Z 
shared	Run actions/checkout@v4	2026-10-03T12:10:29.4647098Z Or undo this operation with:
shared	Run actions/checkout@v4	2026-10-03T12:10:29.4647205Z 
shared	Run actions/checkout@v4	2026-10-03T12:10:29.4647275Z   git switch -
shared	Run actions/checkout@v4	2026-10-03T12:10:29.4647399Z 
shared	Run actions/checkout@v4	2026-10-03T12:10:29.4647612Z Turn off this advice by setting config variable advice.detachedHead to false
shared	Run actions/checkout@v4	2026-10-03T12:10:29.4647845Z 
shared	Run actions/checkout@v4	2026-10-03T12:10:29.4647994Z HEAD is now at b820078 Archive immutable recovery failure and clean local repair evidence
shared	Run actions/checkout@v4	2026-10-03T12:10:29.4674507Z ##[endgroup]
shared	Run actions/checkout@v4	2026-10-03T12:10:29.4716202Z [command]/usr/bin/git log -1 --format=%H
shared	Run actions/checkout@v4	2026-10-03T12:10:29.4739125Z b8200783ea3eadc1ed4e4050238f051a7ab708b3
shared	Run actions/setup-node@v4	﻿2026-10-03T12:10:29.4937246Z ##[group]Run actions/setup-node@v4
shared	Run actions/setup-node@v4	2026-10-03T12:10:29.4937471Z with:
shared	Run actions/setup-node@v4	2026-10-03T12:10:29.4937642Z   node-version: 22
shared	Run actions/setup-node@v4	2026-10-03T12:10:29.4937796Z   always-auth: false
shared	Run actions/setup-node@v4	2026-10-03T12:10:29.4937954Z   check-latest: false
shared	Run actions/setup-node@v4	2026-10-03T12:10:29.4939484Z   token: ***
shared	Run actions/setup-node@v4	2026-10-03T12:10:29.4939627Z env:
shared	Run actions/setup-node@v4	2026-10-03T12:10:29.4939812Z   PYTHONDONTWRITEBYTECODE: 1
shared	Run actions/setup-node@v4	2026-10-03T12:10:29.5000700Z ##[endgroup]
shared	Run actions/setup-node@v4	2026-10-03T12:10:29.6181811Z Found in cache @ /opt/hostedtoolcache/node/22.23.3/x64
shared	Run actions/setup-node@v4	2026-10-03T12:10:29.6185679Z (node:2086) [DEP0040] DeprecationWarning: The `punycode` module is deprecated. Please use a userland alternative instead.
shared	Run actions/setup-node@v4	2026-10-03T12:10:29.6186105Z (Use `node --trace-deprecation ...` to show where the warning was created)
shared	Run actions/setup-node@v4	2026-10-03T12:10:29.6188034Z ##[group]Environment details
shared	Run actions/setup-node@v4	2026-10-03T12:10:32.5094280Z node: v22.23.3
shared	Run actions/setup-node@v4	2026-10-03T12:10:32.5094587Z npm: 10.9.9
shared	Run actions/setup-node@v4	2026-10-03T12:10:32.5094748Z yarn: 1.22.22
shared	Run actions/setup-node@v4	2026-10-03T12:10:32.5095453Z ##[endgroup]
shared	Actual shared TypeScript storage compile	﻿2026-10-03T12:10:32.5217003Z ##[group]Run python3 -B tools/verify_client_sqlite.py --scope shared
shared	Actual shared TypeScript storage compile	2026-10-03T12:10:32.5217331Z ^[[36;1mpython3 -B tools/verify_client_sqlite.py --scope shared^[[0m
shared	Actual shared TypeScript storage compile	2026-10-03T12:10:32.5217594Z ^[[36;1mpython3 -B tools/verify_client_send.py --scope shared^[[0m
shared	Actual shared TypeScript storage compile	2026-10-03T12:10:32.6446544Z shell: /usr/bin/bash -e {0}
shared	Actual shared TypeScript storage compile	2026-10-03T12:10:32.6446767Z env:
shared	Actual shared TypeScript storage compile	2026-10-03T12:10:32.6446913Z   PYTHONDONTWRITEBYTECODE: 1
shared	Actual shared TypeScript storage compile	2026-10-03T12:10:32.6447064Z ##[endgroup]
shared	Actual shared TypeScript storage compile	2026-10-03T12:10:32.6768232Z + npm --prefix clients/shared/protocol-sdk ci --ignore-scripts --no-audit --no-fund
shared	Actual shared TypeScript storage compile	2026-10-03T12:10:35.6458590Z 
shared	Actual shared TypeScript storage compile	2026-10-03T12:10:35.6459292Z added 1 package in 3s
shared	Actual shared TypeScript storage compile	2026-10-03T12:10:35.6784363Z + npm --prefix clients/shared/protocol-sdk run build
shared	Actual shared TypeScript storage compile	2026-10-03T12:10:35.7449928Z 
shared	Actual shared TypeScript storage compile	2026-10-03T12:10:35.7450781Z > @im/protocol-sdk@0.1.0 build
shared	Actual shared TypeScript storage compile	2026-10-03T12:10:35.7451143Z > tsc -p tsconfig.json
shared	Actual shared TypeScript storage compile	2026-10-03T12:10:35.7451279Z 
shared	Actual shared TypeScript storage compile	2026-10-03T12:10:36.6392306Z PASS: shared TypeScript compile (behavior exercised by Desktop SQLx and Android jobs)
shared	Actual shared TypeScript storage compile	2026-10-03T12:10:36.6670732Z + npm --prefix clients/shared/protocol-sdk ci --ignore-scripts --no-audit --no-fund
shared	Actual shared TypeScript storage compile	2026-10-03T12:10:36.9497294Z 
shared	Actual shared TypeScript storage compile	2026-10-03T12:10:36.9498142Z added 1 package in 248ms
shared	Actual shared TypeScript storage compile	2026-10-03T12:10:36.9583051Z + npm --prefix clients/shared/protocol-sdk run build
shared	Actual shared TypeScript storage compile	2026-10-03T12:10:37.0163332Z 
shared	Actual shared TypeScript storage compile	2026-10-03T12:10:37.0164051Z > @im/protocol-sdk@0.1.0 build
shared	Actual shared TypeScript storage compile	2026-10-03T12:10:37.0164402Z > tsc -p tsconfig.json
shared	Actual shared TypeScript storage compile	2026-10-03T12:10:37.0164490Z 
shared	Actual shared TypeScript storage compile	2026-10-03T12:10:37.8988024Z + node tests/clients/send/shared.mjs
shared	Actual shared TypeScript storage compile	2026-10-03T12:10:37.9216207Z PASS: strict schema fields, duplicate keys, exact integer lexemes, invalid frames, escaped content
shared	HTTP, WSS, Sync and Plugin contracts	﻿2026-10-03T12:10:37.9348171Z ##[group]Run ./contracts/http/verify-auth-user-friend.ps1
shared	HTTP, WSS, Sync and Plugin contracts	2026-10-03T12:10:37.9348469Z ^[[36;1m./contracts/http/verify-auth-user-friend.ps1^[[0m
shared	HTTP, WSS, Sync and Plugin contracts	2026-10-03T12:10:37.9348676Z ^[[36;1mif ($LASTEXITCODE -ne 0) { exit $LASTEXITCODE }^[[0m
shared	HTTP, WSS, Sync and Plugin contracts	2026-10-03T12:10:37.9348872Z ^[[36;1mpython3 -B tools/verify_sync_transport.py^[[0m
shared	HTTP, WSS, Sync and Plugin contracts	2026-10-03T12:10:37.9349060Z ^[[36;1mif ($LASTEXITCODE -ne 0) { exit $LASTEXITCODE }^[[0m
shared	HTTP, WSS, Sync and Plugin contracts	2026-10-03T12:10:37.9349303Z ^[[36;1mpython3 -B -m unittest discover -s tests/contract -p test_sync_transport.py^[[0m
shared	HTTP, WSS, Sync and Plugin contracts	2026-10-03T12:10:37.9349548Z ^[[36;1mif ($LASTEXITCODE -ne 0) { exit $LASTEXITCODE }^[[0m
shared	HTTP, WSS, Sync and Plugin contracts	2026-10-03T12:10:37.9349860Z ^[[36;1mpython3 contracts/websocket/verify.py^[[0m
shared	HTTP, WSS, Sync and Plugin contracts	2026-10-03T12:10:37.9350041Z ^[[36;1mif ($LASTEXITCODE -ne 0) { exit $LASTEXITCODE }^[[0m
shared	HTTP, WSS, Sync and Plugin contracts	2026-10-03T12:10:37.9350224Z ^[[36;1mpython3 contracts/plugin-api/verify.py^[[0m
shared	HTTP, WSS, Sync and Plugin contracts	2026-10-03T12:10:37.9350389Z ^[[36;1mexit $LASTEXITCODE^[[0m
shared	HTTP, WSS, Sync and Plugin contracts	2026-10-03T12:10:37.9371967Z shell: /usr/bin/pwsh -command ". '{0}'"
shared	HTTP, WSS, Sync and Plugin contracts	2026-10-03T12:10:37.9372130Z env:
shared	HTTP, WSS, Sync and Plugin contracts	2026-10-03T12:10:37.9372291Z   PYTHONDONTWRITEBYTECODE: 1
shared	HTTP, WSS, Sync and Plugin contracts	2026-10-03T12:10:37.9372527Z ##[endgroup]
shared	HTTP, WSS, Sync and Plugin contracts	2026-10-03T12:10:48.8087444Z PASS: Auth/User/Friend contracts verified paths=9 operations=9 error_codes=15 positive=6 negative=21 profiles=go,java schema_lint=OAI-OpenAPI-3.1-2026-08-03 mutation_regressions=15.
shared	HTTP, WSS, Sync and Plugin contracts	2026-10-03T12:10:48.8719747Z PASS: canonical external refs, HTTPS/Auth/error/pagination binding and official OpenAPI 3.1 lint; no runtime acceptance claimed
shared	HTTP, WSS, Sync and Plugin contracts	2026-10-03T12:10:48.9536497Z ....
shared	HTTP, WSS, Sync and Plugin contracts	2026-10-03T12:10:48.9536913Z ----------------------------------------------------------------------
shared	HTTP, WSS, Sync and Plugin contracts	2026-10-03T12:10:48.9537364Z Ran 4 tests in 0.006s
shared	HTTP, WSS, Sync and Plugin contracts	2026-10-03T12:10:48.9537524Z 
shared	HTTP, WSS, Sync and Plugin contracts	2026-10-03T12:10:48.9537599Z OK
shared	HTTP, WSS, Sync and Plugin contracts	2026-10-03T12:10:49.0110628Z PASS WSS v1: 8 positive, 10 negative shared Go/Java scenarios; 18 schema and 26 behavior mutations rejected
shared	HTTP, WSS, Sync and Plugin contracts	2026-10-03T12:10:49.0549551Z PASS: Sync/Plugin v1 schemas, 79 distinct Go/Java outcome artifacts (22 positive, 57 negative), SP-A-001..013, 16 mutation controls
shared	Post Run actions/setup-node@v4	﻿2026-10-03T12:10:49.2075602Z Post job cleanup.
shared	Post Run actions/setup-node@v4	2026-10-03T12:10:49.2867413Z (node:2300) [DEP0040] DeprecationWarning: The `punycode` module is deprecated. Please use a userland alternative instead.
shared	Post Run actions/setup-node@v4	2026-10-03T12:10:49.2867915Z (Use `node --trace-deprecation ...` to show where the warning was created)
shared	Post Run actions/checkout@v4	﻿2026-10-03T12:10:49.3032869Z Post job cleanup.
shared	Post Run actions/checkout@v4	2026-10-03T12:10:49.3615897Z [command]/usr/bin/git version
shared	Post Run actions/checkout@v4	2026-10-03T12:10:49.3638406Z git version 2.55.0
shared	Post Run actions/checkout@v4	2026-10-03T12:10:49.3664442Z Temporarily overriding HOME='/home/runner/work/_temp/d17b9038-aabd-4785-90c2-190249351d35' before making global git config changes
shared	Post Run actions/checkout@v4	2026-10-03T12:10:49.3665370Z Adding repository directory to the temporary git global config as a safe directory
shared	Post Run actions/checkout@v4	2026-10-03T12:10:49.3668252Z [command]/usr/bin/git config --global --add safe.directory /home/runner/work/IM-platform/IM-platform
shared	Post Run actions/checkout@v4	2026-10-03T12:10:49.3700135Z [command]/usr/bin/git config --local --name-only --get-regexp core\.sshCommand
shared	Post Run actions/checkout@v4	2026-10-03T12:10:49.3728203Z [command]/usr/bin/git submodule foreach --recursive sh -c "git config --local --name-only --get-regexp 'core\.sshCommand' && git config --local --unset-all 'core.sshCommand' || :"
shared	Post Run actions/checkout@v4	2026-10-03T12:10:49.3932986Z [command]/usr/bin/git config --local --name-only --get-regexp http\.https\:\/\/github\.com\/\.extraheader
shared	Post Run actions/checkout@v4	2026-10-03T12:10:49.3959105Z http.https://github.com/.extraheader
shared	Post Run actions/checkout@v4	2026-10-03T12:10:49.3967431Z [command]/usr/bin/git config --local --unset-all http.https://github.com/.extraheader
shared	Post Run actions/checkout@v4	2026-10-03T12:10:49.3998920Z [command]/usr/bin/git submodule foreach --recursive sh -c "git config --local --name-only --get-regexp 'http\.https\:\/\/github\.com\/\.extraheader' && git config --local --unset-all 'http.https://github.com/.extraheader' || :"
shared	Post Run actions/checkout@v4	2026-10-03T12:10:49.4201662Z [command]/usr/bin/git config --local --name-only --get-regexp ^includeIf\.gitdir:
shared	Post Run actions/checkout@v4	2026-10-03T12:10:49.4232974Z [command]/usr/bin/git submodule foreach --recursive git config --local --show-origin --name-only --get-regexp remote.origin.url
shared	Complete job	﻿2026-10-03T12:10:49.4550722Z Cleaning up orphan processes
shared	Complete job	2026-10-03T12:10:49.4779283Z ##[warning]Node.js 20 is deprecated. The following actions target Node.js 20 but are being forced to run on Node.js 24: actions/checkout@v4, actions/setup-node@v4. For more information see: https://github.blog/changelog/2025-09-19-deprecation-of-node-20-on-github-actions-runners/
