architecture	Set up job	﻿2026-10-03T16:04:53.0109614Z Current runner version: '2.337.0'
architecture	Set up job	2026-10-03T16:04:53.0130298Z ##[group]Runner Image Provisioner
architecture	Set up job	2026-10-03T16:04:53.0131060Z Hosted Compute Agent
architecture	Set up job	2026-10-03T16:04:53.0131552Z Version: 20260901.588
architecture	Set up job	2026-10-03T16:04:53.0132127Z Commit: f88ec8081b781fac6c440065ac7ff9e710ce3d0b
architecture	Set up job	2026-10-03T16:04:53.0132731Z Build Date: 2026-09-01T19:56:44Z
architecture	Set up job	2026-10-03T16:04:53.0133264Z Worker ID: {b18c5722-8e5c-44d4-94f9-c7016bd040fb}
architecture	Set up job	2026-10-03T16:04:53.0133925Z Azure Region: westus3
architecture	Set up job	2026-10-03T16:04:53.0134542Z ##[endgroup]
architecture	Set up job	2026-10-03T16:04:53.0135763Z ##[group]Operating System
architecture	Set up job	2026-10-03T16:04:53.0136292Z Ubuntu
architecture	Set up job	2026-10-03T16:04:53.0136711Z 24.04.5
architecture	Set up job	2026-10-03T16:04:53.0137221Z LTS
architecture	Set up job	2026-10-03T16:04:53.0137652Z ##[endgroup]
architecture	Set up job	2026-10-03T16:04:53.0138142Z ##[group]Runner Image
architecture	Set up job	2026-10-03T16:04:53.0138655Z Image: ubuntu-24.04
architecture	Set up job	2026-10-03T16:04:53.0139119Z Version: 20260927.320.1
architecture	Set up job	2026-10-03T16:04:53.0140351Z Included Software: https://github.com/actions/runner-images/blob/ubuntu24/20260927.320/images/ubuntu/Ubuntu2404-Readme.md
architecture	Set up job	2026-10-03T16:04:53.0141785Z Image Release: https://github.com/actions/runner-images/releases/tag/ubuntu24%2F20260927.320
architecture	Set up job	2026-10-03T16:04:53.0142589Z ##[endgroup]
architecture	Set up job	2026-10-03T16:04:53.0143536Z ##[group]GITHUB_TOKEN Permissions
architecture	Set up job	2026-10-03T16:04:53.0145175Z Contents: read
architecture	Set up job	2026-10-03T16:04:53.0145677Z Metadata: read
architecture	Set up job	2026-10-03T16:04:53.0146256Z ##[endgroup]
architecture	Set up job	2026-10-03T16:04:53.0147899Z Secret source: Actions
architecture	Set up job	2026-10-03T16:04:53.0148743Z Cache mode: write
architecture	Set up job	2026-10-03T16:04:53.0149310Z Prepare workflow directory
architecture	Set up job	2026-10-03T16:04:53.0481015Z Prepare all required actions
architecture	Set up job	2026-10-03T16:04:53.0529571Z Getting action download info
architecture	Set up job	2026-10-03T16:04:53.3294764Z Download action repository 'actions/checkout@v4' (SHA:11d5960a326750d5838078e36cf38b85af677262)
architecture	Set up job	2026-10-03T16:04:53.4018631Z Download action repository 'actions/setup-go@v5' (SHA:40f1582b2485089dde7abd97c1529aa768e1baff)
architecture	Set up job	2026-10-03T16:04:54.2423580Z Download action repository 'actions/setup-java@v4' (SHA:cf277c60eb25467037889841efdb72551f06f6c3)
architecture	Set up job	2026-10-03T16:04:55.2296154Z Complete job name: architecture
architecture	Run actions/checkout@v4	﻿2026-10-03T16:04:55.2998185Z ##[group]Run actions/checkout@v4
architecture	Run actions/checkout@v4	2026-10-03T16:04:55.2999557Z with:
architecture	Run actions/checkout@v4	2026-10-03T16:04:55.3000227Z   repository: nilesthump/IM-platform
architecture	Run actions/checkout@v4	2026-10-03T16:04:55.3007548Z   token: ***
architecture	Run actions/checkout@v4	2026-10-03T16:04:55.3008205Z   ssh-strict: true
architecture	Run actions/checkout@v4	2026-10-03T16:04:55.3008908Z   ssh-user: git
architecture	Run actions/checkout@v4	2026-10-03T16:04:55.3009580Z   persist-credentials: true
architecture	Run actions/checkout@v4	2026-10-03T16:04:55.3010316Z   clean: true
architecture	Run actions/checkout@v4	2026-10-03T16:04:55.3010991Z   sparse-checkout-cone-mode: true
architecture	Run actions/checkout@v4	2026-10-03T16:04:55.3011788Z   fetch-depth: 1
architecture	Run actions/checkout@v4	2026-10-03T16:04:55.3012439Z   fetch-tags: false
architecture	Run actions/checkout@v4	2026-10-03T16:04:55.3013114Z   show-progress: true
architecture	Run actions/checkout@v4	2026-10-03T16:04:55.3013793Z   lfs: false
architecture	Run actions/checkout@v4	2026-10-03T16:04:55.3014517Z   submodules: false
architecture	Run actions/checkout@v4	2026-10-03T16:04:55.3015207Z   set-safe-directory: true
architecture	Run actions/checkout@v4	2026-10-03T16:04:55.3015988Z   allow-unsafe-pr-checkout: false
architecture	Run actions/checkout@v4	2026-10-03T16:04:55.3017024Z env:
architecture	Run actions/checkout@v4	2026-10-03T16:04:55.3017660Z   PYTHONDONTWRITEBYTECODE: 1
architecture	Run actions/checkout@v4	2026-10-03T16:04:55.3018430Z ##[endgroup]
architecture	Run actions/checkout@v4	2026-10-03T16:04:55.3830583Z Syncing repository: nilesthump/IM-platform
architecture	Run actions/checkout@v4	2026-10-03T16:04:55.3833773Z ##[group]Getting Git version info
architecture	Run actions/checkout@v4	2026-10-03T16:04:55.3835769Z Working directory is '/home/runner/work/IM-platform/IM-platform'
architecture	Run actions/checkout@v4	2026-10-03T16:04:55.3838200Z [command]/usr/bin/git version
architecture	Run actions/checkout@v4	2026-10-03T16:04:55.3881651Z git version 2.55.0
architecture	Run actions/checkout@v4	2026-10-03T16:04:55.3898391Z ##[endgroup]
architecture	Run actions/checkout@v4	2026-10-03T16:04:55.3909309Z Temporarily overriding HOME='/home/runner/work/_temp/bcbda351-0677-4769-806d-8edd75808c7a' before making global git config changes
architecture	Run actions/checkout@v4	2026-10-03T16:04:55.3912401Z Adding repository directory to the temporary git global config as a safe directory
architecture	Run actions/checkout@v4	2026-10-03T16:04:55.3916464Z [command]/usr/bin/git config --global --add safe.directory /home/runner/work/IM-platform/IM-platform
architecture	Run actions/checkout@v4	2026-10-03T16:04:55.3966891Z Deleting the contents of '/home/runner/work/IM-platform/IM-platform'
architecture	Run actions/checkout@v4	2026-10-03T16:04:55.3970117Z ##[group]Initializing the repository
architecture	Run actions/checkout@v4	2026-10-03T16:04:55.3973074Z [command]/usr/bin/git init /home/runner/work/IM-platform/IM-platform
architecture	Run actions/checkout@v4	2026-10-03T16:04:55.4080962Z hint: Using 'master' as the name for the initial branch. This default branch name
architecture	Run actions/checkout@v4	2026-10-03T16:04:55.4083747Z hint: will change to "main" in Git 3.0. To configure the initial branch name
architecture	Run actions/checkout@v4	2026-10-03T16:04:55.4086290Z hint: to use in all of your new repositories, which will suppress this warning,
architecture	Run actions/checkout@v4	2026-10-03T16:04:55.4088058Z hint: call:
architecture	Run actions/checkout@v4	2026-10-03T16:04:55.4088933Z hint:
architecture	Run actions/checkout@v4	2026-10-03T16:04:55.4090059Z hint: 	git config --global init.defaultBranch <name>
architecture	Run actions/checkout@v4	2026-10-03T16:04:55.4091461Z hint:
architecture	Run actions/checkout@v4	2026-10-03T16:04:55.4092766Z hint: Names commonly chosen instead of 'master' are 'main', 'trunk' and
architecture	Run actions/checkout@v4	2026-10-03T16:04:55.4095133Z hint: 'development'. The just-created branch can be renamed via this command:
architecture	Run actions/checkout@v4	2026-10-03T16:04:55.4096964Z hint:
architecture	Run actions/checkout@v4	2026-10-03T16:04:55.4098027Z hint: 	git branch -m <name>
architecture	Run actions/checkout@v4	2026-10-03T16:04:55.4099099Z hint:
architecture	Run actions/checkout@v4	2026-10-03T16:04:55.4100454Z hint: Disable this message with "git config set advice.defaultBranchName false"
architecture	Run actions/checkout@v4	2026-10-03T16:04:55.4102847Z Initialized empty Git repository in /home/runner/work/IM-platform/IM-platform/.git/
architecture	Run actions/checkout@v4	2026-10-03T16:04:55.4108239Z [command]/usr/bin/git remote add origin https://github.com/nilesthump/IM-platform
architecture	Run actions/checkout@v4	2026-10-03T16:04:55.4136441Z ##[endgroup]
architecture	Run actions/checkout@v4	2026-10-03T16:04:55.4138151Z ##[group]Disabling automatic garbage collection
architecture	Run actions/checkout@v4	2026-10-03T16:04:55.4139887Z [command]/usr/bin/git config --local gc.auto 0
architecture	Run actions/checkout@v4	2026-10-03T16:04:55.4167597Z ##[endgroup]
architecture	Run actions/checkout@v4	2026-10-03T16:04:55.4169266Z ##[group]Setting up auth
architecture	Run actions/checkout@v4	2026-10-03T16:04:55.4173237Z [command]/usr/bin/git config --local --name-only --get-regexp core\.sshCommand
architecture	Run actions/checkout@v4	2026-10-03T16:04:55.4201498Z [command]/usr/bin/git submodule foreach --recursive sh -c "git config --local --name-only --get-regexp 'core\.sshCommand' && git config --local --unset-all 'core.sshCommand' || :"
architecture	Run actions/checkout@v4	2026-10-03T16:04:55.4526193Z [command]/usr/bin/git config --local --name-only --get-regexp http\.https\:\/\/github\.com\/\.extraheader
architecture	Run actions/checkout@v4	2026-10-03T16:04:55.4546803Z [command]/usr/bin/git submodule foreach --recursive sh -c "git config --local --name-only --get-regexp 'http\.https\:\/\/github\.com\/\.extraheader' && git config --local --unset-all 'http.https://github.com/.extraheader' || :"
architecture	Run actions/checkout@v4	2026-10-03T16:04:55.4734888Z [command]/usr/bin/git config --local --name-only --get-regexp ^includeIf\.gitdir:
architecture	Run actions/checkout@v4	2026-10-03T16:04:55.4763919Z [command]/usr/bin/git submodule foreach --recursive git config --local --show-origin --name-only --get-regexp remote.origin.url
architecture	Run actions/checkout@v4	2026-10-03T16:04:55.4951051Z [command]/usr/bin/git config --local http.https://github.com/.extraheader AUTHORIZATION: basic ***
architecture	Run actions/checkout@v4	2026-10-03T16:04:55.4985893Z ##[endgroup]
architecture	Run actions/checkout@v4	2026-10-03T16:04:55.4987069Z ##[group]Fetching the repository
architecture	Run actions/checkout@v4	2026-10-03T16:04:55.4993928Z [command]/usr/bin/git -c protocol.version=2 fetch --no-tags --prune --no-recurse-submodules --depth=1 origin +8bcc7321bba05a70404d1e16bbd2fa0465da696f:refs/remotes/origin/task/LOOP1-SYNC-001
architecture	Run actions/checkout@v4	2026-10-03T16:04:57.3834190Z From https://github.com/nilesthump/IM-platform
architecture	Run actions/checkout@v4	2026-10-03T16:04:57.3835169Z  * [new ref]         8bcc7321bba05a70404d1e16bbd2fa0465da696f -> origin/task/LOOP1-SYNC-001
architecture	Run actions/checkout@v4	2026-10-03T16:04:57.3837623Z ##[endgroup]
architecture	Run actions/checkout@v4	2026-10-03T16:04:57.3838489Z ##[group]Determining the checkout info
architecture	Run actions/checkout@v4	2026-10-03T16:04:57.3839939Z ##[endgroup]
architecture	Run actions/checkout@v4	2026-10-03T16:04:57.3846096Z [command]/usr/bin/git sparse-checkout disable
architecture	Run actions/checkout@v4	2026-10-03T16:04:57.3892471Z [command]/usr/bin/git config --local --unset-all extensions.worktreeConfig
architecture	Run actions/checkout@v4	2026-10-03T16:04:57.3919709Z ##[group]Checking out the ref
architecture	Run actions/checkout@v4	2026-10-03T16:04:57.3944039Z [command]/usr/bin/git checkout --progress --force -B task/LOOP1-SYNC-001 refs/remotes/origin/task/LOOP1-SYNC-001
architecture	Run actions/checkout@v4	2026-10-03T16:04:57.8529010Z Switched to a new branch 'task/LOOP1-SYNC-001'
architecture	Run actions/checkout@v4	2026-10-03T16:04:57.8533956Z branch 'task/LOOP1-SYNC-001' set up to track 'origin/task/LOOP1-SYNC-001'.
architecture	Run actions/checkout@v4	2026-10-03T16:04:57.8557836Z ##[endgroup]
architecture	Run actions/checkout@v4	2026-10-03T16:04:57.8597772Z [command]/usr/bin/git log -1 --format=%H
architecture	Run actions/checkout@v4	2026-10-03T16:04:57.8621033Z 8bcc7321bba05a70404d1e16bbd2fa0465da696f
architecture	Run actions/setup-go@v5	﻿2026-10-03T16:04:57.8882356Z ##[group]Run actions/setup-go@v5
architecture	Run actions/setup-go@v5	2026-10-03T16:04:57.8882779Z with:
architecture	Run actions/setup-go@v5	2026-10-03T16:04:57.8883290Z   go-version: 1.23
architecture	Run actions/setup-go@v5	2026-10-03T16:04:57.8883560Z   check-latest: false
architecture	Run actions/setup-go@v5	2026-10-03T16:04:57.8887539Z   token: ***
architecture	Run actions/setup-go@v5	2026-10-03T16:04:57.8887828Z   cache: true
architecture	Run actions/setup-go@v5	2026-10-03T16:04:57.8888075Z env:
architecture	Run actions/setup-go@v5	2026-10-03T16:04:57.8888339Z   PYTHONDONTWRITEBYTECODE: 1
architecture	Run actions/setup-go@v5	2026-10-03T16:04:57.8888656Z ##[endgroup]
architecture	Run actions/setup-go@v5	2026-10-03T16:04:57.9929961Z Setup go version spec 1.23
architecture	Run actions/setup-go@v5	2026-10-03T16:04:57.9969271Z Attempting to download 1.23...
architecture	Run actions/setup-go@v5	2026-10-03T16:04:58.0053096Z (node:2083) [DEP0040] DeprecationWarning: The `punycode` module is deprecated. Please use a userland alternative instead.
architecture	Run actions/setup-go@v5	2026-10-03T16:04:58.0053709Z (Use `node --trace-deprecation ...` to show where the warning was created)
architecture	Run actions/setup-go@v5	2026-10-03T16:04:58.8968513Z matching 1.23...
architecture	Run actions/setup-go@v5	2026-10-03T16:04:58.8991072Z Acquiring 1.23.12 from https://github.com/actions/go-versions/releases/download/1.23.12-16792118003/go-1.23.12-linux-x64.tar.gz
architecture	Run actions/setup-go@v5	2026-10-03T16:04:59.5020849Z Extracting Go...
architecture	Run actions/setup-go@v5	2026-10-03T16:04:59.5113653Z [command]/usr/bin/tar xz --warning=no-unknown-keyword --overwrite -C /home/runner/work/_temp/3a2d681b-5b49-4a4e-9399-6e741f751c11 -f /home/runner/work/_temp/8ce7347d-eea5-4933-b18b-489d44d9b2a7
architecture	Run actions/setup-go@v5	2026-10-03T16:05:00.9283654Z Successfully extracted go to /home/runner/work/_temp/3a2d681b-5b49-4a4e-9399-6e741f751c11
architecture	Run actions/setup-go@v5	2026-10-03T16:05:00.9284455Z Adding to the cache ...
architecture	Run actions/setup-go@v5	2026-10-03T16:05:04.7574486Z Successfully cached go to /opt/hostedtoolcache/go/1.23.12/x64
architecture	Run actions/setup-go@v5	2026-10-03T16:05:04.7576733Z Added go to the path
architecture	Run actions/setup-go@v5	2026-10-03T16:05:04.7579024Z Successfully set up Go version 1.23
architecture	Run actions/setup-go@v5	2026-10-03T16:05:04.7752881Z [command]/opt/hostedtoolcache/go/1.23.12/x64/bin/go env GOMODCACHE
architecture	Run actions/setup-go@v5	2026-10-03T16:05:04.7786168Z [command]/opt/hostedtoolcache/go/1.23.12/x64/bin/go env GOCACHE
architecture	Run actions/setup-go@v5	2026-10-03T16:05:04.7819277Z /home/runner/go/pkg/mod
architecture	Run actions/setup-go@v5	2026-10-03T16:05:04.7830533Z /home/runner/.cache/go-build
architecture	Run actions/setup-go@v5	2026-10-03T16:05:04.7855528Z ##[warning]Restore cache failed: Dependencies file is not found in /home/runner/work/IM-platform/IM-platform. Supported file pattern: go.sum
architecture	Run actions/setup-go@v5	2026-10-03T16:05:04.7879354Z go version go1.23.12 linux/amd64
architecture	Run actions/setup-go@v5	2026-10-03T16:05:04.7879549Z 
architecture	Run actions/setup-go@v5	2026-10-03T16:05:04.7879795Z ##[group]go env
architecture	Run actions/setup-go@v5	2026-10-03T16:05:04.9006149Z GO111MODULE=''
architecture	Run actions/setup-go@v5	2026-10-03T16:05:04.9006488Z GOARCH='amd64'
architecture	Run actions/setup-go@v5	2026-10-03T16:05:04.9006730Z GOBIN=''
architecture	Run actions/setup-go@v5	2026-10-03T16:05:04.9007022Z GOCACHE='/home/runner/.cache/go-build'
architecture	Run actions/setup-go@v5	2026-10-03T16:05:04.9007392Z GOENV='/home/runner/.config/go/env'
architecture	Run actions/setup-go@v5	2026-10-03T16:05:04.9007695Z GOEXE=''
architecture	Run actions/setup-go@v5	2026-10-03T16:05:04.9007921Z GOEXPERIMENT=''
architecture	Run actions/setup-go@v5	2026-10-03T16:05:04.9008147Z GOFLAGS=''
architecture	Run actions/setup-go@v5	2026-10-03T16:05:04.9008380Z GOHOSTARCH='amd64'
architecture	Run actions/setup-go@v5	2026-10-03T16:05:04.9008619Z GOHOSTOS='linux'
architecture	Run actions/setup-go@v5	2026-10-03T16:05:04.9008854Z GOINSECURE=''
architecture	Run actions/setup-go@v5	2026-10-03T16:05:04.9009128Z GOMODCACHE='/home/runner/go/pkg/mod'
architecture	Run actions/setup-go@v5	2026-10-03T16:05:04.9009457Z GONOPROXY=''
architecture	Run actions/setup-go@v5	2026-10-03T16:05:04.9009679Z GONOSUMDB=''
architecture	Run actions/setup-go@v5	2026-10-03T16:05:04.9009894Z GOOS='linux'
architecture	Run actions/setup-go@v5	2026-10-03T16:05:04.9010140Z GOPATH='/home/runner/go'
architecture	Run actions/setup-go@v5	2026-10-03T16:05:04.9010407Z GOPRIVATE=''
architecture	Run actions/setup-go@v5	2026-10-03T16:05:04.9010708Z GOPROXY='https://proxy.golang.org,direct'
architecture	Run actions/setup-go@v5	2026-10-03T16:05:04.9011151Z GOROOT='/opt/hostedtoolcache/go/1.23.12/x64'
architecture	Run actions/setup-go@v5	2026-10-03T16:05:04.9011562Z GOSUMDB='sum.golang.org'
architecture	Run actions/setup-go@v5	2026-10-03T16:05:04.9011833Z GOTMPDIR=''
architecture	Run actions/setup-go@v5	2026-10-03T16:05:04.9012075Z GOTOOLCHAIN='auto'
architecture	Run actions/setup-go@v5	2026-10-03T16:05:04.9012458Z GOTOOLDIR='/opt/hostedtoolcache/go/1.23.12/x64/pkg/tool/linux_amd64'
architecture	Run actions/setup-go@v5	2026-10-03T16:05:04.9012914Z GOVCS=''
architecture	Run actions/setup-go@v5	2026-10-03T16:05:04.9013146Z GOVERSION='go1.23.12'
architecture	Run actions/setup-go@v5	2026-10-03T16:05:04.9013395Z GODEBUG=''
architecture	Run actions/setup-go@v5	2026-10-03T16:05:04.9013633Z GOTELEMETRY='local'
architecture	Run actions/setup-go@v5	2026-10-03T16:05:04.9013933Z GOTELEMETRYDIR='/home/runner/.config/go/telemetry'
architecture	Run actions/setup-go@v5	2026-10-03T16:05:04.9014474Z GCCGO='gccgo'
architecture	Run actions/setup-go@v5	2026-10-03T16:05:04.9014704Z GOAMD64='v1'
architecture	Run actions/setup-go@v5	2026-10-03T16:05:04.9014922Z AR='ar'
architecture	Run actions/setup-go@v5	2026-10-03T16:05:04.9015130Z CC='gcc'
architecture	Run actions/setup-go@v5	2026-10-03T16:05:04.9015335Z CXX='g++'
architecture	Run actions/setup-go@v5	2026-10-03T16:05:04.9015552Z CGO_ENABLED='1'
architecture	Run actions/setup-go@v5	2026-10-03T16:05:04.9015781Z GOMOD='/dev/null'
architecture	Run actions/setup-go@v5	2026-10-03T16:05:04.9016008Z GOWORK=''
architecture	Run actions/setup-go@v5	2026-10-03T16:05:04.9016232Z CGO_CFLAGS='-O2 -g'
architecture	Run actions/setup-go@v5	2026-10-03T16:05:04.9016501Z CGO_CPPFLAGS=''
architecture	Run actions/setup-go@v5	2026-10-03T16:05:04.9016998Z CGO_CXXFLAGS='-O2 -g'
architecture	Run actions/setup-go@v5	2026-10-03T16:05:04.9017243Z CGO_FFLAGS='-O2 -g'
architecture	Run actions/setup-go@v5	2026-10-03T16:05:04.9017640Z CGO_LDFLAGS='-O2 -g'
architecture	Run actions/setup-go@v5	2026-10-03T16:05:04.9017907Z PKG_CONFIG='pkg-config'
architecture	Run actions/setup-go@v5	2026-10-03T16:05:04.9018697Z GOGCCFLAGS='-fPIC -m64 -pthread -Wl,--no-gc-sections -fmessage-length=0 -ffile-prefix-map=/tmp/go-build80018027=/tmp/go-build -gno-record-gcc-switches'
architecture	Run actions/setup-go@v5	2026-10-03T16:05:04.9019354Z 
architecture	Run actions/setup-go@v5	2026-10-03T16:05:04.9019756Z ##[endgroup]
architecture	Run actions/setup-java@v4	﻿2026-10-03T16:05:04.9245538Z ##[group]Run actions/setup-java@v4
architecture	Run actions/setup-java@v4	2026-10-03T16:05:04.9245774Z with:
architecture	Run actions/setup-java@v4	2026-10-03T16:05:04.9245941Z   distribution: temurin
architecture	Run actions/setup-java@v4	2026-10-03T16:05:04.9246135Z   java-version: 21
architecture	Run actions/setup-java@v4	2026-10-03T16:05:04.9246305Z   java-package: jdk
architecture	Run actions/setup-java@v4	2026-10-03T16:05:04.9246477Z   check-latest: false
architecture	Run actions/setup-java@v4	2026-10-03T16:05:04.9246653Z   server-id: github
architecture	Run actions/setup-java@v4	2026-10-03T16:05:04.9246827Z   server-username: GITHUB_ACTOR
architecture	Run actions/setup-java@v4	2026-10-03T16:05:04.9247038Z   server-password: GITHUB_TOKEN
architecture	Run actions/setup-java@v4	2026-10-03T16:05:04.9247234Z   overwrite-settings: true
architecture	Run actions/setup-java@v4	2026-10-03T16:05:04.9247427Z   job-status: success
architecture	Run actions/setup-java@v4	2026-10-03T16:05:04.9249450Z   token: ***
architecture	Run actions/setup-java@v4	2026-10-03T16:05:04.9249619Z env:
architecture	Run actions/setup-java@v4	2026-10-03T16:05:04.9249803Z   PYTHONDONTWRITEBYTECODE: 1
architecture	Run actions/setup-java@v4	2026-10-03T16:05:04.9250025Z ##[endgroup]
architecture	Run actions/setup-java@v4	2026-10-03T16:05:05.0553796Z ##[warning]setup-java v4 is deprecated and will no longer receive updates. Please migrate to actions/setup-java@v5.
architecture	Run actions/setup-java@v4	2026-10-03T16:05:05.0555540Z ##[group]Installed distributions
architecture	Run actions/setup-java@v4	2026-10-03T16:05:05.0602667Z Resolved Java 21.0.12+1 from tool-cache
architecture	Run actions/setup-java@v4	2026-10-03T16:05:05.0603724Z Setting Java 21.0.12+1 as the default
architecture	Run actions/setup-java@v4	2026-10-03T16:05:05.0611306Z (node:2158) [DEP0040] DeprecationWarning: The `punycode` module is deprecated. Please use a userland alternative instead.
architecture	Run actions/setup-java@v4	2026-10-03T16:05:05.0612039Z (Use `node --trace-deprecation ...` to show where the warning was created)
architecture	Run actions/setup-java@v4	2026-10-03T16:05:05.0613746Z Creating toolchains.xml for JDK version 21 from temurin
architecture	Run actions/setup-java@v4	2026-10-03T16:05:05.0667641Z Writing to /home/runner/.m2/toolchains.xml
architecture	Run actions/setup-java@v4	2026-10-03T16:05:05.0668055Z 
architecture	Run actions/setup-java@v4	2026-10-03T16:05:05.0668248Z Java configuration:
architecture	Run actions/setup-java@v4	2026-10-03T16:05:05.0668585Z   Distribution: temurin
architecture	Run actions/setup-java@v4	2026-10-03T16:05:05.0668925Z   Version: 21.0.12+1
architecture	Run actions/setup-java@v4	2026-10-03T16:05:05.0669415Z   Path: /opt/hostedtoolcache/Java_Temurin-Hotspot_jdk/21.0.12-1/x64
architecture	Run actions/setup-java@v4	2026-10-03T16:05:05.0669767Z 
architecture	Run actions/setup-java@v4	2026-10-03T16:05:05.0670083Z ##[endgroup]
architecture	Run actions/setup-java@v4	2026-10-03T16:05:05.0683085Z Creating settings.xml with server-id: github
architecture	Run actions/setup-java@v4	2026-10-03T16:05:05.0710322Z Writing to /home/runner/.m2/settings.xml
architecture	Canonical integrity and authority structure	﻿2026-10-03T16:05:05.0849600Z ##[group]Run ./tools/verify-frozen-architecture.ps1
architecture	Canonical integrity and authority structure	2026-10-03T16:05:05.0849980Z ^[[36;1m./tools/verify-frozen-architecture.ps1^[[0m
architecture	Canonical integrity and authority structure	2026-10-03T16:05:05.0881962Z shell: /usr/bin/pwsh -command ". '{0}'"
architecture	Canonical integrity and authority structure	2026-10-03T16:05:05.0882255Z env:
architecture	Canonical integrity and authority structure	2026-10-03T16:05:05.0882438Z   PYTHONDONTWRITEBYTECODE: 1
architecture	Canonical integrity and authority structure	2026-10-03T16:05:05.0882831Z   JAVA_HOME: /opt/hostedtoolcache/Java_Temurin-Hotspot_jdk/21.0.12-1/x64
architecture	Canonical integrity and authority structure	2026-10-03T16:05:05.0883221Z   JAVA_HOME_21_X64: /opt/hostedtoolcache/Java_Temurin-Hotspot_jdk/21.0.12-1/x64
architecture	Canonical integrity and authority structure	2026-10-03T16:05:05.0883574Z ##[endgroup]
architecture	Canonical integrity and authority structure	2026-10-03T16:05:06.0868374Z PASS: v1.1 current SHA/PDF provenance/ADR and section-bound semantic structure; historical migration semantic_change=false; current revision semantic_change=true
architecture	Canonical integrity and authority structure	2026-10-03T16:05:06.1767323Z test_android_complete_literal_plugin_notations_remain_approved (test_client_technology.ClientTechnologyControls.test_android_complete_literal_plugin_notations_remain_approved) ... ok
architecture	Canonical integrity and authority structure	2026-10-03T16:05:06.1920866Z test_android_compose_gradle_source_and_tooling (test_client_technology.ClientTechnologyControls.test_android_compose_gradle_source_and_tooling) ... ok
architecture	Canonical integrity and authority structure	2026-10-03T16:05:06.2004123Z test_android_literal_and_direct_catalog_plugins_remain_approved (test_client_technology.ClientTechnologyControls.test_android_literal_and_direct_catalog_plugins_remain_approved) ... ok
architecture	Canonical integrity and authority structure	2026-10-03T16:05:06.2302910Z test_android_negative_real_gradle_catalog_import_build_workflow_controls (test_client_technology.ClientTechnologyControls.test_android_negative_real_gradle_catalog_import_build_workflow_controls) ... ok
architecture	Canonical integrity and authority structure	2026-10-03T16:05:06.2380415Z test_android_plugin_block_shortcuts_and_generic_apply_fail_closed (test_client_technology.ClientTechnologyControls.test_android_plugin_block_shortcuts_and_generic_apply_fail_closed) ... ok
architecture	Canonical integrity and authority structure	2026-10-03T16:05:06.2453079Z test_android_plugin_declarations_fail_closed (test_client_technology.ClientTechnologyControls.test_android_plugin_declarations_fail_closed) ... ok
architecture	Canonical integrity and authority structure	2026-10-03T16:05:06.2675494Z test_android_plugin_selectors_require_complete_literal_arguments (test_client_technology.ClientTechnologyControls.test_android_plugin_selectors_require_complete_literal_arguments) ... ok
architecture	Canonical integrity and authority structure	2026-10-03T16:05:06.2789870Z test_android_quoted_dispatch_text_remains_data (test_client_technology.ClientTechnologyControls.test_android_quoted_dispatch_text_remains_data) ... ok
architecture	Canonical integrity and authority structure	2026-10-03T16:05:06.2913153Z test_android_quoted_member_dispatch_fails_closed (test_client_technology.ClientTechnologyControls.test_android_quoted_member_dispatch_fails_closed) ... ok
architecture	Canonical integrity and authority structure	2026-10-03T16:05:06.3077800Z test_android_supported_apply_and_quoted_contexts_remain_approved (test_client_technology.ClientTechnologyControls.test_android_supported_apply_and_quoted_contexts_remain_approved) ... ok
architecture	Canonical integrity and authority structure	2026-10-03T16:05:06.3200414Z test_android_unsupported_plugin_applications_fail_closed (test_client_technology.ClientTechnologyControls.test_android_unsupported_plugin_applications_fail_closed) ... ok
architecture	Canonical integrity and authority structure	2026-10-03T16:05:06.3250930Z test_approved_ts_native_config_assets (test_client_technology.ClientTechnologyControls.test_approved_ts_native_config_assets) ... ok
architecture	Canonical integrity and authority structure	2026-10-03T16:05:06.3262242Z test_authority_missing_or_mutated_is_failure (test_client_technology.ClientTechnologyControls.test_authority_missing_or_mutated_is_failure) ... ok
architecture	Canonical integrity and authority structure	2026-10-03T16:05:06.3867410Z test_current_active_clients (test_client_technology.ClientTechnologyControls.test_current_active_clients) ... ok
architecture	Canonical integrity and authority structure	2026-10-03T16:05:06.4020047Z test_forbidden_source_and_config_controls (test_client_technology.ClientTechnologyControls.test_forbidden_source_and_config_controls) ... ok
architecture	Canonical integrity and authority structure	2026-10-03T16:05:06.4038384Z test_history_is_not_active_client_implementation (test_client_technology.ClientTechnologyControls.test_history_is_not_active_client_implementation) ... ok
architecture	Canonical integrity and authority structure	2026-10-03T16:05:06.4055143Z test_symlink_cannot_bypass_boundary (test_client_technology.ClientTechnologyControls.test_symlink_cannot_bypass_boundary) ... ok
architecture	Canonical integrity and authority structure	2026-10-03T16:05:06.4087128Z test_task_paths_and_passing_tests_cannot_approve_framework (test_client_technology.ClientTechnologyControls.test_task_paths_and_passing_tests_cannot_approve_framework) ... ok
architecture	Canonical integrity and authority structure	2026-10-03T16:05:06.4203596Z test_unapproved_generic_dependencies_and_imports (test_client_technology.ClientTechnologyControls.test_unapproved_generic_dependencies_and_imports) ... ok
architecture	Canonical integrity and authority structure	2026-10-03T16:05:06.4391720Z test_current_document (test_frozen_architecture.ArchitectureIntegrityTests.test_current_document) ... ok
architecture	Canonical integrity and authority structure	2026-10-03T16:05:06.5382249Z test_hash_and_provenance_mutations (test_frozen_architecture.ArchitectureIntegrityTests.test_hash_and_provenance_mutations) ... ok
architecture	Canonical integrity and authority structure	2026-10-03T16:05:06.5553431Z test_layout_flexibility_preserves_semantics (test_frozen_architecture.ArchitectureIntegrityTests.test_layout_flexibility_preserves_semantics) ... ok
architecture	Canonical integrity and authority structure	2026-10-03T16:05:06.9835013Z test_semantic_negative_controls (test_frozen_architecture.ArchitectureIntegrityTests.test_semantic_negative_controls) ... ok
architecture	Canonical integrity and authority structure	2026-10-03T16:05:06.9870016Z test_active_task_path_is_never_architecture_waiver (test_source_boundaries.SourceTests.test_active_task_path_is_never_architecture_waiver) ... ok
architecture	Canonical integrity and authority structure	2026-10-03T16:05:10.3505703Z test_arbitrarily_named_go_root_assembly_helper_valid (test_source_boundaries.SourceTests.test_arbitrarily_named_go_root_assembly_helper_valid) ... ok
architecture	Canonical integrity and authority structure	2026-10-03T16:05:10.3531131Z test_arbitrarily_named_java_root_assembly_helper_valid (test_source_boundaries.SourceTests.test_arbitrarily_named_java_root_assembly_helper_valid) ... ok
architecture	Canonical integrity and authority structure	2026-10-03T16:05:10.4338315Z test_cross_service_alias_import_and_build_tag (test_source_boundaries.SourceTests.test_cross_service_alias_import_and_build_tag) ... ok
architecture	Canonical integrity and authority structure	2026-10-03T16:05:10.4374422Z test_current_governance_and_task_migration_scope_valid (test_source_boundaries.SourceTests.test_current_governance_and_task_migration_scope_valid) ... ok
architecture	Canonical integrity and authority structure	2026-10-03T16:05:10.4395618Z test_current_java_placeholder_valid_and_no_early_business_required (test_source_boundaries.SourceTests.test_current_java_placeholder_valid_and_no_early_business_required) ... ok
architecture	Canonical integrity and authority structure	2026-10-03T16:05:10.4415142Z test_future_java_business_root_and_shared_disguise (test_source_boundaries.SourceTests.test_future_java_business_root_and_shared_disguise) ... ok
architecture	Canonical integrity and authority structure	2026-10-03T16:05:10.4433724Z test_future_java_cross_service_shared_reverse_and_fully_qualified (test_source_boundaries.SourceTests.test_future_java_cross_service_shared_reverse_and_fully_qualified) ... ok
architecture	Canonical integrity and authority structure	2026-10-03T16:05:10.9483909Z test_future_java_single_layout_compiles_and_imports_checked (test_source_boundaries.SourceTests.test_future_java_single_layout_compiles_and_imports_checked) ... ok
architecture	Canonical integrity and authority structure	2026-10-03T16:05:11.0277493Z test_gateway_cannot_write_session_or_outbox (test_source_boundaries.SourceTests.test_gateway_cannot_write_session_or_outbox) ... ok
architecture	Canonical integrity and authority structure	2026-10-03T16:05:11.0311737Z test_java_dynamic_jdbc_shared_repository_and_gateway_write_rejected (test_source_boundaries.SourceTests.test_java_dynamic_jdbc_shared_repository_and_gateway_write_rejected) ... ok
architecture	Canonical integrity and authority structure	2026-10-03T16:05:11.0337517Z test_java_gateway_dynamic_update_with_select_decoy_rejected (test_source_boundaries.SourceTests.test_java_gateway_dynamic_update_with_select_decoy_rejected) ... ok
architecture	Canonical integrity and authority structure	2026-10-03T16:05:11.0401850Z test_java_gateway_execute_cannot_borrow_unrelated_select_literal (test_source_boundaries.SourceTests.test_java_gateway_execute_cannot_borrow_unrelated_select_literal) ... ok
architecture	Canonical integrity and authority structure	2026-10-03T16:05:11.0425677Z test_java_gateway_executequery_and_connection_lifecycle_valid (test_source_boundaries.SourceTests.test_java_gateway_executequery_and_connection_lifecycle_valid) ... ok
architecture	Canonical integrity and authority structure	2026-10-03T16:05:11.0441878Z test_java_gateway_readonly_session_and_shared_token_primitive_valid (test_source_boundaries.SourceTests.test_java_gateway_readonly_session_and_shared_token_primitive_valid) ... ok
architecture	Canonical integrity and authority structure	2026-10-03T16:05:11.0565477Z test_java_noncore_jdbc_transaction_controls_rejected (test_source_boundaries.SourceTests.test_java_noncore_jdbc_transaction_controls_rejected) ... ok
architecture	Canonical integrity and authority structure	2026-10-03T16:05:11.0571208Z test_java_placeholder_cannot_grow_business (test_source_boundaries.SourceTests.test_java_placeholder_cannot_grow_business) ... ok
architecture	Canonical integrity and authority structure	2026-10-03T16:05:11.0588078Z test_java_unicode_import_cannot_bypass_dependency (test_source_boundaries.SourceTests.test_java_unicode_import_cannot_bypass_dependency) ... ok
architecture	Canonical integrity and authority structure	2026-10-03T16:05:12.4506811Z test_legal_single_module_go_runtime_and_blackbox_test (test_source_boundaries.SourceTests.test_legal_single_module_go_runtime_and_blackbox_test) ... ok
architecture	Canonical integrity and authority structure	2026-10-03T16:05:12.5297959Z test_main_whitelisted_name_cannot_hide_business (test_source_boundaries.SourceTests.test_main_whitelisted_name_cannot_hide_business) ... ok
architecture	Canonical integrity and authority structure	2026-10-03T16:05:12.5315470Z test_placeholder_exit_and_business_not_permanent_exception (test_source_boundaries.SourceTests.test_placeholder_exit_and_business_not_permanent_exception) ... ok
architecture	Canonical integrity and authority structure	2026-10-03T16:05:12.5358300Z test_plain_bullet_task_path_checked_and_legal_core_accepted (test_source_boundaries.SourceTests.test_plain_bullet_task_path_checked_and_legal_core_accepted) ... ok
architecture	Canonical integrity and authority structure	2026-10-03T16:05:12.6137238Z test_real_old_go_layout_rejected_without_name_hardcoding (test_source_boundaries.SourceTests.test_real_old_go_layout_rejected_without_name_hardcoding) ... ok
architecture	Canonical integrity and authority structure	2026-10-03T16:05:12.6907865Z test_root_new_business_and_unapproved_internal (test_source_boundaries.SourceTests.test_root_new_business_and_unapproved_internal) ... ok
architecture	Canonical integrity and authority structure	2026-10-03T16:05:12.7691087Z test_root_test_name_cannot_hide_business (test_source_boundaries.SourceTests.test_root_test_name_cannot_hide_business) ... ok
architecture	Canonical integrity and authority structure	2026-10-03T16:05:12.8502702Z test_shared_generic_repository_call_rejected_without_sql_literal (test_source_boundaries.SourceTests.test_shared_generic_repository_call_rejected_without_sql_literal) ... ok
architecture	Canonical integrity and authority structure	2026-10-03T16:05:12.8520588Z test_shared_java_connection_factory_is_support_not_repository (test_source_boundaries.SourceTests.test_shared_java_connection_factory_is_support_not_repository) ... ok
architecture	Canonical integrity and authority structure	2026-10-03T16:05:12.9311370Z test_shared_reverse_dependency_and_moved_full_auth (test_source_boundaries.SourceTests.test_shared_reverse_dependency_and_moved_full_auth) ... ok
architecture	Canonical integrity and authority structure	2026-10-03T16:05:13.0098415Z test_syntax_failure_cannot_be_skipped (test_source_boundaries.SourceTests.test_syntax_failure_cannot_be_skipped) ... ok
architecture	Canonical integrity and authority structure	2026-10-03T16:05:13.0142379Z test_workflow_missing_commands_dependencies_and_suppression_rejected (test_source_boundaries.SourceTests.test_workflow_missing_commands_dependencies_and_suppression_rejected) ... ok
architecture	Canonical integrity and authority structure	2026-10-03T16:05:13.0143271Z 
architecture	Canonical integrity and authority structure	2026-10-03T16:05:13.0143489Z ----------------------------------------------------------------------
architecture	Canonical integrity and authority structure	2026-10-03T16:05:13.0143915Z Ran 53 tests in 6.859s
architecture	Canonical integrity and authority structure	2026-10-03T16:05:13.0144079Z 
architecture	Canonical integrity and authority structure	2026-10-03T16:05:13.0144171Z OK
architecture	Current governance references and task scopes	﻿2026-10-03T16:05:13.0736200Z ##[group]Run python3 ci/check_architecture.py --scope governance
architecture	Current governance references and task scopes	2026-10-03T16:05:13.0736603Z ^[[36;1mpython3 ci/check_architecture.py --scope governance^[[0m
architecture	Current governance references and task scopes	2026-10-03T16:05:13.0792621Z shell: /usr/bin/bash -e {0}
architecture	Current governance references and task scopes	2026-10-03T16:05:13.0792834Z env:
architecture	Current governance references and task scopes	2026-10-03T16:05:13.0793008Z   PYTHONDONTWRITEBYTECODE: 1
architecture	Current governance references and task scopes	2026-10-03T16:05:13.0793294Z   JAVA_HOME: /opt/hostedtoolcache/Java_Temurin-Hotspot_jdk/21.0.12-1/x64
architecture	Current governance references and task scopes	2026-10-03T16:05:13.0793682Z   JAVA_HOME_21_X64: /opt/hostedtoolcache/Java_Temurin-Hotspot_jdk/21.0.12-1/x64
architecture	Current governance references and task scopes	2026-10-03T16:05:13.0793980Z ##[endgroup]
architecture	Current governance references and task scopes	2026-10-03T16:05:13.1247974Z PASS: scope=governance violations=0; static checks supplement independent Review
architecture	Active client technology/source/dependency/configuration guard	﻿2026-10-03T16:05:13.1316022Z ##[group]Run python3 ci/check_architecture.py --scope clients --json
architecture	Active client technology/source/dependency/configuration guard	2026-10-03T16:05:13.1316442Z ^[[36;1mpython3 ci/check_architecture.py --scope clients --json^[[0m
architecture	Active client technology/source/dependency/configuration guard	2026-10-03T16:05:13.1369513Z shell: /usr/bin/bash -e {0}
architecture	Active client technology/source/dependency/configuration guard	2026-10-03T16:05:13.1369724Z env:
architecture	Active client technology/source/dependency/configuration guard	2026-10-03T16:05:13.1369900Z   PYTHONDONTWRITEBYTECODE: 1
architecture	Active client technology/source/dependency/configuration guard	2026-10-03T16:05:13.1370189Z   JAVA_HOME: /opt/hostedtoolcache/Java_Temurin-Hotspot_jdk/21.0.12-1/x64
architecture	Active client technology/source/dependency/configuration guard	2026-10-03T16:05:13.1370574Z   JAVA_HOME_21_X64: /opt/hostedtoolcache/Java_Temurin-Hotspot_jdk/21.0.12-1/x64
architecture	Active client technology/source/dependency/configuration guard	2026-10-03T16:05:13.1370879Z ##[endgroup]
architecture	Active client technology/source/dependency/configuration guard	2026-10-03T16:05:13.2416143Z {
architecture	Active client technology/source/dependency/configuration guard	2026-10-03T16:05:13.2416523Z   "result": "PASS",
architecture	Active client technology/source/dependency/configuration guard	2026-10-03T16:05:13.2432803Z   "scope": "clients",
architecture	Active client technology/source/dependency/configuration guard	2026-10-03T16:05:13.2433081Z   "violations": [],
architecture	Active client technology/source/dependency/configuration guard	2026-10-03T16:05:13.2433283Z   "graphs": {}
architecture	Active client technology/source/dependency/configuration guard	2026-10-03T16:05:13.2433449Z }
architecture	Checker positive and negative controls	﻿2026-10-03T16:05:13.2496963Z ##[group]Run python3 -m unittest discover -s tests/architecture -v
architecture	Checker positive and negative controls	2026-10-03T16:05:13.2497371Z ^[[36;1mpython3 -m unittest discover -s tests/architecture -v^[[0m
architecture	Checker positive and negative controls	2026-10-03T16:05:13.2550922Z shell: /usr/bin/bash -e {0}
architecture	Checker positive and negative controls	2026-10-03T16:05:13.2551135Z env:
architecture	Checker positive and negative controls	2026-10-03T16:05:13.2551311Z   PYTHONDONTWRITEBYTECODE: 1
architecture	Checker positive and negative controls	2026-10-03T16:05:13.2551593Z   JAVA_HOME: /opt/hostedtoolcache/Java_Temurin-Hotspot_jdk/21.0.12-1/x64
architecture	Checker positive and negative controls	2026-10-03T16:05:13.2551979Z   JAVA_HOME_21_X64: /opt/hostedtoolcache/Java_Temurin-Hotspot_jdk/21.0.12-1/x64
architecture	Checker positive and negative controls	2026-10-03T16:05:13.2552271Z ##[endgroup]
architecture	Checker positive and negative controls	2026-10-03T16:05:13.3407106Z test_android_complete_literal_plugin_notations_remain_approved (test_client_technology.ClientTechnologyControls.test_android_complete_literal_plugin_notations_remain_approved) ... ok
architecture	Checker positive and negative controls	2026-10-03T16:05:13.3561124Z test_android_compose_gradle_source_and_tooling (test_client_technology.ClientTechnologyControls.test_android_compose_gradle_source_and_tooling) ... ok
architecture	Checker positive and negative controls	2026-10-03T16:05:13.3643102Z test_android_literal_and_direct_catalog_plugins_remain_approved (test_client_technology.ClientTechnologyControls.test_android_literal_and_direct_catalog_plugins_remain_approved) ... ok
architecture	Checker positive and negative controls	2026-10-03T16:05:13.3941075Z test_android_negative_real_gradle_catalog_import_build_workflow_controls (test_client_technology.ClientTechnologyControls.test_android_negative_real_gradle_catalog_import_build_workflow_controls) ... ok
architecture	Checker positive and negative controls	2026-10-03T16:05:13.4016661Z test_android_plugin_block_shortcuts_and_generic_apply_fail_closed (test_client_technology.ClientTechnologyControls.test_android_plugin_block_shortcuts_and_generic_apply_fail_closed) ... ok
architecture	Checker positive and negative controls	2026-10-03T16:05:13.4085019Z test_android_plugin_declarations_fail_closed (test_client_technology.ClientTechnologyControls.test_android_plugin_declarations_fail_closed) ... ok
architecture	Checker positive and negative controls	2026-10-03T16:05:13.4295322Z test_android_plugin_selectors_require_complete_literal_arguments (test_client_technology.ClientTechnologyControls.test_android_plugin_selectors_require_complete_literal_arguments) ... ok
architecture	Checker positive and negative controls	2026-10-03T16:05:13.4405965Z test_android_quoted_dispatch_text_remains_data (test_client_technology.ClientTechnologyControls.test_android_quoted_dispatch_text_remains_data) ... ok
architecture	Checker positive and negative controls	2026-10-03T16:05:13.4526291Z test_android_quoted_member_dispatch_fails_closed (test_client_technology.ClientTechnologyControls.test_android_quoted_member_dispatch_fails_closed) ... ok
architecture	Checker positive and negative controls	2026-10-03T16:05:13.4636602Z test_android_supported_apply_and_quoted_contexts_remain_approved (test_client_technology.ClientTechnologyControls.test_android_supported_apply_and_quoted_contexts_remain_approved) ... ok
architecture	Checker positive and negative controls	2026-10-03T16:05:13.4758036Z test_android_unsupported_plugin_applications_fail_closed (test_client_technology.ClientTechnologyControls.test_android_unsupported_plugin_applications_fail_closed) ... ok
architecture	Checker positive and negative controls	2026-10-03T16:05:13.4808946Z test_approved_ts_native_config_assets (test_client_technology.ClientTechnologyControls.test_approved_ts_native_config_assets) ... ok
architecture	Checker positive and negative controls	2026-10-03T16:05:13.4821157Z test_authority_missing_or_mutated_is_failure (test_client_technology.ClientTechnologyControls.test_authority_missing_or_mutated_is_failure) ... ok
architecture	Checker positive and negative controls	2026-10-03T16:05:13.5407605Z test_current_active_clients (test_client_technology.ClientTechnologyControls.test_current_active_clients) ... ok
architecture	Checker positive and negative controls	2026-10-03T16:05:13.5553866Z test_forbidden_source_and_config_controls (test_client_technology.ClientTechnologyControls.test_forbidden_source_and_config_controls) ... ok
architecture	Checker positive and negative controls	2026-10-03T16:05:13.5572538Z test_history_is_not_active_client_implementation (test_client_technology.ClientTechnologyControls.test_history_is_not_active_client_implementation) ... ok
architecture	Checker positive and negative controls	2026-10-03T16:05:13.5589923Z test_symlink_cannot_bypass_boundary (test_client_technology.ClientTechnologyControls.test_symlink_cannot_bypass_boundary) ... ok
architecture	Checker positive and negative controls	2026-10-03T16:05:13.5620265Z test_task_paths_and_passing_tests_cannot_approve_framework (test_client_technology.ClientTechnologyControls.test_task_paths_and_passing_tests_cannot_approve_framework) ... ok
architecture	Checker positive and negative controls	2026-10-03T16:05:13.5736775Z test_unapproved_generic_dependencies_and_imports (test_client_technology.ClientTechnologyControls.test_unapproved_generic_dependencies_and_imports) ... ok
architecture	Checker positive and negative controls	2026-10-03T16:05:13.5933116Z test_current_document (test_frozen_architecture.ArchitectureIntegrityTests.test_current_document) ... ok
architecture	Checker positive and negative controls	2026-10-03T16:05:13.6934517Z test_hash_and_provenance_mutations (test_frozen_architecture.ArchitectureIntegrityTests.test_hash_and_provenance_mutations) ... ok
architecture	Checker positive and negative controls	2026-10-03T16:05:13.7107090Z test_layout_flexibility_preserves_semantics (test_frozen_architecture.ArchitectureIntegrityTests.test_layout_flexibility_preserves_semantics) ... ok
architecture	Checker positive and negative controls	2026-10-03T16:05:14.1409169Z test_semantic_negative_controls (test_frozen_architecture.ArchitectureIntegrityTests.test_semantic_negative_controls) ... ok
architecture	Checker positive and negative controls	2026-10-03T16:05:14.1443113Z test_active_task_path_is_never_architecture_waiver (test_source_boundaries.SourceTests.test_active_task_path_is_never_architecture_waiver) ... ok
architecture	Checker positive and negative controls	2026-10-03T16:05:14.2262411Z test_arbitrarily_named_go_root_assembly_helper_valid (test_source_boundaries.SourceTests.test_arbitrarily_named_go_root_assembly_helper_valid) ... ok
architecture	Checker positive and negative controls	2026-10-03T16:05:14.2288105Z test_arbitrarily_named_java_root_assembly_helper_valid (test_source_boundaries.SourceTests.test_arbitrarily_named_java_root_assembly_helper_valid) ... ok
architecture	Checker positive and negative controls	2026-10-03T16:05:14.3079120Z test_cross_service_alias_import_and_build_tag (test_source_boundaries.SourceTests.test_cross_service_alias_import_and_build_tag) ... ok
architecture	Checker positive and negative controls	2026-10-03T16:05:14.3114893Z test_current_governance_and_task_migration_scope_valid (test_source_boundaries.SourceTests.test_current_governance_and_task_migration_scope_valid) ... ok
architecture	Checker positive and negative controls	2026-10-03T16:05:14.3135949Z test_current_java_placeholder_valid_and_no_early_business_required (test_source_boundaries.SourceTests.test_current_java_placeholder_valid_and_no_early_business_required) ... ok
architecture	Checker positive and negative controls	2026-10-03T16:05:14.3156270Z test_future_java_business_root_and_shared_disguise (test_source_boundaries.SourceTests.test_future_java_business_root_and_shared_disguise) ... ok
architecture	Checker positive and negative controls	2026-10-03T16:05:14.3175398Z test_future_java_cross_service_shared_reverse_and_fully_qualified (test_source_boundaries.SourceTests.test_future_java_cross_service_shared_reverse_and_fully_qualified) ... ok
architecture	Checker positive and negative controls	2026-10-03T16:05:14.6781533Z test_future_java_single_layout_compiles_and_imports_checked (test_source_boundaries.SourceTests.test_future_java_single_layout_compiles_and_imports_checked) ... ok
architecture	Checker positive and negative controls	2026-10-03T16:05:14.7585251Z test_gateway_cannot_write_session_or_outbox (test_source_boundaries.SourceTests.test_gateway_cannot_write_session_or_outbox) ... ok
architecture	Checker positive and negative controls	2026-10-03T16:05:14.7609172Z test_java_dynamic_jdbc_shared_repository_and_gateway_write_rejected (test_source_boundaries.SourceTests.test_java_dynamic_jdbc_shared_repository_and_gateway_write_rejected) ... ok
architecture	Checker positive and negative controls	2026-10-03T16:05:14.7625817Z test_java_gateway_dynamic_update_with_select_decoy_rejected (test_source_boundaries.SourceTests.test_java_gateway_dynamic_update_with_select_decoy_rejected) ... ok
architecture	Checker positive and negative controls	2026-10-03T16:05:14.7666262Z test_java_gateway_execute_cannot_borrow_unrelated_select_literal (test_source_boundaries.SourceTests.test_java_gateway_execute_cannot_borrow_unrelated_select_literal) ... ok
architecture	Checker positive and negative controls	2026-10-03T16:05:14.7686848Z test_java_gateway_executequery_and_connection_lifecycle_valid (test_source_boundaries.SourceTests.test_java_gateway_executequery_and_connection_lifecycle_valid) ... ok
architecture	Checker positive and negative controls	2026-10-03T16:05:14.7702961Z test_java_gateway_readonly_session_and_shared_token_primitive_valid (test_source_boundaries.SourceTests.test_java_gateway_readonly_session_and_shared_token_primitive_valid) ... ok
architecture	Checker positive and negative controls	2026-10-03T16:05:14.7830453Z test_java_noncore_jdbc_transaction_controls_rejected (test_source_boundaries.SourceTests.test_java_noncore_jdbc_transaction_controls_rejected) ... ok
architecture	Checker positive and negative controls	2026-10-03T16:05:14.7835970Z test_java_placeholder_cannot_grow_business (test_source_boundaries.SourceTests.test_java_placeholder_cannot_grow_business) ... ok
architecture	Checker positive and negative controls	2026-10-03T16:05:14.7852038Z test_java_unicode_import_cannot_bypass_dependency (test_source_boundaries.SourceTests.test_java_unicode_import_cannot_bypass_dependency) ... ok
architecture	Checker positive and negative controls	2026-10-03T16:05:14.9957920Z test_legal_single_module_go_runtime_and_blackbox_test (test_source_boundaries.SourceTests.test_legal_single_module_go_runtime_and_blackbox_test) ... ok
architecture	Checker positive and negative controls	2026-10-03T16:05:15.0752369Z test_main_whitelisted_name_cannot_hide_business (test_source_boundaries.SourceTests.test_main_whitelisted_name_cannot_hide_business) ... ok
architecture	Checker positive and negative controls	2026-10-03T16:05:15.0772123Z test_placeholder_exit_and_business_not_permanent_exception (test_source_boundaries.SourceTests.test_placeholder_exit_and_business_not_permanent_exception) ... ok
architecture	Checker positive and negative controls	2026-10-03T16:05:15.0814838Z test_plain_bullet_task_path_checked_and_legal_core_accepted (test_source_boundaries.SourceTests.test_plain_bullet_task_path_checked_and_legal_core_accepted) ... ok
architecture	Checker positive and negative controls	2026-10-03T16:05:15.1611735Z test_real_old_go_layout_rejected_without_name_hardcoding (test_source_boundaries.SourceTests.test_real_old_go_layout_rejected_without_name_hardcoding) ... ok
architecture	Checker positive and negative controls	2026-10-03T16:05:15.2423564Z test_root_new_business_and_unapproved_internal (test_source_boundaries.SourceTests.test_root_new_business_and_unapproved_internal) ... ok
architecture	Checker positive and negative controls	2026-10-03T16:05:15.3214906Z test_root_test_name_cannot_hide_business (test_source_boundaries.SourceTests.test_root_test_name_cannot_hide_business) ... ok
architecture	Checker positive and negative controls	2026-10-03T16:05:15.4016192Z test_shared_generic_repository_call_rejected_without_sql_literal (test_source_boundaries.SourceTests.test_shared_generic_repository_call_rejected_without_sql_literal) ... ok
architecture	Checker positive and negative controls	2026-10-03T16:05:15.4035403Z test_shared_java_connection_factory_is_support_not_repository (test_source_boundaries.SourceTests.test_shared_java_connection_factory_is_support_not_repository) ... ok
architecture	Checker positive and negative controls	2026-10-03T16:05:15.4815255Z test_shared_reverse_dependency_and_moved_full_auth (test_source_boundaries.SourceTests.test_shared_reverse_dependency_and_moved_full_auth) ... ok
architecture	Checker positive and negative controls	2026-10-03T16:05:15.5609961Z test_syntax_failure_cannot_be_skipped (test_source_boundaries.SourceTests.test_syntax_failure_cannot_be_skipped) ... ok
architecture	Checker positive and negative controls	2026-10-03T16:05:15.5652571Z test_workflow_missing_commands_dependencies_and_suppression_rejected (test_source_boundaries.SourceTests.test_workflow_missing_commands_dependencies_and_suppression_rejected) ... ok
architecture	Checker positive and negative controls	2026-10-03T16:05:15.5653491Z 
architecture	Checker positive and negative controls	2026-10-03T16:05:15.5653705Z ----------------------------------------------------------------------
architecture	Checker positive and negative controls	2026-10-03T16:05:15.5654102Z Ran 53 tests in 2.245s
architecture	Checker positive and negative controls	2026-10-03T16:05:15.5654626Z 
architecture	Checker positive and negative controls	2026-10-03T16:05:15.5654722Z OK
architecture	Post Run actions/setup-java@v4	﻿2026-10-03T16:05:15.5821784Z Post job cleanup.
architecture	Post Run actions/setup-java@v4	2026-10-03T16:05:15.6899590Z (node:5011) [DEP0040] DeprecationWarning: The `punycode` module is deprecated. Please use a userland alternative instead.
architecture	Post Run actions/setup-java@v4	2026-10-03T16:05:15.6900221Z (Use `node --trace-deprecation ...` to show where the warning was created)
architecture	Post Run actions/setup-go@v5	﻿2026-10-03T16:05:15.7061324Z Post job cleanup.
architecture	Post Run actions/setup-go@v5	2026-10-03T16:05:15.8046173Z (node:5019) [DEP0040] DeprecationWarning: The `punycode` module is deprecated. Please use a userland alternative instead.
architecture	Post Run actions/setup-go@v5	2026-10-03T16:05:15.8047272Z (Use `node --trace-deprecation ...` to show where the warning was created)
architecture	Post Run actions/setup-go@v5	2026-10-03T16:05:15.8125115Z [command]/opt/hostedtoolcache/go/1.23.12/x64/bin/go env GOMODCACHE
architecture	Post Run actions/setup-go@v5	2026-10-03T16:05:15.8154351Z [command]/opt/hostedtoolcache/go/1.23.12/x64/bin/go env GOCACHE
architecture	Post Run actions/setup-go@v5	2026-10-03T16:05:15.8189228Z /home/runner/go/pkg/mod
architecture	Post Run actions/setup-go@v5	2026-10-03T16:05:15.8213816Z /home/runner/.cache/go-build
architecture	Post Run actions/setup-go@v5	2026-10-03T16:05:15.8240543Z [warning]Cache folder path is retrieved but doesn't exist on disk: /home/runner/go/pkg/mod
architecture	Post Run actions/setup-go@v5	2026-10-03T16:05:15.8241510Z Primary key was not generated. Please check the log messages above for more errors or information
architecture	Post Run actions/checkout@v4	﻿2026-10-03T16:05:15.8370411Z Post job cleanup.
architecture	Post Run actions/checkout@v4	2026-10-03T16:05:15.9049263Z [command]/usr/bin/git version
architecture	Post Run actions/checkout@v4	2026-10-03T16:05:15.9086656Z git version 2.55.0
architecture	Post Run actions/checkout@v4	2026-10-03T16:05:15.9115871Z Temporarily overriding HOME='/home/runner/work/_temp/bffd76b5-29c8-4c89-bcbf-f299f086ec5c' before making global git config changes
architecture	Post Run actions/checkout@v4	2026-10-03T16:05:15.9116981Z Adding repository directory to the temporary git global config as a safe directory
architecture	Post Run actions/checkout@v4	2026-10-03T16:05:15.9120181Z [command]/usr/bin/git config --global --add safe.directory /home/runner/work/IM-platform/IM-platform
architecture	Post Run actions/checkout@v4	2026-10-03T16:05:15.9151651Z [command]/usr/bin/git config --local --name-only --get-regexp core\.sshCommand
architecture	Post Run actions/checkout@v4	2026-10-03T16:05:15.9180252Z [command]/usr/bin/git submodule foreach --recursive sh -c "git config --local --name-only --get-regexp 'core\.sshCommand' && git config --local --unset-all 'core.sshCommand' || :"
architecture	Post Run actions/checkout@v4	2026-10-03T16:05:15.9431425Z [command]/usr/bin/git config --local --name-only --get-regexp http\.https\:\/\/github\.com\/\.extraheader
architecture	Post Run actions/checkout@v4	2026-10-03T16:05:15.9474880Z http.https://github.com/.extraheader
architecture	Post Run actions/checkout@v4	2026-10-03T16:05:15.9486058Z [command]/usr/bin/git config --local --unset-all http.https://github.com/.extraheader
architecture	Post Run actions/checkout@v4	2026-10-03T16:05:15.9515868Z [command]/usr/bin/git submodule foreach --recursive sh -c "git config --local --name-only --get-regexp 'http\.https\:\/\/github\.com\/\.extraheader' && git config --local --unset-all 'http.https://github.com/.extraheader' || :"
architecture	Post Run actions/checkout@v4	2026-10-03T16:05:15.9745736Z [command]/usr/bin/git config --local --name-only --get-regexp ^includeIf\.gitdir:
architecture	Post Run actions/checkout@v4	2026-10-03T16:05:15.9778348Z [command]/usr/bin/git submodule foreach --recursive git config --local --show-origin --name-only --get-regexp remote.origin.url
architecture	Complete job	﻿2026-10-03T16:05:16.0115732Z Cleaning up orphan processes
architecture	Complete job	2026-10-03T16:05:16.0342905Z ##[warning]Node.js 20 is deprecated. The following actions target Node.js 20 but are being forced to run on Node.js 24: actions/checkout@v4, actions/setup-go@v5, actions/setup-java@v4. For more information see: https://github.blog/changelog/2025-09-19-deprecation-of-node-20-on-github-actions-runners/
