classify	Set up job	﻿2026-10-03T16:04:21.1401138Z Current runner version: '2.337.0'
classify	Set up job	2026-10-03T16:04:21.1426923Z ##[group]Runner Image Provisioner
classify	Set up job	2026-10-03T16:04:21.1427852Z Hosted Compute Agent
classify	Set up job	2026-10-03T16:04:21.1428436Z Version: 20260901.588
classify	Set up job	2026-10-03T16:04:21.1429181Z Commit: f88ec8081b781fac6c440065ac7ff9e710ce3d0b
classify	Set up job	2026-10-03T16:04:21.1429914Z Build Date: 2026-09-01T19:56:44Z
classify	Set up job	2026-10-03T16:04:21.1430652Z Worker ID: {31bcaffa-62b4-41f6-a9ec-c4ed78cc83e3}
classify	Set up job	2026-10-03T16:04:21.1431435Z Azure Region: westus2
classify	Set up job	2026-10-03T16:04:21.1431978Z ##[endgroup]
classify	Set up job	2026-10-03T16:04:21.1434025Z ##[group]Operating System
classify	Set up job	2026-10-03T16:04:21.1434685Z Ubuntu
classify	Set up job	2026-10-03T16:04:21.1435302Z 24.04.5
classify	Set up job	2026-10-03T16:04:21.1435835Z LTS
classify	Set up job	2026-10-03T16:04:21.1436351Z ##[endgroup]
classify	Set up job	2026-10-03T16:04:21.1437537Z ##[group]Runner Image
classify	Set up job	2026-10-03T16:04:21.1438190Z Image: ubuntu-24.04
classify	Set up job	2026-10-03T16:04:21.1438750Z Version: 20260927.320.1
classify	Set up job	2026-10-03T16:04:21.1439965Z Included Software: https://github.com/actions/runner-images/blob/ubuntu24/20260927.320/images/ubuntu/Ubuntu2404-Readme.md
classify	Set up job	2026-10-03T16:04:21.1441765Z Image Release: https://github.com/actions/runner-images/releases/tag/ubuntu24%2F20260927.320
classify	Set up job	2026-10-03T16:04:21.1442737Z ##[endgroup]
classify	Set up job	2026-10-03T16:04:21.1443924Z ##[group]GITHUB_TOKEN Permissions
classify	Set up job	2026-10-03T16:04:21.1446107Z Contents: read
classify	Set up job	2026-10-03T16:04:21.1447147Z Metadata: read
classify	Set up job	2026-10-03T16:04:21.1447752Z ##[endgroup]
classify	Set up job	2026-10-03T16:04:21.1449809Z Secret source: Actions
classify	Set up job	2026-10-03T16:04:21.1450832Z Cache mode: write
classify	Set up job	2026-10-03T16:04:21.1451564Z Prepare workflow directory
classify	Set up job	2026-10-03T16:04:21.1792505Z Prepare all required actions
classify	Set up job	2026-10-03T16:04:21.1841394Z Getting action download info
classify	Set up job	2026-10-03T16:04:21.5416283Z Download action repository 'actions/checkout@v4' (SHA:11d5960a326750d5838078e36cf38b85af677262)
classify	Set up job	2026-10-03T16:04:21.7570338Z Complete job name: classify
classify	Run actions/checkout@v4	﻿2026-10-03T16:04:21.8403265Z ##[group]Run actions/checkout@v4
classify	Run actions/checkout@v4	2026-10-03T16:04:21.8404174Z with:
classify	Run actions/checkout@v4	2026-10-03T16:04:21.8404612Z   fetch-depth: 0
classify	Run actions/checkout@v4	2026-10-03T16:04:21.8405117Z   ref: 8bcc7321bba05a70404d1e16bbd2fa0465da696f
classify	Run actions/checkout@v4	2026-10-03T16:04:21.8405775Z   repository: nilesthump/IM-platform
classify	Run actions/checkout@v4	2026-10-03T16:04:21.8410044Z   token: ***
classify	Run actions/checkout@v4	2026-10-03T16:04:21.8410506Z   ssh-strict: true
classify	Run actions/checkout@v4	2026-10-03T16:04:21.8410949Z   ssh-user: git
classify	Run actions/checkout@v4	2026-10-03T16:04:21.8411393Z   persist-credentials: true
classify	Run actions/checkout@v4	2026-10-03T16:04:21.8411884Z   clean: true
classify	Run actions/checkout@v4	2026-10-03T16:04:21.8412329Z   sparse-checkout-cone-mode: true
classify	Run actions/checkout@v4	2026-10-03T16:04:21.8412848Z   fetch-tags: false
classify	Run actions/checkout@v4	2026-10-03T16:04:21.8413372Z   show-progress: true
classify	Run actions/checkout@v4	2026-10-03T16:04:21.8413874Z   lfs: false
classify	Run actions/checkout@v4	2026-10-03T16:04:21.8414287Z   submodules: false
classify	Run actions/checkout@v4	2026-10-03T16:04:21.8414727Z   set-safe-directory: true
classify	Run actions/checkout@v4	2026-10-03T16:04:21.8415231Z   allow-unsafe-pr-checkout: false
classify	Run actions/checkout@v4	2026-10-03T16:04:21.8416115Z ##[endgroup]
classify	Run actions/checkout@v4	2026-10-03T16:04:21.9555804Z Syncing repository: nilesthump/IM-platform
classify	Run actions/checkout@v4	2026-10-03T16:04:21.9558819Z ##[group]Getting Git version info
classify	Run actions/checkout@v4	2026-10-03T16:04:21.9560158Z Working directory is '/home/runner/work/IM-platform/IM-platform'
classify	Run actions/checkout@v4	2026-10-03T16:04:21.9561988Z [command]/usr/bin/git version
classify	Run actions/checkout@v4	2026-10-03T16:04:21.9635791Z git version 2.55.0
classify	Run actions/checkout@v4	2026-10-03T16:04:21.9658473Z ##[endgroup]
classify	Run actions/checkout@v4	2026-10-03T16:04:21.9673347Z Temporarily overriding HOME='/home/runner/work/_temp/b61322f2-94ab-473f-88c4-c027532c09c6' before making global git config changes
classify	Run actions/checkout@v4	2026-10-03T16:04:21.9675734Z Adding repository directory to the temporary git global config as a safe directory
classify	Run actions/checkout@v4	2026-10-03T16:04:21.9679071Z [command]/usr/bin/git config --global --add safe.directory /home/runner/work/IM-platform/IM-platform
classify	Run actions/checkout@v4	2026-10-03T16:04:21.9740864Z Deleting the contents of '/home/runner/work/IM-platform/IM-platform'
classify	Run actions/checkout@v4	2026-10-03T16:04:21.9745438Z ##[group]Initializing the repository
classify	Run actions/checkout@v4	2026-10-03T16:04:21.9749921Z [command]/usr/bin/git init /home/runner/work/IM-platform/IM-platform
classify	Run actions/checkout@v4	2026-10-03T16:04:21.9880797Z hint: Using 'master' as the name for the initial branch. This default branch name
classify	Run actions/checkout@v4	2026-10-03T16:04:21.9882659Z hint: will change to "main" in Git 3.0. To configure the initial branch name
classify	Run actions/checkout@v4	2026-10-03T16:04:21.9884728Z hint: to use in all of your new repositories, which will suppress this warning,
classify	Run actions/checkout@v4	2026-10-03T16:04:21.9886366Z hint: call:
classify	Run actions/checkout@v4	2026-10-03T16:04:21.9887746Z hint:
classify	Run actions/checkout@v4	2026-10-03T16:04:21.9888591Z hint: 	git config --global init.defaultBranch <name>
classify	Run actions/checkout@v4	2026-10-03T16:04:21.9889580Z hint:
classify	Run actions/checkout@v4	2026-10-03T16:04:21.9890510Z hint: Names commonly chosen instead of 'master' are 'main', 'trunk' and
classify	Run actions/checkout@v4	2026-10-03T16:04:21.9892113Z hint: 'development'. The just-created branch can be renamed via this command:
classify	Run actions/checkout@v4	2026-10-03T16:04:21.9893387Z hint:
classify	Run actions/checkout@v4	2026-10-03T16:04:21.9894073Z hint: 	git branch -m <name>
classify	Run actions/checkout@v4	2026-10-03T16:04:21.9894829Z hint:
classify	Run actions/checkout@v4	2026-10-03T16:04:21.9895828Z hint: Disable this message with "git config set advice.defaultBranchName false"
classify	Run actions/checkout@v4	2026-10-03T16:04:21.9897824Z Initialized empty Git repository in /home/runner/work/IM-platform/IM-platform/.git/
classify	Run actions/checkout@v4	2026-10-03T16:04:21.9900680Z [command]/usr/bin/git remote add origin https://github.com/nilesthump/IM-platform
classify	Run actions/checkout@v4	2026-10-03T16:04:21.9964379Z ##[endgroup]
classify	Run actions/checkout@v4	2026-10-03T16:04:21.9965750Z ##[group]Disabling automatic garbage collection
classify	Run actions/checkout@v4	2026-10-03T16:04:21.9973753Z [command]/usr/bin/git config --local gc.auto 0
classify	Run actions/checkout@v4	2026-10-03T16:04:22.0006908Z ##[endgroup]
classify	Run actions/checkout@v4	2026-10-03T16:04:22.0009383Z ##[group]Setting up auth
classify	Run actions/checkout@v4	2026-10-03T16:04:22.0015631Z [command]/usr/bin/git config --local --name-only --get-regexp core\.sshCommand
classify	Run actions/checkout@v4	2026-10-03T16:04:22.0051537Z [command]/usr/bin/git submodule foreach --recursive sh -c "git config --local --name-only --get-regexp 'core\.sshCommand' && git config --local --unset-all 'core.sshCommand' || :"
classify	Run actions/checkout@v4	2026-10-03T16:04:22.0485015Z [command]/usr/bin/git config --local --name-only --get-regexp http\.https\:\/\/github\.com\/\.extraheader
classify	Run actions/checkout@v4	2026-10-03T16:04:22.0525324Z [command]/usr/bin/git submodule foreach --recursive sh -c "git config --local --name-only --get-regexp 'http\.https\:\/\/github\.com\/\.extraheader' && git config --local --unset-all 'http.https://github.com/.extraheader' || :"
classify	Run actions/checkout@v4	2026-10-03T16:04:22.0753137Z [command]/usr/bin/git config --local --name-only --get-regexp ^includeIf\.gitdir:
classify	Run actions/checkout@v4	2026-10-03T16:04:22.0789691Z [command]/usr/bin/git submodule foreach --recursive git config --local --show-origin --name-only --get-regexp remote.origin.url
classify	Run actions/checkout@v4	2026-10-03T16:04:22.1016549Z [command]/usr/bin/git config --local http.https://github.com/.extraheader AUTHORIZATION: basic ***
classify	Run actions/checkout@v4	2026-10-03T16:04:22.1061923Z ##[endgroup]
classify	Run actions/checkout@v4	2026-10-03T16:04:22.1063439Z ##[group]Fetching the repository
classify	Run actions/checkout@v4	2026-10-03T16:04:22.1073217Z [command]/usr/bin/git -c protocol.version=2 fetch --prune --no-recurse-submodules origin +refs/heads/*:refs/remotes/origin/* +refs/tags/*:refs/tags/*
classify	Run actions/checkout@v4	2026-10-03T16:04:24.6175941Z From https://github.com/nilesthump/IM-platform
classify	Run actions/checkout@v4	2026-10-03T16:04:24.6177644Z  * [new branch]      docs/workspace-constraints-20261003 -> origin/docs/workspace-constraints-20261003
classify	Run actions/checkout@v4	2026-10-03T16:04:24.6179039Z  * [new branch]      fix/LOOP1-CI-001-s0-placeholder -> origin/fix/LOOP1-CI-001-s0-placeholder
classify	Run actions/checkout@v4	2026-10-03T16:04:24.6180545Z  * [new branch]      main                   -> origin/main
classify	Run actions/checkout@v4	2026-10-03T16:04:24.6181549Z  * [new branch]      recovery/s1-handoff-20261001 -> origin/recovery/s1-handoff-20261001
classify	Run actions/checkout@v4	2026-10-03T16:04:24.6182796Z  * [new branch]      recovery/s2-open-record-20261001 -> origin/recovery/s2-open-record-20261001
classify	Run actions/checkout@v4	2026-10-03T16:04:24.6183926Z  * [new branch]      rollback/pr7-20261001  -> origin/rollback/pr7-20261001
classify	Run actions/checkout@v4	2026-10-03T16:04:24.6185047Z  * [new branch]      task/LOOP1-ARCH-REMEDIATION -> origin/task/LOOP1-ARCH-REMEDIATION
classify	Run actions/checkout@v4	2026-10-03T16:04:24.6186124Z  * [new branch]      task/LOOP1-CI-001      -> origin/task/LOOP1-CI-001
classify	Run actions/checkout@v4	2026-10-03T16:04:24.6188320Z  * [new branch]      task/LOOP1-CLIENT-ARCH-CLARIFICATION-001 -> origin/task/LOOP1-CLIENT-ARCH-CLARIFICATION-001
classify	Run actions/checkout@v4	2026-10-03T16:04:24.6190481Z  * [new branch]      task/LOOP1-CLIENT-MVP-PLAN-20261003 -> origin/task/LOOP1-CLIENT-MVP-PLAN-20261003
classify	Run actions/checkout@v4	2026-10-03T16:04:24.6191909Z  * [new branch]      task/LOOP1-CLIENT-SEND-001 -> origin/task/LOOP1-CLIENT-SEND-001
classify	Run actions/checkout@v4	2026-10-03T16:04:24.6193067Z  * [new branch]      task/LOOP1-CLIENT-SQLITE-001 -> origin/task/LOOP1-CLIENT-SQLITE-001
classify	Run actions/checkout@v4	2026-10-03T16:04:24.6194366Z  * [new branch]      task/LOOP1-CLIENT-SQLITE-001-ts-kotlin -> origin/task/LOOP1-CLIENT-SQLITE-001-ts-kotlin
classify	Run actions/checkout@v4	2026-10-03T16:04:24.6195930Z  * [new branch]      task/LOOP1-CLIENT-UI-ARCH-001 -> origin/task/LOOP1-CLIENT-UI-ARCH-001
classify	Run actions/checkout@v4	2026-10-03T16:04:24.6207728Z  * [new branch]      task/LOOP1-E2E-001     -> origin/task/LOOP1-E2E-001
classify	Run actions/checkout@v4	2026-10-03T16:04:24.6208698Z  * [new branch]      task/LOOP1-GO-AUTH-001 -> origin/task/LOOP1-GO-AUTH-001
classify	Run actions/checkout@v4	2026-10-03T16:04:24.6209612Z  * [new branch]      task/LOOP1-GO-MSG-001  -> origin/task/LOOP1-GO-MSG-001
classify	Run actions/checkout@v4	2026-10-03T16:04:24.6210613Z  * [new branch]      task/LOOP1-GO-SOCIAL-001-v1.1 -> origin/task/LOOP1-GO-SOCIAL-001-v1.1
classify	Run actions/checkout@v4	2026-10-03T16:04:24.6211591Z  * [new branch]      task/LOOP1-SYNC-001    -> origin/task/LOOP1-SYNC-001
classify	Run actions/checkout@v4	2026-10-03T16:04:24.6213663Z [command]/usr/bin/git rev-parse --verify --quiet 8bcc7321bba05a70404d1e16bbd2fa0465da696f^{object}
classify	Run actions/checkout@v4	2026-10-03T16:04:24.6227669Z 8bcc7321bba05a70404d1e16bbd2fa0465da696f
classify	Run actions/checkout@v4	2026-10-03T16:04:24.6278515Z ##[endgroup]
classify	Run actions/checkout@v4	2026-10-03T16:04:24.6280299Z ##[group]Determining the checkout info
classify	Run actions/checkout@v4	2026-10-03T16:04:24.6282284Z ##[endgroup]
classify	Run actions/checkout@v4	2026-10-03T16:04:24.6283565Z [command]/usr/bin/git sparse-checkout disable
classify	Run actions/checkout@v4	2026-10-03T16:04:24.6306130Z [command]/usr/bin/git config --local --unset-all extensions.worktreeConfig
classify	Run actions/checkout@v4	2026-10-03T16:04:24.6341279Z ##[group]Checking out the ref
classify	Run actions/checkout@v4	2026-10-03T16:04:24.6345704Z [command]/usr/bin/git checkout --progress --force 8bcc7321bba05a70404d1e16bbd2fa0465da696f
classify	Run actions/checkout@v4	2026-10-03T16:04:25.2311583Z Note: switching to '8bcc7321bba05a70404d1e16bbd2fa0465da696f'.
classify	Run actions/checkout@v4	2026-10-03T16:04:25.2313017Z 
classify	Run actions/checkout@v4	2026-10-03T16:04:25.2313396Z You are in 'detached HEAD' state. You can look around, make experimental
classify	Run actions/checkout@v4	2026-10-03T16:04:25.2314183Z changes and commit them, and you can discard any commits you make in this
classify	Run actions/checkout@v4	2026-10-03T16:04:25.2314995Z state without impacting any branches by switching back to a branch.
classify	Run actions/checkout@v4	2026-10-03T16:04:25.2315805Z 
classify	Run actions/checkout@v4	2026-10-03T16:04:25.2316115Z If you want to create a new branch to retain commits you create, you may
classify	Run actions/checkout@v4	2026-10-03T16:04:25.2317108Z do so (now or later) by using -c with the switch command. Example:
classify	Run actions/checkout@v4	2026-10-03T16:04:25.2317545Z 
classify	Run actions/checkout@v4	2026-10-03T16:04:25.2317748Z   git switch -c <new-branch-name>
classify	Run actions/checkout@v4	2026-10-03T16:04:25.2318056Z 
classify	Run actions/checkout@v4	2026-10-03T16:04:25.2318259Z Or undo this operation with:
classify	Run actions/checkout@v4	2026-10-03T16:04:25.2318525Z 
classify	Run actions/checkout@v4	2026-10-03T16:04:25.2318699Z   git switch -
classify	Run actions/checkout@v4	2026-10-03T16:04:25.2318922Z 
classify	Run actions/checkout@v4	2026-10-03T16:04:25.2319361Z Turn off this advice by setting config variable advice.detachedHead to false
classify	Run actions/checkout@v4	2026-10-03T16:04:25.2319855Z 
classify	Run actions/checkout@v4	2026-10-03T16:04:25.2320140Z HEAD is now at 8bcc732 docs(sync): complete original Fix prompt evidence archive
classify	Run actions/checkout@v4	2026-10-03T16:04:25.2344869Z ##[endgroup]
classify	Run actions/checkout@v4	2026-10-03T16:04:25.2391872Z [command]/usr/bin/git log -1 --format=%H
classify	Run actions/checkout@v4	2026-10-03T16:04:25.2420838Z 8bcc7321bba05a70404d1e16bbd2fa0465da696f
classify	Diagnose checkout status	﻿2026-10-03T16:04:25.2633150Z ##[group]Run $status = @(git -c core.excludesFile=.git/info/exclude status --porcelain=v1 --untracked-files=all 2>&1)
classify	Diagnose checkout status	2026-10-03T16:04:25.2634721Z ^[[36;1m$status = @(git -c core.excludesFile=.git/info/exclude status --porcelain=v1 --untracked-files=all 2>&1)^[[0m
classify	Diagnose checkout status	2026-10-03T16:04:25.2635504Z ^[[36;1mif ($LASTEXITCODE -ne 0) { exit $LASTEXITCODE }^[[0m
classify	Diagnose checkout status	2026-10-03T16:04:25.2636035Z ^[[36;1mWrite-Host "checkout_status_entries=$($status.Count)"^[[0m
classify	Diagnose checkout status	2026-10-03T16:04:25.2636611Z ^[[36;1mforeach ($entry in $status) { Write-Host "checkout_status=$entry" }^[[0m
classify	Diagnose checkout status	2026-10-03T16:04:25.2665872Z shell: /usr/bin/pwsh -command ". '{0}'"
classify	Diagnose checkout status	2026-10-03T16:04:25.2666312Z ##[endgroup]
classify	Diagnose checkout status	2026-10-03T16:04:29.4300105Z checkout_status_entries=0
classify	Verify clean repository recovery	﻿2026-10-03T16:04:29.6554506Z ##[group]Run ./tools/verify-loop1-ctrl-002.ps1 -Mode Acceptance
classify	Verify clean repository recovery	2026-10-03T16:04:29.6555017Z ^[[36;1m./tools/verify-loop1-ctrl-002.ps1 -Mode Acceptance^[[0m
classify	Verify clean repository recovery	2026-10-03T16:04:29.6580790Z shell: /usr/bin/pwsh -command ". '{0}'"
classify	Verify clean repository recovery	2026-10-03T16:04:29.6581089Z ##[endgroup]
classify	Verify clean repository recovery	2026-10-03T16:04:46.2507209Z PASS: generic repository recovery verified task=LOOP1-SYNC-001 state=review mode=Acceptance queues=5 task_specs=30.
classify	Verify clean repository recovery	2026-10-03T16:04:46.2516042Z GIT: branch=HEAD status_entries=0 diff_lines=0 recent_commits=5.
classify	Test path matrix	﻿2026-10-03T16:04:46.3029037Z ##[group]Run python3 -m unittest discover -s tests/ci -v
classify	Test path matrix	2026-10-03T16:04:46.3029505Z ^[[36;1mpython3 -m unittest discover -s tests/ci -v^[[0m
classify	Test path matrix	2026-10-03T16:04:46.3094473Z shell: /usr/bin/bash -e {0}
classify	Test path matrix	2026-10-03T16:04:46.3094766Z env:
classify	Test path matrix	2026-10-03T16:04:46.3094995Z   PYTHONDONTWRITEBYTECODE: 1
classify	Test path matrix	2026-10-03T16:04:46.3095251Z ##[endgroup]
classify	Test path matrix	2026-10-03T16:04:46.4304357Z test_actual_storage_runner_and_deleted_fixture_select_actual_clients (test_classify.ClientStoragePaths.test_actual_storage_runner_and_deleted_fixture_select_actual_clients) ... ok
classify	Test path matrix	2026-10-03T16:04:46.4306429Z test_ci_changes_run_all_jobs (test_classify.PathMatrixTests.test_ci_changes_run_all_jobs) ... ok
classify	Test path matrix	2026-10-03T16:04:46.4308114Z test_client_changes_always_select_architecture (test_classify.PathMatrixTests.test_client_changes_always_select_architecture) ... ok
classify	Test path matrix	2026-10-03T16:04:46.4591593Z test_deleted_e2e_path_still_selects_live_checks (test_classify.PathMatrixTests.test_deleted_e2e_path_still_selects_live_checks) ... ok
classify	Test path matrix	2026-10-03T16:04:46.4838004Z test_deleted_send_fixture_still_runs_actual_checks (test_classify.PathMatrixTests.test_deleted_send_fixture_still_runs_actual_checks) ... ok
classify	Test path matrix	2026-10-03T16:04:46.4839876Z test_deploy_changes_run_deploy_validation (test_classify.PathMatrixTests.test_deploy_changes_run_deploy_validation) ... ok
classify	Test path matrix	2026-10-03T16:04:46.4842294Z test_e2e_paths_select_go_deploy_and_boundaries (test_classify.PathMatrixTests.test_e2e_paths_select_go_deploy_and_boundaries) ... ok
classify	Test path matrix	2026-10-03T16:04:46.5592868Z test_git_diff_includes_both_sides_of_shared_renames (test_classify.PathMatrixTests.test_git_diff_includes_both_sides_of_shared_renames) ... ok
classify	Test path matrix	2026-10-03T16:04:46.5833256Z test_git_diff_includes_deleted_shared_file (test_classify.PathMatrixTests.test_git_diff_includes_deleted_shared_file) ... ok
classify	Test path matrix	2026-10-03T16:04:46.5842223Z test_github_outputs_are_lowercase_booleans (test_classify.PathMatrixTests.test_github_outputs_are_lowercase_booleans) ... ok
classify	Test path matrix	2026-10-03T16:04:46.5846093Z test_governance_changes_cannot_skip_architecture (test_classify.PathMatrixTests.test_governance_changes_cannot_skip_architecture) ... ok
classify	Test path matrix	2026-10-03T16:04:46.6098955Z test_governance_deleted_and_renamed_paths_still_trigger (test_classify.PathMatrixTests.test_governance_deleted_and_renamed_paths_still_trigger) ... ok
classify	Test path matrix	2026-10-03T16:04:46.6100999Z test_profile_and_client_changes_are_local (test_classify.PathMatrixTests.test_profile_and_client_changes_are_local) ... ok
classify	Test path matrix	2026-10-03T16:04:46.6111191Z test_rejects_paths_outside_repo (test_classify.PathMatrixTests.test_rejects_paths_outside_repo) ... ok
classify	Test path matrix	2026-10-03T16:04:46.6112748Z test_send_verification_paths_select_actual_runtimes (test_classify.PathMatrixTests.test_send_verification_paths_select_actual_runtimes) ... ok
classify	Test path matrix	2026-10-03T16:04:46.6114439Z test_shared_changes_fan_out_to_full_compatibility (test_classify.PathMatrixTests.test_shared_changes_fan_out_to_full_compatibility) ... ok
classify	Test path matrix	2026-10-03T16:04:46.6116409Z test_union_and_deleted_paths (test_classify.PathMatrixTests.test_union_and_deleted_paths) ... ok
classify	Test path matrix	2026-10-03T16:04:46.6117654Z test_unrelated_files_do_not_schedule_product_jobs (test_classify.PathMatrixTests.test_unrelated_files_do_not_schedule_product_jobs) ... ok
classify	Test path matrix	2026-10-03T16:04:46.6118772Z test_architecture_jobs_missing_invalid_skipped_failed_cancelled (test_gate.GateTests.test_architecture_jobs_missing_invalid_skipped_failed_cancelled) ... ok
classify	Test path matrix	2026-10-03T16:04:46.6119719Z test_classifier_failure_fails_gate (test_gate.GateTests.test_classifier_failure_fails_gate) ... ok
classify	Test path matrix	2026-10-03T16:04:46.6120391Z test_selected_job_must_succeed (test_gate.GateTests.test_selected_job_must_succeed) ... ok
classify	Test path matrix	2026-10-03T16:04:46.6121145Z test_shared_subchecks_require_compatibility (test_gate.GateTests.test_shared_subchecks_require_compatibility) ... ok
classify	Test path matrix	2026-10-03T16:04:46.6122177Z test_recursive_live_go_verification_and_role_smoke_present (test_go_regression.GoRegressionTests.test_recursive_live_go_verification_and_role_smoke_present) ... ok
classify	Test path matrix	2026-10-03T16:04:46.6123375Z test_role_smoke_change_and_deletion_select_actual_jobs (test_go_regression.GoRegressionTests.test_role_smoke_change_and_deletion_select_actual_jobs) ... ok
classify	Test path matrix	2026-10-03T16:04:46.6292231Z test_websocket_upgrade_eof_terminates (test_go_regression.GoRegressionTests.test_websocket_upgrade_eof_terminates) ... ok
classify	Test path matrix	2026-10-03T16:04:46.6294324Z test_all_affected_workflow_jobs_use_boundary_checker (test_s0_boundary.S0BoundaryTests.test_all_affected_workflow_jobs_use_boundary_checker) ... ok
classify	Test path matrix	2026-10-03T16:04:46.6306815Z test_allowed_entry_name_is_only_allowed_at_profile_root (test_s0_boundary.S0BoundaryTests.test_allowed_entry_name_is_only_allowed_at_profile_root) ... ok
classify	Test path matrix	2026-10-03T16:04:46.6315940Z test_allowed_name_and_profile_root_symlink_checks_without_os_link_privilege (test_s0_boundary.S0BoundaryTests.test_allowed_name_and_profile_root_symlink_checks_without_os_link_privilege) ... ok
classify	Test path matrix	2026-10-03T16:04:46.6385501Z test_committed_skeleton_contains_no_unexpected_source (test_s0_boundary.S0BoundaryTests.test_committed_skeleton_contains_no_unexpected_source) ... ok
classify	Test path matrix	2026-10-03T16:04:46.6478589Z test_empty_markers_are_ignored_but_new_source_is_rejected (test_s0_boundary.S0BoundaryTests.test_empty_markers_are_ignored_but_new_source_is_rejected) ... ok
classify	Test path matrix	2026-10-03T16:04:46.6508515Z test_symlinks_cannot_hide_behind_allowed_names_or_profile_root (test_s0_boundary.S0BoundaryTests.test_symlinks_cannot_hide_behind_allowed_names_or_profile_root) ... ok
classify	Test path matrix	2026-10-03T16:04:46.6511137Z test_rejects_runner_context_at_deploy_job_env (test_workflow_context.WorkflowContextTests.test_rejects_runner_context_at_deploy_job_env) ... ok
classify	Test path matrix	2026-10-03T16:04:46.6513533Z test_runner_context_is_absent_from_job_env (test_workflow_context.WorkflowContextTests.test_runner_context_is_absent_from_job_env) ... ok
classify	Test path matrix	2026-10-03T16:04:46.6514479Z 
classify	Test path matrix	2026-10-03T16:04:46.6514737Z ----------------------------------------------------------------------
classify	Test path matrix	2026-10-03T16:04:46.6515228Z Ran 33 tests in 0.221s
classify	Test path matrix	2026-10-03T16:04:46.6515386Z 
classify	Test path matrix	2026-10-03T16:04:46.6515469Z OK
classify	Test path matrix	2026-10-03T16:04:46.6515651Z {
classify	Test path matrix	2026-10-03T16:04:46.6515852Z   "paths": [
classify	Test path matrix	2026-10-03T16:04:46.6516089Z     "contracts/errors/x.json"
classify	Test path matrix	2026-10-03T16:04:46.6516335Z   ],
classify	Test path matrix	2026-10-03T16:04:46.6516524Z   "jobs": {
classify	Test path matrix	2026-10-03T16:04:46.6516945Z     "go": true,
classify	Test path matrix	2026-10-03T16:04:46.6517186Z     "java": true,
classify	Test path matrix	2026-10-03T16:04:46.6517399Z     "web": true,
classify	Test path matrix	2026-10-03T16:04:46.6517613Z     "desktop": true,
classify	Test path matrix	2026-10-03T16:04:46.6517840Z     "mobile": true,
classify	Test path matrix	2026-10-03T16:04:46.6518060Z     "shared": true,
classify	Test path matrix	2026-10-03T16:04:46.6518281Z     "old_client": true,
classify	Test path matrix	2026-10-03T16:04:46.6518517Z     "plugin": true,
classify	Test path matrix	2026-10-03T16:04:46.6518739Z     "migration": true,
classify	Test path matrix	2026-10-03T16:04:46.6518988Z     "compatibility": true,
classify	Test path matrix	2026-10-03T16:04:46.6519233Z     "deploy": false,
classify	Test path matrix	2026-10-03T16:04:46.6519465Z     "architecture": true,
classify	Test path matrix	2026-10-03T16:04:46.6519706Z     "source_go": true,
classify	Test path matrix	2026-10-03T16:04:46.6519940Z     "source_java": true
classify	Test path matrix	2026-10-03T16:04:46.6520163Z   }
classify	Test path matrix	2026-10-03T16:04:46.6520347Z }
classify	Classify full diff, including deletions	﻿2026-10-03T16:04:46.6706182Z ##[group]Run base="$BASE_SHA"
classify	Classify full diff, including deletions	2026-10-03T16:04:46.6706520Z ^[[36;1mbase="$BASE_SHA"^[[0m
classify	Classify full diff, including deletions	2026-10-03T16:04:46.6706992Z ^[[36;1mif [[ -z "$base" || "$base" =~ ^0+$ ]]; then^[[0m
classify	Classify full diff, including deletions	2026-10-03T16:04:46.6707332Z ^[[36;1m  base=$(git hash-object -t tree /dev/null)^[[0m
classify	Classify full diff, including deletions	2026-10-03T16:04:46.6707615Z ^[[36;1mfi^[[0m
classify	Classify full diff, including deletions	2026-10-03T16:04:46.6707987Z ^[[36;1mpython3 ci/classify.py --base "$base" --head "$HEAD_SHA" --github-output "$GITHUB_OUTPUT"^[[0m
classify	Classify full diff, including deletions	2026-10-03T16:04:46.6771491Z shell: /usr/bin/bash --noprofile --norc -e -o pipefail {0}
classify	Classify full diff, including deletions	2026-10-03T16:04:46.6771843Z env:
classify	Classify full diff, including deletions	2026-10-03T16:04:46.6772079Z   BASE_SHA: ccd780bd73b2bc1f7a32c31788e0f62613d69a9b
classify	Classify full diff, including deletions	2026-10-03T16:04:46.6772419Z   HEAD_SHA: 8bcc7321bba05a70404d1e16bbd2fa0465da696f
classify	Classify full diff, including deletions	2026-10-03T16:04:46.6772726Z   PYTHONDONTWRITEBYTECODE: 1
classify	Classify full diff, including deletions	2026-10-03T16:04:46.6772970Z ##[endgroup]
classify	Classify full diff, including deletions	2026-10-03T16:04:46.7166111Z {
classify	Classify full diff, including deletions	2026-10-03T16:04:46.7166552Z   "paths": [
classify	Classify full diff, including deletions	2026-10-03T16:04:46.7167171Z     "clients/shared/protocol-sdk/src/send/wire.ts",
classify	Classify full diff, including deletions	2026-10-03T16:04:46.7167798Z     "clients/shared/protocol-sdk/src/sync/wire.ts",
classify	Classify full diff, including deletions	2026-10-03T16:04:46.7168704Z     "spec/progress/current.md",
classify	Classify full diff, including deletions	2026-10-03T16:04:46.7169361Z     "spec/progress/evidence/LOOP1-SYNC-001/client-fix/archive-manifest.json",
classify	Classify full diff, including deletions	2026-10-03T16:04:46.7170265Z     "spec/progress/evidence/LOOP1-SYNC-001/client-fix/command-index.json",
classify	Classify full diff, including deletions	2026-10-03T16:04:46.7171530Z     "spec/progress/evidence/LOOP1-SYNC-001/client-fix/failed-review/prompts/P-58bd1023-e145-4cf5-a5cd-4baa33b52ff8/metadata.json",
classify	Classify full diff, including deletions	2026-10-03T16:04:46.7173112Z     "spec/progress/evidence/LOOP1-SYNC-001/client-fix/failed-review/prompts/P-58bd1023-e145-4cf5-a5cd-4baa33b52ff8/prompt.txt",
classify	Classify full diff, including deletions	2026-10-03T16:04:46.7174361Z     "spec/progress/evidence/LOOP1-SYNC-001/client-fix/failed-review/review.md",
classify	Classify full diff, including deletions	2026-10-03T16:04:46.7175847Z     "spec/progress/evidence/LOOP1-SYNC-001/client-fix/failed-review/runs/R-20261003T154043Z-b21579c7-4f71-457b-9fa7-bf2d38dd69ff/blobs/C-08c43f24-5e59-4855-8cbb-a61a6c7f3414.stderr.txt",
classify	Classify full diff, including deletions	2026-10-03T16:04:46.7178210Z     "spec/progress/evidence/LOOP1-SYNC-001/client-fix/failed-review/runs/R-20261003T154043Z-b21579c7-4f71-457b-9fa7-bf2d38dd69ff/blobs/C-08c43f24-5e59-4855-8cbb-a61a6c7f3414.stdout.txt",
classify	Classify full diff, including deletions	2026-10-03T16:04:46.7180547Z     "spec/progress/evidence/LOOP1-SYNC-001/client-fix/failed-review/runs/R-20261003T154043Z-b21579c7-4f71-457b-9fa7-bf2d38dd69ff/blobs/C-18b500cb-fb4e-47f3-9cd7-e79e1a0ec6d6.stderr.txt",
classify	Classify full diff, including deletions	2026-10-03T16:04:46.7182817Z     "spec/progress/evidence/LOOP1-SYNC-001/client-fix/failed-review/runs/R-20261003T154043Z-b21579c7-4f71-457b-9fa7-bf2d38dd69ff/blobs/C-18b500cb-fb4e-47f3-9cd7-e79e1a0ec6d6.stdout.txt",
classify	Classify full diff, including deletions	2026-10-03T16:04:46.7184883Z     "spec/progress/evidence/LOOP1-SYNC-001/client-fix/failed-review/runs/R-20261003T154043Z-b21579c7-4f71-457b-9fa7-bf2d38dd69ff/blobs/C-399fafc6-be83-45c1-a630-896323dc5393.stderr.txt",
classify	Classify full diff, including deletions	2026-10-03T16:04:46.7187310Z     "spec/progress/evidence/LOOP1-SYNC-001/client-fix/failed-review/runs/R-20261003T154043Z-b21579c7-4f71-457b-9fa7-bf2d38dd69ff/blobs/C-399fafc6-be83-45c1-a630-896323dc5393.stdout.txt",
classify	Classify full diff, including deletions	2026-10-03T16:04:46.7189593Z     "spec/progress/evidence/LOOP1-SYNC-001/client-fix/failed-review/runs/R-20261003T154043Z-b21579c7-4f71-457b-9fa7-bf2d38dd69ff/blobs/C-437766c8-063d-4559-ae11-c97133782ec5.stderr.txt",
classify	Classify full diff, including deletions	2026-10-03T16:04:46.7191907Z     "spec/progress/evidence/LOOP1-SYNC-001/client-fix/failed-review/runs/R-20261003T154043Z-b21579c7-4f71-457b-9fa7-bf2d38dd69ff/blobs/C-437766c8-063d-4559-ae11-c97133782ec5.stdout.txt",
classify	Classify full diff, including deletions	2026-10-03T16:04:46.7194211Z     "spec/progress/evidence/LOOP1-SYNC-001/client-fix/failed-review/runs/R-20261003T154043Z-b21579c7-4f71-457b-9fa7-bf2d38dd69ff/blobs/C-44d799fd-2478-4d37-aac7-0054119f1b9e.stderr.txt",
classify	Classify full diff, including deletions	2026-10-03T16:04:46.7196502Z     "spec/progress/evidence/LOOP1-SYNC-001/client-fix/failed-review/runs/R-20261003T154043Z-b21579c7-4f71-457b-9fa7-bf2d38dd69ff/blobs/C-44d799fd-2478-4d37-aac7-0054119f1b9e.stdout.txt",
classify	Classify full diff, including deletions	2026-10-03T16:04:46.7198913Z     "spec/progress/evidence/LOOP1-SYNC-001/client-fix/failed-review/runs/R-20261003T154043Z-b21579c7-4f71-457b-9fa7-bf2d38dd69ff/blobs/C-4504f3ab-e509-4d52-a07d-b1a5b87423e2.stderr.txt",
classify	Classify full diff, including deletions	2026-10-03T16:04:46.7201472Z     "spec/progress/evidence/LOOP1-SYNC-001/client-fix/failed-review/runs/R-20261003T154043Z-b21579c7-4f71-457b-9fa7-bf2d38dd69ff/blobs/C-4504f3ab-e509-4d52-a07d-b1a5b87423e2.stdout.txt",
classify	Classify full diff, including deletions	2026-10-03T16:04:46.7203731Z     "spec/progress/evidence/LOOP1-SYNC-001/client-fix/failed-review/runs/R-20261003T154043Z-b21579c7-4f71-457b-9fa7-bf2d38dd69ff/blobs/C-47af06be-fa8f-4a70-8613-bd24e5f322a7.stderr.txt",
classify	Classify full diff, including deletions	2026-10-03T16:04:46.7206064Z     "spec/progress/evidence/LOOP1-SYNC-001/client-fix/failed-review/runs/R-20261003T154043Z-b21579c7-4f71-457b-9fa7-bf2d38dd69ff/blobs/C-47af06be-fa8f-4a70-8613-bd24e5f322a7.stdout.txt",
classify	Classify full diff, including deletions	2026-10-03T16:04:46.7208545Z     "spec/progress/evidence/LOOP1-SYNC-001/client-fix/failed-review/runs/R-20261003T154043Z-b21579c7-4f71-457b-9fa7-bf2d38dd69ff/blobs/C-4efc8d04-28dc-4146-8ea2-c0be0865a2e7.stderr.txt",
classify	Classify full diff, including deletions	2026-10-03T16:04:46.7210830Z     "spec/progress/evidence/LOOP1-SYNC-001/client-fix/failed-review/runs/R-20261003T154043Z-b21579c7-4f71-457b-9fa7-bf2d38dd69ff/blobs/C-4efc8d04-28dc-4146-8ea2-c0be0865a2e7.stdout.txt",
classify	Classify full diff, including deletions	2026-10-03T16:04:46.7213365Z     "spec/progress/evidence/LOOP1-SYNC-001/client-fix/failed-review/runs/R-20261003T154043Z-b21579c7-4f71-457b-9fa7-bf2d38dd69ff/blobs/C-56b5f109-5e51-4ce7-9083-fb8aae59dad9.stderr.txt",
classify	Classify full diff, including deletions	2026-10-03T16:04:46.7215609Z     "spec/progress/evidence/LOOP1-SYNC-001/client-fix/failed-review/runs/R-20261003T154043Z-b21579c7-4f71-457b-9fa7-bf2d38dd69ff/blobs/C-56b5f109-5e51-4ce7-9083-fb8aae59dad9.stdout.txt",
classify	Classify full diff, including deletions	2026-10-03T16:04:46.7218093Z     "spec/progress/evidence/LOOP1-SYNC-001/client-fix/failed-review/runs/R-20261003T154043Z-b21579c7-4f71-457b-9fa7-bf2d38dd69ff/blobs/C-6100912f-cdcc-456f-ac1c-a5948057b9e9.stderr.txt",
classify	Classify full diff, including deletions	2026-10-03T16:04:46.7219921Z     "spec/progress/evidence/LOOP1-SYNC-001/client-fix/failed-review/runs/R-20261003T154043Z-b21579c7-4f71-457b-9fa7-bf2d38dd69ff/blobs/C-6100912f-cdcc-456f-ac1c-a5948057b9e9.stdout.txt",
classify	Classify full diff, including deletions	2026-10-03T16:04:46.7221256Z     "spec/progress/evidence/LOOP1-SYNC-001/client-fix/failed-review/runs/R-20261003T154043Z-b21579c7-4f71-457b-9fa7-bf2d38dd69ff/blobs/C-709e4dc2-4348-4c59-8db5-7303e257d992.stderr.txt",
classify	Classify full diff, including deletions	2026-10-03T16:04:46.7223508Z     "spec/progress/evidence/LOOP1-SYNC-001/client-fix/failed-review/runs/R-20261003T154043Z-b21579c7-4f71-457b-9fa7-bf2d38dd69ff/blobs/C-709e4dc2-4348-4c59-8db5-7303e257d992.stdout.txt",
classify	Classify full diff, including deletions	2026-10-03T16:04:46.7224751Z     "spec/progress/evidence/LOOP1-SYNC-001/client-fix/failed-review/runs/R-20261003T154043Z-b21579c7-4f71-457b-9fa7-bf2d38dd69ff/blobs/C-9184671c-00dd-4c76-b3dc-d687a350d69b.stderr.txt",
classify	Classify full diff, including deletions	2026-10-03T16:04:46.7225980Z     "spec/progress/evidence/LOOP1-SYNC-001/client-fix/failed-review/runs/R-20261003T154043Z-b21579c7-4f71-457b-9fa7-bf2d38dd69ff/blobs/C-9184671c-00dd-4c76-b3dc-d687a350d69b.stdout.txt",
classify	Classify full diff, including deletions	2026-10-03T16:04:46.7227505Z     "spec/progress/evidence/LOOP1-SYNC-001/client-fix/failed-review/runs/R-20261003T154043Z-b21579c7-4f71-457b-9fa7-bf2d38dd69ff/blobs/C-932aa8ff-2ee8-4c76-9f9d-0553ebc39b8c.stderr.txt",
classify	Classify full diff, including deletions	2026-10-03T16:04:46.7228759Z     "spec/progress/evidence/LOOP1-SYNC-001/client-fix/failed-review/runs/R-20261003T154043Z-b21579c7-4f71-457b-9fa7-bf2d38dd69ff/blobs/C-932aa8ff-2ee8-4c76-9f9d-0553ebc39b8c.stdout.txt",
classify	Classify full diff, including deletions	2026-10-03T16:04:46.7229986Z     "spec/progress/evidence/LOOP1-SYNC-001/client-fix/failed-review/runs/R-20261003T154043Z-b21579c7-4f71-457b-9fa7-bf2d38dd69ff/blobs/C-990d778b-ad08-45d1-a3ac-199094f74f58.stderr.txt",
classify	Classify full diff, including deletions	2026-10-03T16:04:46.7231201Z     "spec/progress/evidence/LOOP1-SYNC-001/client-fix/failed-review/runs/R-20261003T154043Z-b21579c7-4f71-457b-9fa7-bf2d38dd69ff/blobs/C-990d778b-ad08-45d1-a3ac-199094f74f58.stdout.txt",
classify	Classify full diff, including deletions	2026-10-03T16:04:46.7232424Z     "spec/progress/evidence/LOOP1-SYNC-001/client-fix/failed-review/runs/R-20261003T154043Z-b21579c7-4f71-457b-9fa7-bf2d38dd69ff/blobs/C-b041dc40-2510-4a77-ba78-d0db028a3cbb.stderr.txt",
classify	Classify full diff, including deletions	2026-10-03T16:04:46.7233643Z     "spec/progress/evidence/LOOP1-SYNC-001/client-fix/failed-review/runs/R-20261003T154043Z-b21579c7-4f71-457b-9fa7-bf2d38dd69ff/blobs/C-b041dc40-2510-4a77-ba78-d0db028a3cbb.stdout.txt",
classify	Classify full diff, including deletions	2026-10-03T16:04:46.7235056Z     "spec/progress/evidence/LOOP1-SYNC-001/client-fix/failed-review/runs/R-20261003T154043Z-b21579c7-4f71-457b-9fa7-bf2d38dd69ff/blobs/C-b7ffc7f7-ee07-43c3-b8cb-a39e6cbdc893.stderr.txt",
classify	Classify full diff, including deletions	2026-10-03T16:04:46.7236291Z     "spec/progress/evidence/LOOP1-SYNC-001/client-fix/failed-review/runs/R-20261003T154043Z-b21579c7-4f71-457b-9fa7-bf2d38dd69ff/blobs/C-b7ffc7f7-ee07-43c3-b8cb-a39e6cbdc893.stdout.txt",
classify	Classify full diff, including deletions	2026-10-03T16:04:46.7237787Z     "spec/progress/evidence/LOOP1-SYNC-001/client-fix/failed-review/runs/R-20261003T154043Z-b21579c7-4f71-457b-9fa7-bf2d38dd69ff/blobs/C-c3a14826-7732-4f9c-9dda-3e02df168ed1.stderr.txt",
classify	Classify full diff, including deletions	2026-10-03T16:04:46.7239024Z     "spec/progress/evidence/LOOP1-SYNC-001/client-fix/failed-review/runs/R-20261003T154043Z-b21579c7-4f71-457b-9fa7-bf2d38dd69ff/blobs/C-c3a14826-7732-4f9c-9dda-3e02df168ed1.stdout.txt",
classify	Classify full diff, including deletions	2026-10-03T16:04:46.7240282Z     "spec/progress/evidence/LOOP1-SYNC-001/client-fix/failed-review/runs/R-20261003T154043Z-b21579c7-4f71-457b-9fa7-bf2d38dd69ff/blobs/C-c42ebd18-feb6-4a22-8b85-c977f79206cc.stderr.txt",
classify	Classify full diff, including deletions	2026-10-03T16:04:46.7241677Z     "spec/progress/evidence/LOOP1-SYNC-001/client-fix/failed-review/runs/R-20261003T154043Z-b21579c7-4f71-457b-9fa7-bf2d38dd69ff/blobs/C-c42ebd18-feb6-4a22-8b85-c977f79206cc.stdout.txt",
classify	Classify full diff, including deletions	2026-10-03T16:04:46.7242925Z     "spec/progress/evidence/LOOP1-SYNC-001/client-fix/failed-review/runs/R-20261003T154043Z-b21579c7-4f71-457b-9fa7-bf2d38dd69ff/blobs/C-dae7b8cb-1b62-4f05-abea-de9404dc3a9d.stderr.txt",
classify	Classify full diff, including deletions	2026-10-03T16:04:46.7244176Z     "spec/progress/evidence/LOOP1-SYNC-001/client-fix/failed-review/runs/R-20261003T154043Z-b21579c7-4f71-457b-9fa7-bf2d38dd69ff/blobs/C-dae7b8cb-1b62-4f05-abea-de9404dc3a9d.stdout.txt",
classify	Classify full diff, including deletions	2026-10-03T16:04:46.7245425Z     "spec/progress/evidence/LOOP1-SYNC-001/client-fix/failed-review/runs/R-20261003T154043Z-b21579c7-4f71-457b-9fa7-bf2d38dd69ff/blobs/C-e317caef-8514-467a-ba3b-c3afaf502f0c.stderr.txt",
classify	Classify full diff, including deletions	2026-10-03T16:04:46.7246862Z     "spec/progress/evidence/LOOP1-SYNC-001/client-fix/failed-review/runs/R-20261003T154043Z-b21579c7-4f71-457b-9fa7-bf2d38dd69ff/blobs/C-e317caef-8514-467a-ba3b-c3afaf502f0c.stdout.txt",
classify	Classify full diff, including deletions	2026-10-03T16:04:46.7248118Z     "spec/progress/evidence/LOOP1-SYNC-001/client-fix/failed-review/runs/R-20261003T154043Z-b21579c7-4f71-457b-9fa7-bf2d38dd69ff/blobs/C-eacc8c91-928c-4283-9cd9-6c627f7f7b2d.stderr.txt",
classify	Classify full diff, including deletions	2026-10-03T16:04:46.7249344Z     "spec/progress/evidence/LOOP1-SYNC-001/client-fix/failed-review/runs/R-20261003T154043Z-b21579c7-4f71-457b-9fa7-bf2d38dd69ff/blobs/C-eacc8c91-928c-4283-9cd9-6c627f7f7b2d.stdout.txt",
classify	Classify full diff, including deletions	2026-10-03T16:04:46.7250422Z     "spec/progress/evidence/LOOP1-SYNC-001/client-fix/failed-review/runs/R-20261003T154043Z-b21579c7-4f71-457b-9fa7-bf2d38dd69ff/diff.patch",
classify	Classify full diff, including deletions	2026-10-03T16:04:46.7251358Z     "spec/progress/evidence/LOOP1-SYNC-001/client-fix/failed-review/runs/R-20261003T154043Z-b21579c7-4f71-457b-9fa7-bf2d38dd69ff/events.jsonl",
classify	Classify full diff, including deletions	2026-10-03T16:04:46.7252335Z     "spec/progress/evidence/LOOP1-SYNC-001/client-fix/failed-review/runs/R-20261003T154043Z-b21579c7-4f71-457b-9fa7-bf2d38dd69ff/final_state.json",
classify	Classify full diff, including deletions	2026-10-03T16:04:46.7253332Z     "spec/progress/evidence/LOOP1-SYNC-001/client-fix/failed-review/runs/R-20261003T154043Z-b21579c7-4f71-457b-9fa7-bf2d38dd69ff/initial_state.json",
classify	Classify full diff, including deletions	2026-10-03T16:04:46.7254291Z     "spec/progress/evidence/LOOP1-SYNC-001/client-fix/failed-review/runs/R-20261003T154043Z-b21579c7-4f71-457b-9fa7-bf2d38dd69ff/metadata.json",
classify	Classify full diff, including deletions	2026-10-03T16:04:46.7255807Z     "spec/progress/evidence/LOOP1-SYNC-001/client-fix/failed-review/runs/R-20261003T154043Z-b21579c7-4f71-457b-9fa7-bf2d38dd69ff/summary.json",
classify	Classify full diff, including deletions	2026-10-03T16:04:46.7256792Z     "spec/progress/evidence/LOOP1-SYNC-001/client-fix/fix-research/generated-receipt.json",
classify	Classify full diff, including deletions	2026-10-03T16:04:46.7257497Z     "spec/progress/evidence/LOOP1-SYNC-001/client-fix/fix-research/prompts/P-SYNC-CLIENT-FIX/metadata.json",
classify	Classify full diff, including deletions	2026-10-03T16:04:46.7258209Z     "spec/progress/evidence/LOOP1-SYNC-001/client-fix/fix-research/prompts/P-SYNC-CLIENT-FIX/prompt.txt",
classify	Classify full diff, including deletions	2026-10-03T16:04:46.7259261Z     "spec/progress/evidence/LOOP1-SYNC-001/client-fix/fix-research/runs/R-SYNC-CLIENT-FIX-20261003/blobs/C-05e201eb-b2a1-427e-aaad-741df2c8c9ca.stderr.txt",
classify	Classify full diff, including deletions	2026-10-03T16:04:46.7260314Z     "spec/progress/evidence/LOOP1-SYNC-001/client-fix/fix-research/runs/R-SYNC-CLIENT-FIX-20261003/blobs/C-05e201eb-b2a1-427e-aaad-741df2c8c9ca.stdout.txt",
classify	Classify full diff, including deletions	2026-10-03T16:04:46.7261348Z     "spec/progress/evidence/LOOP1-SYNC-001/client-fix/fix-research/runs/R-SYNC-CLIENT-FIX-20261003/blobs/C-0b1aa95f-25a0-43ac-9624-416aed527cfc.stderr.txt",
classify	Classify full diff, including deletions	2026-10-03T16:04:46.7262372Z     "spec/progress/evidence/LOOP1-SYNC-001/client-fix/fix-research/runs/R-SYNC-CLIENT-FIX-20261003/blobs/C-0b1aa95f-25a0-43ac-9624-416aed527cfc.stdout.txt",
classify	Classify full diff, including deletions	2026-10-03T16:04:46.7263387Z     "spec/progress/evidence/LOOP1-SYNC-001/client-fix/fix-research/runs/R-SYNC-CLIENT-FIX-20261003/blobs/C-0ca70223-223a-4ebc-8396-1871668bbbb3.stderr.txt",
classify	Classify full diff, including deletions	2026-10-03T16:04:46.7264397Z     "spec/progress/evidence/LOOP1-SYNC-001/client-fix/fix-research/runs/R-SYNC-CLIENT-FIX-20261003/blobs/C-0ca70223-223a-4ebc-8396-1871668bbbb3.stdout.txt",
classify	Classify full diff, including deletions	2026-10-03T16:04:46.7265536Z     "spec/progress/evidence/LOOP1-SYNC-001/client-fix/fix-research/runs/R-SYNC-CLIENT-FIX-20261003/blobs/C-161b14a4-dc18-4476-a095-4f49c664ed3c.stderr.txt",
classify	Classify full diff, including deletions	2026-10-03T16:04:46.7266552Z     "spec/progress/evidence/LOOP1-SYNC-001/client-fix/fix-research/runs/R-SYNC-CLIENT-FIX-20261003/blobs/C-161b14a4-dc18-4476-a095-4f49c664ed3c.stdout.txt",
classify	Classify full diff, including deletions	2026-10-03T16:04:46.7267805Z     "spec/progress/evidence/LOOP1-SYNC-001/client-fix/fix-research/runs/R-SYNC-CLIENT-FIX-20261003/blobs/C-16b62c8d-b4e2-4357-aaf1-e3b4108e4bc4.stderr.txt",
classify	Classify full diff, including deletions	2026-10-03T16:04:46.7268830Z     "spec/progress/evidence/LOOP1-SYNC-001/client-fix/fix-research/runs/R-SYNC-CLIENT-FIX-20261003/blobs/C-16b62c8d-b4e2-4357-aaf1-e3b4108e4bc4.stdout.txt",
classify	Classify full diff, including deletions	2026-10-03T16:04:46.7269855Z     "spec/progress/evidence/LOOP1-SYNC-001/client-fix/fix-research/runs/R-SYNC-CLIENT-FIX-20261003/blobs/C-1fb2dcc1-372e-457d-b4b8-f2da78944018.stderr.txt",
classify	Classify full diff, including deletions	2026-10-03T16:04:46.7270885Z     "spec/progress/evidence/LOOP1-SYNC-001/client-fix/fix-research/runs/R-SYNC-CLIENT-FIX-20261003/blobs/C-1fb2dcc1-372e-457d-b4b8-f2da78944018.stdout.txt",
classify	Classify full diff, including deletions	2026-10-03T16:04:46.7271911Z     "spec/progress/evidence/LOOP1-SYNC-001/client-fix/fix-research/runs/R-SYNC-CLIENT-FIX-20261003/blobs/C-414f83a6-0c5a-48d8-a029-68784f35230c.stderr.txt",
classify	Classify full diff, including deletions	2026-10-03T16:04:46.7272925Z     "spec/progress/evidence/LOOP1-SYNC-001/client-fix/fix-research/runs/R-SYNC-CLIENT-FIX-20261003/blobs/C-414f83a6-0c5a-48d8-a029-68784f35230c.stdout.txt",
classify	Classify full diff, including deletions	2026-10-03T16:04:46.7273935Z     "spec/progress/evidence/LOOP1-SYNC-001/client-fix/fix-research/runs/R-SYNC-CLIENT-FIX-20261003/blobs/C-4943076f-9f47-4a89-b7b4-51b403331a26.stderr.txt",
classify	Classify full diff, including deletions	2026-10-03T16:04:46.7274943Z     "spec/progress/evidence/LOOP1-SYNC-001/client-fix/fix-research/runs/R-SYNC-CLIENT-FIX-20261003/blobs/C-4943076f-9f47-4a89-b7b4-51b403331a26.stdout.txt",
classify	Classify full diff, including deletions	2026-10-03T16:04:46.7276009Z     "spec/progress/evidence/LOOP1-SYNC-001/client-fix/fix-research/runs/R-SYNC-CLIENT-FIX-20261003/blobs/C-4e9a01ed-7ab4-4677-81a0-f1051a0834ab.stderr.txt",
classify	Classify full diff, including deletions	2026-10-03T16:04:46.7277300Z     "spec/progress/evidence/LOOP1-SYNC-001/client-fix/fix-research/runs/R-SYNC-CLIENT-FIX-20261003/blobs/C-4e9a01ed-7ab4-4677-81a0-f1051a0834ab.stdout.txt",
classify	Classify full diff, including deletions	2026-10-03T16:04:46.7278328Z     "spec/progress/evidence/LOOP1-SYNC-001/client-fix/fix-research/runs/R-SYNC-CLIENT-FIX-20261003/blobs/C-65484c04-ec61-4120-bfa0-d8c7c861cbb4.stderr.txt",
classify	Classify full diff, including deletions	2026-10-03T16:04:46.7279380Z     "spec/progress/evidence/LOOP1-SYNC-001/client-fix/fix-research/runs/R-SYNC-CLIENT-FIX-20261003/blobs/C-65484c04-ec61-4120-bfa0-d8c7c861cbb4.stdout.txt",
classify	Classify full diff, including deletions	2026-10-03T16:04:46.7280421Z     "spec/progress/evidence/LOOP1-SYNC-001/client-fix/fix-research/runs/R-SYNC-CLIENT-FIX-20261003/blobs/C-6ad74137-1dff-4c19-8b54-27c4fde713ec.stderr.txt",
classify	Classify full diff, including deletions	2026-10-03T16:04:46.7281452Z     "spec/progress/evidence/LOOP1-SYNC-001/client-fix/fix-research/runs/R-SYNC-CLIENT-FIX-20261003/blobs/C-6ad74137-1dff-4c19-8b54-27c4fde713ec.stdout.txt",
classify	Classify full diff, including deletions	2026-10-03T16:04:46.7282471Z     "spec/progress/evidence/LOOP1-SYNC-001/client-fix/fix-research/runs/R-SYNC-CLIENT-FIX-20261003/blobs/C-81e07804-78ef-4976-83bd-6eb374e61833.stderr.txt",
classify	Classify full diff, including deletions	2026-10-03T16:04:46.7283621Z     "spec/progress/evidence/LOOP1-SYNC-001/client-fix/fix-research/runs/R-SYNC-CLIENT-FIX-20261003/blobs/C-81e07804-78ef-4976-83bd-6eb374e61833.stdout.txt",
classify	Classify full diff, including deletions	2026-10-03T16:04:46.7284638Z     "spec/progress/evidence/LOOP1-SYNC-001/client-fix/fix-research/runs/R-SYNC-CLIENT-FIX-20261003/blobs/C-89b05ac0-fa3f-4343-88f1-6ebbd340a9eb.stderr.txt",
classify	Classify full diff, including deletions	2026-10-03T16:04:46.7285665Z     "spec/progress/evidence/LOOP1-SYNC-001/client-fix/fix-research/runs/R-SYNC-CLIENT-FIX-20261003/blobs/C-89b05ac0-fa3f-4343-88f1-6ebbd340a9eb.stdout.txt",
classify	Classify full diff, including deletions	2026-10-03T16:04:46.7286943Z     "spec/progress/evidence/LOOP1-SYNC-001/client-fix/fix-research/runs/R-SYNC-CLIENT-FIX-20261003/blobs/C-8a6160c5-eacf-445f-8e97-5c174cdc3370.stderr.txt",
classify	Classify full diff, including deletions	2026-10-03T16:04:46.7287984Z     "spec/progress/evidence/LOOP1-SYNC-001/client-fix/fix-research/runs/R-SYNC-CLIENT-FIX-20261003/blobs/C-8a6160c5-eacf-445f-8e97-5c174cdc3370.stdout.txt",
classify	Classify full diff, including deletions	2026-10-03T16:04:46.7289145Z     "spec/progress/evidence/LOOP1-SYNC-001/client-fix/fix-research/runs/R-SYNC-CLIENT-FIX-20261003/blobs/C-8e3326bf-2293-4bf1-be78-8278ba7f88cf.stderr.txt",
classify	Classify full diff, including deletions	2026-10-03T16:04:46.7290166Z     "spec/progress/evidence/LOOP1-SYNC-001/client-fix/fix-research/runs/R-SYNC-CLIENT-FIX-20261003/blobs/C-8e3326bf-2293-4bf1-be78-8278ba7f88cf.stdout.txt",
classify	Classify full diff, including deletions	2026-10-03T16:04:46.7291191Z     "spec/progress/evidence/LOOP1-SYNC-001/client-fix/fix-research/runs/R-SYNC-CLIENT-FIX-20261003/blobs/C-8fcaab43-86b1-41c9-b3bb-a327a36e1581.stderr.txt",
classify	Classify full diff, including deletions	2026-10-03T16:04:46.7292216Z     "spec/progress/evidence/LOOP1-SYNC-001/client-fix/fix-research/runs/R-SYNC-CLIENT-FIX-20261003/blobs/C-8fcaab43-86b1-41c9-b3bb-a327a36e1581.stdout.txt",
classify	Classify full diff, including deletions	2026-10-03T16:04:46.7293248Z     "spec/progress/evidence/LOOP1-SYNC-001/client-fix/fix-research/runs/R-SYNC-CLIENT-FIX-20261003/blobs/C-975c0ce0-03a4-4d38-ab62-00d95962af81.stderr.txt",
classify	Classify full diff, including deletions	2026-10-03T16:04:46.7294268Z     "spec/progress/evidence/LOOP1-SYNC-001/client-fix/fix-research/runs/R-SYNC-CLIENT-FIX-20261003/blobs/C-975c0ce0-03a4-4d38-ab62-00d95962af81.stdout.txt",
classify	Classify full diff, including deletions	2026-10-03T16:04:46.7295301Z     "spec/progress/evidence/LOOP1-SYNC-001/client-fix/fix-research/runs/R-SYNC-CLIENT-FIX-20261003/blobs/C-a98cbe5a-b367-4ec7-b37e-74dfa83fa3fb.stderr.txt",
classify	Classify full diff, including deletions	2026-10-03T16:04:46.7296327Z     "spec/progress/evidence/LOOP1-SYNC-001/client-fix/fix-research/runs/R-SYNC-CLIENT-FIX-20261003/blobs/C-a98cbe5a-b367-4ec7-b37e-74dfa83fa3fb.stdout.txt",
classify	Classify full diff, including deletions	2026-10-03T16:04:46.7297558Z     "spec/progress/evidence/LOOP1-SYNC-001/client-fix/fix-research/runs/R-SYNC-CLIENT-FIX-20261003/blobs/C-c7cc82c0-5222-4d44-bf00-2bb06a836ef6.stderr.txt",
classify	Classify full diff, including deletions	2026-10-03T16:04:46.7298586Z     "spec/progress/evidence/LOOP1-SYNC-001/client-fix/fix-research/runs/R-SYNC-CLIENT-FIX-20261003/blobs/C-c7cc82c0-5222-4d44-bf00-2bb06a836ef6.stdout.txt",
classify	Classify full diff, including deletions	2026-10-03T16:04:46.7299610Z     "spec/progress/evidence/LOOP1-SYNC-001/client-fix/fix-research/runs/R-SYNC-CLIENT-FIX-20261003/blobs/C-cd3fb5fe-4a3f-46f6-86c9-afa5081a3427.stderr.txt",
classify	Classify full diff, including deletions	2026-10-03T16:04:46.7300645Z     "spec/progress/evidence/LOOP1-SYNC-001/client-fix/fix-research/runs/R-SYNC-CLIENT-FIX-20261003/blobs/C-cd3fb5fe-4a3f-46f6-86c9-afa5081a3427.stdout.txt",
classify	Classify full diff, including deletions	2026-10-03T16:04:46.7301672Z     "spec/progress/evidence/LOOP1-SYNC-001/client-fix/fix-research/runs/R-SYNC-CLIENT-FIX-20261003/blobs/C-cfc46c4c-bcc4-4479-8a0f-e57343535305.stderr.txt",
classify	Classify full diff, including deletions	2026-10-03T16:04:46.7302687Z     "spec/progress/evidence/LOOP1-SYNC-001/client-fix/fix-research/runs/R-SYNC-CLIENT-FIX-20261003/blobs/C-cfc46c4c-bcc4-4479-8a0f-e57343535305.stdout.txt",
classify	Classify full diff, including deletions	2026-10-03T16:04:46.7303707Z     "spec/progress/evidence/LOOP1-SYNC-001/client-fix/fix-research/runs/R-SYNC-CLIENT-FIX-20261003/blobs/C-d75824bc-9237-4e39-91dd-1a34e194be8e.stderr.txt",
classify	Classify full diff, including deletions	2026-10-03T16:04:46.7304728Z     "spec/progress/evidence/LOOP1-SYNC-001/client-fix/fix-research/runs/R-SYNC-CLIENT-FIX-20261003/blobs/C-d75824bc-9237-4e39-91dd-1a34e194be8e.stdout.txt",
classify	Classify full diff, including deletions	2026-10-03T16:04:46.7305752Z     "spec/progress/evidence/LOOP1-SYNC-001/client-fix/fix-research/runs/R-SYNC-CLIENT-FIX-20261003/blobs/C-dbcf2ccb-54a3-4c2c-8051-a447cb5a0f3e.stderr.txt",
classify	Classify full diff, including deletions	2026-10-03T16:04:46.7307173Z     "spec/progress/evidence/LOOP1-SYNC-001/client-fix/fix-research/runs/R-SYNC-CLIENT-FIX-20261003/blobs/C-dbcf2ccb-54a3-4c2c-8051-a447cb5a0f3e.stdout.txt",
classify	Classify full diff, including deletions	2026-10-03T16:04:46.7308241Z     "spec/progress/evidence/LOOP1-SYNC-001/client-fix/fix-research/runs/R-SYNC-CLIENT-FIX-20261003/blobs/C-f94604ee-d771-4faf-a228-fa60ff158827.stderr.txt",
classify	Classify full diff, including deletions	2026-10-03T16:04:46.7309264Z     "spec/progress/evidence/LOOP1-SYNC-001/client-fix/fix-research/runs/R-SYNC-CLIENT-FIX-20261003/blobs/C-f94604ee-d771-4faf-a228-fa60ff158827.stdout.txt",
classify	Classify full diff, including deletions	2026-10-03T16:04:46.7310147Z     "spec/progress/evidence/LOOP1-SYNC-001/client-fix/fix-research/runs/R-SYNC-CLIENT-FIX-20261003/diff.patch",
classify	Classify full diff, including deletions	2026-10-03T16:04:46.7310893Z     "spec/progress/evidence/LOOP1-SYNC-001/client-fix/fix-research/runs/R-SYNC-CLIENT-FIX-20261003/events.jsonl",
classify	Classify full diff, including deletions	2026-10-03T16:04:46.7311648Z     "spec/progress/evidence/LOOP1-SYNC-001/client-fix/fix-research/runs/R-SYNC-CLIENT-FIX-20261003/final_state.json",
classify	Classify full diff, including deletions	2026-10-03T16:04:46.7312567Z     "spec/progress/evidence/LOOP1-SYNC-001/client-fix/fix-research/runs/R-SYNC-CLIENT-FIX-20261003/initial_state.json",
classify	Classify full diff, including deletions	2026-10-03T16:04:46.7313330Z     "spec/progress/evidence/LOOP1-SYNC-001/client-fix/fix-research/runs/R-SYNC-CLIENT-FIX-20261003/metadata.json",
classify	Classify full diff, including deletions	2026-10-03T16:04:46.7314064Z     "spec/progress/evidence/LOOP1-SYNC-001/client-fix/fix-research/runs/R-SYNC-CLIENT-FIX-20261003/summary.json",
classify	Classify full diff, including deletions	2026-10-03T16:04:46.7314684Z     "spec/progress/evidence/LOOP1-SYNC-001/client-fix/local-verification.md",
classify	Classify full diff, including deletions	2026-10-03T16:04:46.7315099Z     "spec/tasks/review/LOOP1-SYNC-001.md",
classify	Classify full diff, including deletions	2026-10-03T16:04:46.7315380Z     "tests/clients/sync/shared.mjs"
classify	Classify full diff, including deletions	2026-10-03T16:04:46.7315621Z   ],
classify	Classify full diff, including deletions	2026-10-03T16:04:46.7315796Z   "jobs": {
classify	Classify full diff, including deletions	2026-10-03T16:04:46.7315978Z     "go": true,
classify	Classify full diff, including deletions	2026-10-03T16:04:46.7316167Z     "java": true,
classify	Classify full diff, including deletions	2026-10-03T16:04:46.7316360Z     "web": true,
classify	Classify full diff, including deletions	2026-10-03T16:04:46.7316555Z     "desktop": true,
classify	Classify full diff, including deletions	2026-10-03T16:04:46.7317000Z     "mobile": true,
classify	Classify full diff, including deletions	2026-10-03T16:04:46.7317198Z     "shared": true,
classify	Classify full diff, including deletions	2026-10-03T16:04:46.7317395Z     "old_client": true,
classify	Classify full diff, including deletions	2026-10-03T16:04:46.7317604Z     "plugin": true,
classify	Classify full diff, including deletions	2026-10-03T16:04:46.7317807Z     "migration": true,
classify	Classify full diff, including deletions	2026-10-03T16:04:46.7318024Z     "compatibility": true,
classify	Classify full diff, including deletions	2026-10-03T16:04:46.7318247Z     "deploy": false,
classify	Classify full diff, including deletions	2026-10-03T16:04:46.7318475Z     "architecture": true,
classify	Classify full diff, including deletions	2026-10-03T16:04:46.7318698Z     "source_go": true,
classify	Classify full diff, including deletions	2026-10-03T16:04:46.7318903Z     "source_java": true
classify	Classify full diff, including deletions	2026-10-03T16:04:46.7319110Z   }
classify	Classify full diff, including deletions	2026-10-03T16:04:46.7319281Z }
classify	Post Run actions/checkout@v4	﻿2026-10-03T16:04:46.7453168Z Post job cleanup.
classify	Post Run actions/checkout@v4	2026-10-03T16:04:46.8317437Z [command]/usr/bin/git version
classify	Post Run actions/checkout@v4	2026-10-03T16:04:46.8360575Z git version 2.55.0
classify	Post Run actions/checkout@v4	2026-10-03T16:04:46.8400316Z Temporarily overriding HOME='/home/runner/work/_temp/3bfbc460-0627-451f-ab2f-8caa9d1b7e5b' before making global git config changes
classify	Post Run actions/checkout@v4	2026-10-03T16:04:46.8401724Z Adding repository directory to the temporary git global config as a safe directory
classify	Post Run actions/checkout@v4	2026-10-03T16:04:46.8406421Z [command]/usr/bin/git config --global --add safe.directory /home/runner/work/IM-platform/IM-platform
classify	Post Run actions/checkout@v4	2026-10-03T16:04:46.8444828Z [command]/usr/bin/git config --local --name-only --get-regexp core\.sshCommand
classify	Post Run actions/checkout@v4	2026-10-03T16:04:46.8480463Z [command]/usr/bin/git submodule foreach --recursive sh -c "git config --local --name-only --get-regexp 'core\.sshCommand' && git config --local --unset-all 'core.sshCommand' || :"
classify	Post Run actions/checkout@v4	2026-10-03T16:04:46.8740981Z [command]/usr/bin/git config --local --name-only --get-regexp http\.https\:\/\/github\.com\/\.extraheader
classify	Post Run actions/checkout@v4	2026-10-03T16:04:46.8791746Z http.https://github.com/.extraheader
classify	Post Run actions/checkout@v4	2026-10-03T16:04:46.8795874Z [command]/usr/bin/git config --local --unset-all http.https://github.com/.extraheader
classify	Post Run actions/checkout@v4	2026-10-03T16:04:46.8831663Z [command]/usr/bin/git submodule foreach --recursive sh -c "git config --local --name-only --get-regexp 'http\.https\:\/\/github\.com\/\.extraheader' && git config --local --unset-all 'http.https://github.com/.extraheader' || :"
classify	Post Run actions/checkout@v4	2026-10-03T16:04:46.9199103Z [command]/usr/bin/git config --local --name-only --get-regexp ^includeIf\.gitdir:
classify	Post Run actions/checkout@v4	2026-10-03T16:04:46.9246350Z [command]/usr/bin/git submodule foreach --recursive git config --local --show-origin --name-only --get-regexp remote.origin.url
classify	Complete job	﻿2026-10-03T16:04:46.9801626Z Evaluate and set job outputs
classify	Complete job	2026-10-03T16:04:46.9812130Z Set output 'go'
classify	Complete job	2026-10-03T16:04:46.9813746Z Set output 'java'
classify	Complete job	2026-10-03T16:04:46.9814336Z Set output 'web'
classify	Complete job	2026-10-03T16:04:46.9814625Z Set output 'desktop'
classify	Complete job	2026-10-03T16:04:46.9814944Z Set output 'mobile'
classify	Complete job	2026-10-03T16:04:46.9815230Z Set output 'shared'
classify	Complete job	2026-10-03T16:04:46.9815509Z Set output 'old_client'
classify	Complete job	2026-10-03T16:04:46.9815798Z Set output 'plugin'
classify	Complete job	2026-10-03T16:04:46.9816074Z Set output 'migration'
classify	Complete job	2026-10-03T16:04:46.9816367Z Set output 'compatibility'
classify	Complete job	2026-10-03T16:04:46.9816951Z Set output 'deploy'
classify	Complete job	2026-10-03T16:04:46.9817233Z Set output 'architecture'
classify	Complete job	2026-10-03T16:04:46.9817535Z Set output 'source_go'
classify	Complete job	2026-10-03T16:04:46.9817821Z Set output 'source_java'
classify	Complete job	2026-10-03T16:04:46.9818774Z Cleaning up orphan processes
classify	Complete job	2026-10-03T16:04:47.0428686Z ##[warning]Node.js 20 is deprecated. The following actions target Node.js 20 but are being forced to run on Node.js 24: actions/checkout@v4. For more information see: https://github.blog/changelog/2025-09-19-deprecation-of-node-20-on-github-actions-runners/
