gate	Set up job	﻿2026-10-03T16:09:10.0234873Z Current runner version: '2.337.0'
gate	Set up job	2026-10-03T16:09:10.0260870Z ##[group]Runner Image Provisioner
gate	Set up job	2026-10-03T16:09:10.0261769Z Hosted Compute Agent
gate	Set up job	2026-10-03T16:09:10.0262356Z Version: 20260901.588
gate	Set up job	2026-10-03T16:09:10.0263669Z Commit: f88ec8081b781fac6c440065ac7ff9e710ce3d0b
gate	Set up job	2026-10-03T16:09:10.0264433Z Build Date: 2026-09-01T19:56:44Z
gate	Set up job	2026-10-03T16:09:10.0265189Z Worker ID: {b41825c3-8db4-49fd-b5a8-79129cd228f3}
gate	Set up job	2026-10-03T16:09:10.0265944Z Azure Region: eastus2
gate	Set up job	2026-10-03T16:09:10.0266504Z ##[endgroup]
gate	Set up job	2026-10-03T16:09:10.0268144Z ##[group]Operating System
gate	Set up job	2026-10-03T16:09:10.0268813Z Ubuntu
gate	Set up job	2026-10-03T16:09:10.0270022Z 24.04.5
gate	Set up job	2026-10-03T16:09:10.0270628Z LTS
gate	Set up job	2026-10-03T16:09:10.0271143Z ##[endgroup]
gate	Set up job	2026-10-03T16:09:10.0271785Z ##[group]Runner Image
gate	Set up job	2026-10-03T16:09:10.0272395Z Image: ubuntu-24.04
gate	Set up job	2026-10-03T16:09:10.0273262Z Version: 20260927.320.1
gate	Set up job	2026-10-03T16:09:10.0274355Z Included Software: https://github.com/actions/runner-images/blob/ubuntu24/20260927.320/images/ubuntu/Ubuntu2404-Readme.md
gate	Set up job	2026-10-03T16:09:10.0276173Z Image Release: https://github.com/actions/runner-images/releases/tag/ubuntu24%2F20260927.320
gate	Set up job	2026-10-03T16:09:10.0277159Z ##[endgroup]
gate	Set up job	2026-10-03T16:09:10.0278380Z ##[group]GITHUB_TOKEN Permissions
gate	Set up job	2026-10-03T16:09:10.0280527Z Contents: read
gate	Set up job	2026-10-03T16:09:10.0281242Z Metadata: read
gate	Set up job	2026-10-03T16:09:10.0281816Z ##[endgroup]
gate	Set up job	2026-10-03T16:09:10.0284101Z Secret source: Actions
gate	Set up job	2026-10-03T16:09:10.0285236Z Cache mode: write
gate	Set up job	2026-10-03T16:09:10.0286216Z Prepare workflow directory
gate	Set up job	2026-10-03T16:09:10.0621743Z Prepare all required actions
gate	Set up job	2026-10-03T16:09:10.0670202Z Getting action download info
gate	Set up job	2026-10-03T16:09:10.2930798Z Download action repository 'actions/checkout@v4' (SHA:11d5960a326750d5838078e36cf38b85af677262)
gate	Set up job	2026-10-03T16:09:10.7752565Z Complete job name: gate
gate	Run actions/checkout@v4	﻿2026-10-03T16:09:10.8613151Z ##[group]Run actions/checkout@v4
gate	Run actions/checkout@v4	2026-10-03T16:09:10.8614109Z with:
gate	Run actions/checkout@v4	2026-10-03T16:09:10.8614583Z   repository: nilesthump/IM-platform
gate	Run actions/checkout@v4	2026-10-03T16:09:10.8618434Z   token: ***
gate	Run actions/checkout@v4	2026-10-03T16:09:10.8618899Z   ssh-strict: true
gate	Run actions/checkout@v4	2026-10-03T16:09:10.8619342Z   ssh-user: git
gate	Run actions/checkout@v4	2026-10-03T16:09:10.8619797Z   persist-credentials: true
gate	Run actions/checkout@v4	2026-10-03T16:09:10.8620284Z   clean: true
gate	Run actions/checkout@v4	2026-10-03T16:09:10.8620728Z   sparse-checkout-cone-mode: true
gate	Run actions/checkout@v4	2026-10-03T16:09:10.8621247Z   fetch-depth: 1
gate	Run actions/checkout@v4	2026-10-03T16:09:10.8621681Z   fetch-tags: false
gate	Run actions/checkout@v4	2026-10-03T16:09:10.8622126Z   show-progress: true
gate	Run actions/checkout@v4	2026-10-03T16:09:10.8622587Z   lfs: false
gate	Run actions/checkout@v4	2026-10-03T16:09:10.8623266Z   submodules: false
gate	Run actions/checkout@v4	2026-10-03T16:09:10.8623740Z   set-safe-directory: true
gate	Run actions/checkout@v4	2026-10-03T16:09:10.8624281Z   allow-unsafe-pr-checkout: false
gate	Run actions/checkout@v4	2026-10-03T16:09:10.8625071Z ##[endgroup]
gate	Run actions/checkout@v4	2026-10-03T16:09:10.9648418Z Syncing repository: nilesthump/IM-platform
gate	Run actions/checkout@v4	2026-10-03T16:09:10.9650975Z ##[group]Getting Git version info
gate	Run actions/checkout@v4	2026-10-03T16:09:10.9652185Z Working directory is '/home/runner/work/IM-platform/IM-platform'
gate	Run actions/checkout@v4	2026-10-03T16:09:10.9654288Z [command]/usr/bin/git version
gate	Run actions/checkout@v4	2026-10-03T16:09:11.0828974Z git version 2.55.0
gate	Run actions/checkout@v4	2026-10-03T16:09:11.0856095Z ##[endgroup]
gate	Run actions/checkout@v4	2026-10-03T16:09:11.0874101Z Temporarily overriding HOME='/home/runner/work/_temp/6d497ba4-36a5-45f6-bbab-8d6ec263ae78' before making global git config changes
gate	Run actions/checkout@v4	2026-10-03T16:09:11.0876604Z Adding repository directory to the temporary git global config as a safe directory
gate	Run actions/checkout@v4	2026-10-03T16:09:11.0881095Z [command]/usr/bin/git config --global --add safe.directory /home/runner/work/IM-platform/IM-platform
gate	Run actions/checkout@v4	2026-10-03T16:09:11.1142353Z Deleting the contents of '/home/runner/work/IM-platform/IM-platform'
gate	Run actions/checkout@v4	2026-10-03T16:09:11.1147990Z ##[group]Initializing the repository
gate	Run actions/checkout@v4	2026-10-03T16:09:11.1153880Z [command]/usr/bin/git init /home/runner/work/IM-platform/IM-platform
gate	Run actions/checkout@v4	2026-10-03T16:09:11.1624159Z hint: Using 'master' as the name for the initial branch. This default branch name
gate	Run actions/checkout@v4	2026-10-03T16:09:11.1626311Z hint: will change to "main" in Git 3.0. To configure the initial branch name
gate	Run actions/checkout@v4	2026-10-03T16:09:11.1627750Z hint: to use in all of your new repositories, which will suppress this warning,
gate	Run actions/checkout@v4	2026-10-03T16:09:11.1629612Z hint: call:
gate	Run actions/checkout@v4	2026-10-03T16:09:11.1630652Z hint:
gate	Run actions/checkout@v4	2026-10-03T16:09:11.1631451Z hint: 	git config --global init.defaultBranch <name>
gate	Run actions/checkout@v4	2026-10-03T16:09:11.1632385Z hint:
gate	Run actions/checkout@v4	2026-10-03T16:09:11.1633595Z hint: Names commonly chosen instead of 'master' are 'main', 'trunk' and
gate	Run actions/checkout@v4	2026-10-03T16:09:11.1635044Z hint: 'development'. The just-created branch can be renamed via this command:
gate	Run actions/checkout@v4	2026-10-03T16:09:11.1636175Z hint:
gate	Run actions/checkout@v4	2026-10-03T16:09:11.1636792Z hint: 	git branch -m <name>
gate	Run actions/checkout@v4	2026-10-03T16:09:11.1637654Z hint:
gate	Run actions/checkout@v4	2026-10-03T16:09:11.1638753Z hint: Disable this message with "git config set advice.defaultBranchName false"
gate	Run actions/checkout@v4	2026-10-03T16:09:11.1640173Z Initialized empty Git repository in /home/runner/work/IM-platform/IM-platform/.git/
gate	Run actions/checkout@v4	2026-10-03T16:09:11.1642474Z [command]/usr/bin/git remote add origin https://github.com/nilesthump/IM-platform
gate	Run actions/checkout@v4	2026-10-03T16:09:11.1909830Z ##[endgroup]
gate	Run actions/checkout@v4	2026-10-03T16:09:11.1910988Z ##[group]Disabling automatic garbage collection
gate	Run actions/checkout@v4	2026-10-03T16:09:11.1914595Z [command]/usr/bin/git config --local gc.auto 0
gate	Run actions/checkout@v4	2026-10-03T16:09:11.1950800Z ##[endgroup]
gate	Run actions/checkout@v4	2026-10-03T16:09:11.1951649Z ##[group]Setting up auth
gate	Run actions/checkout@v4	2026-10-03T16:09:11.1958056Z [command]/usr/bin/git config --local --name-only --get-regexp core\.sshCommand
gate	Run actions/checkout@v4	2026-10-03T16:09:11.1992355Z [command]/usr/bin/git submodule foreach --recursive sh -c "git config --local --name-only --get-regexp 'core\.sshCommand' && git config --local --unset-all 'core.sshCommand' || :"
gate	Run actions/checkout@v4	2026-10-03T16:09:11.3905736Z [command]/usr/bin/git config --local --name-only --get-regexp http\.https\:\/\/github\.com\/\.extraheader
gate	Run actions/checkout@v4	2026-10-03T16:09:11.3956595Z [command]/usr/bin/git submodule foreach --recursive sh -c "git config --local --name-only --get-regexp 'http\.https\:\/\/github\.com\/\.extraheader' && git config --local --unset-all 'http.https://github.com/.extraheader' || :"
gate	Run actions/checkout@v4	2026-10-03T16:09:11.4194894Z [command]/usr/bin/git config --local --name-only --get-regexp ^includeIf\.gitdir:
gate	Run actions/checkout@v4	2026-10-03T16:09:11.4231258Z [command]/usr/bin/git submodule foreach --recursive git config --local --show-origin --name-only --get-regexp remote.origin.url
gate	Run actions/checkout@v4	2026-10-03T16:09:11.4460113Z [command]/usr/bin/git config --local http.https://github.com/.extraheader AUTHORIZATION: basic ***
gate	Run actions/checkout@v4	2026-10-03T16:09:11.4502004Z ##[endgroup]
gate	Run actions/checkout@v4	2026-10-03T16:09:11.4504009Z ##[group]Fetching the repository
gate	Run actions/checkout@v4	2026-10-03T16:09:11.4513917Z [command]/usr/bin/git -c protocol.version=2 fetch --no-tags --prune --no-recurse-submodules --depth=1 origin +8bcc7321bba05a70404d1e16bbd2fa0465da696f:refs/remotes/origin/task/LOOP1-SYNC-001
gate	Run actions/checkout@v4	2026-10-03T16:09:13.3158489Z From https://github.com/nilesthump/IM-platform
gate	Run actions/checkout@v4	2026-10-03T16:09:13.3159507Z  * [new ref]         8bcc7321bba05a70404d1e16bbd2fa0465da696f -> origin/task/LOOP1-SYNC-001
gate	Run actions/checkout@v4	2026-10-03T16:09:13.3162138Z ##[endgroup]
gate	Run actions/checkout@v4	2026-10-03T16:09:13.3162954Z ##[group]Determining the checkout info
gate	Run actions/checkout@v4	2026-10-03T16:09:13.3165228Z ##[endgroup]
gate	Run actions/checkout@v4	2026-10-03T16:09:13.3171900Z [command]/usr/bin/git sparse-checkout disable
gate	Run actions/checkout@v4	2026-10-03T16:09:13.3361747Z [command]/usr/bin/git config --local --unset-all extensions.worktreeConfig
gate	Run actions/checkout@v4	2026-10-03T16:09:13.3403427Z ##[group]Checking out the ref
gate	Run actions/checkout@v4	2026-10-03T16:09:13.3404496Z [command]/usr/bin/git checkout --progress --force -B task/LOOP1-SYNC-001 refs/remotes/origin/task/LOOP1-SYNC-001
gate	Run actions/checkout@v4	2026-10-03T16:09:13.9229334Z Switched to a new branch 'task/LOOP1-SYNC-001'
gate	Run actions/checkout@v4	2026-10-03T16:09:13.9233990Z branch 'task/LOOP1-SYNC-001' set up to track 'origin/task/LOOP1-SYNC-001'.
gate	Run actions/checkout@v4	2026-10-03T16:09:13.9309730Z ##[endgroup]
gate	Run actions/checkout@v4	2026-10-03T16:09:13.9313559Z [command]/usr/bin/git log -1 --format=%H
gate	Run actions/checkout@v4	2026-10-03T16:09:13.9341985Z 8bcc7321bba05a70404d1e16bbd2fa0465da696f
gate	Require every selected job to pass	﻿2026-10-03T16:09:13.9608914Z ##[group]Run python3 ci/check_gate.py
gate	Require every selected job to pass	2026-10-03T16:09:13.9609507Z ^[[36;1mpython3 ci/check_gate.py^[[0m
gate	Require every selected job to pass	2026-10-03T16:09:14.0884300Z shell: /usr/bin/bash -e {0}
gate	Require every selected job to pass	2026-10-03T16:09:14.0884788Z env:
gate	Require every selected job to pass	2026-10-03T16:09:14.0889091Z   NEEDS_JSON: {
gate	Require every selected job to pass	  "classify": {
gate	Require every selected job to pass	    "result": "success",
gate	Require every selected job to pass	    "outputs": {
gate	Require every selected job to pass	      "compatibility": "true",
gate	Require every selected job to pass	      "deploy": "false",
gate	Require every selected job to pass	      "go": "true",
gate	Require every selected job to pass	      "desktop": "true",
gate	Require every selected job to pass	      "plugin": "true",
gate	Require every selected job to pass	      "architecture": "true",
gate	Require every selected job to pass	      "source_go": "true",
gate	Require every selected job to pass	      "source_java": "true",
gate	Require every selected job to pass	      "java": "true",
gate	Require every selected job to pass	      "web": "true",
gate	Require every selected job to pass	      "mobile": "true",
gate	Require every selected job to pass	      "shared": "true",
gate	Require every selected job to pass	      "old_client": "true",
gate	Require every selected job to pass	      "migration": "true"
gate	Require every selected job to pass	    }
gate	Require every selected job to pass	  },
gate	Require every selected job to pass	  "architecture": {
gate	Require every selected job to pass	    "result": "success",
gate	Require every selected job to pass	    "outputs": {}
gate	Require every selected job to pass	  },
gate	Require every selected job to pass	  "source_go": {
gate	Require every selected job to pass	    "result": "success",
gate	Require every selected job to pass	    "outputs": {}
gate	Require every selected job to pass	  },
gate	Require every selected job to pass	  "source_java": {
gate	Require every selected job to pass	    "result": "success",
gate	Require every selected job to pass	    "outputs": {}
gate	Require every selected job to pass	  },
gate	Require every selected job to pass	  "go": {
gate	Require every selected job to pass	    "result": "success",
gate	Require every selected job to pass	    "outputs": {}
gate	Require every selected job to pass	  },
gate	Require every selected job to pass	  "java": {
gate	Require every selected job to pass	    "result": "success",
gate	Require every selected job to pass	    "outputs": {}
gate	Require every selected job to pass	  },
gate	Require every selected job to pass	  "web": {
gate	Require every selected job to pass	    "result": "success",
gate	Require every selected job to pass	    "outputs": {}
gate	Require every selected job to pass	  },
gate	Require every selected job to pass	  "desktop": {
gate	Require every selected job to pass	    "result": "success",
gate	Require every selected job to pass	    "outputs": {}
gate	Require every selected job to pass	  },
gate	Require every selected job to pass	  "mobile": {
gate	Require every selected job to pass	    "result": "success",
gate	Require every selected job to pass	    "outputs": {}
gate	Require every selected job to pass	  },
gate	Require every selected job to pass	  "shared": {
gate	Require every selected job to pass	    "result": "success",
gate	Require every selected job to pass	    "outputs": {}
gate	Require every selected job to pass	  },
gate	Require every selected job to pass	  "compatibility": {
gate	Require every selected job to pass	    "result": "success",
gate	Require every selected job to pass	    "outputs": {}
gate	Require every selected job to pass	  },
gate	Require every selected job to pass	  "deploy": {
gate	Require every selected job to pass	    "result": "skipped",
gate	Require every selected job to pass	    "outputs": {}
gate	Require every selected job to pass	  }
gate	Require every selected job to pass	}
gate	Require every selected job to pass	2026-10-03T16:09:14.0894555Z   PYTHONDONTWRITEBYTECODE: 1
gate	Require every selected job to pass	2026-10-03T16:09:14.0894908Z ##[endgroup]
gate	Require every selected job to pass	2026-10-03T16:09:14.1201955Z PASS: every selected CI job succeeded
gate	Post Run actions/checkout@v4	﻿2026-10-03T16:09:14.1374363Z Post job cleanup.
gate	Post Run actions/checkout@v4	2026-10-03T16:09:14.2233979Z [command]/usr/bin/git version
gate	Post Run actions/checkout@v4	2026-10-03T16:09:14.2278014Z git version 2.55.0
gate	Post Run actions/checkout@v4	2026-10-03T16:09:14.2323509Z Temporarily overriding HOME='/home/runner/work/_temp/4b3d60ed-0a8b-4efb-b93b-6491107debf5' before making global git config changes
gate	Post Run actions/checkout@v4	2026-10-03T16:09:14.2325297Z Adding repository directory to the temporary git global config as a safe directory
gate	Post Run actions/checkout@v4	2026-10-03T16:09:14.2330220Z [command]/usr/bin/git config --global --add safe.directory /home/runner/work/IM-platform/IM-platform
gate	Post Run actions/checkout@v4	2026-10-03T16:09:14.2377198Z [command]/usr/bin/git config --local --name-only --get-regexp core\.sshCommand
gate	Post Run actions/checkout@v4	2026-10-03T16:09:14.2417804Z [command]/usr/bin/git submodule foreach --recursive sh -c "git config --local --name-only --get-regexp 'core\.sshCommand' && git config --local --unset-all 'core.sshCommand' || :"
gate	Post Run actions/checkout@v4	2026-10-03T16:09:14.2690595Z [command]/usr/bin/git config --local --name-only --get-regexp http\.https\:\/\/github\.com\/\.extraheader
gate	Post Run actions/checkout@v4	2026-10-03T16:09:14.2721353Z http.https://github.com/.extraheader
gate	Post Run actions/checkout@v4	2026-10-03T16:09:14.2734745Z [command]/usr/bin/git config --local --unset-all http.https://github.com/.extraheader
gate	Post Run actions/checkout@v4	2026-10-03T16:09:14.2776124Z [command]/usr/bin/git submodule foreach --recursive sh -c "git config --local --name-only --get-regexp 'http\.https\:\/\/github\.com\/\.extraheader' && git config --local --unset-all 'http.https://github.com/.extraheader' || :"
gate	Post Run actions/checkout@v4	2026-10-03T16:09:14.3049785Z [command]/usr/bin/git config --local --name-only --get-regexp ^includeIf\.gitdir:
gate	Post Run actions/checkout@v4	2026-10-03T16:09:14.3097268Z [command]/usr/bin/git submodule foreach --recursive git config --local --show-origin --name-only --get-regexp remote.origin.url
gate	Complete job	﻿2026-10-03T16:09:14.3520734Z Cleaning up orphan processes
gate	Complete job	2026-10-03T16:09:14.3917581Z ##[warning]Node.js 20 is deprecated. The following actions target Node.js 20 but are being forced to run on Node.js 24: actions/checkout@v4. For more information see: https://github.blog/changelog/2025-09-19-deprecation-of-node-20-on-github-actions-runners/
