java	Set up job	﻿2026-10-03T16:05:12.6138320Z Current runner version: '2.337.0'
java	Set up job	2026-10-03T16:05:12.6164771Z ##[group]Runner Image Provisioner
java	Set up job	2026-10-03T16:05:12.6165770Z Hosted Compute Agent
java	Set up job	2026-10-03T16:05:12.6166377Z Version: 20260901.588
java	Set up job	2026-10-03T16:05:12.6167065Z Commit: f88ec8081b781fac6c440065ac7ff9e710ce3d0b
java	Set up job	2026-10-03T16:05:12.6167863Z Build Date: 2026-09-01T19:56:44Z
java	Set up job	2026-10-03T16:05:12.6168580Z Worker ID: {83bfdbbb-798d-4e98-bcc1-18090371db44}
java	Set up job	2026-10-03T16:05:12.6169369Z Azure Region: canadaeast
java	Set up job	2026-10-03T16:05:12.6169965Z ##[endgroup]
java	Set up job	2026-10-03T16:05:12.6171831Z ##[group]Operating System
java	Set up job	2026-10-03T16:05:12.6172588Z Ubuntu
java	Set up job	2026-10-03T16:05:12.6173210Z 24.04.5
java	Set up job	2026-10-03T16:05:12.6173871Z LTS
java	Set up job	2026-10-03T16:05:12.6174583Z ##[endgroup]
java	Set up job	2026-10-03T16:05:12.6175129Z ##[group]Runner Image
java	Set up job	2026-10-03T16:05:12.6175839Z Image: ubuntu-24.04
java	Set up job	2026-10-03T16:05:12.6176435Z Version: 20260927.320.1
java	Set up job	2026-10-03T16:05:12.6177543Z Included Software: https://github.com/actions/runner-images/blob/ubuntu24/20260927.320/images/ubuntu/Ubuntu2404-Readme.md
java	Set up job	2026-10-03T16:05:12.6179282Z Image Release: https://github.com/actions/runner-images/releases/tag/ubuntu24%2F20260927.320
java	Set up job	2026-10-03T16:05:12.6180299Z ##[endgroup]
java	Set up job	2026-10-03T16:05:12.6181775Z ##[group]GITHUB_TOKEN Permissions
java	Set up job	2026-10-03T16:05:12.6184027Z Contents: read
java	Set up job	2026-10-03T16:05:12.6185092Z Metadata: read
java	Set up job	2026-10-03T16:05:12.6185791Z ##[endgroup]
java	Set up job	2026-10-03T16:05:12.6188013Z Secret source: Actions
java	Set up job	2026-10-03T16:05:12.6189222Z Cache mode: write
java	Set up job	2026-10-03T16:05:12.6189976Z Prepare workflow directory
java	Set up job	2026-10-03T16:05:12.6536193Z Prepare all required actions
java	Set up job	2026-10-03T16:05:12.6583623Z Getting action download info
java	Set up job	2026-10-03T16:05:12.9261938Z Download action repository 'actions/checkout@v4' (SHA:11d5960a326750d5838078e36cf38b85af677262)
java	Set up job	2026-10-03T16:05:13.0416398Z Download action repository 'actions/setup-java@v4' (SHA:cf277c60eb25467037889841efdb72551f06f6c3)
java	Set up job	2026-10-03T16:05:13.7332394Z Complete job name: java
java	Run actions/checkout@v4	﻿2026-10-03T16:05:13.8148973Z ##[group]Run actions/checkout@v4
java	Run actions/checkout@v4	2026-10-03T16:05:13.8149994Z with:
java	Run actions/checkout@v4	2026-10-03T16:05:13.8150568Z   repository: nilesthump/IM-platform
java	Run actions/checkout@v4	2026-10-03T16:05:13.8155063Z   token: ***
java	Run actions/checkout@v4	2026-10-03T16:05:13.8155571Z   ssh-strict: true
java	Run actions/checkout@v4	2026-10-03T16:05:13.8156061Z   ssh-user: git
java	Run actions/checkout@v4	2026-10-03T16:05:13.8156565Z   persist-credentials: true
java	Run actions/checkout@v4	2026-10-03T16:05:13.8157105Z   clean: true
java	Run actions/checkout@v4	2026-10-03T16:05:13.8157601Z   sparse-checkout-cone-mode: true
java	Run actions/checkout@v4	2026-10-03T16:05:13.8158177Z   fetch-depth: 1
java	Run actions/checkout@v4	2026-10-03T16:05:13.8158648Z   fetch-tags: false
java	Run actions/checkout@v4	2026-10-03T16:05:13.8159136Z   show-progress: true
java	Run actions/checkout@v4	2026-10-03T16:05:13.8159625Z   lfs: false
java	Run actions/checkout@v4	2026-10-03T16:05:13.8160096Z   submodules: false
java	Run actions/checkout@v4	2026-10-03T16:05:13.8160613Z   set-safe-directory: true
java	Run actions/checkout@v4	2026-10-03T16:05:13.8161166Z   allow-unsafe-pr-checkout: false
java	Run actions/checkout@v4	2026-10-03T16:05:13.8162057Z ##[endgroup]
java	Run actions/checkout@v4	2026-10-03T16:05:13.9244708Z Syncing repository: nilesthump/IM-platform
java	Run actions/checkout@v4	2026-10-03T16:05:13.9248023Z ##[group]Getting Git version info
java	Run actions/checkout@v4	2026-10-03T16:05:13.9249560Z Working directory is '/home/runner/work/IM-platform/IM-platform'
java	Run actions/checkout@v4	2026-10-03T16:05:13.9251609Z [command]/usr/bin/git version
java	Run actions/checkout@v4	2026-10-03T16:05:13.9316504Z git version 2.55.0
java	Run actions/checkout@v4	2026-10-03T16:05:13.9346487Z ##[endgroup]
java	Run actions/checkout@v4	2026-10-03T16:05:13.9358061Z Temporarily overriding HOME='/home/runner/work/_temp/43e0bd59-3bde-4d21-ae76-5311483d2692' before making global git config changes
java	Run actions/checkout@v4	2026-10-03T16:05:13.9360694Z Adding repository directory to the temporary git global config as a safe directory
java	Run actions/checkout@v4	2026-10-03T16:05:13.9364890Z [command]/usr/bin/git config --global --add safe.directory /home/runner/work/IM-platform/IM-platform
java	Run actions/checkout@v4	2026-10-03T16:05:13.9421065Z Deleting the contents of '/home/runner/work/IM-platform/IM-platform'
java	Run actions/checkout@v4	2026-10-03T16:05:13.9426761Z ##[group]Initializing the repository
java	Run actions/checkout@v4	2026-10-03T16:05:13.9430851Z [command]/usr/bin/git init /home/runner/work/IM-platform/IM-platform
java	Run actions/checkout@v4	2026-10-03T16:05:13.9541138Z hint: Using 'master' as the name for the initial branch. This default branch name
java	Run actions/checkout@v4	2026-10-03T16:05:13.9545807Z hint: will change to "main" in Git 3.0. To configure the initial branch name
java	Run actions/checkout@v4	2026-10-03T16:05:13.9548082Z hint: to use in all of your new repositories, which will suppress this warning,
java	Run actions/checkout@v4	2026-10-03T16:05:13.9549430Z hint: call:
java	Run actions/checkout@v4	2026-10-03T16:05:13.9550126Z hint:
java	Run actions/checkout@v4	2026-10-03T16:05:13.9551040Z hint: 	git config --global init.defaultBranch <name>
java	Run actions/checkout@v4	2026-10-03T16:05:13.9552158Z hint:
java	Run actions/checkout@v4	2026-10-03T16:05:13.9553218Z hint: Names commonly chosen instead of 'master' are 'main', 'trunk' and
java	Run actions/checkout@v4	2026-10-03T16:05:13.9555276Z hint: 'development'. The just-created branch can be renamed via this command:
java	Run actions/checkout@v4	2026-10-03T16:05:13.9556691Z hint:
java	Run actions/checkout@v4	2026-10-03T16:05:13.9557411Z hint: 	git branch -m <name>
java	Run actions/checkout@v4	2026-10-03T16:05:13.9558244Z hint:
java	Run actions/checkout@v4	2026-10-03T16:05:13.9559378Z hint: Disable this message with "git config set advice.defaultBranchName false"
java	Run actions/checkout@v4	2026-10-03T16:05:13.9561080Z Initialized empty Git repository in /home/runner/work/IM-platform/IM-platform/.git/
java	Run actions/checkout@v4	2026-10-03T16:05:13.9563132Z [command]/usr/bin/git remote add origin https://github.com/nilesthump/IM-platform
java	Run actions/checkout@v4	2026-10-03T16:05:13.9628691Z ##[endgroup]
java	Run actions/checkout@v4	2026-10-03T16:05:13.9630253Z ##[group]Disabling automatic garbage collection
java	Run actions/checkout@v4	2026-10-03T16:05:13.9633793Z [command]/usr/bin/git config --local gc.auto 0
java	Run actions/checkout@v4	2026-10-03T16:05:13.9691350Z ##[endgroup]
java	Run actions/checkout@v4	2026-10-03T16:05:13.9692957Z ##[group]Setting up auth
java	Run actions/checkout@v4	2026-10-03T16:05:13.9700517Z [command]/usr/bin/git config --local --name-only --get-regexp core\.sshCommand
java	Run actions/checkout@v4	2026-10-03T16:05:13.9740450Z [command]/usr/bin/git submodule foreach --recursive sh -c "git config --local --name-only --get-regexp 'core\.sshCommand' && git config --local --unset-all 'core.sshCommand' || :"
java	Run actions/checkout@v4	2026-10-03T16:05:14.0113273Z [command]/usr/bin/git config --local --name-only --get-regexp http\.https\:\/\/github\.com\/\.extraheader
java	Run actions/checkout@v4	2026-10-03T16:05:14.0158158Z [command]/usr/bin/git submodule foreach --recursive sh -c "git config --local --name-only --get-regexp 'http\.https\:\/\/github\.com\/\.extraheader' && git config --local --unset-all 'http.https://github.com/.extraheader' || :"
java	Run actions/checkout@v4	2026-10-03T16:05:14.0401789Z [command]/usr/bin/git config --local --name-only --get-regexp ^includeIf\.gitdir:
java	Run actions/checkout@v4	2026-10-03T16:05:14.0443058Z [command]/usr/bin/git submodule foreach --recursive git config --local --show-origin --name-only --get-regexp remote.origin.url
java	Run actions/checkout@v4	2026-10-03T16:05:14.0680136Z [command]/usr/bin/git config --local http.https://github.com/.extraheader AUTHORIZATION: basic ***
java	Run actions/checkout@v4	2026-10-03T16:05:14.0723765Z ##[endgroup]
java	Run actions/checkout@v4	2026-10-03T16:05:14.0725828Z ##[group]Fetching the repository
java	Run actions/checkout@v4	2026-10-03T16:05:14.0736772Z [command]/usr/bin/git -c protocol.version=2 fetch --no-tags --prune --no-recurse-submodules --depth=1 origin +8bcc7321bba05a70404d1e16bbd2fa0465da696f:refs/remotes/origin/task/LOOP1-SYNC-001
java	Run actions/checkout@v4	2026-10-03T16:05:16.1615559Z From https://github.com/nilesthump/IM-platform
java	Run actions/checkout@v4	2026-10-03T16:05:16.1619812Z  * [new ref]         8bcc7321bba05a70404d1e16bbd2fa0465da696f -> origin/task/LOOP1-SYNC-001
java	Run actions/checkout@v4	2026-10-03T16:05:16.1622720Z ##[endgroup]
java	Run actions/checkout@v4	2026-10-03T16:05:16.1623672Z ##[group]Determining the checkout info
java	Run actions/checkout@v4	2026-10-03T16:05:16.1625224Z ##[endgroup]
java	Run actions/checkout@v4	2026-10-03T16:05:16.1631610Z [command]/usr/bin/git sparse-checkout disable
java	Run actions/checkout@v4	2026-10-03T16:05:16.1689538Z [command]/usr/bin/git config --local --unset-all extensions.worktreeConfig
java	Run actions/checkout@v4	2026-10-03T16:05:16.1725305Z ##[group]Checking out the ref
java	Run actions/checkout@v4	2026-10-03T16:05:16.1730436Z [command]/usr/bin/git checkout --progress --force -B task/LOOP1-SYNC-001 refs/remotes/origin/task/LOOP1-SYNC-001
java	Run actions/checkout@v4	2026-10-03T16:05:16.7647901Z Switched to a new branch 'task/LOOP1-SYNC-001'
java	Run actions/checkout@v4	2026-10-03T16:05:16.7652835Z branch 'task/LOOP1-SYNC-001' set up to track 'origin/task/LOOP1-SYNC-001'.
java	Run actions/checkout@v4	2026-10-03T16:05:16.7680363Z ##[endgroup]
java	Run actions/checkout@v4	2026-10-03T16:05:16.7728767Z [command]/usr/bin/git log -1 --format=%H
java	Run actions/checkout@v4	2026-10-03T16:05:16.7757261Z 8bcc7321bba05a70404d1e16bbd2fa0465da696f
java	Run actions/setup-java@v4	﻿2026-10-03T16:05:16.8066932Z ##[group]Run actions/setup-java@v4
java	Run actions/setup-java@v4	2026-10-03T16:05:16.8067299Z with:
java	Run actions/setup-java@v4	2026-10-03T16:05:16.8067507Z   distribution: temurin
java	Run actions/setup-java@v4	2026-10-03T16:05:16.8067736Z   java-version: 21
java	Run actions/setup-java@v4	2026-10-03T16:05:16.8067947Z   java-package: jdk
java	Run actions/setup-java@v4	2026-10-03T16:05:16.8068223Z   check-latest: false
java	Run actions/setup-java@v4	2026-10-03T16:05:16.8068444Z   server-id: github
java	Run actions/setup-java@v4	2026-10-03T16:05:16.8068877Z   server-username: GITHUB_ACTOR
java	Run actions/setup-java@v4	2026-10-03T16:05:16.8069136Z   server-password: GITHUB_TOKEN
java	Run actions/setup-java@v4	2026-10-03T16:05:16.8069386Z   overwrite-settings: true
java	Run actions/setup-java@v4	2026-10-03T16:05:16.8069620Z   job-status: success
java	Run actions/setup-java@v4	2026-10-03T16:05:16.8072080Z   token: ***
java	Run actions/setup-java@v4	2026-10-03T16:05:16.8072286Z ##[endgroup]
java	Run actions/setup-java@v4	2026-10-03T16:05:16.9801756Z ##[warning]setup-java v4 is deprecated and will no longer receive updates. Please migrate to actions/setup-java@v5.
java	Run actions/setup-java@v4	2026-10-03T16:05:16.9809924Z ##[group]Installed distributions
java	Run actions/setup-java@v4	2026-10-03T16:05:16.9980379Z Resolved Java 21.0.12+1 from tool-cache
java	Run actions/setup-java@v4	2026-10-03T16:05:16.9981102Z Setting Java 21.0.12+1 as the default
java	Run actions/setup-java@v4	2026-10-03T16:05:16.9992253Z (node:2313) [DEP0040] DeprecationWarning: The `punycode` module is deprecated. Please use a userland alternative instead.
java	Run actions/setup-java@v4	2026-10-03T16:05:16.9993358Z (Use `node --trace-deprecation ...` to show where the warning was created)
java	Run actions/setup-java@v4	2026-10-03T16:05:16.9997599Z Creating toolchains.xml for JDK version 21 from temurin
java	Run actions/setup-java@v4	2026-10-03T16:05:17.0077056Z Writing to /home/runner/.m2/toolchains.xml
java	Run actions/setup-java@v4	2026-10-03T16:05:17.0077531Z 
java	Run actions/setup-java@v4	2026-10-03T16:05:17.0077697Z Java configuration:
java	Run actions/setup-java@v4	2026-10-03T16:05:17.0078080Z   Distribution: temurin
java	Run actions/setup-java@v4	2026-10-03T16:05:17.0078452Z   Version: 21.0.12+1
java	Run actions/setup-java@v4	2026-10-03T16:05:17.0078988Z   Path: /opt/hostedtoolcache/Java_Temurin-Hotspot_jdk/21.0.12-1/x64
java	Run actions/setup-java@v4	2026-10-03T16:05:17.0079497Z 
java	Run actions/setup-java@v4	2026-10-03T16:05:17.0079997Z ##[endgroup]
java	Run actions/setup-java@v4	2026-10-03T16:05:17.0097753Z Creating settings.xml with server-id: github
java	Run actions/setup-java@v4	2026-10-03T16:05:17.0124926Z Writing to /home/runner/.m2/settings.xml
java	Java S0 compile	﻿2026-10-03T16:05:17.0403095Z ##[group]Run python3 ci/check_s0_boundary.py java
java	Java S0 compile	2026-10-03T16:05:17.0403741Z ^[[36;1mpython3 ci/check_s0_boundary.py java^[[0m
java	Java S0 compile	2026-10-03T16:05:17.0404167Z ^[[36;1mjavac -d "$RUNNER_TEMP" backend/java/InfraPlaceholder.java^[[0m
java	Java S0 compile	2026-10-03T16:05:17.0732827Z shell: /usr/bin/bash -e {0}
java	Java S0 compile	2026-10-03T16:05:17.0733313Z env:
java	Java S0 compile	2026-10-03T16:05:17.0733730Z   JAVA_HOME: /opt/hostedtoolcache/Java_Temurin-Hotspot_jdk/21.0.12-1/x64
java	Java S0 compile	2026-10-03T16:05:17.0734719Z   JAVA_HOME_21_X64: /opt/hostedtoolcache/Java_Temurin-Hotspot_jdk/21.0.12-1/x64
java	Java S0 compile	2026-10-03T16:05:17.0735230Z ##[endgroup]
java	Post Run actions/setup-java@v4	﻿2026-10-03T16:05:19.7230349Z Post job cleanup.
java	Post Run actions/setup-java@v4	2026-10-03T16:05:19.8616120Z (node:2349) [DEP0040] DeprecationWarning: The `punycode` module is deprecated. Please use a userland alternative instead.
java	Post Run actions/setup-java@v4	2026-10-03T16:05:19.8617139Z (Use `node --trace-deprecation ...` to show where the warning was created)
java	Post Run actions/checkout@v4	﻿2026-10-03T16:05:19.8908759Z Post job cleanup.
java	Post Run actions/checkout@v4	2026-10-03T16:05:19.9875750Z [command]/usr/bin/git version
java	Post Run actions/checkout@v4	2026-10-03T16:05:19.9938054Z git version 2.55.0
java	Post Run actions/checkout@v4	2026-10-03T16:05:19.9988299Z Temporarily overriding HOME='/home/runner/work/_temp/9beda85b-7c46-4757-81a7-e92b0c2078e3' before making global git config changes
java	Post Run actions/checkout@v4	2026-10-03T16:05:19.9990118Z Adding repository directory to the temporary git global config as a safe directory
java	Post Run actions/checkout@v4	2026-10-03T16:05:19.9992936Z [command]/usr/bin/git config --global --add safe.directory /home/runner/work/IM-platform/IM-platform
java	Post Run actions/checkout@v4	2026-10-03T16:05:20.0056111Z [command]/usr/bin/git config --local --name-only --get-regexp core\.sshCommand
java	Post Run actions/checkout@v4	2026-10-03T16:05:20.0117243Z [command]/usr/bin/git submodule foreach --recursive sh -c "git config --local --name-only --get-regexp 'core\.sshCommand' && git config --local --unset-all 'core.sshCommand' || :"
java	Post Run actions/checkout@v4	2026-10-03T16:05:20.0486987Z [command]/usr/bin/git config --local --name-only --get-regexp http\.https\:\/\/github\.com\/\.extraheader
java	Post Run actions/checkout@v4	2026-10-03T16:05:20.0530862Z http.https://github.com/.extraheader
java	Post Run actions/checkout@v4	2026-10-03T16:05:20.0565661Z [command]/usr/bin/git config --local --unset-all http.https://github.com/.extraheader
java	Post Run actions/checkout@v4	2026-10-03T16:05:20.0626444Z [command]/usr/bin/git submodule foreach --recursive sh -c "git config --local --name-only --get-regexp 'http\.https\:\/\/github\.com\/\.extraheader' && git config --local --unset-all 'http.https://github.com/.extraheader' || :"
java	Post Run actions/checkout@v4	2026-10-03T16:05:20.1019461Z [command]/usr/bin/git config --local --name-only --get-regexp ^includeIf\.gitdir:
java	Post Run actions/checkout@v4	2026-10-03T16:05:20.1055754Z [command]/usr/bin/git submodule foreach --recursive git config --local --show-origin --name-only --get-regexp remote.origin.url
java	Complete job	﻿2026-10-03T16:05:20.1465354Z Cleaning up orphan processes
java	Complete job	2026-10-03T16:05:20.1730410Z ##[warning]Node.js 20 is deprecated. The following actions target Node.js 20 but are being forced to run on Node.js 24: actions/checkout@v4, actions/setup-java@v4. For more information see: https://github.blog/changelog/2025-09-19-deprecation-of-node-20-on-github-actions-runners/
