shared	Set up job	﻿2026-10-03T16:05:28.5860203Z Current runner version: '2.337.0'
shared	Set up job	2026-10-03T16:05:28.5886757Z ##[group]Runner Image Provisioner
shared	Set up job	2026-10-03T16:05:28.5887707Z Hosted Compute Agent
shared	Set up job	2026-10-03T16:05:28.5888296Z Version: 20260901.588
shared	Set up job	2026-10-03T16:05:28.5888949Z Commit: f88ec8081b781fac6c440065ac7ff9e710ce3d0b
shared	Set up job	2026-10-03T16:05:28.5889943Z Build Date: 2026-09-01T19:56:44Z
shared	Set up job	2026-10-03T16:05:28.5890611Z Worker ID: {808e903f-1459-416f-9c86-68d8e4c3755b}
shared	Set up job	2026-10-03T16:05:28.5891367Z Azure Region: canadacentral
shared	Set up job	2026-10-03T16:05:28.5891962Z ##[endgroup]
shared	Set up job	2026-10-03T16:05:28.5893541Z ##[group]Operating System
shared	Set up job	2026-10-03T16:05:28.5894251Z Ubuntu
shared	Set up job	2026-10-03T16:05:28.5894776Z 24.04.5
shared	Set up job	2026-10-03T16:05:28.5895357Z LTS
shared	Set up job	2026-10-03T16:05:28.5896098Z ##[endgroup]
shared	Set up job	2026-10-03T16:05:28.5896644Z ##[group]Runner Image
shared	Set up job	2026-10-03T16:05:28.5897377Z Image: ubuntu-24.04
shared	Set up job	2026-10-03T16:05:28.5897944Z Version: 20260927.320.1
shared	Set up job	2026-10-03T16:05:28.5899409Z Included Software: https://github.com/actions/runner-images/blob/ubuntu24/20260927.320/images/ubuntu/Ubuntu2404-Readme.md
shared	Set up job	2026-10-03T16:05:28.5901106Z Image Release: https://github.com/actions/runner-images/releases/tag/ubuntu24%2F20260927.320
shared	Set up job	2026-10-03T16:05:28.5902247Z ##[endgroup]
shared	Set up job	2026-10-03T16:05:28.5903374Z ##[group]GITHUB_TOKEN Permissions
shared	Set up job	2026-10-03T16:05:28.5906104Z Contents: read
shared	Set up job	2026-10-03T16:05:28.5906761Z Metadata: read
shared	Set up job	2026-10-03T16:05:28.5907442Z ##[endgroup]
shared	Set up job	2026-10-03T16:05:28.5909715Z Secret source: Actions
shared	Set up job	2026-10-03T16:05:28.5910855Z Cache mode: write
shared	Set up job	2026-10-03T16:05:28.5911847Z Prepare workflow directory
shared	Set up job	2026-10-03T16:05:28.6327018Z Prepare all required actions
shared	Set up job	2026-10-03T16:05:28.6375253Z Getting action download info
shared	Set up job	2026-10-03T16:05:28.8939172Z Download action repository 'actions/checkout@v4' (SHA:11d5960a326750d5838078e36cf38b85af677262)
shared	Set up job	2026-10-03T16:05:28.9910572Z Download action repository 'actions/setup-node@v4' (SHA:49933ea5288caeca8642d1e84afbd3f7d6820020)
shared	Set up job	2026-10-03T16:05:29.1785878Z Complete job name: shared
shared	Run actions/checkout@v4	﻿2026-10-03T16:05:29.2555956Z ##[group]Run actions/checkout@v4
shared	Run actions/checkout@v4	2026-10-03T16:05:29.2556940Z with:
shared	Run actions/checkout@v4	2026-10-03T16:05:29.2557440Z   ref: 8bcc7321bba05a70404d1e16bbd2fa0465da696f
shared	Run actions/checkout@v4	2026-10-03T16:05:29.2558083Z   repository: nilesthump/IM-platform
shared	Run actions/checkout@v4	2026-10-03T16:05:29.2561848Z   token: ***
shared	Run actions/checkout@v4	2026-10-03T16:05:29.2562287Z   ssh-strict: true
shared	Run actions/checkout@v4	2026-10-03T16:05:29.2562740Z   ssh-user: git
shared	Run actions/checkout@v4	2026-10-03T16:05:29.2563197Z   persist-credentials: true
shared	Run actions/checkout@v4	2026-10-03T16:05:29.2563692Z   clean: true
shared	Run actions/checkout@v4	2026-10-03T16:05:29.2564144Z   sparse-checkout-cone-mode: true
shared	Run actions/checkout@v4	2026-10-03T16:05:29.2564667Z   fetch-depth: 1
shared	Run actions/checkout@v4	2026-10-03T16:05:29.2565097Z   fetch-tags: false
shared	Run actions/checkout@v4	2026-10-03T16:05:29.2565765Z   show-progress: true
shared	Run actions/checkout@v4	2026-10-03T16:05:29.2566229Z   lfs: false
shared	Run actions/checkout@v4	2026-10-03T16:05:29.2566649Z   submodules: false
shared	Run actions/checkout@v4	2026-10-03T16:05:29.2567106Z   set-safe-directory: true
shared	Run actions/checkout@v4	2026-10-03T16:05:29.2567621Z   allow-unsafe-pr-checkout: false
shared	Run actions/checkout@v4	2026-10-03T16:05:29.2568398Z env:
shared	Run actions/checkout@v4	2026-10-03T16:05:29.2568849Z   PYTHONDONTWRITEBYTECODE: 1
shared	Run actions/checkout@v4	2026-10-03T16:05:29.2569365Z ##[endgroup]
shared	Run actions/checkout@v4	2026-10-03T16:05:29.3601352Z Syncing repository: nilesthump/IM-platform
shared	Run actions/checkout@v4	2026-10-03T16:05:29.3603965Z ##[group]Getting Git version info
shared	Run actions/checkout@v4	2026-10-03T16:05:29.3605177Z Working directory is '/home/runner/work/IM-platform/IM-platform'
shared	Run actions/checkout@v4	2026-10-03T16:05:29.3607160Z [command]/usr/bin/git version
shared	Run actions/checkout@v4	2026-10-03T16:05:29.3674360Z git version 2.55.0
shared	Run actions/checkout@v4	2026-10-03T16:05:29.3706930Z ##[endgroup]
shared	Run actions/checkout@v4	2026-10-03T16:05:29.3716927Z Temporarily overriding HOME='/home/runner/work/_temp/582f2ed2-13d0-4dff-8042-1c6a42752fb5' before making global git config changes
shared	Run actions/checkout@v4	2026-10-03T16:05:29.3739212Z Adding repository directory to the temporary git global config as a safe directory
shared	Run actions/checkout@v4	2026-10-03T16:05:29.3741985Z [command]/usr/bin/git config --global --add safe.directory /home/runner/work/IM-platform/IM-platform
shared	Run actions/checkout@v4	2026-10-03T16:05:29.3786245Z Deleting the contents of '/home/runner/work/IM-platform/IM-platform'
shared	Run actions/checkout@v4	2026-10-03T16:05:29.3790766Z ##[group]Initializing the repository
shared	Run actions/checkout@v4	2026-10-03T16:05:29.3794447Z [command]/usr/bin/git init /home/runner/work/IM-platform/IM-platform
shared	Run actions/checkout@v4	2026-10-03T16:05:29.3913769Z hint: Using 'master' as the name for the initial branch. This default branch name
shared	Run actions/checkout@v4	2026-10-03T16:05:29.3916472Z hint: will change to "main" in Git 3.0. To configure the initial branch name
shared	Run actions/checkout@v4	2026-10-03T16:05:29.3918974Z hint: to use in all of your new repositories, which will suppress this warning,
shared	Run actions/checkout@v4	2026-10-03T16:05:29.3920424Z hint: call:
shared	Run actions/checkout@v4	2026-10-03T16:05:29.3921352Z hint:
shared	Run actions/checkout@v4	2026-10-03T16:05:29.3922469Z hint: 	git config --global init.defaultBranch <name>
shared	Run actions/checkout@v4	2026-10-03T16:05:29.3923691Z hint:
shared	Run actions/checkout@v4	2026-10-03T16:05:29.3924792Z hint: Names commonly chosen instead of 'master' are 'main', 'trunk' and
shared	Run actions/checkout@v4	2026-10-03T16:05:29.3926873Z hint: 'development'. The just-created branch can be renamed via this command:
shared	Run actions/checkout@v4	2026-10-03T16:05:29.3928368Z hint:
shared	Run actions/checkout@v4	2026-10-03T16:05:29.3929206Z hint: 	git branch -m <name>
shared	Run actions/checkout@v4	2026-10-03T16:05:29.3930124Z hint:
shared	Run actions/checkout@v4	2026-10-03T16:05:29.3931296Z hint: Disable this message with "git config set advice.defaultBranchName false"
shared	Run actions/checkout@v4	2026-10-03T16:05:29.3933625Z Initialized empty Git repository in /home/runner/work/IM-platform/IM-platform/.git/
shared	Run actions/checkout@v4	2026-10-03T16:05:29.3937587Z [command]/usr/bin/git remote add origin https://github.com/nilesthump/IM-platform
shared	Run actions/checkout@v4	2026-10-03T16:05:29.3977004Z ##[endgroup]
shared	Run actions/checkout@v4	2026-10-03T16:05:29.3978360Z ##[group]Disabling automatic garbage collection
shared	Run actions/checkout@v4	2026-10-03T16:05:29.3981691Z [command]/usr/bin/git config --local gc.auto 0
shared	Run actions/checkout@v4	2026-10-03T16:05:29.4016920Z ##[endgroup]
shared	Run actions/checkout@v4	2026-10-03T16:05:29.4018291Z ##[group]Setting up auth
shared	Run actions/checkout@v4	2026-10-03T16:05:29.4024384Z [command]/usr/bin/git config --local --name-only --get-regexp core\.sshCommand
shared	Run actions/checkout@v4	2026-10-03T16:05:29.4060488Z [command]/usr/bin/git submodule foreach --recursive sh -c "git config --local --name-only --get-regexp 'core\.sshCommand' && git config --local --unset-all 'core.sshCommand' || :"
shared	Run actions/checkout@v4	2026-10-03T16:05:29.4451585Z [command]/usr/bin/git config --local --name-only --get-regexp http\.https\:\/\/github\.com\/\.extraheader
shared	Run actions/checkout@v4	2026-10-03T16:05:29.4497571Z [command]/usr/bin/git submodule foreach --recursive sh -c "git config --local --name-only --get-regexp 'http\.https\:\/\/github\.com\/\.extraheader' && git config --local --unset-all 'http.https://github.com/.extraheader' || :"
shared	Run actions/checkout@v4	2026-10-03T16:05:29.4723597Z [command]/usr/bin/git config --local --name-only --get-regexp ^includeIf\.gitdir:
shared	Run actions/checkout@v4	2026-10-03T16:05:29.4761528Z [command]/usr/bin/git submodule foreach --recursive git config --local --show-origin --name-only --get-regexp remote.origin.url
shared	Run actions/checkout@v4	2026-10-03T16:05:29.4987327Z [command]/usr/bin/git config --local http.https://github.com/.extraheader AUTHORIZATION: basic ***
shared	Run actions/checkout@v4	2026-10-03T16:05:29.5029854Z ##[endgroup]
shared	Run actions/checkout@v4	2026-10-03T16:05:29.5030726Z ##[group]Fetching the repository
shared	Run actions/checkout@v4	2026-10-03T16:05:29.5039065Z [command]/usr/bin/git -c protocol.version=2 fetch --no-tags --prune --no-recurse-submodules --depth=1 origin 8bcc7321bba05a70404d1e16bbd2fa0465da696f
shared	Run actions/checkout@v4	2026-10-03T16:05:31.4413124Z From https://github.com/nilesthump/IM-platform
shared	Run actions/checkout@v4	2026-10-03T16:05:31.4416799Z  * branch            8bcc7321bba05a70404d1e16bbd2fa0465da696f -> FETCH_HEAD
shared	Run actions/checkout@v4	2026-10-03T16:05:31.4422976Z ##[endgroup]
shared	Run actions/checkout@v4	2026-10-03T16:05:31.4424945Z ##[group]Determining the checkout info
shared	Run actions/checkout@v4	2026-10-03T16:05:31.4427072Z ##[endgroup]
shared	Run actions/checkout@v4	2026-10-03T16:05:31.4428372Z [command]/usr/bin/git sparse-checkout disable
shared	Run actions/checkout@v4	2026-10-03T16:05:31.4482892Z [command]/usr/bin/git config --local --unset-all extensions.worktreeConfig
shared	Run actions/checkout@v4	2026-10-03T16:05:31.4518972Z ##[group]Checking out the ref
shared	Run actions/checkout@v4	2026-10-03T16:05:31.4523951Z [command]/usr/bin/git checkout --progress --force 8bcc7321bba05a70404d1e16bbd2fa0465da696f
shared	Run actions/checkout@v4	2026-10-03T16:05:32.0344792Z Note: switching to '8bcc7321bba05a70404d1e16bbd2fa0465da696f'.
shared	Run actions/checkout@v4	2026-10-03T16:05:32.0346843Z 
shared	Run actions/checkout@v4	2026-10-03T16:05:32.0347571Z You are in 'detached HEAD' state. You can look around, make experimental
shared	Run actions/checkout@v4	2026-10-03T16:05:32.0348575Z changes and commit them, and you can discard any commits you make in this
shared	Run actions/checkout@v4	2026-10-03T16:05:32.0349512Z state without impacting any branches by switching back to a branch.
shared	Run actions/checkout@v4	2026-10-03T16:05:32.0350053Z 
shared	Run actions/checkout@v4	2026-10-03T16:05:32.0350457Z If you want to create a new branch to retain commits you create, you may
shared	Run actions/checkout@v4	2026-10-03T16:05:32.0351368Z do so (now or later) by using -c with the switch command. Example:
shared	Run actions/checkout@v4	2026-10-03T16:05:32.0352033Z 
shared	Run actions/checkout@v4	2026-10-03T16:05:32.0352194Z   git switch -c <new-branch-name>
shared	Run actions/checkout@v4	2026-10-03T16:05:32.0352432Z 
shared	Run actions/checkout@v4	2026-10-03T16:05:32.0352579Z Or undo this operation with:
shared	Run actions/checkout@v4	2026-10-03T16:05:32.0352800Z 
shared	Run actions/checkout@v4	2026-10-03T16:05:32.0352916Z   git switch -
shared	Run actions/checkout@v4	2026-10-03T16:05:32.0353116Z 
shared	Run actions/checkout@v4	2026-10-03T16:05:32.0353414Z Turn off this advice by setting config variable advice.detachedHead to false
shared	Run actions/checkout@v4	2026-10-03T16:05:32.0353788Z 
shared	Run actions/checkout@v4	2026-10-03T16:05:32.0354058Z HEAD is now at 8bcc732 docs(sync): complete original Fix prompt evidence archive
shared	Run actions/checkout@v4	2026-10-03T16:05:32.0375682Z ##[endgroup]
shared	Run actions/checkout@v4	2026-10-03T16:05:32.0423822Z [command]/usr/bin/git log -1 --format=%H
shared	Run actions/checkout@v4	2026-10-03T16:05:32.0451716Z 8bcc7321bba05a70404d1e16bbd2fa0465da696f
shared	Run actions/setup-node@v4	﻿2026-10-03T16:05:32.0710308Z ##[group]Run actions/setup-node@v4
shared	Run actions/setup-node@v4	2026-10-03T16:05:32.0710734Z with:
shared	Run actions/setup-node@v4	2026-10-03T16:05:32.0710990Z   node-version: 22
shared	Run actions/setup-node@v4	2026-10-03T16:05:32.0711248Z   always-auth: false
shared	Run actions/setup-node@v4	2026-10-03T16:05:32.0711510Z   check-latest: false
shared	Run actions/setup-node@v4	2026-10-03T16:05:32.0714079Z   token: ***
shared	Run actions/setup-node@v4	2026-10-03T16:05:32.0714325Z env:
shared	Run actions/setup-node@v4	2026-10-03T16:05:32.0714584Z   PYTHONDONTWRITEBYTECODE: 1
shared	Run actions/setup-node@v4	2026-10-03T16:05:32.0714879Z ##[endgroup]
shared	Run actions/setup-node@v4	2026-10-03T16:05:32.2119055Z Found in cache @ /opt/hostedtoolcache/node/22.23.3/x64
shared	Run actions/setup-node@v4	2026-10-03T16:05:32.2123662Z (node:2308) [DEP0040] DeprecationWarning: The `punycode` module is deprecated. Please use a userland alternative instead.
shared	Run actions/setup-node@v4	2026-10-03T16:05:32.2124641Z (Use `node --trace-deprecation ...` to show where the warning was created)
shared	Run actions/setup-node@v4	2026-10-03T16:05:32.2126943Z ##[group]Environment details
shared	Run actions/setup-node@v4	2026-10-03T16:05:32.6173137Z node: v22.23.3
shared	Run actions/setup-node@v4	2026-10-03T16:05:32.6173815Z npm: 10.9.9
shared	Run actions/setup-node@v4	2026-10-03T16:05:32.6174048Z yarn: 1.22.22
shared	Run actions/setup-node@v4	2026-10-03T16:05:32.6174890Z ##[endgroup]
shared	Actual shared TypeScript storage compile	﻿2026-10-03T16:05:32.6374464Z ##[group]Run python3 -B tools/verify_client_sqlite.py --scope shared
shared	Actual shared TypeScript storage compile	2026-10-03T16:05:32.6375125Z ^[[36;1mpython3 -B tools/verify_client_sqlite.py --scope shared^[[0m
shared	Actual shared TypeScript storage compile	2026-10-03T16:05:32.6375903Z ^[[36;1mpython3 -B tools/verify_client_send.py --scope shared^[[0m
shared	Actual shared TypeScript storage compile	2026-10-03T16:05:32.6376353Z ^[[36;1mpython3 -B tools/verify_client_sync.py --scope shared^[[0m
shared	Actual shared TypeScript storage compile	2026-10-03T16:05:32.6664488Z shell: /usr/bin/bash -e {0}
shared	Actual shared TypeScript storage compile	2026-10-03T16:05:32.6664798Z env:
shared	Actual shared TypeScript storage compile	2026-10-03T16:05:32.6665038Z   PYTHONDONTWRITEBYTECODE: 1
shared	Actual shared TypeScript storage compile	2026-10-03T16:05:32.6665318Z ##[endgroup]
shared	Actual shared TypeScript storage compile	2026-10-03T16:05:32.7097719Z + npm --prefix clients/shared/protocol-sdk ci --ignore-scripts --no-audit --no-fund
shared	Actual shared TypeScript storage compile	2026-10-03T16:05:35.7049626Z 
shared	Actual shared TypeScript storage compile	2026-10-03T16:05:35.7050587Z added 1 package in 3s
shared	Actual shared TypeScript storage compile	2026-10-03T16:05:35.7454688Z + npm --prefix clients/shared/protocol-sdk run build
shared	Actual shared TypeScript storage compile	2026-10-03T16:05:35.8375257Z 
shared	Actual shared TypeScript storage compile	2026-10-03T16:05:35.8375836Z > @im/protocol-sdk@0.1.0 build
shared	Actual shared TypeScript storage compile	2026-10-03T16:05:35.8376590Z > tsc -p tsconfig.json
shared	Actual shared TypeScript storage compile	2026-10-03T16:05:35.8376783Z 
shared	Actual shared TypeScript storage compile	2026-10-03T16:05:37.3703321Z PASS: shared TypeScript compile (behavior exercised by Desktop SQLx and Android jobs)
shared	Actual shared TypeScript storage compile	2026-10-03T16:05:37.4089841Z + npm --prefix clients/shared/protocol-sdk ci --ignore-scripts --no-audit --no-fund
shared	Actual shared TypeScript storage compile	2026-10-03T16:05:37.8721290Z 
shared	Actual shared TypeScript storage compile	2026-10-03T16:05:37.8721921Z added 1 package in 412ms
shared	Actual shared TypeScript storage compile	2026-10-03T16:05:37.8816194Z + npm --prefix clients/shared/protocol-sdk run build
shared	Actual shared TypeScript storage compile	2026-10-03T16:05:37.9752265Z 
shared	Actual shared TypeScript storage compile	2026-10-03T16:05:37.9752935Z > @im/protocol-sdk@0.1.0 build
shared	Actual shared TypeScript storage compile	2026-10-03T16:05:37.9753655Z > tsc -p tsconfig.json
shared	Actual shared TypeScript storage compile	2026-10-03T16:05:37.9753936Z 
shared	Actual shared TypeScript storage compile	2026-10-03T16:05:39.4262527Z + node tests/clients/send/shared.mjs
shared	Actual shared TypeScript storage compile	2026-10-03T16:05:39.4607780Z PASS: strict schema fields, duplicate keys, exact integer lexemes, invalid frames, escaped content
shared	Actual shared TypeScript storage compile	2026-10-03T16:05:39.5044151Z + npm --prefix clients/shared/protocol-sdk ci --ignore-scripts --no-audit --no-fund
shared	Actual shared TypeScript storage compile	2026-10-03T16:05:39.9763297Z 
shared	Actual shared TypeScript storage compile	2026-10-03T16:05:39.9764194Z added 1 package in 418ms
shared	Actual shared TypeScript storage compile	2026-10-03T16:05:39.9890638Z + npm --prefix clients/shared/protocol-sdk run build
shared	Actual shared TypeScript storage compile	2026-10-03T16:05:40.0839780Z 
shared	Actual shared TypeScript storage compile	2026-10-03T16:05:40.0840427Z > @im/protocol-sdk@0.1.0 build
shared	Actual shared TypeScript storage compile	2026-10-03T16:05:40.0841023Z > tsc -p tsconfig.json
shared	Actual shared TypeScript storage compile	2026-10-03T16:05:40.0841308Z 
shared	Actual shared TypeScript storage compile	2026-10-03T16:05:41.5560274Z + node tests/clients/sync/shared.mjs
shared	Actual shared TypeScript storage compile	2026-10-03T16:05:41.7450808Z PASS: exact Sync correlation/shapes/gap/progress/kinds/numbers, 100x4096 escaped/literal Unicode bounded transport, strict nonstring Sync/WSS enums and WSS bound regression
shared	HTTP, WSS, Sync and Plugin contracts	﻿2026-10-03T16:05:41.7817493Z ##[group]Run ./contracts/http/verify-auth-user-friend.ps1
shared	HTTP, WSS, Sync and Plugin contracts	2026-10-03T16:05:41.7818261Z ^[[36;1m./contracts/http/verify-auth-user-friend.ps1^[[0m
shared	HTTP, WSS, Sync and Plugin contracts	2026-10-03T16:05:41.7818875Z ^[[36;1mif ($LASTEXITCODE -ne 0) { exit $LASTEXITCODE }^[[0m
shared	HTTP, WSS, Sync and Plugin contracts	2026-10-03T16:05:41.7819387Z ^[[36;1mpython3 -B tools/verify_sync_transport.py^[[0m
shared	HTTP, WSS, Sync and Plugin contracts	2026-10-03T16:05:41.7819774Z ^[[36;1mif ($LASTEXITCODE -ne 0) { exit $LASTEXITCODE }^[[0m
shared	HTTP, WSS, Sync and Plugin contracts	2026-10-03T16:05:41.7820239Z ^[[36;1mpython3 -B -m unittest discover -s tests/contract -p test_sync_transport.py^[[0m
shared	HTTP, WSS, Sync and Plugin contracts	2026-10-03T16:05:41.7820713Z ^[[36;1mif ($LASTEXITCODE -ne 0) { exit $LASTEXITCODE }^[[0m
shared	HTTP, WSS, Sync and Plugin contracts	2026-10-03T16:05:41.7821057Z ^[[36;1mpython3 contracts/websocket/verify.py^[[0m
shared	HTTP, WSS, Sync and Plugin contracts	2026-10-03T16:05:41.7821390Z ^[[36;1mif ($LASTEXITCODE -ne 0) { exit $LASTEXITCODE }^[[0m
shared	HTTP, WSS, Sync and Plugin contracts	2026-10-03T16:05:41.7821728Z ^[[36;1mpython3 contracts/plugin-api/verify.py^[[0m
shared	HTTP, WSS, Sync and Plugin contracts	2026-10-03T16:05:41.7822060Z ^[[36;1mexit $LASTEXITCODE^[[0m
shared	HTTP, WSS, Sync and Plugin contracts	2026-10-03T16:05:41.7860463Z shell: /usr/bin/pwsh -command ". '{0}'"
shared	HTTP, WSS, Sync and Plugin contracts	2026-10-03T16:05:41.7861285Z env:
shared	HTTP, WSS, Sync and Plugin contracts	2026-10-03T16:05:41.7861848Z   PYTHONDONTWRITEBYTECODE: 1
shared	HTTP, WSS, Sync and Plugin contracts	2026-10-03T16:05:41.7862411Z ##[endgroup]
shared	HTTP, WSS, Sync and Plugin contracts	2026-10-03T16:05:53.8779557Z PASS: Auth/User/Friend contracts verified paths=9 operations=9 error_codes=15 positive=6 negative=21 profiles=go,java schema_lint=OAI-OpenAPI-3.1-2026-08-03 mutation_regressions=15.
shared	HTTP, WSS, Sync and Plugin contracts	2026-10-03T16:05:53.9663679Z PASS: canonical external refs, HTTPS/Auth/error/pagination binding and official OpenAPI 3.1 lint; no runtime acceptance claimed
shared	HTTP, WSS, Sync and Plugin contracts	2026-10-03T16:05:54.0539733Z ....
shared	HTTP, WSS, Sync and Plugin contracts	2026-10-03T16:05:54.0540489Z ----------------------------------------------------------------------
shared	HTTP, WSS, Sync and Plugin contracts	2026-10-03T16:05:54.0541060Z Ran 4 tests in 0.011s
shared	HTTP, WSS, Sync and Plugin contracts	2026-10-03T16:05:54.0541250Z 
shared	HTTP, WSS, Sync and Plugin contracts	2026-10-03T16:05:54.0541356Z OK
shared	HTTP, WSS, Sync and Plugin contracts	2026-10-03T16:05:54.1411289Z PASS WSS v1: 8 positive, 10 negative shared Go/Java scenarios; 18 schema and 26 behavior mutations rejected
shared	HTTP, WSS, Sync and Plugin contracts	2026-10-03T16:05:54.2021734Z PASS: Sync/Plugin v1 schemas, 79 distinct Go/Java outcome artifacts (22 positive, 57 negative), SP-A-001..013, 16 mutation controls
shared	Post Run actions/setup-node@v4	﻿2026-10-03T16:05:54.2843557Z Post job cleanup.
shared	Post Run actions/setup-node@v4	2026-10-03T16:05:54.4053806Z (node:2556) [DEP0040] DeprecationWarning: The `punycode` module is deprecated. Please use a userland alternative instead.
shared	Post Run actions/setup-node@v4	2026-10-03T16:05:54.4054793Z (Use `node --trace-deprecation ...` to show where the warning was created)
shared	Post Run actions/checkout@v4	﻿2026-10-03T16:05:54.4265680Z Post job cleanup.
shared	Post Run actions/checkout@v4	2026-10-03T16:05:54.5176424Z [command]/usr/bin/git version
shared	Post Run actions/checkout@v4	2026-10-03T16:05:54.5226197Z git version 2.55.0
shared	Post Run actions/checkout@v4	2026-10-03T16:05:54.5251724Z Temporarily overriding HOME='/home/runner/work/_temp/8a49f1e7-ea22-41fa-9e76-ac1e4226cc40' before making global git config changes
shared	Post Run actions/checkout@v4	2026-10-03T16:05:54.5253192Z Adding repository directory to the temporary git global config as a safe directory
shared	Post Run actions/checkout@v4	2026-10-03T16:05:54.5257315Z [command]/usr/bin/git config --global --add safe.directory /home/runner/work/IM-platform/IM-platform
shared	Post Run actions/checkout@v4	2026-10-03T16:05:54.5296977Z [command]/usr/bin/git config --local --name-only --get-regexp core\.sshCommand
shared	Post Run actions/checkout@v4	2026-10-03T16:05:54.5331657Z [command]/usr/bin/git submodule foreach --recursive sh -c "git config --local --name-only --get-regexp 'core\.sshCommand' && git config --local --unset-all 'core.sshCommand' || :"
shared	Post Run actions/checkout@v4	2026-10-03T16:05:54.5596682Z [command]/usr/bin/git config --local --name-only --get-regexp http\.https\:\/\/github\.com\/\.extraheader
shared	Post Run actions/checkout@v4	2026-10-03T16:05:54.5624708Z http.https://github.com/.extraheader
shared	Post Run actions/checkout@v4	2026-10-03T16:05:54.5635979Z [command]/usr/bin/git config --local --unset-all http.https://github.com/.extraheader
shared	Post Run actions/checkout@v4	2026-10-03T16:05:54.5669961Z [command]/usr/bin/git submodule foreach --recursive sh -c "git config --local --name-only --get-regexp 'http\.https\:\/\/github\.com\/\.extraheader' && git config --local --unset-all 'http.https://github.com/.extraheader' || :"
shared	Post Run actions/checkout@v4	2026-10-03T16:05:54.5960368Z [command]/usr/bin/git config --local --name-only --get-regexp ^includeIf\.gitdir:
shared	Post Run actions/checkout@v4	2026-10-03T16:05:54.6008316Z [command]/usr/bin/git submodule foreach --recursive git config --local --show-origin --name-only --get-regexp remote.origin.url
shared	Complete job	﻿2026-10-03T16:05:54.6449271Z Cleaning up orphan processes
shared	Complete job	2026-10-03T16:05:54.6759324Z ##[warning]Node.js 20 is deprecated. The following actions target Node.js 20 but are being forced to run on Node.js 24: actions/checkout@v4, actions/setup-node@v4. For more information see: https://github.blog/changelog/2025-09-19-deprecation-of-node-20-on-github-actions-runners/
