source_java	Set up job	﻿2026-10-03T16:04:52.4927521Z Current runner version: '2.337.0'
source_java	Set up job	2026-10-03T16:04:52.4945875Z ##[group]Runner Image Provisioner
source_java	Set up job	2026-10-03T16:04:52.4946605Z Hosted Compute Agent
source_java	Set up job	2026-10-03T16:04:52.4946952Z Version: 20260901.588
source_java	Set up job	2026-10-03T16:04:52.4947390Z Commit: f88ec8081b781fac6c440065ac7ff9e710ce3d0b
source_java	Set up job	2026-10-03T16:04:52.4947817Z Build Date: 2026-09-01T19:56:44Z
source_java	Set up job	2026-10-03T16:04:52.4948247Z Worker ID: {23533a7c-b94f-42ec-a4e1-f1f788b880af}
source_java	Set up job	2026-10-03T16:04:52.4948705Z Azure Region: centralus
source_java	Set up job	2026-10-03T16:04:52.4949051Z ##[endgroup]
source_java	Set up job	2026-10-03T16:04:52.4950096Z ##[group]Operating System
source_java	Set up job	2026-10-03T16:04:52.4950458Z Ubuntu
source_java	Set up job	2026-10-03T16:04:52.4950830Z 24.04.5
source_java	Set up job	2026-10-03T16:04:52.4951177Z LTS
source_java	Set up job	2026-10-03T16:04:52.4951483Z ##[endgroup]
source_java	Set up job	2026-10-03T16:04:52.4951843Z ##[group]Runner Image
source_java	Set up job	2026-10-03T16:04:52.4952189Z Image: ubuntu-24.04
source_java	Set up job	2026-10-03T16:04:52.4952516Z Version: 20260927.320.1
source_java	Set up job	2026-10-03T16:04:52.4953186Z Included Software: https://github.com/actions/runner-images/blob/ubuntu24/20260927.320/images/ubuntu/Ubuntu2404-Readme.md
source_java	Set up job	2026-10-03T16:04:52.4954217Z Image Release: https://github.com/actions/runner-images/releases/tag/ubuntu24%2F20260927.320
source_java	Set up job	2026-10-03T16:04:52.4954768Z ##[endgroup]
source_java	Set up job	2026-10-03T16:04:52.4955511Z ##[group]GITHUB_TOKEN Permissions
source_java	Set up job	2026-10-03T16:04:52.4956631Z Contents: read
source_java	Set up job	2026-10-03T16:04:52.4957315Z Metadata: read
source_java	Set up job	2026-10-03T16:04:52.4957692Z ##[endgroup]
source_java	Set up job	2026-10-03T16:04:52.4959014Z Secret source: Actions
source_java	Set up job	2026-10-03T16:04:52.4959836Z Cache mode: write
source_java	Set up job	2026-10-03T16:04:52.4960253Z Prepare workflow directory
source_java	Set up job	2026-10-03T16:04:52.5217990Z Prepare all required actions
source_java	Set up job	2026-10-03T16:04:52.5259951Z Getting action download info
source_java	Set up job	2026-10-03T16:04:52.7202562Z Download action repository 'actions/checkout@v4' (SHA:11d5960a326750d5838078e36cf38b85af677262)
source_java	Set up job	2026-10-03T16:04:52.8595238Z Complete job name: source_java
source_java	Run actions/checkout@v4	﻿2026-10-03T16:04:52.9188538Z ##[group]Run actions/checkout@v4
source_java	Run actions/checkout@v4	2026-10-03T16:04:52.9188987Z with:
source_java	Run actions/checkout@v4	2026-10-03T16:04:52.9189463Z   repository: nilesthump/IM-platform
source_java	Run actions/checkout@v4	2026-10-03T16:04:52.9191787Z   token: ***
source_java	Run actions/checkout@v4	2026-10-03T16:04:52.9192065Z   ssh-strict: true
source_java	Run actions/checkout@v4	2026-10-03T16:04:52.9192318Z   ssh-user: git
source_java	Run actions/checkout@v4	2026-10-03T16:04:52.9192574Z   persist-credentials: true
source_java	Run actions/checkout@v4	2026-10-03T16:04:52.9192854Z   clean: true
source_java	Run actions/checkout@v4	2026-10-03T16:04:52.9193109Z   sparse-checkout-cone-mode: true
source_java	Run actions/checkout@v4	2026-10-03T16:04:52.9193404Z   fetch-depth: 1
source_java	Run actions/checkout@v4	2026-10-03T16:04:52.9193649Z   fetch-tags: false
source_java	Run actions/checkout@v4	2026-10-03T16:04:52.9193907Z   show-progress: true
source_java	Run actions/checkout@v4	2026-10-03T16:04:52.9194160Z   lfs: false
source_java	Run actions/checkout@v4	2026-10-03T16:04:52.9194397Z   submodules: false
source_java	Run actions/checkout@v4	2026-10-03T16:04:52.9194652Z   set-safe-directory: true
source_java	Run actions/checkout@v4	2026-10-03T16:04:52.9194939Z   allow-unsafe-pr-checkout: false
source_java	Run actions/checkout@v4	2026-10-03T16:04:52.9195320Z env:
source_java	Run actions/checkout@v4	2026-10-03T16:04:52.9195562Z   PYTHONDONTWRITEBYTECODE: 1
source_java	Run actions/checkout@v4	2026-10-03T16:04:52.9195841Z ##[endgroup]
source_java	Run actions/checkout@v4	2026-10-03T16:04:52.9867132Z Syncing repository: nilesthump/IM-platform
source_java	Run actions/checkout@v4	2026-10-03T16:04:52.9868765Z ##[group]Getting Git version info
source_java	Run actions/checkout@v4	2026-10-03T16:04:52.9869706Z Working directory is '/home/runner/work/IM-platform/IM-platform'
source_java	Run actions/checkout@v4	2026-10-03T16:04:52.9870592Z [command]/usr/bin/git version
source_java	Run actions/checkout@v4	2026-10-03T16:04:52.9989653Z git version 2.55.0
source_java	Run actions/checkout@v4	2026-10-03T16:04:53.0003817Z ##[endgroup]
source_java	Run actions/checkout@v4	2026-10-03T16:04:53.0017436Z Temporarily overriding HOME='/home/runner/work/_temp/18755a28-f893-4622-986f-22286e0873db' before making global git config changes
source_java	Run actions/checkout@v4	2026-10-03T16:04:53.0018726Z Adding repository directory to the temporary git global config as a safe directory
source_java	Run actions/checkout@v4	2026-10-03T16:04:53.0020214Z [command]/usr/bin/git config --global --add safe.directory /home/runner/work/IM-platform/IM-platform
source_java	Run actions/checkout@v4	2026-10-03T16:04:53.0070241Z Deleting the contents of '/home/runner/work/IM-platform/IM-platform'
source_java	Run actions/checkout@v4	2026-10-03T16:04:53.0072916Z ##[group]Initializing the repository
source_java	Run actions/checkout@v4	2026-10-03T16:04:53.0075552Z [command]/usr/bin/git init /home/runner/work/IM-platform/IM-platform
source_java	Run actions/checkout@v4	2026-10-03T16:04:53.0170459Z hint: Using 'master' as the name for the initial branch. This default branch name
source_java	Run actions/checkout@v4	2026-10-03T16:04:53.0171477Z hint: will change to "main" in Git 3.0. To configure the initial branch name
source_java	Run actions/checkout@v4	2026-10-03T16:04:53.0172315Z hint: to use in all of your new repositories, which will suppress this warning,
source_java	Run actions/checkout@v4	2026-10-03T16:04:53.0173230Z hint: call:
source_java	Run actions/checkout@v4	2026-10-03T16:04:53.0173623Z hint:
source_java	Run actions/checkout@v4	2026-10-03T16:04:53.0174114Z hint: 	git config --global init.defaultBranch <name>
source_java	Run actions/checkout@v4	2026-10-03T16:04:53.0174653Z hint:
source_java	Run actions/checkout@v4	2026-10-03T16:04:53.0175145Z hint: Names commonly chosen instead of 'master' are 'main', 'trunk' and
source_java	Run actions/checkout@v4	2026-10-03T16:04:53.0175995Z hint: 'development'. The just-created branch can be renamed via this command:
source_java	Run actions/checkout@v4	2026-10-03T16:04:53.0176688Z hint:
source_java	Run actions/checkout@v4	2026-10-03T16:04:53.0177052Z hint: 	git branch -m <name>
source_java	Run actions/checkout@v4	2026-10-03T16:04:53.0177480Z hint:
source_java	Run actions/checkout@v4	2026-10-03T16:04:53.0178036Z hint: Disable this message with "git config set advice.defaultBranchName false"
source_java	Run actions/checkout@v4	2026-10-03T16:04:53.0178977Z Initialized empty Git repository in /home/runner/work/IM-platform/IM-platform/.git/
source_java	Run actions/checkout@v4	2026-10-03T16:04:53.0183888Z [command]/usr/bin/git remote add origin https://github.com/nilesthump/IM-platform
source_java	Run actions/checkout@v4	2026-10-03T16:04:53.0740575Z ##[endgroup]
source_java	Run actions/checkout@v4	2026-10-03T16:04:53.0741357Z ##[group]Disabling automatic garbage collection
source_java	Run actions/checkout@v4	2026-10-03T16:04:53.0744154Z [command]/usr/bin/git config --local gc.auto 0
source_java	Run actions/checkout@v4	2026-10-03T16:04:53.0779975Z ##[endgroup]
source_java	Run actions/checkout@v4	2026-10-03T16:04:53.0780437Z ##[group]Setting up auth
source_java	Run actions/checkout@v4	2026-10-03T16:04:53.0784638Z [command]/usr/bin/git config --local --name-only --get-regexp core\.sshCommand
source_java	Run actions/checkout@v4	2026-10-03T16:04:53.0813794Z [command]/usr/bin/git submodule foreach --recursive sh -c "git config --local --name-only --get-regexp 'core\.sshCommand' && git config --local --unset-all 'core.sshCommand' || :"
source_java	Run actions/checkout@v4	2026-10-03T16:04:53.1124640Z [command]/usr/bin/git config --local --name-only --get-regexp http\.https\:\/\/github\.com\/\.extraheader
source_java	Run actions/checkout@v4	2026-10-03T16:04:53.1156690Z [command]/usr/bin/git submodule foreach --recursive sh -c "git config --local --name-only --get-regexp 'http\.https\:\/\/github\.com\/\.extraheader' && git config --local --unset-all 'http.https://github.com/.extraheader' || :"
source_java	Run actions/checkout@v4	2026-10-03T16:04:53.1332570Z [command]/usr/bin/git config --local --name-only --get-regexp ^includeIf\.gitdir:
source_java	Run actions/checkout@v4	2026-10-03T16:04:53.1360713Z [command]/usr/bin/git submodule foreach --recursive git config --local --show-origin --name-only --get-regexp remote.origin.url
source_java	Run actions/checkout@v4	2026-10-03T16:04:53.1533518Z [command]/usr/bin/git config --local http.https://github.com/.extraheader AUTHORIZATION: basic ***
source_java	Run actions/checkout@v4	2026-10-03T16:04:53.1566552Z ##[endgroup]
source_java	Run actions/checkout@v4	2026-10-03T16:04:53.1567181Z ##[group]Fetching the repository
source_java	Run actions/checkout@v4	2026-10-03T16:04:53.1572804Z [command]/usr/bin/git -c protocol.version=2 fetch --no-tags --prune --no-recurse-submodules --depth=1 origin +8bcc7321bba05a70404d1e16bbd2fa0465da696f:refs/remotes/origin/task/LOOP1-SYNC-001
source_java	Run actions/checkout@v4	2026-10-03T16:04:55.2322783Z From https://github.com/nilesthump/IM-platform
source_java	Run actions/checkout@v4	2026-10-03T16:04:55.2324644Z  * [new ref]         8bcc7321bba05a70404d1e16bbd2fa0465da696f -> origin/task/LOOP1-SYNC-001
source_java	Run actions/checkout@v4	2026-10-03T16:04:55.2328403Z ##[endgroup]
source_java	Run actions/checkout@v4	2026-10-03T16:04:55.2329984Z ##[group]Determining the checkout info
source_java	Run actions/checkout@v4	2026-10-03T16:04:55.2331367Z ##[endgroup]
source_java	Run actions/checkout@v4	2026-10-03T16:04:55.2333470Z [command]/usr/bin/git sparse-checkout disable
source_java	Run actions/checkout@v4	2026-10-03T16:04:55.2383417Z [command]/usr/bin/git config --local --unset-all extensions.worktreeConfig
source_java	Run actions/checkout@v4	2026-10-03T16:04:55.2411574Z ##[group]Checking out the ref
source_java	Run actions/checkout@v4	2026-10-03T16:04:55.2414550Z [command]/usr/bin/git checkout --progress --force -B task/LOOP1-SYNC-001 refs/remotes/origin/task/LOOP1-SYNC-001
source_java	Run actions/checkout@v4	2026-10-03T16:04:55.6747275Z Switched to a new branch 'task/LOOP1-SYNC-001'
source_java	Run actions/checkout@v4	2026-10-03T16:04:55.6750636Z branch 'task/LOOP1-SYNC-001' set up to track 'origin/task/LOOP1-SYNC-001'.
source_java	Run actions/checkout@v4	2026-10-03T16:04:55.6776720Z ##[endgroup]
source_java	Run actions/checkout@v4	2026-10-03T16:04:55.6821196Z [command]/usr/bin/git log -1 --format=%H
source_java	Run actions/checkout@v4	2026-10-03T16:04:55.6845607Z 8bcc7321bba05a70404d1e16bbd2fa0465da696f
source_java	Java current source and explicit placeholder boundary	﻿2026-10-03T16:04:55.7014298Z ##[group]Run python3 ci/check_architecture.py --scope java --json
source_java	Java current source and explicit placeholder boundary	2026-10-03T16:04:55.7014709Z ^[[36;1mpython3 ci/check_architecture.py --scope java --json^[[0m
source_java	Java current source and explicit placeholder boundary	2026-10-03T16:04:55.7240881Z shell: /usr/bin/bash -e {0}
source_java	Java current source and explicit placeholder boundary	2026-10-03T16:04:55.7241138Z env:
source_java	Java current source and explicit placeholder boundary	2026-10-03T16:04:55.7241315Z   PYTHONDONTWRITEBYTECODE: 1
source_java	Java current source and explicit placeholder boundary	2026-10-03T16:04:55.7241499Z ##[endgroup]
source_java	Java current source and explicit placeholder boundary	2026-10-03T16:04:55.7636703Z {
source_java	Java current source and explicit placeholder boundary	2026-10-03T16:04:55.7637242Z   "result": "PASS",
source_java	Java current source and explicit placeholder boundary	2026-10-03T16:04:55.7637515Z   "scope": "java",
source_java	Java current source and explicit placeholder boundary	2026-10-03T16:04:55.7637765Z   "violations": [],
source_java	Java current source and explicit placeholder boundary	2026-10-03T16:04:55.7638000Z   "graphs": {
source_java	Java current source and explicit placeholder boundary	2026-10-03T16:04:55.7638215Z     "java": [
source_java	Java current source and explicit placeholder boundary	2026-10-03T16:04:55.7638436Z       {
source_java	Java current source and explicit placeholder boundary	2026-10-03T16:04:55.7638679Z         "path": "InfraPlaceholder.java",
source_java	Java current source and explicit placeholder boundary	2026-10-03T16:04:55.7638992Z         "owner": "root",
source_java	Java current source and explicit placeholder boundary	2026-10-03T16:04:55.7639510Z         "package": "",
source_java	Java current source and explicit placeholder boundary	2026-10-03T16:04:55.7639782Z         "strings": [
source_java	Java current source and explicit placeholder boundary	2026-10-03T16:04:55.7640027Z           "gateway",
source_java	Java current source and explicit placeholder boundary	2026-10-03T16:04:55.7640259Z           "core",
source_java	Java current source and explicit placeholder boundary	2026-10-03T16:04:55.7640497Z           "plugin-host",
source_java	Java current source and explicit placeholder boundary	2026-10-03T16:04:55.7640913Z           "expected gateway, core, or plugin-host role",
source_java	Java current source and explicit placeholder boundary	2026-10-03T16:04:55.7641256Z           "placeholder request failed: ",
source_java	Java current source and explicit placeholder boundary	2026-10-03T16:04:55.7641537Z           " ",
source_java	Java current source and explicit placeholder boundary	2026-10-03T16:04:55.7641779Z           "Sec-WebSocket-Key",
source_java	Java current source and explicit placeholder boundary	2026-10-03T16:04:55.7642046Z           "Upgrade",
source_java	Java current source and explicit placeholder boundary	2026-10-03T16:04:55.7642309Z           "websocket",
source_java	Java current source and explicit placeholder boundary	2026-10-03T16:04:55.7642550Z           "gateway",
source_java	Java current source and explicit placeholder boundary	2026-10-03T16:04:55.7642783Z           "/__infra/ws",
source_java	Java current source and explicit placeholder boundary	2026-10-03T16:04:55.7643027Z           "SHA-1",
source_java	Java current source and explicit placeholder boundary	2026-10-03T16:04:55.7643292Z           "258EAFA5-E914-47DA-95CA-C5AB0DC85B11",
source_java	Java current source and explicit placeholder boundary	2026-10-03T16:04:55.7643829Z           "HTTP/1.1 101 Switching Protocols\\r\\nUpgrade: websocket\\r\\nConnection: Upgrade\\r\\nSec-WebSocket-Accept: ",
source_java	Java current source and explicit placeholder boundary	2026-10-03T16:04:55.7644334Z           "\\r\\n\\r\\n",
source_java	Java current source and explicit placeholder boundary	2026-10-03T16:04:55.7644588Z           "/__infra/health",
source_java	Java current source and explicit placeholder boundary	2026-10-03T16:04:55.7644846Z           "profile=java role=",
source_java	Java current source and explicit placeholder boundary	2026-10-03T16:04:55.7645080Z           "\\n",
source_java	Java current source and explicit placeholder boundary	2026-10-03T16:04:55.7645423Z           "HTTP/1.1 200 OK\\r\\nContent-Type: text/plain; charset=utf-8\\r\\nContent-Length: ",
source_java	Java current source and explicit placeholder boundary	2026-10-03T16:04:55.7645868Z           "\\r\\nConnection: close\\r\\n\\r\\n",
source_java	Java current source and explicit placeholder boundary	2026-10-03T16:04:55.7646348Z           "HTTP/1.1 404 Not Found\\r\\nContent-Length: 0\\r\\nConnection: close\\r\\n\\r\\n"
source_java	Java current source and explicit placeholder boundary	2026-10-03T16:04:55.7646745Z         ],
source_java	Java current source and explicit placeholder boundary	2026-10-03T16:04:55.7646965Z         "types": [
source_java	Java current source and explicit placeholder boundary	2026-10-03T16:04:55.7647216Z           "InfraPlaceholder"
source_java	Java current source and explicit placeholder boundary	2026-10-03T16:04:55.7647462Z         ]
source_java	Java current source and explicit placeholder boundary	2026-10-03T16:04:55.7647667Z       }
source_java	Java current source and explicit placeholder boundary	2026-10-03T16:04:55.7647871Z     ]
source_java	Java current source and explicit placeholder boundary	2026-10-03T16:04:55.7648075Z   }
source_java	Java current source and explicit placeholder boundary	2026-10-03T16:04:55.7648278Z }
source_java	Post Run actions/checkout@v4	﻿2026-10-03T16:04:55.7771967Z Post job cleanup.
source_java	Post Run actions/checkout@v4	2026-10-03T16:04:55.8340669Z [command]/usr/bin/git version
source_java	Post Run actions/checkout@v4	2026-10-03T16:04:55.8371811Z git version 2.55.0
source_java	Post Run actions/checkout@v4	2026-10-03T16:04:55.8396108Z Temporarily overriding HOME='/home/runner/work/_temp/4ff9e861-d4f6-4063-ab9e-8f8bf020ad32' before making global git config changes
source_java	Post Run actions/checkout@v4	2026-10-03T16:04:55.8396903Z Adding repository directory to the temporary git global config as a safe directory
source_java	Post Run actions/checkout@v4	2026-10-03T16:04:55.8399870Z [command]/usr/bin/git config --global --add safe.directory /home/runner/work/IM-platform/IM-platform
source_java	Post Run actions/checkout@v4	2026-10-03T16:04:55.8433764Z [command]/usr/bin/git config --local --name-only --get-regexp core\.sshCommand
source_java	Post Run actions/checkout@v4	2026-10-03T16:04:55.8465655Z [command]/usr/bin/git submodule foreach --recursive sh -c "git config --local --name-only --get-regexp 'core\.sshCommand' && git config --local --unset-all 'core.sshCommand' || :"
source_java	Post Run actions/checkout@v4	2026-10-03T16:04:55.8678364Z [command]/usr/bin/git config --local --name-only --get-regexp http\.https\:\/\/github\.com\/\.extraheader
source_java	Post Run actions/checkout@v4	2026-10-03T16:04:55.8705699Z http.https://github.com/.extraheader
source_java	Post Run actions/checkout@v4	2026-10-03T16:04:55.8731415Z [command]/usr/bin/git config --local --unset-all http.https://github.com/.extraheader
source_java	Post Run actions/checkout@v4	2026-10-03T16:04:55.8775064Z [command]/usr/bin/git submodule foreach --recursive sh -c "git config --local --name-only --get-regexp 'http\.https\:\/\/github\.com\/\.extraheader' && git config --local --unset-all 'http.https://github.com/.extraheader' || :"
source_java	Post Run actions/checkout@v4	2026-10-03T16:04:55.8979925Z [command]/usr/bin/git config --local --name-only --get-regexp ^includeIf\.gitdir:
source_java	Post Run actions/checkout@v4	2026-10-03T16:04:55.9013813Z [command]/usr/bin/git submodule foreach --recursive git config --local --show-origin --name-only --get-regexp remote.origin.url
source_java	Complete job	﻿2026-10-03T16:04:55.9314500Z Cleaning up orphan processes
source_java	Complete job	2026-10-03T16:04:55.9574693Z ##[warning]Node.js 20 is deprecated. The following actions target Node.js 20 but are being forced to run on Node.js 24: actions/checkout@v4. For more information see: https://github.blog/changelog/2025-09-19-deprecation-of-node-20-on-github-actions-runners/
