web	Set up job	﻿2026-10-03T16:04:52.6454784Z Current runner version: '2.337.0'
web	Set up job	2026-10-03T16:04:52.6483670Z ##[group]Runner Image Provisioner
web	Set up job	2026-10-03T16:04:52.6484948Z Hosted Compute Agent
web	Set up job	2026-10-03T16:04:52.6485567Z Version: 20260901.588
web	Set up job	2026-10-03T16:04:52.6486282Z Commit: f88ec8081b781fac6c440065ac7ff9e710ce3d0b
web	Set up job	2026-10-03T16:04:52.6487015Z Build Date: 2026-09-01T19:56:44Z
web	Set up job	2026-10-03T16:04:52.6487722Z Worker ID: {cfa9c219-b473-4af9-92fe-f34e81ae772c}
web	Set up job	2026-10-03T16:04:52.6488554Z Azure Region: eastus
web	Set up job	2026-10-03T16:04:52.6489160Z ##[endgroup]
web	Set up job	2026-10-03T16:04:52.6491338Z ##[group]Operating System
web	Set up job	2026-10-03T16:04:52.6492026Z Ubuntu
web	Set up job	2026-10-03T16:04:52.6492614Z 24.04.5
web	Set up job	2026-10-03T16:04:52.6493150Z LTS
web	Set up job	2026-10-03T16:04:52.6493653Z ##[endgroup]
web	Set up job	2026-10-03T16:04:52.6494244Z ##[group]Runner Image
web	Set up job	2026-10-03T16:04:52.6495072Z Image: ubuntu-24.04
web	Set up job	2026-10-03T16:04:52.6495627Z Version: 20260927.320.1
web	Set up job	2026-10-03T16:04:52.6496838Z Included Software: https://github.com/actions/runner-images/blob/ubuntu24/20260927.320/images/ubuntu/Ubuntu2404-Readme.md
web	Set up job	2026-10-03T16:04:52.6498676Z Image Release: https://github.com/actions/runner-images/releases/tag/ubuntu24%2F20260927.320
web	Set up job	2026-10-03T16:04:52.6499667Z ##[endgroup]
web	Set up job	2026-10-03T16:04:52.6500905Z ##[group]GITHUB_TOKEN Permissions
web	Set up job	2026-10-03T16:04:52.6503231Z Contents: read
web	Set up job	2026-10-03T16:04:52.6504852Z Metadata: read
web	Set up job	2026-10-03T16:04:52.6505560Z ##[endgroup]
web	Set up job	2026-10-03T16:04:52.6508238Z Secret source: Actions
web	Set up job	2026-10-03T16:04:52.6509355Z Cache mode: write
web	Set up job	2026-10-03T16:04:52.6510311Z Prepare workflow directory
web	Set up job	2026-10-03T16:04:52.6859902Z Prepare all required actions
web	Set up job	2026-10-03T16:04:52.6911678Z Getting action download info
web	Set up job	2026-10-03T16:04:52.9072522Z Download action repository 'actions/checkout@v4' (SHA:11d5960a326750d5838078e36cf38b85af677262)
web	Set up job	2026-10-03T16:04:53.0970963Z Complete job name: web
web	Run actions/checkout@v4	﻿2026-10-03T16:04:53.1947949Z ##[group]Run actions/checkout@v4
web	Run actions/checkout@v4	2026-10-03T16:04:53.1948875Z with:
web	Run actions/checkout@v4	2026-10-03T16:04:53.1949341Z   repository: nilesthump/IM-platform
web	Run actions/checkout@v4	2026-10-03T16:04:53.1953251Z   token: ***
web	Run actions/checkout@v4	2026-10-03T16:04:53.1953711Z   ssh-strict: true
web	Run actions/checkout@v4	2026-10-03T16:04:53.1954148Z   ssh-user: git
web	Run actions/checkout@v4	2026-10-03T16:04:53.1954942Z   persist-credentials: true
web	Run actions/checkout@v4	2026-10-03T16:04:53.1955442Z   clean: true
web	Run actions/checkout@v4	2026-10-03T16:04:53.1955899Z   sparse-checkout-cone-mode: true
web	Run actions/checkout@v4	2026-10-03T16:04:53.1956433Z   fetch-depth: 1
web	Run actions/checkout@v4	2026-10-03T16:04:53.1957025Z   fetch-tags: false
web	Run actions/checkout@v4	2026-10-03T16:04:53.1957479Z   show-progress: true
web	Run actions/checkout@v4	2026-10-03T16:04:53.1957932Z   lfs: false
web	Run actions/checkout@v4	2026-10-03T16:04:53.1958349Z   submodules: false
web	Run actions/checkout@v4	2026-10-03T16:04:53.1958799Z   set-safe-directory: true
web	Run actions/checkout@v4	2026-10-03T16:04:53.1959309Z   allow-unsafe-pr-checkout: false
web	Run actions/checkout@v4	2026-10-03T16:04:53.1960165Z ##[endgroup]
web	Run actions/checkout@v4	2026-10-03T16:04:53.3037225Z Syncing repository: nilesthump/IM-platform
web	Run actions/checkout@v4	2026-10-03T16:04:53.3039539Z ##[group]Getting Git version info
web	Run actions/checkout@v4	2026-10-03T16:04:53.3040367Z Working directory is '/home/runner/work/IM-platform/IM-platform'
web	Run actions/checkout@v4	2026-10-03T16:04:53.3041519Z [command]/usr/bin/git version
web	Run actions/checkout@v4	2026-10-03T16:04:53.3143002Z git version 2.55.0
web	Run actions/checkout@v4	2026-10-03T16:04:53.3168556Z ##[endgroup]
web	Run actions/checkout@v4	2026-10-03T16:04:53.3185088Z Temporarily overriding HOME='/home/runner/work/_temp/b0706768-39a7-4467-a099-bb24922e9e86' before making global git config changes
web	Run actions/checkout@v4	2026-10-03T16:04:53.3187792Z Adding repository directory to the temporary git global config as a safe directory
web	Run actions/checkout@v4	2026-10-03T16:04:53.3191429Z [command]/usr/bin/git config --global --add safe.directory /home/runner/work/IM-platform/IM-platform
web	Run actions/checkout@v4	2026-10-03T16:04:53.3262357Z Deleting the contents of '/home/runner/work/IM-platform/IM-platform'
web	Run actions/checkout@v4	2026-10-03T16:04:53.3267898Z ##[group]Initializing the repository
web	Run actions/checkout@v4	2026-10-03T16:04:53.3273824Z [command]/usr/bin/git init /home/runner/work/IM-platform/IM-platform
web	Run actions/checkout@v4	2026-10-03T16:04:53.3397790Z hint: Using 'master' as the name for the initial branch. This default branch name
web	Run actions/checkout@v4	2026-10-03T16:04:53.3399832Z hint: will change to "main" in Git 3.0. To configure the initial branch name
web	Run actions/checkout@v4	2026-10-03T16:04:53.3401681Z hint: to use in all of your new repositories, which will suppress this warning,
web	Run actions/checkout@v4	2026-10-03T16:04:53.3403121Z hint: call:
web	Run actions/checkout@v4	2026-10-03T16:04:53.3405278Z hint:
web	Run actions/checkout@v4	2026-10-03T16:04:53.3406258Z hint: 	git config --global init.defaultBranch <name>
web	Run actions/checkout@v4	2026-10-03T16:04:53.3407323Z hint:
web	Run actions/checkout@v4	2026-10-03T16:04:53.3408403Z hint: Names commonly chosen instead of 'master' are 'main', 'trunk' and
web	Run actions/checkout@v4	2026-10-03T16:04:53.3410089Z hint: 'development'. The just-created branch can be renamed via this command:
web	Run actions/checkout@v4	2026-10-03T16:04:53.3411365Z hint:
web	Run actions/checkout@v4	2026-10-03T16:04:53.3412077Z hint: 	git branch -m <name>
web	Run actions/checkout@v4	2026-10-03T16:04:53.3412870Z hint:
web	Run actions/checkout@v4	2026-10-03T16:04:53.3413951Z hint: Disable this message with "git config set advice.defaultBranchName false"
web	Run actions/checkout@v4	2026-10-03T16:04:53.3416168Z Initialized empty Git repository in /home/runner/work/IM-platform/IM-platform/.git/
web	Run actions/checkout@v4	2026-10-03T16:04:53.3419868Z [command]/usr/bin/git remote add origin https://github.com/nilesthump/IM-platform
web	Run actions/checkout@v4	2026-10-03T16:04:53.3472600Z ##[endgroup]
web	Run actions/checkout@v4	2026-10-03T16:04:53.3474015Z ##[group]Disabling automatic garbage collection
web	Run actions/checkout@v4	2026-10-03T16:04:53.3478374Z [command]/usr/bin/git config --local gc.auto 0
web	Run actions/checkout@v4	2026-10-03T16:04:53.3529433Z ##[endgroup]
web	Run actions/checkout@v4	2026-10-03T16:04:53.3530818Z ##[group]Setting up auth
web	Run actions/checkout@v4	2026-10-03T16:04:53.3531852Z [command]/usr/bin/git config --local --name-only --get-regexp core\.sshCommand
web	Run actions/checkout@v4	2026-10-03T16:04:53.3568523Z [command]/usr/bin/git submodule foreach --recursive sh -c "git config --local --name-only --get-regexp 'core\.sshCommand' && git config --local --unset-all 'core.sshCommand' || :"
web	Run actions/checkout@v4	2026-10-03T16:04:53.4005445Z [command]/usr/bin/git config --local --name-only --get-regexp http\.https\:\/\/github\.com\/\.extraheader
web	Run actions/checkout@v4	2026-10-03T16:04:53.4043621Z [command]/usr/bin/git submodule foreach --recursive sh -c "git config --local --name-only --get-regexp 'http\.https\:\/\/github\.com\/\.extraheader' && git config --local --unset-all 'http.https://github.com/.extraheader' || :"
web	Run actions/checkout@v4	2026-10-03T16:04:53.4280423Z [command]/usr/bin/git config --local --name-only --get-regexp ^includeIf\.gitdir:
web	Run actions/checkout@v4	2026-10-03T16:04:53.4318168Z [command]/usr/bin/git submodule foreach --recursive git config --local --show-origin --name-only --get-regexp remote.origin.url
web	Run actions/checkout@v4	2026-10-03T16:04:53.4554376Z [command]/usr/bin/git config --local http.https://github.com/.extraheader AUTHORIZATION: basic ***
web	Run actions/checkout@v4	2026-10-03T16:04:53.4597302Z ##[endgroup]
web	Run actions/checkout@v4	2026-10-03T16:04:53.4598312Z ##[group]Fetching the repository
web	Run actions/checkout@v4	2026-10-03T16:04:53.4607408Z [command]/usr/bin/git -c protocol.version=2 fetch --no-tags --prune --no-recurse-submodules --depth=1 origin +8bcc7321bba05a70404d1e16bbd2fa0465da696f:refs/remotes/origin/task/LOOP1-SYNC-001
web	Run actions/checkout@v4	2026-10-03T16:04:55.1979829Z From https://github.com/nilesthump/IM-platform
web	Run actions/checkout@v4	2026-10-03T16:04:55.1982954Z  * [new ref]         8bcc7321bba05a70404d1e16bbd2fa0465da696f -> origin/task/LOOP1-SYNC-001
web	Run actions/checkout@v4	2026-10-03T16:04:55.1989068Z ##[endgroup]
web	Run actions/checkout@v4	2026-10-03T16:04:55.1991347Z ##[group]Determining the checkout info
web	Run actions/checkout@v4	2026-10-03T16:04:55.1993729Z ##[endgroup]
web	Run actions/checkout@v4	2026-10-03T16:04:55.1996547Z [command]/usr/bin/git sparse-checkout disable
web	Run actions/checkout@v4	2026-10-03T16:04:55.2057599Z [command]/usr/bin/git config --local --unset-all extensions.worktreeConfig
web	Run actions/checkout@v4	2026-10-03T16:04:55.2096579Z ##[group]Checking out the ref
web	Run actions/checkout@v4	2026-10-03T16:04:55.2103070Z [command]/usr/bin/git checkout --progress --force -B task/LOOP1-SYNC-001 refs/remotes/origin/task/LOOP1-SYNC-001
web	Run actions/checkout@v4	2026-10-03T16:04:55.8005824Z Switched to a new branch 'task/LOOP1-SYNC-001'
web	Run actions/checkout@v4	2026-10-03T16:04:55.8011175Z branch 'task/LOOP1-SYNC-001' set up to track 'origin/task/LOOP1-SYNC-001'.
web	Run actions/checkout@v4	2026-10-03T16:04:55.8039367Z ##[endgroup]
web	Run actions/checkout@v4	2026-10-03T16:04:55.8085076Z [command]/usr/bin/git log -1 --format=%H
web	Run actions/checkout@v4	2026-10-03T16:04:55.8111855Z 8bcc7321bba05a70404d1e16bbd2fa0465da696f
web	Web S0 skeleton boundary	﻿2026-10-03T16:04:55.8340759Z ##[group]Run python3 ci/check_s0_boundary.py web
web	Web S0 skeleton boundary	2026-10-03T16:04:55.8341367Z ^[[36;1mpython3 ci/check_s0_boundary.py web^[[0m
web	Web S0 skeleton boundary	2026-10-03T16:04:55.8611830Z shell: /usr/bin/bash -e {0}
web	Web S0 skeleton boundary	2026-10-03T16:04:55.8612336Z ##[endgroup]
web	Post Run actions/checkout@v4	﻿2026-10-03T16:04:55.9211286Z Post job cleanup.
web	Post Run actions/checkout@v4	2026-10-03T16:04:56.0093722Z [command]/usr/bin/git version
web	Post Run actions/checkout@v4	2026-10-03T16:04:56.0140029Z git version 2.55.0
web	Post Run actions/checkout@v4	2026-10-03T16:04:56.0187888Z Temporarily overriding HOME='/home/runner/work/_temp/c8f85418-1adf-46aa-9e5b-40be09a67e34' before making global git config changes
web	Post Run actions/checkout@v4	2026-10-03T16:04:56.0189987Z Adding repository directory to the temporary git global config as a safe directory
web	Post Run actions/checkout@v4	2026-10-03T16:04:56.0195550Z [command]/usr/bin/git config --global --add safe.directory /home/runner/work/IM-platform/IM-platform
web	Post Run actions/checkout@v4	2026-10-03T16:04:56.0243334Z [command]/usr/bin/git config --local --name-only --get-regexp core\.sshCommand
web	Post Run actions/checkout@v4	2026-10-03T16:04:56.0287646Z [command]/usr/bin/git submodule foreach --recursive sh -c "git config --local --name-only --get-regexp 'core\.sshCommand' && git config --local --unset-all 'core.sshCommand' || :"
web	Post Run actions/checkout@v4	2026-10-03T16:04:56.0575748Z [command]/usr/bin/git config --local --name-only --get-regexp http\.https\:\/\/github\.com\/\.extraheader
web	Post Run actions/checkout@v4	2026-10-03T16:04:56.0611423Z http.https://github.com/.extraheader
web	Post Run actions/checkout@v4	2026-10-03T16:04:56.0623545Z [command]/usr/bin/git config --local --unset-all http.https://github.com/.extraheader
web	Post Run actions/checkout@v4	2026-10-03T16:04:56.0669478Z [command]/usr/bin/git submodule foreach --recursive sh -c "git config --local --name-only --get-regexp 'http\.https\:\/\/github\.com\/\.extraheader' && git config --local --unset-all 'http.https://github.com/.extraheader' || :"
web	Post Run actions/checkout@v4	2026-10-03T16:04:56.0945712Z [command]/usr/bin/git config --local --name-only --get-regexp ^includeIf\.gitdir:
web	Post Run actions/checkout@v4	2026-10-03T16:04:56.0991653Z [command]/usr/bin/git submodule foreach --recursive git config --local --show-origin --name-only --get-regexp remote.origin.url
web	Complete job	﻿2026-10-03T16:04:56.1445742Z Cleaning up orphan processes
web	Complete job	2026-10-03T16:04:56.1853627Z ##[warning]Node.js 20 is deprecated. The following actions target Node.js 20 but are being forced to run on Node.js 24: actions/checkout@v4. For more information see: https://github.blog/changelog/2025-09-19-deprecation-of-node-20-on-github-actions-runners/
