2026-10-01T10:14:18.2017840Z Current runner version: '2.337.0'
2026-10-01T10:14:18.2042650Z ##[group]Runner Image Provisioner
2026-10-01T10:14:18.2043555Z Hosted Compute Agent
2026-10-01T10:14:18.2044358Z Version: 20260901.588
2026-10-01T10:14:18.2045094Z Commit: f88ec8081b781fac6c440065ac7ff9e710ce3d0b
2026-10-01T10:14:18.2045948Z Build Date: 2026-09-01T19:56:44Z
2026-10-01T10:14:18.2046747Z Worker ID: {eb3ea5f7-9227-4728-ac39-8d42e2114537}
2026-10-01T10:14:18.2047756Z Azure Region: westus
2026-10-01T10:14:18.2048511Z ##[endgroup]
2026-10-01T10:14:18.2050091Z ##[group]Operating System
2026-10-01T10:14:18.2050887Z Ubuntu
2026-10-01T10:14:18.2051497Z 24.04.5
2026-10-01T10:14:18.2052061Z LTS
2026-10-01T10:14:18.2052702Z ##[endgroup]
2026-10-01T10:14:18.2053409Z ##[group]Runner Image
2026-10-01T10:14:18.2054048Z Image: ubuntu-24.04
2026-10-01T10:14:18.2054809Z Version: 20260927.320.1
2026-10-01T10:14:18.2056048Z Included Software: https://github.com/actions/runner-images/blob/ubuntu24/20260927.320/images/ubuntu/Ubuntu2404-Readme.md
2026-10-01T10:14:18.2058330Z Image Release: https://github.com/actions/runner-images/releases/tag/ubuntu24%2F20260927.320
2026-10-01T10:14:18.2059462Z ##[endgroup]
2026-10-01T10:14:18.2060576Z ##[group]GITHUB_TOKEN Permissions
2026-10-01T10:14:18.2062598Z Contents: read
2026-10-01T10:14:18.2063277Z Metadata: read
2026-10-01T10:14:18.2063895Z ##[endgroup]
2026-10-01T10:14:18.2066118Z Secret source: Actions
2026-10-01T10:14:18.2067420Z Cache mode: write
2026-10-01T10:14:18.2068248Z Prepare workflow directory
2026-10-01T10:14:18.2402668Z Prepare all required actions
2026-10-01T10:14:18.2453548Z Getting action download info
2026-10-01T10:14:18.6273978Z Download action repository 'actions/checkout@v4' (SHA:11d5960a326750d5838078e36cf38b85af677262)
2026-10-01T10:14:18.8641004Z Complete job name: classify
2026-10-01T10:14:18.9454381Z ##[group]Run actions/checkout@v4
2026-10-01T10:14:18.9455364Z with:
2026-10-01T10:14:18.9455803Z   fetch-depth: 0
2026-10-01T10:14:18.9456319Z   ref: 8c6653d36051a805ccd576806ffda8a6159edbd3
2026-10-01T10:14:18.9456987Z   repository: nilesthump/IM-platform
2026-10-01T10:14:18.9461459Z   token: ***
2026-10-01T10:14:18.9461913Z   ssh-strict: true
2026-10-01T10:14:18.9462363Z   ssh-user: git
2026-10-01T10:14:18.9462815Z   persist-credentials: true
2026-10-01T10:14:18.9463321Z   clean: true
2026-10-01T10:14:18.9463770Z   sparse-checkout-cone-mode: true
2026-10-01T10:14:18.9464307Z   fetch-tags: false
2026-10-01T10:14:18.9464748Z   show-progress: true
2026-10-01T10:14:18.9465194Z   lfs: false
2026-10-01T10:14:18.9465606Z   submodules: false
2026-10-01T10:14:18.9466058Z   set-safe-directory: true
2026-10-01T10:14:18.9466565Z   allow-unsafe-pr-checkout: false
2026-10-01T10:14:18.9467609Z ##[endgroup]
2026-10-01T10:14:19.0497009Z Syncing repository: nilesthump/IM-platform
2026-10-01T10:14:19.0500377Z ##[group]Getting Git version info
2026-10-01T10:14:19.0501642Z Working directory is '/home/runner/work/IM-platform/IM-platform'
2026-10-01T10:14:19.0502759Z [command]/usr/bin/git version
2026-10-01T10:14:19.0587498Z git version 2.55.0
2026-10-01T10:14:19.0618737Z ##[endgroup]
2026-10-01T10:14:19.0634591Z Temporarily overriding HOME='/home/runner/work/_temp/aa09cefe-bdf0-432c-b160-12b866f6eaed' before making global git config changes
2026-10-01T10:14:19.0637069Z Adding repository directory to the temporary git global config as a safe directory
2026-10-01T10:14:19.0640614Z [command]/usr/bin/git config --global --add safe.directory /home/runner/work/IM-platform/IM-platform
2026-10-01T10:14:19.0694055Z Deleting the contents of '/home/runner/work/IM-platform/IM-platform'
2026-10-01T10:14:19.0698318Z ##[group]Initializing the repository
2026-10-01T10:14:19.0703657Z [command]/usr/bin/git init /home/runner/work/IM-platform/IM-platform
2026-10-01T10:14:19.0816489Z hint: Using 'master' as the name for the initial branch. This default branch name
2026-10-01T10:14:19.0818236Z hint: will change to "main" in Git 3.0. To configure the initial branch name
2026-10-01T10:14:19.0819596Z hint: to use in all of your new repositories, which will suppress this warning,
2026-10-01T10:14:19.0820708Z hint: call:
2026-10-01T10:14:19.0821162Z hint:
2026-10-01T10:14:19.0821739Z hint: 	git config --global init.defaultBranch <name>
2026-10-01T10:14:19.0822433Z hint:
2026-10-01T10:14:19.0823073Z hint: Names commonly chosen instead of 'master' are 'main', 'trunk' and
2026-10-01T10:14:19.0824115Z hint: 'development'. The just-created branch can be renamed via this command:
2026-10-01T10:14:19.0824968Z hint:
2026-10-01T10:14:19.0825437Z hint: 	git branch -m <name>
2026-10-01T10:14:19.0825973Z hint:
2026-10-01T10:14:19.0826668Z hint: Disable this message with "git config set advice.defaultBranchName false"
2026-10-01T10:14:19.0839748Z Initialized empty Git repository in /home/runner/work/IM-platform/IM-platform/.git/
2026-10-01T10:14:19.0850722Z [command]/usr/bin/git remote add origin https://github.com/nilesthump/IM-platform
2026-10-01T10:14:19.0907874Z ##[endgroup]
2026-10-01T10:14:19.0909342Z ##[group]Disabling automatic garbage collection
2026-10-01T10:14:19.0912352Z [command]/usr/bin/git config --local gc.auto 0
2026-10-01T10:14:19.0944980Z ##[endgroup]
2026-10-01T10:14:19.0946020Z ##[group]Setting up auth
2026-10-01T10:14:19.0952763Z [command]/usr/bin/git config --local --name-only --get-regexp core\.sshCommand
2026-10-01T10:14:19.0986000Z [command]/usr/bin/git submodule foreach --recursive sh -c "git config --local --name-only --get-regexp 'core\.sshCommand' && git config --local --unset-all 'core.sshCommand' || :"
2026-10-01T10:14:19.1405193Z [command]/usr/bin/git config --local --name-only --get-regexp http\.https\:\/\/github\.com\/\.extraheader
2026-10-01T10:14:19.1442224Z [command]/usr/bin/git submodule foreach --recursive sh -c "git config --local --name-only --get-regexp 'http\.https\:\/\/github\.com\/\.extraheader' && git config --local --unset-all 'http.https://github.com/.extraheader' || :"
2026-10-01T10:14:19.1669057Z [command]/usr/bin/git config --local --name-only --get-regexp ^includeIf\.gitdir:
2026-10-01T10:14:19.1709171Z [command]/usr/bin/git submodule foreach --recursive git config --local --show-origin --name-only --get-regexp remote.origin.url
2026-10-01T10:14:19.1948239Z [command]/usr/bin/git config --local http.https://github.com/.extraheader AUTHORIZATION: basic ***
2026-10-01T10:14:19.1989856Z ##[endgroup]
2026-10-01T10:14:19.1990795Z ##[group]Fetching the repository
2026-10-01T10:14:19.2000352Z [command]/usr/bin/git -c protocol.version=2 fetch --prune --no-recurse-submodules origin +refs/heads/*:refs/remotes/origin/* +refs/tags/*:refs/tags/*
2026-10-01T10:14:21.5381901Z From https://github.com/nilesthump/IM-platform
2026-10-01T10:14:21.5384746Z  * [new branch]      fix/LOOP1-CI-001-s0-placeholder -> origin/fix/LOOP1-CI-001-s0-placeholder
2026-10-01T10:14:21.5387442Z  * [new branch]      main                   -> origin/main
2026-10-01T10:14:21.5389513Z  * [new branch]      recovery/s1-handoff-20261001 -> origin/recovery/s1-handoff-20261001
2026-10-01T10:14:21.5391972Z  * [new branch]      recovery/s2-open-record-20261001 -> origin/recovery/s2-open-record-20261001
2026-10-01T10:14:21.5394171Z  * [new branch]      task/LOOP1-ARCH-REMEDIATION -> origin/task/LOOP1-ARCH-REMEDIATION
2026-10-01T10:14:21.5396180Z  * [new branch]      task/LOOP1-CI-001      -> origin/task/LOOP1-CI-001
2026-10-01T10:14:21.5398556Z  * [new branch]      task/LOOP1-CLIENT-SQLITE-001 -> origin/task/LOOP1-CLIENT-SQLITE-001
2026-10-01T10:14:21.5400580Z  * [new branch]      task/LOOP1-E2E-001     -> origin/task/LOOP1-E2E-001
2026-10-01T10:14:21.5402441Z  * [new branch]      task/LOOP1-GO-AUTH-001 -> origin/task/LOOP1-GO-AUTH-001
2026-10-01T10:14:21.5404477Z  * [new branch]      task/LOOP1-GO-MSG-001  -> origin/task/LOOP1-GO-MSG-001
2026-10-01T10:14:21.5406607Z  * [new branch]      task/LOOP1-GO-SOCIAL-001-v1.1 -> origin/task/LOOP1-GO-SOCIAL-001-v1.1
2026-10-01T10:14:21.5413201Z [command]/usr/bin/git rev-parse --verify --quiet 8c6653d36051a805ccd576806ffda8a6159edbd3^{object}
2026-10-01T10:14:21.5451155Z 8c6653d36051a805ccd576806ffda8a6159edbd3
2026-10-01T10:14:21.5456895Z ##[endgroup]
2026-10-01T10:14:21.5459027Z ##[group]Determining the checkout info
2026-10-01T10:14:21.5460941Z ##[endgroup]
2026-10-01T10:14:21.5467436Z [command]/usr/bin/git sparse-checkout disable
2026-10-01T10:14:21.5530715Z [command]/usr/bin/git config --local --unset-all extensions.worktreeConfig
2026-10-01T10:14:21.5566645Z ##[group]Checking out the ref
2026-10-01T10:14:21.5571868Z [command]/usr/bin/git checkout --progress --force 8c6653d36051a805ccd576806ffda8a6159edbd3
2026-10-01T10:14:21.9874139Z Note: switching to '8c6653d36051a805ccd576806ffda8a6159edbd3'.
2026-10-01T10:14:21.9875151Z 
2026-10-01T10:14:21.9875888Z You are in 'detached HEAD' state. You can look around, make experimental
2026-10-01T10:14:21.9877987Z changes and commit them, and you can discard any commits you make in this
2026-10-01T10:14:21.9879646Z state without impacting any branches by switching back to a branch.
2026-10-01T10:14:21.9880730Z 
2026-10-01T10:14:21.9881452Z If you want to create a new branch to retain commits you create, you may
2026-10-01T10:14:21.9882865Z do so (now or later) by using -c with the switch command. Example:
2026-10-01T10:14:21.9883738Z 
2026-10-01T10:14:21.9884106Z   git switch -c <new-branch-name>
2026-10-01T10:14:21.9884742Z 
2026-10-01T10:14:21.9885094Z Or undo this operation with:
2026-10-01T10:14:21.9885651Z 
2026-10-01T10:14:21.9885919Z   git switch -
2026-10-01T10:14:21.9886316Z 
2026-10-01T10:14:21.9887036Z Turn off this advice by setting config variable advice.detachedHead to false
2026-10-01T10:14:21.9888197Z 
2026-10-01T10:14:21.9888893Z HEAD is now at 8c6653d Reject conflicting persisted user Sync event identities
2026-10-01T10:14:21.9900351Z ##[endgroup]
2026-10-01T10:14:21.9946454Z [command]/usr/bin/git log -1 --format=%H
2026-10-01T10:14:21.9974176Z 8c6653d36051a805ccd576806ffda8a6159edbd3
2026-10-01T10:14:22.0184427Z ##[group]Run $status = @(git -c core.excludesFile=.git/info/exclude status --porcelain=v1 --untracked-files=all 2>&1)
2026-10-01T10:14:22.0185558Z [36;1m$status = @(git -c core.excludesFile=.git/info/exclude status --porcelain=v1 --untracked-files=all 2>&1)[0m
2026-10-01T10:14:22.0186321Z [36;1mif ($LASTEXITCODE -ne 0) { exit $LASTEXITCODE }[0m
2026-10-01T10:14:22.0186849Z [36;1mWrite-Host "checkout_status_entries=$($status.Count)"[0m
2026-10-01T10:14:22.0187844Z [36;1mforeach ($entry in $status) { Write-Host "checkout_status=$entry" }[0m
2026-10-01T10:14:22.0216462Z shell: /usr/bin/pwsh -command ". '{0}'"
2026-10-01T10:14:22.0216894Z ##[endgroup]
2026-10-01T10:14:26.6164028Z checkout_status_entries=0
2026-10-01T10:14:26.8365112Z ##[group]Run ./tools/verify-loop1-ctrl-002.ps1 -Mode Acceptance
2026-10-01T10:14:26.8365626Z [36;1m./tools/verify-loop1-ctrl-002.ps1 -Mode Acceptance[0m
2026-10-01T10:14:26.8391213Z shell: /usr/bin/pwsh -command ". '{0}'"
2026-10-01T10:14:26.8391514Z ##[endgroup]
2026-10-01T10:14:43.1332595Z PASS: generic repository recovery verified task=LOOP1-CLIENT-SQLITE-001 state=review mode=Acceptance queues=5 task_specs=22.
2026-10-01T10:14:43.1341121Z GIT: branch=HEAD status_entries=0 diff_lines=0 recent_commits=5.
2026-10-01T10:14:43.1842989Z ##[group]Run python3 -m unittest discover -s tests/ci -v
2026-10-01T10:14:43.1843441Z [36;1mpython3 -m unittest discover -s tests/ci -v[0m
2026-10-01T10:14:43.1906606Z shell: /usr/bin/bash -e {0}
2026-10-01T10:14:43.1906887Z env:
2026-10-01T10:14:43.1907379Z   PYTHONDONTWRITEBYTECODE: 1
2026-10-01T10:14:43.1907663Z ##[endgroup]
2026-10-01T10:14:43.2892891Z test_ci_changes_run_all_jobs (test_classify.PathMatrixTests.test_ci_changes_run_all_jobs) ... ok
2026-10-01T10:14:43.3173123Z test_deleted_e2e_path_still_selects_live_checks (test_classify.PathMatrixTests.test_deleted_e2e_path_still_selects_live_checks) ... ok
2026-10-01T10:14:43.3174848Z test_deploy_changes_run_deploy_validation (test_classify.PathMatrixTests.test_deploy_changes_run_deploy_validation) ... ok
2026-10-01T10:14:43.3176400Z test_e2e_paths_select_go_deploy_and_boundaries (test_classify.PathMatrixTests.test_e2e_paths_select_go_deploy_and_boundaries) ... ok
2026-10-01T10:14:43.3920026Z test_git_diff_includes_both_sides_of_shared_renames (test_classify.PathMatrixTests.test_git_diff_includes_both_sides_of_shared_renames) ... ok
2026-10-01T10:14:43.4173933Z test_git_diff_includes_deleted_shared_file (test_classify.PathMatrixTests.test_git_diff_includes_deleted_shared_file) ... ok
2026-10-01T10:14:43.4182326Z test_github_outputs_are_lowercase_booleans (test_classify.PathMatrixTests.test_github_outputs_are_lowercase_booleans) ... ok
2026-10-01T10:14:43.4185211Z test_governance_changes_cannot_skip_architecture (test_classify.PathMatrixTests.test_governance_changes_cannot_skip_architecture) ... ok
2026-10-01T10:14:43.4443611Z test_governance_deleted_and_renamed_paths_still_trigger (test_classify.PathMatrixTests.test_governance_deleted_and_renamed_paths_still_trigger) ... ok
2026-10-01T10:14:43.4445391Z test_profile_and_client_changes_are_local (test_classify.PathMatrixTests.test_profile_and_client_changes_are_local) ... ok
2026-10-01T10:14:43.4446439Z test_rejects_paths_outside_repo (test_classify.PathMatrixTests.test_rejects_paths_outside_repo) ... ok
2026-10-01T10:14:43.4447983Z test_shared_changes_fan_out_to_full_compatibility (test_classify.PathMatrixTests.test_shared_changes_fan_out_to_full_compatibility) ... ok
2026-10-01T10:14:43.4468338Z test_union_and_deleted_paths (test_classify.PathMatrixTests.test_union_and_deleted_paths) ... ok
2026-10-01T10:14:43.4469455Z test_unrelated_files_do_not_schedule_product_jobs (test_classify.PathMatrixTests.test_unrelated_files_do_not_schedule_product_jobs) ... ok
2026-10-01T10:14:43.4470508Z test_architecture_jobs_missing_invalid_skipped_failed_cancelled (test_gate.GateTests.test_architecture_jobs_missing_invalid_skipped_failed_cancelled) ... ok
2026-10-01T10:14:43.4471393Z test_classifier_failure_fails_gate (test_gate.GateTests.test_classifier_failure_fails_gate) ... ok
2026-10-01T10:14:43.4472067Z test_selected_job_must_succeed (test_gate.GateTests.test_selected_job_must_succeed) ... ok
2026-10-01T10:14:43.4472851Z test_shared_subchecks_require_compatibility (test_gate.GateTests.test_shared_subchecks_require_compatibility) ... ok
2026-10-01T10:14:43.4473858Z test_recursive_live_go_verification_and_role_smoke_present (test_go_regression.GoRegressionTests.test_recursive_live_go_verification_and_role_smoke_present) ... ok
2026-10-01T10:14:43.4474981Z test_role_smoke_change_and_deletion_select_actual_jobs (test_go_regression.GoRegressionTests.test_role_smoke_change_and_deletion_select_actual_jobs) ... ok
2026-10-01T10:14:43.4609754Z test_websocket_upgrade_eof_terminates (test_go_regression.GoRegressionTests.test_websocket_upgrade_eof_terminates) ... ok
2026-10-01T10:14:43.4612567Z test_all_affected_workflow_jobs_use_boundary_checker (test_s0_boundary.S0BoundaryTests.test_all_affected_workflow_jobs_use_boundary_checker) ... ok
2026-10-01T10:14:43.4621447Z test_allowed_entry_name_is_only_allowed_at_profile_root (test_s0_boundary.S0BoundaryTests.test_allowed_entry_name_is_only_allowed_at_profile_root) ... ok
2026-10-01T10:14:43.4628650Z test_allowed_name_and_profile_root_symlink_checks_without_os_link_privilege (test_s0_boundary.S0BoundaryTests.test_allowed_name_and_profile_root_symlink_checks_without_os_link_privilege) ... ok
2026-10-01T10:14:43.4639331Z test_committed_skeleton_contains_no_unexpected_source (test_s0_boundary.S0BoundaryTests.test_committed_skeleton_contains_no_unexpected_source) ... ok
2026-10-01T10:14:43.4719644Z test_empty_markers_are_ignored_but_new_source_is_rejected (test_s0_boundary.S0BoundaryTests.test_empty_markers_are_ignored_but_new_source_is_rejected) ... ok
2026-10-01T10:14:43.4746064Z test_symlinks_cannot_hide_behind_allowed_names_or_profile_root (test_s0_boundary.S0BoundaryTests.test_symlinks_cannot_hide_behind_allowed_names_or_profile_root) ... ok
2026-10-01T10:14:43.4748467Z test_rejects_runner_context_at_deploy_job_env (test_workflow_context.WorkflowContextTests.test_rejects_runner_context_at_deploy_job_env) ... ok
2026-10-01T10:14:43.4750255Z test_runner_context_is_absent_from_job_env (test_workflow_context.WorkflowContextTests.test_runner_context_is_absent_from_job_env) ... ok
2026-10-01T10:14:43.4751766Z 
2026-10-01T10:14:43.4751975Z ----------------------------------------------------------------------
2026-10-01T10:14:43.4752411Z Ran 29 tests in 0.186s
2026-10-01T10:14:43.4752593Z 
2026-10-01T10:14:43.4752685Z OK
2026-10-01T10:14:43.4752900Z {
2026-10-01T10:14:43.4753125Z   "paths": [
2026-10-01T10:14:43.4753382Z     "contracts/errors/x.json"
2026-10-01T10:14:43.4753667Z   ],
2026-10-01T10:14:43.4753880Z   "jobs": {
2026-10-01T10:14:43.4754101Z     "go": true,
2026-10-01T10:14:43.4754335Z     "java": true,
2026-10-01T10:14:43.4754572Z     "web": true,
2026-10-01T10:14:43.4754808Z     "desktop": true,
2026-10-01T10:14:43.4755060Z     "mobile": true,
2026-10-01T10:14:43.4755307Z     "shared": true,
2026-10-01T10:14:43.4755548Z     "old_client": true,
2026-10-01T10:14:43.4755810Z     "plugin": true,
2026-10-01T10:14:43.4756074Z     "migration": true,
2026-10-01T10:14:43.4756379Z     "compatibility": true,
2026-10-01T10:14:43.4756635Z     "deploy": false,
2026-10-01T10:14:43.4756869Z     "architecture": true,
2026-10-01T10:14:43.4757383Z     "source_go": true,
2026-10-01T10:14:43.4757689Z     "source_java": true
2026-10-01T10:14:43.4757922Z   }
2026-10-01T10:14:43.4758117Z }
2026-10-01T10:14:43.4926514Z ##[group]Run base="$BASE_SHA"
2026-10-01T10:14:43.4926845Z [36;1mbase="$BASE_SHA"[0m
2026-10-01T10:14:43.4927400Z [36;1mif [[ -z "$base" || "$base" =~ ^0+$ ]]; then[0m
2026-10-01T10:14:43.4927797Z [36;1m  base=$(git hash-object -t tree /dev/null)[0m
2026-10-01T10:14:43.4928088Z [36;1mfi[0m
2026-10-01T10:14:43.4928461Z [36;1mpython3 ci/classify.py --base "$base" --head "$HEAD_SHA" --github-output "$GITHUB_OUTPUT"[0m
2026-10-01T10:14:43.4991769Z shell: /usr/bin/bash --noprofile --norc -e -o pipefail {0}
2026-10-01T10:14:43.4992142Z env:
2026-10-01T10:14:43.4992423Z   BASE_SHA: a0f0f13759ffb2a861b08c4820a1504b76d5c08a
2026-10-01T10:14:43.4992764Z   HEAD_SHA: 8c6653d36051a805ccd576806ffda8a6159edbd3
2026-10-01T10:14:43.4993092Z   PYTHONDONTWRITEBYTECODE: 1
2026-10-01T10:14:43.4993348Z ##[endgroup]
2026-10-01T10:14:43.5380864Z {
2026-10-01T10:14:43.5381245Z   "paths": [
2026-10-01T10:14:43.5381596Z     ".github/workflows/ci.yml",
2026-10-01T10:14:43.5382133Z     "clients/desktop/storage/.gitignore",
2026-10-01T10:14:43.5382666Z     "clients/desktop/storage/README.md",
2026-10-01T10:14:43.5383419Z     "clients/desktop/storage/lib/storage.dart",
2026-10-01T10:14:43.5384042Z     "clients/desktop/storage/pubspec.lock",
2026-10-01T10:14:43.5384515Z     "clients/desktop/storage/pubspec.yaml",
2026-10-01T10:14:43.5385110Z     "clients/desktop/storage/test/storage_test.dart",
2026-10-01T10:14:43.5385702Z     "clients/mobile/storage/.gitignore",
2026-10-01T10:14:43.5386185Z     "clients/mobile/storage/README.md",
2026-10-01T10:14:43.5386734Z     "clients/mobile/storage/lib/storage.dart",
2026-10-01T10:14:43.5387578Z     "clients/mobile/storage/pubspec.lock",
2026-10-01T10:14:43.5388149Z     "clients/mobile/storage/pubspec.yaml",
2026-10-01T10:14:43.5388848Z     "clients/mobile/storage/test/storage_test.dart",
2026-10-01T10:14:43.5389536Z     "clients/shared/local-store/.gitignore",
2026-10-01T10:14:43.5390158Z     "clients/shared/local-store/README.md",
2026-10-01T10:14:43.5390799Z     "clients/shared/local-store/lib/local_store.dart",
2026-10-01T10:14:43.5391501Z     "clients/shared/local-store/pubspec.lock",
2026-10-01T10:14:43.5398931Z     "clients/shared/local-store/pubspec.yaml",
2026-10-01T10:14:43.5399467Z     "clients/shared/local-store/test/native_test.dart",
2026-10-01T10:14:43.5400018Z     "clients/shared/local-store/test/store_test.dart",
2026-10-01T10:14:43.5400574Z     "clients/shared/local-store/test/user_event_test.dart",
2026-10-01T10:14:43.5401449Z     "spec/progress/checkpoints/2026-10-01-loop1-client-sqlite-001-event-identity-fixed.md",
2026-10-01T10:14:43.5402492Z     "spec/progress/checkpoints/2026-10-01-loop1-client-sqlite-001-local-schema1.md",
2026-10-01T10:14:43.5403239Z     "spec/progress/current.md",
2026-10-01T10:14:43.5404209Z     "spec/progress/evidence/LOOP1-CLIENT-SQLITE-001/2026-10-01-activation.md",
2026-10-01T10:14:43.5405316Z     "spec/progress/evidence/LOOP1-CLIENT-SQLITE-001/2026-10-01-event-identity-fix/archive-manifest.json",
2026-10-01T10:14:43.5406604Z     "spec/progress/evidence/LOOP1-CLIENT-SQLITE-001/2026-10-01-event-identity-fix/command-results.json",
2026-10-01T10:14:43.5408104Z     "spec/progress/evidence/LOOP1-CLIENT-SQLITE-001/2026-10-01-event-identity-fix/fix-report.md",
2026-10-01T10:14:43.5409324Z     "spec/progress/evidence/LOOP1-CLIENT-SQLITE-001/2026-10-01-event-identity-fix/governance-checks.ps1",
2026-10-01T10:14:43.5410525Z     "spec/progress/evidence/LOOP1-CLIENT-SQLITE-001/2026-10-01-event-identity-fix/green.ps1",
2026-10-01T10:14:43.5411697Z     "spec/progress/evidence/LOOP1-CLIENT-SQLITE-001/2026-10-01-event-identity-fix/native-checks.ps1",
2026-10-01T10:14:43.5412881Z     "spec/progress/evidence/LOOP1-CLIENT-SQLITE-001/2026-10-01-event-identity-fix/prompt.txt",
2026-10-01T10:14:43.5414172Z     "spec/progress/evidence/LOOP1-CLIENT-SQLITE-001/2026-10-01-event-identity-fix/recorder-metadata.json",
2026-10-01T10:14:43.5415613Z     "spec/progress/evidence/LOOP1-CLIENT-SQLITE-001/2026-10-01-event-identity-fix/recorder-outcome.json",
2026-10-01T10:14:43.5417570Z     "spec/progress/evidence/LOOP1-CLIENT-SQLITE-001/2026-10-01-event-identity-fix/recorder-summary.json",
2026-10-01T10:14:43.5418891Z     "spec/progress/evidence/LOOP1-CLIENT-SQLITE-001/2026-10-01-event-identity-fix/regression.ps1",
2026-10-01T10:14:43.5420074Z     "spec/progress/evidence/LOOP1-CLIENT-SQLITE-001/2026-10-01-implementation.md",
2026-10-01T10:14:43.5421260Z     "spec/progress/evidence/LOOP1-CLIENT-SQLITE-001/2026-10-01-independent-review-d792-fail/.gitattributes",
2026-10-01T10:14:43.5422604Z     "spec/progress/evidence/LOOP1-CLIENT-SQLITE-001/2026-10-01-independent-review-d792-fail/archive-review.py",
2026-10-01T10:14:43.5424047Z     "spec/progress/evidence/LOOP1-CLIENT-SQLITE-001/2026-10-01-independent-review-d792-fail/command-results.json",
2026-10-01T10:14:43.5426331Z     "spec/progress/evidence/LOOP1-CLIENT-SQLITE-001/2026-10-01-independent-review-d792-fail/coordinator-assignment.md",
2026-10-01T10:14:43.5428138Z     "spec/progress/evidence/LOOP1-CLIENT-SQLITE-001/2026-10-01-independent-review-d792-fail/event-conflict.dart",
2026-10-01T10:14:43.5429625Z     "spec/progress/evidence/LOOP1-CLIENT-SQLITE-001/2026-10-01-independent-review-d792-fail/event-oracle.py",
2026-10-01T10:14:43.5430438Z     "spec/progress/evidence/LOOP1-CLIENT-SQLITE-001/2026-10-01-independent-review-d792-fail/event-probe.ps1",
2026-10-01T10:14:43.5431201Z     "spec/progress/evidence/LOOP1-CLIENT-SQLITE-001/2026-10-01-independent-review-d792-fail/finish-review.py",
2026-10-01T10:14:43.5431978Z     "spec/progress/evidence/LOOP1-CLIENT-SQLITE-001/2026-10-01-independent-review-d792-fail/governance-checks.ps1",
2026-10-01T10:14:43.5432746Z     "spec/progress/evidence/LOOP1-CLIENT-SQLITE-001/2026-10-01-independent-review-d792-fail/hosted-d792.json",
2026-10-01T10:14:43.5433519Z     "spec/progress/evidence/LOOP1-CLIENT-SQLITE-001/2026-10-01-independent-review-d792-fail/independent-review.md",
2026-10-01T10:14:43.5434276Z     "spec/progress/evidence/LOOP1-CLIENT-SQLITE-001/2026-10-01-independent-review-d792-fail/manifest.json",
2026-10-01T10:14:43.5435005Z     "spec/progress/evidence/LOOP1-CLIENT-SQLITE-001/2026-10-01-independent-review-d792-fail/native-checks.ps1",
2026-10-01T10:14:43.5435722Z     "spec/progress/evidence/LOOP1-CLIENT-SQLITE-001/2026-10-01-independent-review-d792-fail/prompt.txt",
2026-10-01T10:14:43.5436610Z     "spec/progress/evidence/LOOP1-CLIENT-SQLITE-001/2026-10-01-independent-review-d792-fail/research/prompts/P-SQLITE-REVIEW-20261001/metadata.json",
2026-10-01T10:14:43.5437945Z     "spec/progress/evidence/LOOP1-CLIENT-SQLITE-001/2026-10-01-independent-review-d792-fail/research/prompts/P-SQLITE-REVIEW-20261001/prompt.txt",
2026-10-01T10:14:43.5439104Z     "spec/progress/evidence/LOOP1-CLIENT-SQLITE-001/2026-10-01-independent-review-d792-fail/research/runs/R-SQLITE-REVIEW-20261001/blobs/C-0766b793-06f5-49d8-9e46-d87b65c3667f.stderr.txt",
2026-10-01T10:14:43.5440585Z     "spec/progress/evidence/LOOP1-CLIENT-SQLITE-001/2026-10-01-independent-review-d792-fail/research/runs/R-SQLITE-REVIEW-20261001/blobs/C-0766b793-06f5-49d8-9e46-d87b65c3667f.stdout.txt",
2026-10-01T10:14:43.5441853Z     "spec/progress/evidence/LOOP1-CLIENT-SQLITE-001/2026-10-01-independent-review-d792-fail/research/runs/R-SQLITE-REVIEW-20261001/blobs/C-0a673566-b1b0-4943-89b9-511404a2db56.stderr.txt",
2026-10-01T10:14:43.5443112Z     "spec/progress/evidence/LOOP1-CLIENT-SQLITE-001/2026-10-01-independent-review-d792-fail/research/runs/R-SQLITE-REVIEW-20261001/blobs/C-0a673566-b1b0-4943-89b9-511404a2db56.stdout.txt",
2026-10-01T10:14:43.5444394Z     "spec/progress/evidence/LOOP1-CLIENT-SQLITE-001/2026-10-01-independent-review-d792-fail/research/runs/R-SQLITE-REVIEW-20261001/blobs/C-4a9d2c04-1ea0-4f5a-b9a9-be3226b3dbc7.stderr.txt",
2026-10-01T10:14:43.5445683Z     "spec/progress/evidence/LOOP1-CLIENT-SQLITE-001/2026-10-01-independent-review-d792-fail/research/runs/R-SQLITE-REVIEW-20261001/blobs/C-4a9d2c04-1ea0-4f5a-b9a9-be3226b3dbc7.stdout.txt",
2026-10-01T10:14:43.5447576Z     "spec/progress/evidence/LOOP1-CLIENT-SQLITE-001/2026-10-01-independent-review-d792-fail/research/runs/R-SQLITE-REVIEW-20261001/blobs/C-7fb1eaac-ebc7-463a-b748-1fa3f528a52a.stderr.txt",
2026-10-01T10:14:43.5449017Z     "spec/progress/evidence/LOOP1-CLIENT-SQLITE-001/2026-10-01-independent-review-d792-fail/research/runs/R-SQLITE-REVIEW-20261001/blobs/C-7fb1eaac-ebc7-463a-b748-1fa3f528a52a.stdout.txt",
2026-10-01T10:14:43.5450185Z     "spec/progress/evidence/LOOP1-CLIENT-SQLITE-001/2026-10-01-independent-review-d792-fail/research/runs/R-SQLITE-REVIEW-20261001/diff.patch",
2026-10-01T10:14:43.5451177Z     "spec/progress/evidence/LOOP1-CLIENT-SQLITE-001/2026-10-01-independent-review-d792-fail/research/runs/R-SQLITE-REVIEW-20261001/events.jsonl",
2026-10-01T10:14:43.5452197Z     "spec/progress/evidence/LOOP1-CLIENT-SQLITE-001/2026-10-01-independent-review-d792-fail/research/runs/R-SQLITE-REVIEW-20261001/final_state.json",
2026-10-01T10:14:43.5453276Z     "spec/progress/evidence/LOOP1-CLIENT-SQLITE-001/2026-10-01-independent-review-d792-fail/research/runs/R-SQLITE-REVIEW-20261001/initial_state.json",
2026-10-01T10:14:43.5454314Z     "spec/progress/evidence/LOOP1-CLIENT-SQLITE-001/2026-10-01-independent-review-d792-fail/research/runs/R-SQLITE-REVIEW-20261001/metadata.json",
2026-10-01T10:14:43.5455307Z     "spec/progress/evidence/LOOP1-CLIENT-SQLITE-001/2026-10-01-independent-review-d792-fail/research/runs/R-SQLITE-REVIEW-20261001/summary.json",
2026-10-01T10:14:43.5456101Z     "spec/progress/evidence/LOOP1-CLIENT-SQLITE-001/2026-10-01-prior-recovery-current.md",
2026-10-01T10:14:43.5456657Z     "spec/progress/evidence/LOOP1-CLIENT-SQLITE-001/command-results.json",
2026-10-01T10:14:43.5457420Z     "spec/progress/evidence/LOOP1-CLIENT-SQLITE-001/recorder-outcome.json",
2026-10-01T10:14:43.5457964Z     "spec/progress/evidence/LOOP1-E2E-001/2026-10-01-brand-baseline/brand-baseline.md",
2026-10-01T10:14:43.5458545Z     "spec/progress/evidence/LOOP1-E2E-001/2026-10-01-brand-baseline/preferred-logo.png",
2026-10-01T10:14:43.5459103Z     "spec/progress/evidence/LOOP1-E2E-001/2026-10-01-brand-baseline/verification.json",
2026-10-01T10:14:43.5459597Z     "spec/progress/evidence/LOOP1-E2E-001/2026-10-01-resume-scope.md",
2026-10-01T10:14:43.5459976Z     "spec/tasks/done/LOOP1-E2E-001.md",
2026-10-01T10:14:43.5460283Z     "spec/tasks/review/LOOP1-CLIENT-SQLITE-001.md",
2026-10-01T10:14:43.5460593Z     "tests/ci/test_s0_boundary.py"
2026-10-01T10:14:43.5460831Z   ],
2026-10-01T10:14:43.5461027Z   "jobs": {
2026-10-01T10:14:43.5461209Z     "go": true,
2026-10-01T10:14:43.5461402Z     "java": true,
2026-10-01T10:14:43.5461594Z     "web": true,
2026-10-01T10:14:43.5461788Z     "desktop": true,
2026-10-01T10:14:43.5461994Z     "mobile": true,
2026-10-01T10:14:43.5462191Z     "shared": true,
2026-10-01T10:14:43.5462390Z     "old_client": true,
2026-10-01T10:14:43.5462737Z     "plugin": true,
2026-10-01T10:14:43.5462935Z     "migration": true,
2026-10-01T10:14:43.5463151Z     "compatibility": true,
2026-10-01T10:14:43.5463373Z     "deploy": true,
2026-10-01T10:14:43.5463581Z     "architecture": true,
2026-10-01T10:14:43.5463797Z     "source_go": true,
2026-10-01T10:14:43.5464003Z     "source_java": true
2026-10-01T10:14:43.5464203Z   }
2026-10-01T10:14:43.5464372Z }
2026-10-01T10:14:43.5594421Z Post job cleanup.
2026-10-01T10:14:43.6448399Z [command]/usr/bin/git version
2026-10-01T10:14:43.6494911Z git version 2.55.0
2026-10-01T10:14:43.6539694Z Temporarily overriding HOME='/home/runner/work/_temp/6515e203-8283-473e-a94d-c25cc6458d16' before making global git config changes
2026-10-01T10:14:43.6541045Z Adding repository directory to the temporary git global config as a safe directory
2026-10-01T10:14:43.6545759Z [command]/usr/bin/git config --global --add safe.directory /home/runner/work/IM-platform/IM-platform
2026-10-01T10:14:43.6585951Z [command]/usr/bin/git config --local --name-only --get-regexp core\.sshCommand
2026-10-01T10:14:43.6623071Z [command]/usr/bin/git submodule foreach --recursive sh -c "git config --local --name-only --get-regexp 'core\.sshCommand' && git config --local --unset-all 'core.sshCommand' || :"
2026-10-01T10:14:43.6882666Z [command]/usr/bin/git config --local --name-only --get-regexp http\.https\:\/\/github\.com\/\.extraheader
2026-10-01T10:14:43.6909300Z http.https://github.com/.extraheader
2026-10-01T10:14:43.6921184Z [command]/usr/bin/git config --local --unset-all http.https://github.com/.extraheader
2026-10-01T10:14:43.6962587Z [command]/usr/bin/git submodule foreach --recursive sh -c "git config --local --name-only --get-regexp 'http\.https\:\/\/github\.com\/\.extraheader' && git config --local --unset-all 'http.https://github.com/.extraheader' || :"
2026-10-01T10:14:43.7249718Z [command]/usr/bin/git config --local --name-only --get-regexp ^includeIf\.gitdir:
2026-10-01T10:14:43.7294740Z [command]/usr/bin/git submodule foreach --recursive git config --local --show-origin --name-only --get-regexp remote.origin.url
2026-10-01T10:14:43.7744047Z Evaluate and set job outputs
2026-10-01T10:14:43.7753438Z Set output 'go'
2026-10-01T10:14:43.7755035Z Set output 'java'
2026-10-01T10:14:43.7755746Z Set output 'web'
2026-10-01T10:14:43.7756046Z Set output 'desktop'
2026-10-01T10:14:43.7756345Z Set output 'mobile'
2026-10-01T10:14:43.7756626Z Set output 'shared'
2026-10-01T10:14:43.7756894Z Set output 'old_client'
2026-10-01T10:14:43.7757386Z Set output 'plugin'
2026-10-01T10:14:43.7757667Z Set output 'migration'
2026-10-01T10:14:43.7757955Z Set output 'compatibility'
2026-10-01T10:14:43.7758255Z Set output 'deploy'
2026-10-01T10:14:43.7758535Z Set output 'architecture'
2026-10-01T10:14:43.7758821Z Set output 'source_go'
2026-10-01T10:14:43.7759106Z Set output 'source_java'
2026-10-01T10:14:43.7759798Z Cleaning up orphan processes
2026-10-01T10:14:43.8065570Z ##[warning]Node.js 20 is deprecated. The following actions target Node.js 20 but are being forced to run on Node.js 24: actions/checkout@v4. For more information see: https://github.blog/changelog/2025-09-19-deprecation-of-node-20-on-github-actions-runners/
