2026-10-01T10:14:14.9405750Z Current runner version: '2.337.0'
2026-10-01T10:14:14.9440965Z ##[group]Runner Image Provisioner
2026-10-01T10:14:14.9442730Z Hosted Compute Agent
2026-10-01T10:14:14.9443668Z Version: 20260901.588
2026-10-01T10:14:14.9445377Z Commit: f88ec8081b781fac6c440065ac7ff9e710ce3d0b
2026-10-01T10:14:14.9446632Z Build Date: 2026-09-01T19:56:44Z
2026-10-01T10:14:14.9447902Z Worker ID: {7d4fc403-c54c-4d28-8128-6a9eb866d697}
2026-10-01T10:14:14.9449200Z Azure Region: eastus
2026-10-01T10:14:14.9450153Z ##[endgroup]
2026-10-01T10:14:14.9453172Z ##[group]Operating System
2026-10-01T10:14:14.9454230Z Ubuntu
2026-10-01T10:14:14.9455301Z 24.04.5
2026-10-01T10:14:14.9456233Z LTS
2026-10-01T10:14:14.9457073Z ##[endgroup]
2026-10-01T10:14:14.9458096Z ##[group]Runner Image
2026-10-01T10:14:14.9459147Z Image: ubuntu-24.04
2026-10-01T10:14:14.9460269Z Version: 20260927.320.1
2026-10-01T10:14:14.9462632Z Included Software: https://github.com/actions/runner-images/blob/ubuntu24/20260927.320/images/ubuntu/Ubuntu2404-Readme.md
2026-10-01T10:14:14.9465522Z Image Release: https://github.com/actions/runner-images/releases/tag/ubuntu24%2F20260927.320
2026-10-01T10:14:14.9467250Z ##[endgroup]
2026-10-01T10:14:14.9469350Z ##[group]GITHUB_TOKEN Permissions
2026-10-01T10:14:14.9472627Z Contents: read
2026-10-01T10:14:14.9473827Z Metadata: read
2026-10-01T10:14:14.9474760Z ##[endgroup]
2026-10-01T10:14:14.9477934Z Secret source: Actions
2026-10-01T10:14:14.9479469Z Cache mode: write
2026-10-01T10:14:14.9481028Z Prepare workflow directory
2026-10-01T10:14:14.9966133Z Prepare all required actions
2026-10-01T10:14:15.0037303Z Getting action download info
2026-10-01T10:14:15.2141627Z Download action repository 'actions/checkout@v4' (SHA:11d5960a326750d5838078e36cf38b85af677262)
2026-10-01T10:14:15.3988131Z Complete job name: classify
2026-10-01T10:14:15.4933942Z ##[group]Run actions/checkout@v4
2026-10-01T10:14:15.4934853Z with:
2026-10-01T10:14:15.4935298Z   fetch-depth: 0
2026-10-01T10:14:15.4935805Z   ref: 8c6653d36051a805ccd576806ffda8a6159edbd3
2026-10-01T10:14:15.4936465Z   repository: nilesthump/IM-platform
2026-10-01T10:14:15.4940315Z   token: ***
2026-10-01T10:14:15.4940758Z   ssh-strict: true
2026-10-01T10:14:15.4941204Z   ssh-user: git
2026-10-01T10:14:15.4941886Z   persist-credentials: true
2026-10-01T10:14:15.4942386Z   clean: true
2026-10-01T10:14:15.4942850Z   sparse-checkout-cone-mode: true
2026-10-01T10:14:15.4943443Z   fetch-tags: false
2026-10-01T10:14:15.4943888Z   show-progress: true
2026-10-01T10:14:15.4944339Z   lfs: false
2026-10-01T10:14:15.4944763Z   submodules: false
2026-10-01T10:14:15.4945224Z   set-safe-directory: true
2026-10-01T10:14:15.4945737Z   allow-unsafe-pr-checkout: false
2026-10-01T10:14:15.4946537Z ##[endgroup]
2026-10-01T10:14:15.6028792Z Syncing repository: nilesthump/IM-platform
2026-10-01T10:14:15.6032242Z ##[group]Getting Git version info
2026-10-01T10:14:15.6033612Z Working directory is '/home/runner/work/IM-platform/IM-platform'
2026-10-01T10:14:15.6040345Z [command]/usr/bin/git version
2026-10-01T10:14:15.6154906Z git version 2.55.0
2026-10-01T10:14:15.6179211Z ##[endgroup]
2026-10-01T10:14:15.6199668Z Temporarily overriding HOME='/home/runner/work/_temp/69eebba5-a3ff-4760-b6f2-de53a91fd0b9' before making global git config changes
2026-10-01T10:14:15.6202377Z Adding repository directory to the temporary git global config as a safe directory
2026-10-01T10:14:15.6206335Z [command]/usr/bin/git config --global --add safe.directory /home/runner/work/IM-platform/IM-platform
2026-10-01T10:14:15.6264808Z Deleting the contents of '/home/runner/work/IM-platform/IM-platform'
2026-10-01T10:14:15.6270114Z ##[group]Initializing the repository
2026-10-01T10:14:15.6275693Z [command]/usr/bin/git init /home/runner/work/IM-platform/IM-platform
2026-10-01T10:14:15.6396025Z hint: Using 'master' as the name for the initial branch. This default branch name
2026-10-01T10:14:15.6402899Z hint: will change to "main" in Git 3.0. To configure the initial branch name
2026-10-01T10:14:15.6404704Z hint: to use in all of your new repositories, which will suppress this warning,
2026-10-01T10:14:15.6406993Z hint: call:
2026-10-01T10:14:15.6407775Z hint:
2026-10-01T10:14:15.6408700Z hint: 	git config --global init.defaultBranch <name>
2026-10-01T10:14:15.6409769Z hint:
2026-10-01T10:14:15.6410779Z hint: Names commonly chosen instead of 'master' are 'main', 'trunk' and
2026-10-01T10:14:15.6412765Z hint: 'development'. The just-created branch can be renamed via this command:
2026-10-01T10:14:15.6414182Z hint:
2026-10-01T10:14:15.6415123Z hint: 	git branch -m <name>
2026-10-01T10:14:15.6416097Z hint:
2026-10-01T10:14:15.6417302Z hint: Disable this message with "git config set advice.defaultBranchName false"
2026-10-01T10:14:15.6419244Z Initialized empty Git repository in /home/runner/work/IM-platform/IM-platform/.git/
2026-10-01T10:14:15.6422490Z [command]/usr/bin/git remote add origin https://github.com/nilesthump/IM-platform
2026-10-01T10:14:15.6472378Z ##[endgroup]
2026-10-01T10:14:15.6473750Z ##[group]Disabling automatic garbage collection
2026-10-01T10:14:15.6477543Z [command]/usr/bin/git config --local gc.auto 0
2026-10-01T10:14:15.6512961Z ##[endgroup]
2026-10-01T10:14:15.6514350Z ##[group]Setting up auth
2026-10-01T10:14:15.6520753Z [command]/usr/bin/git config --local --name-only --get-regexp core\.sshCommand
2026-10-01T10:14:15.6560553Z [command]/usr/bin/git submodule foreach --recursive sh -c "git config --local --name-only --get-regexp 'core\.sshCommand' && git config --local --unset-all 'core.sshCommand' || :"
2026-10-01T10:14:15.6922688Z [command]/usr/bin/git config --local --name-only --get-regexp http\.https\:\/\/github\.com\/\.extraheader
2026-10-01T10:14:15.6959311Z [command]/usr/bin/git submodule foreach --recursive sh -c "git config --local --name-only --get-regexp 'http\.https\:\/\/github\.com\/\.extraheader' && git config --local --unset-all 'http.https://github.com/.extraheader' || :"
2026-10-01T10:14:15.7213504Z [command]/usr/bin/git config --local --name-only --get-regexp ^includeIf\.gitdir:
2026-10-01T10:14:15.7252500Z [command]/usr/bin/git submodule foreach --recursive git config --local --show-origin --name-only --get-regexp remote.origin.url
2026-10-01T10:14:15.7479928Z [command]/usr/bin/git config --local http.https://github.com/.extraheader AUTHORIZATION: basic ***
2026-10-01T10:14:15.7523080Z ##[endgroup]
2026-10-01T10:14:15.7524369Z ##[group]Fetching the repository
2026-10-01T10:14:15.7532955Z [command]/usr/bin/git -c protocol.version=2 fetch --prune --no-recurse-submodules origin +refs/heads/*:refs/remotes/origin/* +refs/tags/*:refs/tags/*
2026-10-01T10:14:18.0837286Z From https://github.com/nilesthump/IM-platform
2026-10-01T10:14:18.0839180Z  * [new branch]      fix/LOOP1-CI-001-s0-placeholder -> origin/fix/LOOP1-CI-001-s0-placeholder
2026-10-01T10:14:18.0840737Z  * [new branch]      main                   -> origin/main
2026-10-01T10:14:18.0842622Z  * [new branch]      recovery/s1-handoff-20261001 -> origin/recovery/s1-handoff-20261001
2026-10-01T10:14:18.0844456Z  * [new branch]      recovery/s2-open-record-20261001 -> origin/recovery/s2-open-record-20261001
2026-10-01T10:14:18.0846656Z  * [new branch]      task/LOOP1-ARCH-REMEDIATION -> origin/task/LOOP1-ARCH-REMEDIATION
2026-10-01T10:14:18.0848826Z  * [new branch]      task/LOOP1-CI-001      -> origin/task/LOOP1-CI-001
2026-10-01T10:14:18.0851120Z  * [new branch]      task/LOOP1-CLIENT-SQLITE-001 -> origin/task/LOOP1-CLIENT-SQLITE-001
2026-10-01T10:14:18.0853525Z  * [new branch]      task/LOOP1-E2E-001     -> origin/task/LOOP1-E2E-001
2026-10-01T10:14:18.0855232Z  * [new branch]      task/LOOP1-GO-AUTH-001 -> origin/task/LOOP1-GO-AUTH-001
2026-10-01T10:14:18.0856961Z  * [new branch]      task/LOOP1-GO-MSG-001  -> origin/task/LOOP1-GO-MSG-001
2026-10-01T10:14:18.0858965Z  * [new branch]      task/LOOP1-GO-SOCIAL-001-v1.1 -> origin/task/LOOP1-GO-SOCIAL-001-v1.1
2026-10-01T10:14:18.0863308Z [command]/usr/bin/git rev-parse --verify --quiet 8c6653d36051a805ccd576806ffda8a6159edbd3^{object}
2026-10-01T10:14:18.0882984Z 8c6653d36051a805ccd576806ffda8a6159edbd3
2026-10-01T10:14:18.0889638Z ##[endgroup]
2026-10-01T10:14:18.0892559Z ##[group]Determining the checkout info
2026-10-01T10:14:18.0895046Z ##[endgroup]
2026-10-01T10:14:18.0896733Z [command]/usr/bin/git sparse-checkout disable
2026-10-01T10:14:18.0968677Z [command]/usr/bin/git config --local --unset-all extensions.worktreeConfig
2026-10-01T10:14:18.1003616Z ##[group]Checking out the ref
2026-10-01T10:14:18.1007525Z [command]/usr/bin/git checkout --progress --force 8c6653d36051a805ccd576806ffda8a6159edbd3
2026-10-01T10:14:18.5413969Z Note: switching to '8c6653d36051a805ccd576806ffda8a6159edbd3'.
2026-10-01T10:14:18.5415200Z 
2026-10-01T10:14:18.5416190Z You are in 'detached HEAD' state. You can look around, make experimental
2026-10-01T10:14:18.5417412Z changes and commit them, and you can discard any commits you make in this
2026-10-01T10:14:18.5418608Z state without impacting any branches by switching back to a branch.
2026-10-01T10:14:18.5419341Z 
2026-10-01T10:14:18.5419856Z If you want to create a new branch to retain commits you create, you may
2026-10-01T10:14:18.5420906Z do so (now or later) by using -c with the switch command. Example:
2026-10-01T10:14:18.5421863Z 
2026-10-01T10:14:18.5422161Z   git switch -c <new-branch-name>
2026-10-01T10:14:18.5422615Z 
2026-10-01T10:14:18.5422882Z Or undo this operation with:
2026-10-01T10:14:18.5423348Z 
2026-10-01T10:14:18.5423616Z   git switch -
2026-10-01T10:14:18.5423998Z 
2026-10-01T10:14:18.5424545Z Turn off this advice by setting config variable advice.detachedHead to false
2026-10-01T10:14:18.5425275Z 
2026-10-01T10:14:18.5425699Z HEAD is now at 8c6653d Reject conflicting persisted user Sync event identities
2026-10-01T10:14:18.5437544Z ##[endgroup]
2026-10-01T10:14:18.5486519Z [command]/usr/bin/git log -1 --format=%H
2026-10-01T10:14:18.5518729Z 8c6653d36051a805ccd576806ffda8a6159edbd3
2026-10-01T10:14:18.5736915Z ##[group]Run $status = @(git -c core.excludesFile=.git/info/exclude status --porcelain=v1 --untracked-files=all 2>&1)
2026-10-01T10:14:18.5737969Z [36;1m$status = @(git -c core.excludesFile=.git/info/exclude status --porcelain=v1 --untracked-files=all 2>&1)[0m
2026-10-01T10:14:18.5738665Z [36;1mif ($LASTEXITCODE -ne 0) { exit $LASTEXITCODE }[0m
2026-10-01T10:14:18.5739133Z [36;1mWrite-Host "checkout_status_entries=$($status.Count)"[0m
2026-10-01T10:14:18.5739651Z [36;1mforeach ($entry in $status) { Write-Host "checkout_status=$entry" }[0m
2026-10-01T10:14:18.5769533Z shell: /usr/bin/pwsh -command ". '{0}'"
2026-10-01T10:14:18.5769906Z ##[endgroup]
2026-10-01T10:14:23.6199095Z checkout_status_entries=0
2026-10-01T10:14:23.8525254Z ##[group]Run ./tools/verify-loop1-ctrl-002.ps1 -Mode Acceptance
2026-10-01T10:14:23.8525846Z [36;1m./tools/verify-loop1-ctrl-002.ps1 -Mode Acceptance[0m
2026-10-01T10:14:23.8551277Z shell: /usr/bin/pwsh -command ". '{0}'"
2026-10-01T10:14:23.8551839Z ##[endgroup]
2026-10-01T10:14:39.2711714Z PASS: generic repository recovery verified task=LOOP1-CLIENT-SQLITE-001 state=review mode=Acceptance queues=5 task_specs=22.
2026-10-01T10:14:39.2721748Z GIT: branch=HEAD status_entries=0 diff_lines=0 recent_commits=5.
2026-10-01T10:14:39.3220478Z ##[group]Run python3 -m unittest discover -s tests/ci -v
2026-10-01T10:14:39.3220947Z [36;1mpython3 -m unittest discover -s tests/ci -v[0m
2026-10-01T10:14:39.3285559Z shell: /usr/bin/bash -e {0}
2026-10-01T10:14:39.3285835Z env:
2026-10-01T10:14:39.3286050Z   PYTHONDONTWRITEBYTECODE: 1
2026-10-01T10:14:39.3286304Z ##[endgroup]
2026-10-01T10:14:39.5285510Z test_ci_changes_run_all_jobs (test_classify.PathMatrixTests.test_ci_changes_run_all_jobs) ... ok
2026-10-01T10:14:39.5565810Z test_deleted_e2e_path_still_selects_live_checks (test_classify.PathMatrixTests.test_deleted_e2e_path_still_selects_live_checks) ... ok
2026-10-01T10:14:39.5569318Z test_deploy_changes_run_deploy_validation (test_classify.PathMatrixTests.test_deploy_changes_run_deploy_validation) ... ok
2026-10-01T10:14:39.5571625Z test_e2e_paths_select_go_deploy_and_boundaries (test_classify.PathMatrixTests.test_e2e_paths_select_go_deploy_and_boundaries) ... ok
2026-10-01T10:14:39.6359003Z test_git_diff_includes_both_sides_of_shared_renames (test_classify.PathMatrixTests.test_git_diff_includes_both_sides_of_shared_renames) ... ok
2026-10-01T10:14:39.6612902Z test_git_diff_includes_deleted_shared_file (test_classify.PathMatrixTests.test_git_diff_includes_deleted_shared_file) ... ok
2026-10-01T10:14:39.6621985Z test_github_outputs_are_lowercase_booleans (test_classify.PathMatrixTests.test_github_outputs_are_lowercase_booleans) ... ok
2026-10-01T10:14:39.6626262Z test_governance_changes_cannot_skip_architecture (test_classify.PathMatrixTests.test_governance_changes_cannot_skip_architecture) ... ok
2026-10-01T10:14:39.6898260Z test_governance_deleted_and_renamed_paths_still_trigger (test_classify.PathMatrixTests.test_governance_deleted_and_renamed_paths_still_trigger) ... ok
2026-10-01T10:14:39.6899678Z test_profile_and_client_changes_are_local (test_classify.PathMatrixTests.test_profile_and_client_changes_are_local) ... ok
2026-10-01T10:14:39.6900662Z test_rejects_paths_outside_repo (test_classify.PathMatrixTests.test_rejects_paths_outside_repo) ... ok
2026-10-01T10:14:39.6902244Z test_shared_changes_fan_out_to_full_compatibility (test_classify.PathMatrixTests.test_shared_changes_fan_out_to_full_compatibility) ... ok
2026-10-01T10:14:39.6903235Z test_union_and_deleted_paths (test_classify.PathMatrixTests.test_union_and_deleted_paths) ... ok
2026-10-01T10:14:39.6904085Z test_unrelated_files_do_not_schedule_product_jobs (test_classify.PathMatrixTests.test_unrelated_files_do_not_schedule_product_jobs) ... ok
2026-10-01T10:14:39.6906698Z test_architecture_jobs_missing_invalid_skipped_failed_cancelled (test_gate.GateTests.test_architecture_jobs_missing_invalid_skipped_failed_cancelled) ... ok
2026-10-01T10:14:39.6907923Z test_classifier_failure_fails_gate (test_gate.GateTests.test_classifier_failure_fails_gate) ... ok
2026-10-01T10:14:39.6908908Z test_selected_job_must_succeed (test_gate.GateTests.test_selected_job_must_succeed) ... ok
2026-10-01T10:14:39.6909819Z test_shared_subchecks_require_compatibility (test_gate.GateTests.test_shared_subchecks_require_compatibility) ... ok
2026-10-01T10:14:39.6911257Z test_recursive_live_go_verification_and_role_smoke_present (test_go_regression.GoRegressionTests.test_recursive_live_go_verification_and_role_smoke_present) ... ok
2026-10-01T10:14:39.6912778Z test_role_smoke_change_and_deletion_select_actual_jobs (test_go_regression.GoRegressionTests.test_role_smoke_change_and_deletion_select_actual_jobs) ... ok
2026-10-01T10:14:39.7079812Z test_websocket_upgrade_eof_terminates (test_go_regression.GoRegressionTests.test_websocket_upgrade_eof_terminates) ... ok
2026-10-01T10:14:39.7082726Z test_all_affected_workflow_jobs_use_boundary_checker (test_s0_boundary.S0BoundaryTests.test_all_affected_workflow_jobs_use_boundary_checker) ... ok
2026-10-01T10:14:39.7091919Z test_allowed_entry_name_is_only_allowed_at_profile_root (test_s0_boundary.S0BoundaryTests.test_allowed_entry_name_is_only_allowed_at_profile_root) ... ok
2026-10-01T10:14:39.7099314Z test_allowed_name_and_profile_root_symlink_checks_without_os_link_privilege (test_s0_boundary.S0BoundaryTests.test_allowed_name_and_profile_root_symlink_checks_without_os_link_privilege) ... ok
2026-10-01T10:14:39.7110683Z test_committed_skeleton_contains_no_unexpected_source (test_s0_boundary.S0BoundaryTests.test_committed_skeleton_contains_no_unexpected_source) ... ok
2026-10-01T10:14:39.7186758Z test_empty_markers_are_ignored_but_new_source_is_rejected (test_s0_boundary.S0BoundaryTests.test_empty_markers_are_ignored_but_new_source_is_rejected) ... ok
2026-10-01T10:14:39.7213376Z test_symlinks_cannot_hide_behind_allowed_names_or_profile_root (test_s0_boundary.S0BoundaryTests.test_symlinks_cannot_hide_behind_allowed_names_or_profile_root) ... ok
2026-10-01T10:14:39.7215912Z test_rejects_runner_context_at_deploy_job_env (test_workflow_context.WorkflowContextTests.test_rejects_runner_context_at_deploy_job_env) ... ok
2026-10-01T10:14:39.7218264Z test_runner_context_is_absent_from_job_env (test_workflow_context.WorkflowContextTests.test_runner_context_is_absent_from_job_env) ... ok
2026-10-01T10:14:39.7219616Z 
2026-10-01T10:14:39.7219815Z ----------------------------------------------------------------------
2026-10-01T10:14:39.7220284Z Ran 29 tests in 0.194s
2026-10-01T10:14:39.7220472Z 
2026-10-01T10:14:39.7220570Z OK
2026-10-01T10:14:39.7220789Z {
2026-10-01T10:14:39.7221022Z   "paths": [
2026-10-01T10:14:39.7221289Z     "contracts/errors/x.json"
2026-10-01T10:14:39.7221959Z   ],
2026-10-01T10:14:39.7222192Z   "jobs": {
2026-10-01T10:14:39.7222431Z     "go": true,
2026-10-01T10:14:39.7222687Z     "java": true,
2026-10-01T10:14:39.7222942Z     "web": true,
2026-10-01T10:14:39.7223200Z     "desktop": true,
2026-10-01T10:14:39.7223471Z     "mobile": true,
2026-10-01T10:14:39.7223732Z     "shared": true,
2026-10-01T10:14:39.7223994Z     "old_client": true,
2026-10-01T10:14:39.7224276Z     "plugin": true,
2026-10-01T10:14:39.7224546Z     "migration": true,
2026-10-01T10:14:39.7224833Z     "compatibility": true,
2026-10-01T10:14:39.7225124Z     "deploy": false,
2026-10-01T10:14:39.7225339Z     "architecture": true,
2026-10-01T10:14:39.7225566Z     "source_go": true,
2026-10-01T10:14:39.7225778Z     "source_java": true
2026-10-01T10:14:39.7225990Z   }
2026-10-01T10:14:39.7226166Z }
2026-10-01T10:14:39.7414174Z ##[group]Run base="$BASE_SHA"
2026-10-01T10:14:39.7414503Z [36;1mbase="$BASE_SHA"[0m
2026-10-01T10:14:39.7414777Z [36;1mif [[ -z "$base" || "$base" =~ ^0+$ ]]; then[0m
2026-10-01T10:14:39.7415134Z [36;1m  base=$(git hash-object -t tree /dev/null)[0m
2026-10-01T10:14:39.7415432Z [36;1mfi[0m
2026-10-01T10:14:39.7415817Z [36;1mpython3 ci/classify.py --base "$base" --head "$HEAD_SHA" --github-output "$GITHUB_OUTPUT"[0m
2026-10-01T10:14:39.7480118Z shell: /usr/bin/bash --noprofile --norc -e -o pipefail {0}
2026-10-01T10:14:39.7480482Z env:
2026-10-01T10:14:39.7480724Z   BASE_SHA: d7920b1f504cf77a913e105a3df3a738c211ad28
2026-10-01T10:14:39.7481077Z   HEAD_SHA: 8c6653d36051a805ccd576806ffda8a6159edbd3
2026-10-01T10:14:39.7481738Z   PYTHONDONTWRITEBYTECODE: 1
2026-10-01T10:14:39.7481997Z ##[endgroup]
2026-10-01T10:14:39.7876878Z {
2026-10-01T10:14:39.7877297Z   "paths": [
2026-10-01T10:14:39.7877681Z     "clients/shared/local-store/README.md",
2026-10-01T10:14:39.7878379Z     "clients/shared/local-store/lib/local_store.dart",
2026-10-01T10:14:39.7878793Z     "clients/shared/local-store/test/user_event_test.dart",
2026-10-01T10:14:39.7879351Z     "spec/progress/checkpoints/2026-10-01-loop1-client-sqlite-001-event-identity-fixed.md",
2026-10-01T10:14:39.7879834Z     "spec/progress/current.md",
2026-10-01T10:14:39.7880355Z     "spec/progress/evidence/LOOP1-CLIENT-SQLITE-001/2026-10-01-event-identity-fix/archive-manifest.json",
2026-10-01T10:14:39.7881125Z     "spec/progress/evidence/LOOP1-CLIENT-SQLITE-001/2026-10-01-event-identity-fix/command-results.json",
2026-10-01T10:14:39.7882026Z     "spec/progress/evidence/LOOP1-CLIENT-SQLITE-001/2026-10-01-event-identity-fix/fix-report.md",
2026-10-01T10:14:39.7882741Z     "spec/progress/evidence/LOOP1-CLIENT-SQLITE-001/2026-10-01-event-identity-fix/governance-checks.ps1",
2026-10-01T10:14:39.7883443Z     "spec/progress/evidence/LOOP1-CLIENT-SQLITE-001/2026-10-01-event-identity-fix/green.ps1",
2026-10-01T10:14:39.7884121Z     "spec/progress/evidence/LOOP1-CLIENT-SQLITE-001/2026-10-01-event-identity-fix/native-checks.ps1",
2026-10-01T10:14:39.7884796Z     "spec/progress/evidence/LOOP1-CLIENT-SQLITE-001/2026-10-01-event-identity-fix/prompt.txt",
2026-10-01T10:14:39.7885493Z     "spec/progress/evidence/LOOP1-CLIENT-SQLITE-001/2026-10-01-event-identity-fix/recorder-metadata.json",
2026-10-01T10:14:39.7886221Z     "spec/progress/evidence/LOOP1-CLIENT-SQLITE-001/2026-10-01-event-identity-fix/recorder-outcome.json",
2026-10-01T10:14:39.7886941Z     "spec/progress/evidence/LOOP1-CLIENT-SQLITE-001/2026-10-01-event-identity-fix/recorder-summary.json",
2026-10-01T10:14:39.7887643Z     "spec/progress/evidence/LOOP1-CLIENT-SQLITE-001/2026-10-01-event-identity-fix/regression.ps1",
2026-10-01T10:14:39.7888623Z     "spec/progress/evidence/LOOP1-CLIENT-SQLITE-001/2026-10-01-independent-review-d792-fail/.gitattributes",
2026-10-01T10:14:39.7889399Z     "spec/progress/evidence/LOOP1-CLIENT-SQLITE-001/2026-10-01-independent-review-d792-fail/archive-review.py",
2026-10-01T10:14:39.7890196Z     "spec/progress/evidence/LOOP1-CLIENT-SQLITE-001/2026-10-01-independent-review-d792-fail/command-results.json",
2026-10-01T10:14:39.7891025Z     "spec/progress/evidence/LOOP1-CLIENT-SQLITE-001/2026-10-01-independent-review-d792-fail/coordinator-assignment.md",
2026-10-01T10:14:39.7892190Z     "spec/progress/evidence/LOOP1-CLIENT-SQLITE-001/2026-10-01-independent-review-d792-fail/event-conflict.dart",
2026-10-01T10:14:39.7892982Z     "spec/progress/evidence/LOOP1-CLIENT-SQLITE-001/2026-10-01-independent-review-d792-fail/event-oracle.py",
2026-10-01T10:14:39.7893755Z     "spec/progress/evidence/LOOP1-CLIENT-SQLITE-001/2026-10-01-independent-review-d792-fail/event-probe.ps1",
2026-10-01T10:14:39.7894543Z     "spec/progress/evidence/LOOP1-CLIENT-SQLITE-001/2026-10-01-independent-review-d792-fail/finish-review.py",
2026-10-01T10:14:39.7895441Z     "spec/progress/evidence/LOOP1-CLIENT-SQLITE-001/2026-10-01-independent-review-d792-fail/governance-checks.ps1",
2026-10-01T10:14:39.7896428Z     "spec/progress/evidence/LOOP1-CLIENT-SQLITE-001/2026-10-01-independent-review-d792-fail/hosted-d792.json",
2026-10-01T10:14:39.7897225Z     "spec/progress/evidence/LOOP1-CLIENT-SQLITE-001/2026-10-01-independent-review-d792-fail/independent-review.md",
2026-10-01T10:14:39.7898016Z     "spec/progress/evidence/LOOP1-CLIENT-SQLITE-001/2026-10-01-independent-review-d792-fail/manifest.json",
2026-10-01T10:14:39.7898778Z     "spec/progress/evidence/LOOP1-CLIENT-SQLITE-001/2026-10-01-independent-review-d792-fail/native-checks.ps1",
2026-10-01T10:14:39.7899522Z     "spec/progress/evidence/LOOP1-CLIENT-SQLITE-001/2026-10-01-independent-review-d792-fail/prompt.txt",
2026-10-01T10:14:39.7900449Z     "spec/progress/evidence/LOOP1-CLIENT-SQLITE-001/2026-10-01-independent-review-d792-fail/research/prompts/P-SQLITE-REVIEW-20261001/metadata.json",
2026-10-01T10:14:39.7901695Z     "spec/progress/evidence/LOOP1-CLIENT-SQLITE-001/2026-10-01-independent-review-d792-fail/research/prompts/P-SQLITE-REVIEW-20261001/prompt.txt",
2026-10-01T10:14:39.7902904Z     "spec/progress/evidence/LOOP1-CLIENT-SQLITE-001/2026-10-01-independent-review-d792-fail/research/runs/R-SQLITE-REVIEW-20261001/blobs/C-0766b793-06f5-49d8-9e46-d87b65c3667f.stderr.txt",
2026-10-01T10:14:39.7904257Z     "spec/progress/evidence/LOOP1-CLIENT-SQLITE-001/2026-10-01-independent-review-d792-fail/research/runs/R-SQLITE-REVIEW-20261001/blobs/C-0766b793-06f5-49d8-9e46-d87b65c3667f.stdout.txt",
2026-10-01T10:14:39.7905641Z     "spec/progress/evidence/LOOP1-CLIENT-SQLITE-001/2026-10-01-independent-review-d792-fail/research/runs/R-SQLITE-REVIEW-20261001/blobs/C-0a673566-b1b0-4943-89b9-511404a2db56.stderr.txt",
2026-10-01T10:14:39.7907008Z     "spec/progress/evidence/LOOP1-CLIENT-SQLITE-001/2026-10-01-independent-review-d792-fail/research/runs/R-SQLITE-REVIEW-20261001/blobs/C-0a673566-b1b0-4943-89b9-511404a2db56.stdout.txt",
2026-10-01T10:14:39.7908359Z     "spec/progress/evidence/LOOP1-CLIENT-SQLITE-001/2026-10-01-independent-review-d792-fail/research/runs/R-SQLITE-REVIEW-20261001/blobs/C-4a9d2c04-1ea0-4f5a-b9a9-be3226b3dbc7.stderr.txt",
2026-10-01T10:14:39.7909700Z     "spec/progress/evidence/LOOP1-CLIENT-SQLITE-001/2026-10-01-independent-review-d792-fail/research/runs/R-SQLITE-REVIEW-20261001/blobs/C-4a9d2c04-1ea0-4f5a-b9a9-be3226b3dbc7.stdout.txt",
2026-10-01T10:14:39.7911093Z     "spec/progress/evidence/LOOP1-CLIENT-SQLITE-001/2026-10-01-independent-review-d792-fail/research/runs/R-SQLITE-REVIEW-20261001/blobs/C-7fb1eaac-ebc7-463a-b748-1fa3f528a52a.stderr.txt",
2026-10-01T10:14:39.7912826Z     "spec/progress/evidence/LOOP1-CLIENT-SQLITE-001/2026-10-01-independent-review-d792-fail/research/runs/R-SQLITE-REVIEW-20261001/blobs/C-7fb1eaac-ebc7-463a-b748-1fa3f528a52a.stdout.txt",
2026-10-01T10:14:39.7914024Z     "spec/progress/evidence/LOOP1-CLIENT-SQLITE-001/2026-10-01-independent-review-d792-fail/research/runs/R-SQLITE-REVIEW-20261001/diff.patch",
2026-10-01T10:14:39.7915253Z     "spec/progress/evidence/LOOP1-CLIENT-SQLITE-001/2026-10-01-independent-review-d792-fail/research/runs/R-SQLITE-REVIEW-20261001/events.jsonl",
2026-10-01T10:14:39.7916339Z     "spec/progress/evidence/LOOP1-CLIENT-SQLITE-001/2026-10-01-independent-review-d792-fail/research/runs/R-SQLITE-REVIEW-20261001/final_state.json",
2026-10-01T10:14:39.7917420Z     "spec/progress/evidence/LOOP1-CLIENT-SQLITE-001/2026-10-01-independent-review-d792-fail/research/runs/R-SQLITE-REVIEW-20261001/initial_state.json",
2026-10-01T10:14:39.7918498Z     "spec/progress/evidence/LOOP1-CLIENT-SQLITE-001/2026-10-01-independent-review-d792-fail/research/runs/R-SQLITE-REVIEW-20261001/metadata.json",
2026-10-01T10:14:39.7919525Z     "spec/progress/evidence/LOOP1-CLIENT-SQLITE-001/2026-10-01-independent-review-d792-fail/research/runs/R-SQLITE-REVIEW-20261001/summary.json",
2026-10-01T10:14:39.7920219Z     "spec/tasks/review/LOOP1-CLIENT-SQLITE-001.md"
2026-10-01T10:14:39.7920516Z   ],
2026-10-01T10:14:39.7920686Z   "jobs": {
2026-10-01T10:14:39.7920861Z     "go": true,
2026-10-01T10:14:39.7921254Z     "java": true,
2026-10-01T10:14:39.7922185Z     "web": true,
2026-10-01T10:14:39.7922571Z     "desktop": true,
2026-10-01T10:14:39.7922918Z     "mobile": true,
2026-10-01T10:14:39.7923249Z     "shared": true,
2026-10-01T10:14:39.7923558Z     "old_client": true,
2026-10-01T10:14:39.7923775Z     "plugin": true,
2026-10-01T10:14:39.7923985Z     "migration": true,
2026-10-01T10:14:39.7924209Z     "compatibility": true,
2026-10-01T10:14:39.7924439Z     "deploy": false,
2026-10-01T10:14:39.7924649Z     "architecture": true,
2026-10-01T10:14:39.7924870Z     "source_go": true,
2026-10-01T10:14:39.7925080Z     "source_java": true
2026-10-01T10:14:39.7925282Z   }
2026-10-01T10:14:39.7925457Z }
2026-10-01T10:14:39.8060691Z Post job cleanup.
2026-10-01T10:14:39.8922875Z [command]/usr/bin/git version
2026-10-01T10:14:39.8965387Z git version 2.55.0
2026-10-01T10:14:39.9008369Z Temporarily overriding HOME='/home/runner/work/_temp/ae8a68f4-31bc-415b-8ea7-3f05bddb3dc4' before making global git config changes
2026-10-01T10:14:39.9009836Z Adding repository directory to the temporary git global config as a safe directory
2026-10-01T10:14:39.9015108Z [command]/usr/bin/git config --global --add safe.directory /home/runner/work/IM-platform/IM-platform
2026-10-01T10:14:39.9056583Z [command]/usr/bin/git config --local --name-only --get-regexp core\.sshCommand
2026-10-01T10:14:39.9094239Z [command]/usr/bin/git submodule foreach --recursive sh -c "git config --local --name-only --get-regexp 'core\.sshCommand' && git config --local --unset-all 'core.sshCommand' || :"
2026-10-01T10:14:39.9362023Z [command]/usr/bin/git config --local --name-only --get-regexp http\.https\:\/\/github\.com\/\.extraheader
2026-10-01T10:14:39.9392353Z http.https://github.com/.extraheader
2026-10-01T10:14:39.9415161Z [command]/usr/bin/git config --local --unset-all http.https://github.com/.extraheader
2026-10-01T10:14:39.9446429Z [command]/usr/bin/git submodule foreach --recursive sh -c "git config --local --name-only --get-regexp 'http\.https\:\/\/github\.com\/\.extraheader' && git config --local --unset-all 'http.https://github.com/.extraheader' || :"
2026-10-01T10:14:39.9816718Z [command]/usr/bin/git config --local --name-only --get-regexp ^includeIf\.gitdir:
2026-10-01T10:14:39.9856706Z [command]/usr/bin/git submodule foreach --recursive git config --local --show-origin --name-only --get-regexp remote.origin.url
2026-10-01T10:14:40.0348860Z Evaluate and set job outputs
2026-10-01T10:14:40.0357946Z Set output 'go'
2026-10-01T10:14:40.0359575Z Set output 'java'
2026-10-01T10:14:40.0360178Z Set output 'web'
2026-10-01T10:14:40.0360464Z Set output 'desktop'
2026-10-01T10:14:40.0360760Z Set output 'mobile'
2026-10-01T10:14:40.0361031Z Set output 'shared'
2026-10-01T10:14:40.0361305Z Set output 'old_client'
2026-10-01T10:14:40.0362247Z Set output 'plugin'
2026-10-01T10:14:40.0362759Z Set output 'migration'
2026-10-01T10:14:40.0363053Z Set output 'compatibility'
2026-10-01T10:14:40.0363350Z Set output 'deploy'
2026-10-01T10:14:40.0363621Z Set output 'architecture'
2026-10-01T10:14:40.0363916Z Set output 'source_go'
2026-10-01T10:14:40.0364190Z Set output 'source_java'
2026-10-01T10:14:40.0364962Z Cleaning up orphan processes
2026-10-01T10:14:40.0647844Z ##[warning]Node.js 20 is deprecated. The following actions target Node.js 20 but are being forced to run on Node.js 24: actions/checkout@v4. For more information see: https://github.blog/changelog/2025-09-19-deprecation-of-node-20-on-github-actions-runners/
