architecture	Set up job	﻿2026-10-03T16:04:56.5544430Z Current runner version: '2.337.0'
architecture	Set up job	2026-10-03T16:04:56.5579865Z ##[group]Runner Image Provisioner
architecture	Set up job	2026-10-03T16:04:56.5581117Z Hosted Compute Agent
architecture	Set up job	2026-10-03T16:04:56.5582160Z Version: 20260901.588
architecture	Set up job	2026-10-03T16:04:56.5583255Z Commit: f88ec8081b781fac6c440065ac7ff9e710ce3d0b
architecture	Set up job	2026-10-03T16:04:56.5584581Z Build Date: 2026-09-01T19:56:44Z
architecture	Set up job	2026-10-03T16:04:56.5586053Z Worker ID: {35c00732-1564-4e7f-b904-653a912da7ca}
architecture	Set up job	2026-10-03T16:04:56.5587717Z Azure Region: centralus
architecture	Set up job	2026-10-03T16:04:56.5588838Z ##[endgroup]
architecture	Set up job	2026-10-03T16:04:56.5591263Z ##[group]Operating System
architecture	Set up job	2026-10-03T16:04:56.5592445Z Ubuntu
architecture	Set up job	2026-10-03T16:04:56.5593657Z 24.04.5
architecture	Set up job	2026-10-03T16:04:56.5594936Z LTS
architecture	Set up job	2026-10-03T16:04:56.5596162Z ##[endgroup]
architecture	Set up job	2026-10-03T16:04:56.5597410Z ##[group]Runner Image
architecture	Set up job	2026-10-03T16:04:56.5598450Z Image: ubuntu-24.04
architecture	Set up job	2026-10-03T16:04:56.5599582Z Version: 20260927.320.1
architecture	Set up job	2026-10-03T16:04:56.5601462Z Included Software: https://github.com/actions/runner-images/blob/ubuntu24/20260927.320/images/ubuntu/Ubuntu2404-Readme.md
architecture	Set up job	2026-10-03T16:04:56.5604491Z Image Release: https://github.com/actions/runner-images/releases/tag/ubuntu24%2F20260927.320
architecture	Set up job	2026-10-03T16:04:56.5606301Z ##[endgroup]
architecture	Set up job	2026-10-03T16:04:56.5608711Z ##[group]GITHUB_TOKEN Permissions
architecture	Set up job	2026-10-03T16:04:56.5611899Z Contents: read
architecture	Set up job	2026-10-03T16:04:56.5612952Z Metadata: read
architecture	Set up job	2026-10-03T16:04:56.5613991Z ##[endgroup]
architecture	Set up job	2026-10-03T16:04:56.5618033Z Secret source: Actions
architecture	Set up job	2026-10-03T16:04:56.5619648Z Cache mode: write
architecture	Set up job	2026-10-03T16:04:56.5621519Z Prepare workflow directory
architecture	Set up job	2026-10-03T16:04:56.6088616Z Prepare all required actions
architecture	Set up job	2026-10-03T16:04:56.6160240Z Getting action download info
architecture	Set up job	2026-10-03T16:04:56.8983840Z Download action repository 'actions/checkout@v4' (SHA:11d5960a326750d5838078e36cf38b85af677262)
architecture	Set up job	2026-10-03T16:04:56.9914779Z Download action repository 'actions/setup-go@v5' (SHA:40f1582b2485089dde7abd97c1529aa768e1baff)
architecture	Set up job	2026-10-03T16:04:57.5551555Z Download action repository 'actions/setup-java@v4' (SHA:cf277c60eb25467037889841efdb72551f06f6c3)
architecture	Set up job	2026-10-03T16:04:58.3080024Z Complete job name: architecture
architecture	Run actions/checkout@v4	﻿2026-10-03T16:04:58.4393741Z ##[group]Run actions/checkout@v4
architecture	Run actions/checkout@v4	2026-10-03T16:04:58.4395257Z with:
architecture	Run actions/checkout@v4	2026-10-03T16:04:58.4396214Z   repository: nilesthump/IM-platform
architecture	Run actions/checkout@v4	2026-10-03T16:04:58.4406262Z   token: ***
architecture	Run actions/checkout@v4	2026-10-03T16:04:58.4407384Z   ssh-strict: true
architecture	Run actions/checkout@v4	2026-10-03T16:04:58.4408316Z   ssh-user: git
architecture	Run actions/checkout@v4	2026-10-03T16:04:58.4409260Z   persist-credentials: true
architecture	Run actions/checkout@v4	2026-10-03T16:04:58.4410304Z   clean: true
architecture	Run actions/checkout@v4	2026-10-03T16:04:58.4411303Z   sparse-checkout-cone-mode: true
architecture	Run actions/checkout@v4	2026-10-03T16:04:58.4412409Z   fetch-depth: 1
architecture	Run actions/checkout@v4	2026-10-03T16:04:58.4413322Z   fetch-tags: false
architecture	Run actions/checkout@v4	2026-10-03T16:04:58.4414263Z   show-progress: true
architecture	Run actions/checkout@v4	2026-10-03T16:04:58.4415227Z   lfs: false
architecture	Run actions/checkout@v4	2026-10-03T16:04:58.4416120Z   submodules: false
architecture	Run actions/checkout@v4	2026-10-03T16:04:58.4417298Z   set-safe-directory: true
architecture	Run actions/checkout@v4	2026-10-03T16:04:58.4418402Z   allow-unsafe-pr-checkout: false
architecture	Run actions/checkout@v4	2026-10-03T16:04:58.4419801Z env:
architecture	Run actions/checkout@v4	2026-10-03T16:04:58.4420708Z   PYTHONDONTWRITEBYTECODE: 1
architecture	Run actions/checkout@v4	2026-10-03T16:04:58.4421769Z ##[endgroup]
architecture	Run actions/checkout@v4	2026-10-03T16:04:58.5590767Z Syncing repository: nilesthump/IM-platform
architecture	Run actions/checkout@v4	2026-10-03T16:04:58.5593808Z ##[group]Getting Git version info
architecture	Run actions/checkout@v4	2026-10-03T16:04:58.5595444Z Working directory is '/home/runner/work/IM-platform/IM-platform'
architecture	Run actions/checkout@v4	2026-10-03T16:04:58.5599054Z [command]/usr/bin/git version
architecture	Run actions/checkout@v4	2026-10-03T16:04:58.5647640Z git version 2.55.0
architecture	Run actions/checkout@v4	2026-10-03T16:04:58.5684353Z ##[endgroup]
architecture	Run actions/checkout@v4	2026-10-03T16:04:58.5694552Z Temporarily overriding HOME='/home/runner/work/_temp/ea40aab3-9ba5-43f6-99b1-0cad578f9a6a' before making global git config changes
architecture	Run actions/checkout@v4	2026-10-03T16:04:58.5698274Z Adding repository directory to the temporary git global config as a safe directory
architecture	Run actions/checkout@v4	2026-10-03T16:04:58.5702208Z [command]/usr/bin/git config --global --add safe.directory /home/runner/work/IM-platform/IM-platform
architecture	Run actions/checkout@v4	2026-10-03T16:04:58.5788548Z Deleting the contents of '/home/runner/work/IM-platform/IM-platform'
architecture	Run actions/checkout@v4	2026-10-03T16:04:58.5794914Z ##[group]Initializing the repository
architecture	Run actions/checkout@v4	2026-10-03T16:04:58.5798572Z [command]/usr/bin/git init /home/runner/work/IM-platform/IM-platform
architecture	Run actions/checkout@v4	2026-10-03T16:04:58.5904371Z hint: Using 'master' as the name for the initial branch. This default branch name
architecture	Run actions/checkout@v4	2026-10-03T16:04:58.5919695Z hint: will change to "main" in Git 3.0. To configure the initial branch name
architecture	Run actions/checkout@v4	2026-10-03T16:04:58.5923070Z hint: to use in all of your new repositories, which will suppress this warning,
architecture	Run actions/checkout@v4	2026-10-03T16:04:58.5925723Z hint: call:
architecture	Run actions/checkout@v4	2026-10-03T16:04:58.5927381Z hint:
architecture	Run actions/checkout@v4	2026-10-03T16:04:58.5939545Z hint: 	git config --global init.defaultBranch <name>
architecture	Run actions/checkout@v4	2026-10-03T16:04:58.5941779Z hint:
architecture	Run actions/checkout@v4	2026-10-03T16:04:58.5943291Z hint: Names commonly chosen instead of 'master' are 'main', 'trunk' and
architecture	Run actions/checkout@v4	2026-10-03T16:04:58.5945277Z hint: 'development'. The just-created branch can be renamed via this command:
architecture	Run actions/checkout@v4	2026-10-03T16:04:58.5947431Z hint:
architecture	Run actions/checkout@v4	2026-10-03T16:04:58.5948404Z hint: 	git branch -m <name>
architecture	Run actions/checkout@v4	2026-10-03T16:04:58.5949448Z hint:
architecture	Run actions/checkout@v4	2026-10-03T16:04:58.5950772Z hint: Disable this message with "git config set advice.defaultBranchName false"
architecture	Run actions/checkout@v4	2026-10-03T16:04:58.5952964Z Initialized empty Git repository in /home/runner/work/IM-platform/IM-platform/.git/
architecture	Run actions/checkout@v4	2026-10-03T16:04:58.5957177Z [command]/usr/bin/git remote add origin https://github.com/nilesthump/IM-platform
architecture	Run actions/checkout@v4	2026-10-03T16:04:58.6008842Z ##[endgroup]
architecture	Run actions/checkout@v4	2026-10-03T16:04:58.6012304Z ##[group]Disabling automatic garbage collection
architecture	Run actions/checkout@v4	2026-10-03T16:04:58.6016982Z [command]/usr/bin/git config --local gc.auto 0
architecture	Run actions/checkout@v4	2026-10-03T16:04:58.6046311Z ##[endgroup]
architecture	Run actions/checkout@v4	2026-10-03T16:04:58.6049626Z ##[group]Setting up auth
architecture	Run actions/checkout@v4	2026-10-03T16:04:58.6054116Z [command]/usr/bin/git config --local --name-only --get-regexp core\.sshCommand
architecture	Run actions/checkout@v4	2026-10-03T16:04:58.6102468Z [command]/usr/bin/git submodule foreach --recursive sh -c "git config --local --name-only --get-regexp 'core\.sshCommand' && git config --local --unset-all 'core.sshCommand' || :"
architecture	Run actions/checkout@v4	2026-10-03T16:04:58.6469392Z [command]/usr/bin/git config --local --name-only --get-regexp http\.https\:\/\/github\.com\/\.extraheader
architecture	Run actions/checkout@v4	2026-10-03T16:04:58.6529699Z [command]/usr/bin/git submodule foreach --recursive sh -c "git config --local --name-only --get-regexp 'http\.https\:\/\/github\.com\/\.extraheader' && git config --local --unset-all 'http.https://github.com/.extraheader' || :"
architecture	Run actions/checkout@v4	2026-10-03T16:04:58.6802240Z [command]/usr/bin/git config --local --name-only --get-regexp ^includeIf\.gitdir:
architecture	Run actions/checkout@v4	2026-10-03T16:04:58.6845299Z [command]/usr/bin/git submodule foreach --recursive git config --local --show-origin --name-only --get-regexp remote.origin.url
architecture	Run actions/checkout@v4	2026-10-03T16:04:58.7084522Z [command]/usr/bin/git config --local http.https://github.com/.extraheader AUTHORIZATION: basic ***
architecture	Run actions/checkout@v4	2026-10-03T16:04:58.7129461Z ##[endgroup]
architecture	Run actions/checkout@v4	2026-10-03T16:04:58.7132302Z ##[group]Fetching the repository
architecture	Run actions/checkout@v4	2026-10-03T16:04:58.7143533Z [command]/usr/bin/git -c protocol.version=2 fetch --no-tags --prune --no-recurse-submodules --depth=1 origin +3c2265f52eae7962cac2166dee9bd1fc32bc6d1a:refs/remotes/pull/22/merge
architecture	Run actions/checkout@v4	2026-10-03T16:05:00.9518344Z From https://github.com/nilesthump/IM-platform
architecture	Run actions/checkout@v4	2026-10-03T16:05:00.9519649Z  * [new ref]         3c2265f52eae7962cac2166dee9bd1fc32bc6d1a -> pull/22/merge
architecture	Run actions/checkout@v4	2026-10-03T16:05:00.9523283Z ##[endgroup]
architecture	Run actions/checkout@v4	2026-10-03T16:05:00.9524194Z ##[group]Determining the checkout info
architecture	Run actions/checkout@v4	2026-10-03T16:05:00.9525994Z ##[endgroup]
architecture	Run actions/checkout@v4	2026-10-03T16:05:00.9532619Z [command]/usr/bin/git sparse-checkout disable
architecture	Run actions/checkout@v4	2026-10-03T16:05:00.9584236Z [command]/usr/bin/git config --local --unset-all extensions.worktreeConfig
architecture	Run actions/checkout@v4	2026-10-03T16:05:00.9625334Z ##[group]Checking out the ref
architecture	Run actions/checkout@v4	2026-10-03T16:05:00.9629423Z [command]/usr/bin/git checkout --progress --force refs/remotes/pull/22/merge
architecture	Run actions/checkout@v4	2026-10-03T16:05:01.5852546Z Note: switching to 'refs/remotes/pull/22/merge'.
architecture	Run actions/checkout@v4	2026-10-03T16:05:01.5853170Z 
architecture	Run actions/checkout@v4	2026-10-03T16:05:01.5853622Z You are in 'detached HEAD' state. You can look around, make experimental
architecture	Run actions/checkout@v4	2026-10-03T16:05:01.5854672Z changes and commit them, and you can discard any commits you make in this
architecture	Run actions/checkout@v4	2026-10-03T16:05:01.5855586Z state without impacting any branches by switching back to a branch.
architecture	Run actions/checkout@v4	2026-10-03T16:05:01.5856412Z 
architecture	Run actions/checkout@v4	2026-10-03T16:05:01.5857713Z If you want to create a new branch to retain commits you create, you may
architecture	Run actions/checkout@v4	2026-10-03T16:05:01.5940525Z do so (now or later) by using -c with the switch command. Example:
architecture	Run actions/checkout@v4	2026-10-03T16:05:01.5941111Z 
architecture	Run actions/checkout@v4	2026-10-03T16:05:01.5941332Z   git switch -c <new-branch-name>
architecture	Run actions/checkout@v4	2026-10-03T16:05:01.5941700Z 
architecture	Run actions/checkout@v4	2026-10-03T16:05:01.5941924Z Or undo this operation with:
architecture	Run actions/checkout@v4	2026-10-03T16:05:01.5942243Z 
architecture	Run actions/checkout@v4	2026-10-03T16:05:01.5942434Z   git switch -
architecture	Run actions/checkout@v4	2026-10-03T16:05:01.5942691Z 
architecture	Run actions/checkout@v4	2026-10-03T16:05:01.5943101Z Turn off this advice by setting config variable advice.detachedHead to false
architecture	Run actions/checkout@v4	2026-10-03T16:05:01.5943683Z 
architecture	Run actions/checkout@v4	2026-10-03T16:05:01.5944322Z HEAD is now at 3c2265f Merge 8bcc7321bba05a70404d1e16bbd2fa0465da696f into 0fe4fccc3deacd492895967cff9cc40cf34321d4
architecture	Run actions/checkout@v4	2026-10-03T16:05:01.5946357Z ##[endgroup]
architecture	Run actions/checkout@v4	2026-10-03T16:05:01.5958470Z [command]/usr/bin/git log -1 --format=%H
architecture	Run actions/checkout@v4	2026-10-03T16:05:01.5990169Z 3c2265f52eae7962cac2166dee9bd1fc32bc6d1a
architecture	Run actions/setup-go@v5	﻿2026-10-03T16:05:01.6249536Z ##[group]Run actions/setup-go@v5
architecture	Run actions/setup-go@v5	2026-10-03T16:05:01.6249833Z with:
architecture	Run actions/setup-go@v5	2026-10-03T16:05:01.6250031Z   go-version: 1.23
architecture	Run actions/setup-go@v5	2026-10-03T16:05:01.6250246Z   check-latest: false
architecture	Run actions/setup-go@v5	2026-10-03T16:05:01.6252964Z   token: ***
architecture	Run actions/setup-go@v5	2026-10-03T16:05:01.6253171Z   cache: true
architecture	Run actions/setup-go@v5	2026-10-03T16:05:01.6253362Z env:
architecture	Run actions/setup-go@v5	2026-10-03T16:05:01.6253599Z   PYTHONDONTWRITEBYTECODE: 1
architecture	Run actions/setup-go@v5	2026-10-03T16:05:01.6253851Z ##[endgroup]
architecture	Run actions/setup-go@v5	2026-10-03T16:05:01.7556090Z Setup go version spec 1.23
architecture	Run actions/setup-go@v5	2026-10-03T16:05:01.7605142Z Attempting to download 1.23...
architecture	Run actions/setup-go@v5	2026-10-03T16:05:01.7714131Z (node:2312) [DEP0040] DeprecationWarning: The `punycode` module is deprecated. Please use a userland alternative instead.
architecture	Run actions/setup-go@v5	2026-10-03T16:05:01.7715765Z (Use `node --trace-deprecation ...` to show where the warning was created)
architecture	Run actions/setup-go@v5	2026-10-03T16:05:02.5191880Z matching 1.23...
architecture	Run actions/setup-go@v5	2026-10-03T16:05:02.5257612Z Acquiring 1.23.12 from https://github.com/actions/go-versions/releases/download/1.23.12-16792118003/go-1.23.12-linux-x64.tar.gz
architecture	Run actions/setup-go@v5	2026-10-03T16:05:03.1119538Z Extracting Go...
architecture	Run actions/setup-go@v5	2026-10-03T16:05:03.1266725Z [command]/usr/bin/tar xz --warning=no-unknown-keyword --overwrite -C /home/runner/work/_temp/40ce8343-4277-4987-a0f9-130c97c9d6e1 -f /home/runner/work/_temp/4936d274-2d1a-42c1-be08-26a70cb63d88
architecture	Run actions/setup-go@v5	2026-10-03T16:05:04.8354352Z Successfully extracted go to /home/runner/work/_temp/40ce8343-4277-4987-a0f9-130c97c9d6e1
architecture	Run actions/setup-go@v5	2026-10-03T16:05:04.8355252Z Adding to the cache ...
architecture	Run actions/setup-go@v5	2026-10-03T16:05:11.1180435Z Successfully cached go to /opt/hostedtoolcache/go/1.23.12/x64
architecture	Run actions/setup-go@v5	2026-10-03T16:05:11.1183497Z Added go to the path
architecture	Run actions/setup-go@v5	2026-10-03T16:05:11.1186127Z Successfully set up Go version 1.23
architecture	Run actions/setup-go@v5	2026-10-03T16:05:11.1416895Z [command]/opt/hostedtoolcache/go/1.23.12/x64/bin/go env GOMODCACHE
architecture	Run actions/setup-go@v5	2026-10-03T16:05:11.1457327Z [command]/opt/hostedtoolcache/go/1.23.12/x64/bin/go env GOCACHE
architecture	Run actions/setup-go@v5	2026-10-03T16:05:11.1498296Z /home/runner/go/pkg/mod
architecture	Run actions/setup-go@v5	2026-10-03T16:05:11.1514579Z /home/runner/.cache/go-build
architecture	Run actions/setup-go@v5	2026-10-03T16:05:11.1548120Z ##[warning]Restore cache failed: Dependencies file is not found in /home/runner/work/IM-platform/IM-platform. Supported file pattern: go.sum
architecture	Run actions/setup-go@v5	2026-10-03T16:05:11.1575386Z go version go1.23.12 linux/amd64
architecture	Run actions/setup-go@v5	2026-10-03T16:05:11.1575612Z 
architecture	Run actions/setup-go@v5	2026-10-03T16:05:11.1575913Z ##[group]go env
architecture	Run actions/setup-go@v5	2026-10-03T16:05:11.2761751Z GO111MODULE=''
architecture	Run actions/setup-go@v5	2026-10-03T16:05:11.2762223Z GOARCH='amd64'
architecture	Run actions/setup-go@v5	2026-10-03T16:05:11.2762594Z GOBIN=''
architecture	Run actions/setup-go@v5	2026-10-03T16:05:11.2762967Z GOCACHE='/home/runner/.cache/go-build'
architecture	Run actions/setup-go@v5	2026-10-03T16:05:11.2763455Z GOENV='/home/runner/.config/go/env'
architecture	Run actions/setup-go@v5	2026-10-03T16:05:11.2763842Z GOEXE=''
architecture	Run actions/setup-go@v5	2026-10-03T16:05:11.2764143Z GOEXPERIMENT=''
architecture	Run actions/setup-go@v5	2026-10-03T16:05:11.2764447Z GOFLAGS=''
architecture	Run actions/setup-go@v5	2026-10-03T16:05:11.2764754Z GOHOSTARCH='amd64'
architecture	Run actions/setup-go@v5	2026-10-03T16:05:11.2765092Z GOHOSTOS='linux'
architecture	Run actions/setup-go@v5	2026-10-03T16:05:11.2765404Z GOINSECURE=''
architecture	Run actions/setup-go@v5	2026-10-03T16:05:11.2765751Z GOMODCACHE='/home/runner/go/pkg/mod'
architecture	Run actions/setup-go@v5	2026-10-03T16:05:11.2766163Z GONOPROXY=''
architecture	Run actions/setup-go@v5	2026-10-03T16:05:11.2766727Z GONOSUMDB=''
architecture	Run actions/setup-go@v5	2026-10-03T16:05:11.2767090Z GOOS='linux'
architecture	Run actions/setup-go@v5	2026-10-03T16:05:11.2767438Z GOPATH='/home/runner/go'
architecture	Run actions/setup-go@v5	2026-10-03T16:05:11.2767854Z GOPRIVATE=''
architecture	Run actions/setup-go@v5	2026-10-03T16:05:11.2768261Z GOPROXY='https://proxy.golang.org,direct'
architecture	Run actions/setup-go@v5	2026-10-03T16:05:11.2768876Z GOROOT='/opt/hostedtoolcache/go/1.23.12/x64'
architecture	Run actions/setup-go@v5	2026-10-03T16:05:11.2769366Z GOSUMDB='sum.golang.org'
architecture	Run actions/setup-go@v5	2026-10-03T16:05:11.2770004Z GOTMPDIR=''
architecture	Run actions/setup-go@v5	2026-10-03T16:05:11.2770319Z GOTOOLCHAIN='auto'
architecture	Run actions/setup-go@v5	2026-10-03T16:05:11.2770841Z GOTOOLDIR='/opt/hostedtoolcache/go/1.23.12/x64/pkg/tool/linux_amd64'
architecture	Run actions/setup-go@v5	2026-10-03T16:05:11.2771421Z GOVCS=''
architecture	Run actions/setup-go@v5	2026-10-03T16:05:11.2771719Z GOVERSION='go1.23.12'
architecture	Run actions/setup-go@v5	2026-10-03T16:05:11.2772054Z GODEBUG=''
architecture	Run actions/setup-go@v5	2026-10-03T16:05:11.2772362Z GOTELEMETRY='local'
architecture	Run actions/setup-go@v5	2026-10-03T16:05:11.2772788Z GOTELEMETRYDIR='/home/runner/.config/go/telemetry'
architecture	Run actions/setup-go@v5	2026-10-03T16:05:11.2773266Z GCCGO='gccgo'
architecture	Run actions/setup-go@v5	2026-10-03T16:05:11.2773565Z GOAMD64='v1'
architecture	Run actions/setup-go@v5	2026-10-03T16:05:11.2773861Z AR='ar'
architecture	Run actions/setup-go@v5	2026-10-03T16:05:11.2774133Z CC='gcc'
architecture	Run actions/setup-go@v5	2026-10-03T16:05:11.2774415Z CXX='g++'
architecture	Run actions/setup-go@v5	2026-10-03T16:05:11.2774705Z CGO_ENABLED='1'
architecture	Run actions/setup-go@v5	2026-10-03T16:05:11.2775021Z GOMOD='/dev/null'
architecture	Run actions/setup-go@v5	2026-10-03T16:05:11.2775329Z GOWORK=''
architecture	Run actions/setup-go@v5	2026-10-03T16:05:11.2775634Z CGO_CFLAGS='-O2 -g'
architecture	Run actions/setup-go@v5	2026-10-03T16:05:11.2775956Z CGO_CPPFLAGS=''
architecture	Run actions/setup-go@v5	2026-10-03T16:05:11.2776795Z CGO_CXXFLAGS='-O2 -g'
architecture	Run actions/setup-go@v5	2026-10-03T16:05:11.2777152Z CGO_FFLAGS='-O2 -g'
architecture	Run actions/setup-go@v5	2026-10-03T16:05:11.2777475Z CGO_LDFLAGS='-O2 -g'
architecture	Run actions/setup-go@v5	2026-10-03T16:05:11.2777829Z PKG_CONFIG='pkg-config'
architecture	Run actions/setup-go@v5	2026-10-03T16:05:11.2778882Z GOGCCFLAGS='-fPIC -m64 -pthread -Wl,--no-gc-sections -fmessage-length=0 -ffile-prefix-map=/tmp/go-build2600354949=/tmp/go-build -gno-record-gcc-switches'
architecture	Run actions/setup-go@v5	2026-10-03T16:05:11.2779791Z 
architecture	Run actions/setup-go@v5	2026-10-03T16:05:11.2780225Z ##[endgroup]
architecture	Run actions/setup-java@v4	﻿2026-10-03T16:05:11.3053240Z ##[group]Run actions/setup-java@v4
architecture	Run actions/setup-java@v4	2026-10-03T16:05:11.3053538Z with:
architecture	Run actions/setup-java@v4	2026-10-03T16:05:11.3053737Z   distribution: temurin
architecture	Run actions/setup-java@v4	2026-10-03T16:05:11.3053961Z   java-version: 21
architecture	Run actions/setup-java@v4	2026-10-03T16:05:11.3054165Z   java-package: jdk
architecture	Run actions/setup-java@v4	2026-10-03T16:05:11.3054375Z   check-latest: false
architecture	Run actions/setup-java@v4	2026-10-03T16:05:11.3054585Z   server-id: github
architecture	Run actions/setup-java@v4	2026-10-03T16:05:11.3054795Z   server-username: GITHUB_ACTOR
architecture	Run actions/setup-java@v4	2026-10-03T16:05:11.3055046Z   server-password: GITHUB_TOKEN
architecture	Run actions/setup-java@v4	2026-10-03T16:05:11.3055287Z   overwrite-settings: true
architecture	Run actions/setup-java@v4	2026-10-03T16:05:11.3055514Z   job-status: success
architecture	Run actions/setup-java@v4	2026-10-03T16:05:11.3058520Z   token: ***
architecture	Run actions/setup-java@v4	2026-10-03T16:05:11.3058760Z env:
architecture	Run actions/setup-java@v4	2026-10-03T16:05:11.3058963Z   PYTHONDONTWRITEBYTECODE: 1
architecture	Run actions/setup-java@v4	2026-10-03T16:05:11.3059217Z ##[endgroup]
architecture	Run actions/setup-java@v4	2026-10-03T16:05:11.4702691Z ##[warning]setup-java v4 is deprecated and will no longer receive updates. Please migrate to actions/setup-java@v5.
architecture	Run actions/setup-java@v4	2026-10-03T16:05:11.4705131Z ##[group]Installed distributions
architecture	Run actions/setup-java@v4	2026-10-03T16:05:11.4762653Z Resolved Java 21.0.12+1 from tool-cache
architecture	Run actions/setup-java@v4	2026-10-03T16:05:11.4763289Z Setting Java 21.0.12+1 as the default
architecture	Run actions/setup-java@v4	2026-10-03T16:05:11.4773749Z (node:2384) [DEP0040] DeprecationWarning: The `punycode` module is deprecated. Please use a userland alternative instead.
architecture	Run actions/setup-java@v4	2026-10-03T16:05:11.4774626Z (Use `node --trace-deprecation ...` to show where the warning was created)
architecture	Run actions/setup-java@v4	2026-10-03T16:05:11.4777179Z Creating toolchains.xml for JDK version 21 from temurin
architecture	Run actions/setup-java@v4	2026-10-03T16:05:11.4856107Z Writing to /home/runner/.m2/toolchains.xml
architecture	Run actions/setup-java@v4	2026-10-03T16:05:11.4856595Z 
architecture	Run actions/setup-java@v4	2026-10-03T16:05:11.4857014Z Java configuration:
architecture	Run actions/setup-java@v4	2026-10-03T16:05:11.4857394Z   Distribution: temurin
architecture	Run actions/setup-java@v4	2026-10-03T16:05:11.4857891Z   Version: 21.0.12+1
architecture	Run actions/setup-java@v4	2026-10-03T16:05:11.4858542Z   Path: /opt/hostedtoolcache/Java_Temurin-Hotspot_jdk/21.0.12-1/x64
architecture	Run actions/setup-java@v4	2026-10-03T16:05:11.4858917Z 
architecture	Run actions/setup-java@v4	2026-10-03T16:05:11.4859229Z ##[endgroup]
architecture	Run actions/setup-java@v4	2026-10-03T16:05:11.4869497Z Creating settings.xml with server-id: github
architecture	Run actions/setup-java@v4	2026-10-03T16:05:11.4901560Z Writing to /home/runner/.m2/settings.xml
architecture	Canonical integrity and authority structure	﻿2026-10-03T16:05:11.5042108Z ##[group]Run ./tools/verify-frozen-architecture.ps1
architecture	Canonical integrity and authority structure	2026-10-03T16:05:11.5042569Z ^[[36;1m./tools/verify-frozen-architecture.ps1^[[0m
architecture	Canonical integrity and authority structure	2026-10-03T16:05:11.5070956Z shell: /usr/bin/pwsh -command ". '{0}'"
architecture	Canonical integrity and authority structure	2026-10-03T16:05:11.5071257Z env:
architecture	Canonical integrity and authority structure	2026-10-03T16:05:11.5071463Z   PYTHONDONTWRITEBYTECODE: 1
architecture	Canonical integrity and authority structure	2026-10-03T16:05:11.5071822Z   JAVA_HOME: /opt/hostedtoolcache/Java_Temurin-Hotspot_jdk/21.0.12-1/x64
architecture	Canonical integrity and authority structure	2026-10-03T16:05:11.5072314Z   JAVA_HOME_21_X64: /opt/hostedtoolcache/Java_Temurin-Hotspot_jdk/21.0.12-1/x64
architecture	Canonical integrity and authority structure	2026-10-03T16:05:11.5072685Z ##[endgroup]
architecture	Canonical integrity and authority structure	2026-10-03T16:05:15.9832246Z PASS: v1.1 current SHA/PDF provenance/ADR and section-bound semantic structure; historical migration semantic_change=false; current revision semantic_change=true
architecture	Canonical integrity and authority structure	2026-10-03T16:05:16.1101290Z test_android_complete_literal_plugin_notations_remain_approved (test_client_technology.ClientTechnologyControls.test_android_complete_literal_plugin_notations_remain_approved) ... ok
architecture	Canonical integrity and authority structure	2026-10-03T16:05:16.1333803Z test_android_compose_gradle_source_and_tooling (test_client_technology.ClientTechnologyControls.test_android_compose_gradle_source_and_tooling) ... ok
architecture	Canonical integrity and authority structure	2026-10-03T16:05:16.1476073Z test_android_literal_and_direct_catalog_plugins_remain_approved (test_client_technology.ClientTechnologyControls.test_android_literal_and_direct_catalog_plugins_remain_approved) ... ok
architecture	Canonical integrity and authority structure	2026-10-03T16:05:16.1893048Z test_android_negative_real_gradle_catalog_import_build_workflow_controls (test_client_technology.ClientTechnologyControls.test_android_negative_real_gradle_catalog_import_build_workflow_controls) ... ok
architecture	Canonical integrity and authority structure	2026-10-03T16:05:16.1994611Z test_android_plugin_block_shortcuts_and_generic_apply_fail_closed (test_client_technology.ClientTechnologyControls.test_android_plugin_block_shortcuts_and_generic_apply_fail_closed) ... ok
architecture	Canonical integrity and authority structure	2026-10-03T16:05:16.2095450Z test_android_plugin_declarations_fail_closed (test_client_technology.ClientTechnologyControls.test_android_plugin_declarations_fail_closed) ... ok
architecture	Canonical integrity and authority structure	2026-10-03T16:05:16.2377557Z test_android_plugin_selectors_require_complete_literal_arguments (test_client_technology.ClientTechnologyControls.test_android_plugin_selectors_require_complete_literal_arguments) ... ok
architecture	Canonical integrity and authority structure	2026-10-03T16:05:16.2532893Z test_android_quoted_dispatch_text_remains_data (test_client_technology.ClientTechnologyControls.test_android_quoted_dispatch_text_remains_data) ... ok
architecture	Canonical integrity and authority structure	2026-10-03T16:05:16.2698471Z test_android_quoted_member_dispatch_fails_closed (test_client_technology.ClientTechnologyControls.test_android_quoted_member_dispatch_fails_closed) ... ok
architecture	Canonical integrity and authority structure	2026-10-03T16:05:16.2884087Z test_android_supported_apply_and_quoted_contexts_remain_approved (test_client_technology.ClientTechnologyControls.test_android_supported_apply_and_quoted_contexts_remain_approved) ... ok
architecture	Canonical integrity and authority structure	2026-10-03T16:05:16.3121264Z test_android_unsupported_plugin_applications_fail_closed (test_client_technology.ClientTechnologyControls.test_android_unsupported_plugin_applications_fail_closed) ... ok
architecture	Canonical integrity and authority structure	2026-10-03T16:05:16.3195490Z test_approved_ts_native_config_assets (test_client_technology.ClientTechnologyControls.test_approved_ts_native_config_assets) ... ok
architecture	Canonical integrity and authority structure	2026-10-03T16:05:16.3210730Z test_authority_missing_or_mutated_is_failure (test_client_technology.ClientTechnologyControls.test_authority_missing_or_mutated_is_failure) ... ok
architecture	Canonical integrity and authority structure	2026-10-03T16:05:16.3987556Z test_current_active_clients (test_client_technology.ClientTechnologyControls.test_current_active_clients) ... ok
architecture	Canonical integrity and authority structure	2026-10-03T16:05:16.4192088Z test_forbidden_source_and_config_controls (test_client_technology.ClientTechnologyControls.test_forbidden_source_and_config_controls) ... ok
architecture	Canonical integrity and authority structure	2026-10-03T16:05:16.4217160Z test_history_is_not_active_client_implementation (test_client_technology.ClientTechnologyControls.test_history_is_not_active_client_implementation) ... ok
architecture	Canonical integrity and authority structure	2026-10-03T16:05:16.4240322Z test_symlink_cannot_bypass_boundary (test_client_technology.ClientTechnologyControls.test_symlink_cannot_bypass_boundary) ... ok
architecture	Canonical integrity and authority structure	2026-10-03T16:05:16.4281030Z test_task_paths_and_passing_tests_cannot_approve_framework (test_client_technology.ClientTechnologyControls.test_task_paths_and_passing_tests_cannot_approve_framework) ... ok
architecture	Canonical integrity and authority structure	2026-10-03T16:05:16.4442451Z test_unapproved_generic_dependencies_and_imports (test_client_technology.ClientTechnologyControls.test_unapproved_generic_dependencies_and_imports) ... ok
architecture	Canonical integrity and authority structure	2026-10-03T16:05:16.4704720Z test_current_document (test_frozen_architecture.ArchitectureIntegrityTests.test_current_document) ... ok
architecture	Canonical integrity and authority structure	2026-10-03T16:05:16.6002935Z test_hash_and_provenance_mutations (test_frozen_architecture.ArchitectureIntegrityTests.test_hash_and_provenance_mutations) ... ok
architecture	Canonical integrity and authority structure	2026-10-03T16:05:16.6235394Z test_layout_flexibility_preserves_semantics (test_frozen_architecture.ArchitectureIntegrityTests.test_layout_flexibility_preserves_semantics) ... ok
architecture	Canonical integrity and authority structure	2026-10-03T16:05:17.2443167Z test_semantic_negative_controls (test_frozen_architecture.ArchitectureIntegrityTests.test_semantic_negative_controls) ... ok
architecture	Canonical integrity and authority structure	2026-10-03T16:05:17.2492020Z test_active_task_path_is_never_architecture_waiver (test_source_boundaries.SourceTests.test_active_task_path_is_never_architecture_waiver) ... ok
architecture	Canonical integrity and authority structure	2026-10-03T16:05:21.6796070Z test_arbitrarily_named_go_root_assembly_helper_valid (test_source_boundaries.SourceTests.test_arbitrarily_named_go_root_assembly_helper_valid) ... ok
architecture	Canonical integrity and authority structure	2026-10-03T16:05:21.6833162Z test_arbitrarily_named_java_root_assembly_helper_valid (test_source_boundaries.SourceTests.test_arbitrarily_named_java_root_assembly_helper_valid) ... ok
architecture	Canonical integrity and authority structure	2026-10-03T16:05:21.7886964Z test_cross_service_alias_import_and_build_tag (test_source_boundaries.SourceTests.test_cross_service_alias_import_and_build_tag) ... ok
architecture	Canonical integrity and authority structure	2026-10-03T16:05:21.7937458Z test_current_governance_and_task_migration_scope_valid (test_source_boundaries.SourceTests.test_current_governance_and_task_migration_scope_valid) ... ok
architecture	Canonical integrity and authority structure	2026-10-03T16:05:21.7967454Z test_current_java_placeholder_valid_and_no_early_business_required (test_source_boundaries.SourceTests.test_current_java_placeholder_valid_and_no_early_business_required) ... ok
architecture	Canonical integrity and authority structure	2026-10-03T16:05:21.7996270Z test_future_java_business_root_and_shared_disguise (test_source_boundaries.SourceTests.test_future_java_business_root_and_shared_disguise) ... ok
architecture	Canonical integrity and authority structure	2026-10-03T16:05:21.8023238Z test_future_java_cross_service_shared_reverse_and_fully_qualified (test_source_boundaries.SourceTests.test_future_java_cross_service_shared_reverse_and_fully_qualified) ... ok
architecture	Canonical integrity and authority structure	2026-10-03T16:05:22.3902157Z test_future_java_single_layout_compiles_and_imports_checked (test_source_boundaries.SourceTests.test_future_java_single_layout_compiles_and_imports_checked) ... ok
architecture	Canonical integrity and authority structure	2026-10-03T16:05:22.4903755Z test_gateway_cannot_write_session_or_outbox (test_source_boundaries.SourceTests.test_gateway_cannot_write_session_or_outbox) ... ok
architecture	Canonical integrity and authority structure	2026-10-03T16:05:22.4936166Z test_java_dynamic_jdbc_shared_repository_and_gateway_write_rejected (test_source_boundaries.SourceTests.test_java_dynamic_jdbc_shared_repository_and_gateway_write_rejected) ... ok
architecture	Canonical integrity and authority structure	2026-10-03T16:05:22.4961927Z test_java_gateway_dynamic_update_with_select_decoy_rejected (test_source_boundaries.SourceTests.test_java_gateway_dynamic_update_with_select_decoy_rejected) ... ok
architecture	Canonical integrity and authority structure	2026-10-03T16:05:22.5020606Z test_java_gateway_execute_cannot_borrow_unrelated_select_literal (test_source_boundaries.SourceTests.test_java_gateway_execute_cannot_borrow_unrelated_select_literal) ... ok
architecture	Canonical integrity and authority structure	2026-10-03T16:05:22.5052044Z test_java_gateway_executequery_and_connection_lifecycle_valid (test_source_boundaries.SourceTests.test_java_gateway_executequery_and_connection_lifecycle_valid) ... ok
architecture	Canonical integrity and authority structure	2026-10-03T16:05:22.5077384Z test_java_gateway_readonly_session_and_shared_token_primitive_valid (test_source_boundaries.SourceTests.test_java_gateway_readonly_session_and_shared_token_primitive_valid) ... ok
architecture	Canonical integrity and authority structure	2026-10-03T16:05:22.5257981Z test_java_noncore_jdbc_transaction_controls_rejected (test_source_boundaries.SourceTests.test_java_noncore_jdbc_transaction_controls_rejected) ... ok
architecture	Canonical integrity and authority structure	2026-10-03T16:05:22.5265996Z test_java_placeholder_cannot_grow_business (test_source_boundaries.SourceTests.test_java_placeholder_cannot_grow_business) ... ok
architecture	Canonical integrity and authority structure	2026-10-03T16:05:22.5289444Z test_java_unicode_import_cannot_bypass_dependency (test_source_boundaries.SourceTests.test_java_unicode_import_cannot_bypass_dependency) ... ok
architecture	Canonical integrity and authority structure	2026-10-03T16:05:24.3830502Z test_legal_single_module_go_runtime_and_blackbox_test (test_source_boundaries.SourceTests.test_legal_single_module_go_runtime_and_blackbox_test) ... ok
architecture	Canonical integrity and authority structure	2026-10-03T16:05:24.4800038Z test_main_whitelisted_name_cannot_hide_business (test_source_boundaries.SourceTests.test_main_whitelisted_name_cannot_hide_business) ... ok
architecture	Canonical integrity and authority structure	2026-10-03T16:05:24.4824926Z test_placeholder_exit_and_business_not_permanent_exception (test_source_boundaries.SourceTests.test_placeholder_exit_and_business_not_permanent_exception) ... ok
architecture	Canonical integrity and authority structure	2026-10-03T16:05:24.4880876Z test_plain_bullet_task_path_checked_and_legal_core_accepted (test_source_boundaries.SourceTests.test_plain_bullet_task_path_checked_and_legal_core_accepted) ... ok
architecture	Canonical integrity and authority structure	2026-10-03T16:05:24.5861806Z test_real_old_go_layout_rejected_without_name_hardcoding (test_source_boundaries.SourceTests.test_real_old_go_layout_rejected_without_name_hardcoding) ... ok
architecture	Canonical integrity and authority structure	2026-10-03T16:05:24.6815155Z test_root_new_business_and_unapproved_internal (test_source_boundaries.SourceTests.test_root_new_business_and_unapproved_internal) ... ok
architecture	Canonical integrity and authority structure	2026-10-03T16:05:24.7788881Z test_root_test_name_cannot_hide_business (test_source_boundaries.SourceTests.test_root_test_name_cannot_hide_business) ... ok
architecture	Canonical integrity and authority structure	2026-10-03T16:05:24.8749357Z test_shared_generic_repository_call_rejected_without_sql_literal (test_source_boundaries.SourceTests.test_shared_generic_repository_call_rejected_without_sql_literal) ... ok
architecture	Canonical integrity and authority structure	2026-10-03T16:05:24.8780912Z test_shared_java_connection_factory_is_support_not_repository (test_source_boundaries.SourceTests.test_shared_java_connection_factory_is_support_not_repository) ... ok
architecture	Canonical integrity and authority structure	2026-10-03T16:05:24.9894025Z test_shared_reverse_dependency_and_moved_full_auth (test_source_boundaries.SourceTests.test_shared_reverse_dependency_and_moved_full_auth) ... ok
architecture	Canonical integrity and authority structure	2026-10-03T16:05:25.1053468Z test_syntax_failure_cannot_be_skipped (test_source_boundaries.SourceTests.test_syntax_failure_cannot_be_skipped) ... ok
architecture	Canonical integrity and authority structure	2026-10-03T16:05:25.1109242Z test_workflow_missing_commands_dependencies_and_suppression_rejected (test_source_boundaries.SourceTests.test_workflow_missing_commands_dependencies_and_suppression_rejected) ... ok
architecture	Canonical integrity and authority structure	2026-10-03T16:05:25.1110464Z 
architecture	Canonical integrity and authority structure	2026-10-03T16:05:25.1110762Z ----------------------------------------------------------------------
architecture	Canonical integrity and authority structure	2026-10-03T16:05:25.1111403Z Ran 53 tests in 9.030s
architecture	Canonical integrity and authority structure	2026-10-03T16:05:25.1111651Z 
architecture	Canonical integrity and authority structure	2026-10-03T16:05:25.1111788Z OK
architecture	Current governance references and task scopes	﻿2026-10-03T16:05:25.2790450Z ##[group]Run python3 ci/check_architecture.py --scope governance
architecture	Current governance references and task scopes	2026-10-03T16:05:25.2790953Z ^[[36;1mpython3 ci/check_architecture.py --scope governance^[[0m
architecture	Current governance references and task scopes	2026-10-03T16:05:25.2853407Z shell: /usr/bin/bash -e {0}
architecture	Current governance references and task scopes	2026-10-03T16:05:25.2853674Z env:
architecture	Current governance references and task scopes	2026-10-03T16:05:25.2853880Z   PYTHONDONTWRITEBYTECODE: 1
architecture	Current governance references and task scopes	2026-10-03T16:05:25.2854240Z   JAVA_HOME: /opt/hostedtoolcache/Java_Temurin-Hotspot_jdk/21.0.12-1/x64
architecture	Current governance references and task scopes	2026-10-03T16:05:25.2854756Z   JAVA_HOME_21_X64: /opt/hostedtoolcache/Java_Temurin-Hotspot_jdk/21.0.12-1/x64
architecture	Current governance references and task scopes	2026-10-03T16:05:25.2855143Z ##[endgroup]
architecture	Current governance references and task scopes	2026-10-03T16:05:25.3407206Z PASS: scope=governance violations=0; static checks supplement independent Review
architecture	Active client technology/source/dependency/configuration guard	﻿2026-10-03T16:05:25.3488861Z ##[group]Run python3 ci/check_architecture.py --scope clients --json
architecture	Active client technology/source/dependency/configuration guard	2026-10-03T16:05:25.3489385Z ^[[36;1mpython3 ci/check_architecture.py --scope clients --json^[[0m
architecture	Active client technology/source/dependency/configuration guard	2026-10-03T16:05:25.3550170Z shell: /usr/bin/bash -e {0}
architecture	Active client technology/source/dependency/configuration guard	2026-10-03T16:05:25.3550433Z env:
architecture	Active client technology/source/dependency/configuration guard	2026-10-03T16:05:25.3550640Z   PYTHONDONTWRITEBYTECODE: 1
architecture	Active client technology/source/dependency/configuration guard	2026-10-03T16:05:25.3551004Z   JAVA_HOME: /opt/hostedtoolcache/Java_Temurin-Hotspot_jdk/21.0.12-1/x64
architecture	Active client technology/source/dependency/configuration guard	2026-10-03T16:05:25.3551502Z   JAVA_HOME_21_X64: /opt/hostedtoolcache/Java_Temurin-Hotspot_jdk/21.0.12-1/x64
architecture	Active client technology/source/dependency/configuration guard	2026-10-03T16:05:25.3551890Z ##[endgroup]
architecture	Active client technology/source/dependency/configuration guard	2026-10-03T16:05:25.4972168Z {
architecture	Active client technology/source/dependency/configuration guard	2026-10-03T16:05:25.4972848Z   "result": "PASS",
architecture	Active client technology/source/dependency/configuration guard	2026-10-03T16:05:25.4973261Z   "scope": "clients",
architecture	Active client technology/source/dependency/configuration guard	2026-10-03T16:05:25.4973629Z   "violations": [],
architecture	Active client technology/source/dependency/configuration guard	2026-10-03T16:05:25.4973973Z   "graphs": {}
architecture	Active client technology/source/dependency/configuration guard	2026-10-03T16:05:25.4974275Z }
architecture	Checker positive and negative controls	﻿2026-10-03T16:05:25.5077303Z ##[group]Run python3 -m unittest discover -s tests/architecture -v
architecture	Checker positive and negative controls	2026-10-03T16:05:25.5077855Z ^[[36;1mpython3 -m unittest discover -s tests/architecture -v^[[0m
architecture	Checker positive and negative controls	2026-10-03T16:05:25.5140075Z shell: /usr/bin/bash -e {0}
architecture	Checker positive and negative controls	2026-10-03T16:05:25.5140329Z env:
architecture	Checker positive and negative controls	2026-10-03T16:05:25.5140535Z   PYTHONDONTWRITEBYTECODE: 1
architecture	Checker positive and negative controls	2026-10-03T16:05:25.5140898Z   JAVA_HOME: /opt/hostedtoolcache/Java_Temurin-Hotspot_jdk/21.0.12-1/x64
architecture	Checker positive and negative controls	2026-10-03T16:05:25.5141395Z   JAVA_HOME_21_X64: /opt/hostedtoolcache/Java_Temurin-Hotspot_jdk/21.0.12-1/x64
architecture	Checker positive and negative controls	2026-10-03T16:05:25.5141767Z ##[endgroup]
architecture	Checker positive and negative controls	2026-10-03T16:05:25.6242299Z test_android_complete_literal_plugin_notations_remain_approved (test_client_technology.ClientTechnologyControls.test_android_complete_literal_plugin_notations_remain_approved) ... ok
architecture	Checker positive and negative controls	2026-10-03T16:05:25.6457923Z test_android_compose_gradle_source_and_tooling (test_client_technology.ClientTechnologyControls.test_android_compose_gradle_source_and_tooling) ... ok
architecture	Checker positive and negative controls	2026-10-03T16:05:25.6568242Z test_android_literal_and_direct_catalog_plugins_remain_approved (test_client_technology.ClientTechnologyControls.test_android_literal_and_direct_catalog_plugins_remain_approved) ... ok
architecture	Checker positive and negative controls	2026-10-03T16:05:25.6975831Z test_android_negative_real_gradle_catalog_import_build_workflow_controls (test_client_technology.ClientTechnologyControls.test_android_negative_real_gradle_catalog_import_build_workflow_controls) ... ok
architecture	Checker positive and negative controls	2026-10-03T16:05:25.7074866Z test_android_plugin_block_shortcuts_and_generic_apply_fail_closed (test_client_technology.ClientTechnologyControls.test_android_plugin_block_shortcuts_and_generic_apply_fail_closed) ... ok
architecture	Checker positive and negative controls	2026-10-03T16:05:25.7173947Z test_android_plugin_declarations_fail_closed (test_client_technology.ClientTechnologyControls.test_android_plugin_declarations_fail_closed) ... ok
architecture	Checker positive and negative controls	2026-10-03T16:05:25.7451620Z test_android_plugin_selectors_require_complete_literal_arguments (test_client_technology.ClientTechnologyControls.test_android_plugin_selectors_require_complete_literal_arguments) ... ok
architecture	Checker positive and negative controls	2026-10-03T16:05:25.7600036Z test_android_quoted_dispatch_text_remains_data (test_client_technology.ClientTechnologyControls.test_android_quoted_dispatch_text_remains_data) ... ok
architecture	Checker positive and negative controls	2026-10-03T16:05:25.7850953Z test_android_quoted_member_dispatch_fails_closed (test_client_technology.ClientTechnologyControls.test_android_quoted_member_dispatch_fails_closed) ... ok
architecture	Checker positive and negative controls	2026-10-03T16:05:25.8080478Z test_android_supported_apply_and_quoted_contexts_remain_approved (test_client_technology.ClientTechnologyControls.test_android_supported_apply_and_quoted_contexts_remain_approved) ... ok
architecture	Checker positive and negative controls	2026-10-03T16:05:25.8269794Z test_android_unsupported_plugin_applications_fail_closed (test_client_technology.ClientTechnologyControls.test_android_unsupported_plugin_applications_fail_closed) ... ok
architecture	Checker positive and negative controls	2026-10-03T16:05:25.8343395Z test_approved_ts_native_config_assets (test_client_technology.ClientTechnologyControls.test_approved_ts_native_config_assets) ... ok
architecture	Checker positive and negative controls	2026-10-03T16:05:25.8358428Z test_authority_missing_or_mutated_is_failure (test_client_technology.ClientTechnologyControls.test_authority_missing_or_mutated_is_failure) ... ok
architecture	Checker positive and negative controls	2026-10-03T16:05:25.9143686Z test_current_active_clients (test_client_technology.ClientTechnologyControls.test_current_active_clients) ... ok
architecture	Checker positive and negative controls	2026-10-03T16:05:25.9354137Z test_forbidden_source_and_config_controls (test_client_technology.ClientTechnologyControls.test_forbidden_source_and_config_controls) ... ok
architecture	Checker positive and negative controls	2026-10-03T16:05:25.9385321Z test_history_is_not_active_client_implementation (test_client_technology.ClientTechnologyControls.test_history_is_not_active_client_implementation) ... ok
architecture	Checker positive and negative controls	2026-10-03T16:05:25.9412909Z test_symlink_cannot_bypass_boundary (test_client_technology.ClientTechnologyControls.test_symlink_cannot_bypass_boundary) ... ok
architecture	Checker positive and negative controls	2026-10-03T16:05:25.9455283Z test_task_paths_and_passing_tests_cannot_approve_framework (test_client_technology.ClientTechnologyControls.test_task_paths_and_passing_tests_cannot_approve_framework) ... ok
architecture	Checker positive and negative controls	2026-10-03T16:05:25.9617850Z test_unapproved_generic_dependencies_and_imports (test_client_technology.ClientTechnologyControls.test_unapproved_generic_dependencies_and_imports) ... ok
architecture	Checker positive and negative controls	2026-10-03T16:05:25.9881835Z test_current_document (test_frozen_architecture.ArchitectureIntegrityTests.test_current_document) ... ok
architecture	Checker positive and negative controls	2026-10-03T16:05:26.1194370Z test_hash_and_provenance_mutations (test_frozen_architecture.ArchitectureIntegrityTests.test_hash_and_provenance_mutations) ... ok
architecture	Checker positive and negative controls	2026-10-03T16:05:26.1423539Z test_layout_flexibility_preserves_semantics (test_frozen_architecture.ArchitectureIntegrityTests.test_layout_flexibility_preserves_semantics) ... ok
architecture	Checker positive and negative controls	2026-10-03T16:05:26.7600263Z test_semantic_negative_controls (test_frozen_architecture.ArchitectureIntegrityTests.test_semantic_negative_controls) ... ok
architecture	Checker positive and negative controls	2026-10-03T16:05:26.7645710Z test_active_task_path_is_never_architecture_waiver (test_source_boundaries.SourceTests.test_active_task_path_is_never_architecture_waiver) ... ok
architecture	Checker positive and negative controls	2026-10-03T16:05:26.8641878Z test_arbitrarily_named_go_root_assembly_helper_valid (test_source_boundaries.SourceTests.test_arbitrarily_named_go_root_assembly_helper_valid) ... ok
architecture	Checker positive and negative controls	2026-10-03T16:05:26.8678181Z test_arbitrarily_named_java_root_assembly_helper_valid (test_source_boundaries.SourceTests.test_arbitrarily_named_java_root_assembly_helper_valid) ... ok
architecture	Checker positive and negative controls	2026-10-03T16:05:26.9704726Z test_cross_service_alias_import_and_build_tag (test_source_boundaries.SourceTests.test_cross_service_alias_import_and_build_tag) ... ok
architecture	Checker positive and negative controls	2026-10-03T16:05:26.9749172Z test_current_governance_and_task_migration_scope_valid (test_source_boundaries.SourceTests.test_current_governance_and_task_migration_scope_valid) ... ok
architecture	Checker positive and negative controls	2026-10-03T16:05:26.9777281Z test_current_java_placeholder_valid_and_no_early_business_required (test_source_boundaries.SourceTests.test_current_java_placeholder_valid_and_no_early_business_required) ... ok
architecture	Checker positive and negative controls	2026-10-03T16:05:26.9805596Z test_future_java_business_root_and_shared_disguise (test_source_boundaries.SourceTests.test_future_java_business_root_and_shared_disguise) ... ok
architecture	Checker positive and negative controls	2026-10-03T16:05:26.9831189Z test_future_java_cross_service_shared_reverse_and_fully_qualified (test_source_boundaries.SourceTests.test_future_java_cross_service_shared_reverse_and_fully_qualified) ... ok
architecture	Checker positive and negative controls	2026-10-03T16:05:27.4561140Z test_future_java_single_layout_compiles_and_imports_checked (test_source_boundaries.SourceTests.test_future_java_single_layout_compiles_and_imports_checked) ... ok
architecture	Checker positive and negative controls	2026-10-03T16:05:27.5537709Z test_gateway_cannot_write_session_or_outbox (test_source_boundaries.SourceTests.test_gateway_cannot_write_session_or_outbox) ... ok
architecture	Checker positive and negative controls	2026-10-03T16:05:27.5569660Z test_java_dynamic_jdbc_shared_repository_and_gateway_write_rejected (test_source_boundaries.SourceTests.test_java_dynamic_jdbc_shared_repository_and_gateway_write_rejected) ... ok
architecture	Checker positive and negative controls	2026-10-03T16:05:27.5595558Z test_java_gateway_dynamic_update_with_select_decoy_rejected (test_source_boundaries.SourceTests.test_java_gateway_dynamic_update_with_select_decoy_rejected) ... ok
architecture	Checker positive and negative controls	2026-10-03T16:05:27.5653706Z test_java_gateway_execute_cannot_borrow_unrelated_select_literal (test_source_boundaries.SourceTests.test_java_gateway_execute_cannot_borrow_unrelated_select_literal) ... ok
architecture	Checker positive and negative controls	2026-10-03T16:05:27.5685096Z test_java_gateway_executequery_and_connection_lifecycle_valid (test_source_boundaries.SourceTests.test_java_gateway_executequery_and_connection_lifecycle_valid) ... ok
architecture	Checker positive and negative controls	2026-10-03T16:05:27.5711657Z test_java_gateway_readonly_session_and_shared_token_primitive_valid (test_source_boundaries.SourceTests.test_java_gateway_readonly_session_and_shared_token_primitive_valid) ... ok
architecture	Checker positive and negative controls	2026-10-03T16:05:27.5892922Z test_java_noncore_jdbc_transaction_controls_rejected (test_source_boundaries.SourceTests.test_java_noncore_jdbc_transaction_controls_rejected) ... ok
architecture	Checker positive and negative controls	2026-10-03T16:05:27.5900901Z test_java_placeholder_cannot_grow_business (test_source_boundaries.SourceTests.test_java_placeholder_cannot_grow_business) ... ok
architecture	Checker positive and negative controls	2026-10-03T16:05:27.5923423Z test_java_unicode_import_cannot_bypass_dependency (test_source_boundaries.SourceTests.test_java_unicode_import_cannot_bypass_dependency) ... ok
architecture	Checker positive and negative controls	2026-10-03T16:05:27.8696378Z test_legal_single_module_go_runtime_and_blackbox_test (test_source_boundaries.SourceTests.test_legal_single_module_go_runtime_and_blackbox_test) ... ok
architecture	Checker positive and negative controls	2026-10-03T16:05:27.9705939Z test_main_whitelisted_name_cannot_hide_business (test_source_boundaries.SourceTests.test_main_whitelisted_name_cannot_hide_business) ... ok
architecture	Checker positive and negative controls	2026-10-03T16:05:27.9731722Z test_placeholder_exit_and_business_not_permanent_exception (test_source_boundaries.SourceTests.test_placeholder_exit_and_business_not_permanent_exception) ... ok
architecture	Checker positive and negative controls	2026-10-03T16:05:27.9789511Z test_plain_bullet_task_path_checked_and_legal_core_accepted (test_source_boundaries.SourceTests.test_plain_bullet_task_path_checked_and_legal_core_accepted) ... ok
architecture	Checker positive and negative controls	2026-10-03T16:05:28.0765814Z test_real_old_go_layout_rejected_without_name_hardcoding (test_source_boundaries.SourceTests.test_real_old_go_layout_rejected_without_name_hardcoding) ... ok
architecture	Checker positive and negative controls	2026-10-03T16:05:28.1776461Z test_root_new_business_and_unapproved_internal (test_source_boundaries.SourceTests.test_root_new_business_and_unapproved_internal) ... ok
architecture	Checker positive and negative controls	2026-10-03T16:05:28.2742778Z test_root_test_name_cannot_hide_business (test_source_boundaries.SourceTests.test_root_test_name_cannot_hide_business) ... ok
architecture	Checker positive and negative controls	2026-10-03T16:05:28.3767905Z test_shared_generic_repository_call_rejected_without_sql_literal (test_source_boundaries.SourceTests.test_shared_generic_repository_call_rejected_without_sql_literal) ... ok
architecture	Checker positive and negative controls	2026-10-03T16:05:28.3799304Z test_shared_java_connection_factory_is_support_not_repository (test_source_boundaries.SourceTests.test_shared_java_connection_factory_is_support_not_repository) ... ok
architecture	Checker positive and negative controls	2026-10-03T16:05:28.4789912Z test_shared_reverse_dependency_and_moved_full_auth (test_source_boundaries.SourceTests.test_shared_reverse_dependency_and_moved_full_auth) ... ok
architecture	Checker positive and negative controls	2026-10-03T16:05:28.5790380Z test_syntax_failure_cannot_be_skipped (test_source_boundaries.SourceTests.test_syntax_failure_cannot_be_skipped) ... ok
architecture	Checker positive and negative controls	2026-10-03T16:05:28.5845648Z test_workflow_missing_commands_dependencies_and_suppression_rejected (test_source_boundaries.SourceTests.test_workflow_missing_commands_dependencies_and_suppression_rejected) ... ok
architecture	Checker positive and negative controls	2026-10-03T16:05:28.5846927Z 
architecture	Checker positive and negative controls	2026-10-03T16:05:28.5847131Z ----------------------------------------------------------------------
architecture	Checker positive and negative controls	2026-10-03T16:05:28.5847534Z Ran 53 tests in 2.988s
architecture	Checker positive and negative controls	2026-10-03T16:05:28.5847684Z 
architecture	Checker positive and negative controls	2026-10-03T16:05:28.5847777Z OK
architecture	Post Run actions/setup-java@v4	﻿2026-10-03T16:05:28.6046710Z Post job cleanup.
architecture	Post Run actions/setup-java@v4	2026-10-03T16:05:28.7421021Z (node:5225) [DEP0040] DeprecationWarning: The `punycode` module is deprecated. Please use a userland alternative instead.
architecture	Post Run actions/setup-java@v4	2026-10-03T16:05:28.7422011Z (Use `node --trace-deprecation ...` to show where the warning was created)
architecture	Post Run actions/setup-go@v5	﻿2026-10-03T16:05:28.7621287Z Post job cleanup.
architecture	Post Run actions/setup-go@v5	2026-10-03T16:05:28.9239774Z (node:5233) [DEP0040] DeprecationWarning: The `punycode` module is deprecated. Please use a userland alternative instead.
architecture	Post Run actions/setup-go@v5	2026-10-03T16:05:28.9241169Z (Use `node --trace-deprecation ...` to show where the warning was created)
architecture	Post Run actions/setup-go@v5	2026-10-03T16:05:28.9340954Z [command]/opt/hostedtoolcache/go/1.23.12/x64/bin/go env GOMODCACHE
architecture	Post Run actions/setup-go@v5	2026-10-03T16:05:28.9417910Z [command]/opt/hostedtoolcache/go/1.23.12/x64/bin/go env GOCACHE
architecture	Post Run actions/setup-go@v5	2026-10-03T16:05:28.9447293Z /home/runner/go/pkg/mod
architecture	Post Run actions/setup-go@v5	2026-10-03T16:05:28.9467664Z /home/runner/.cache/go-build
architecture	Post Run actions/setup-go@v5	2026-10-03T16:05:28.9498192Z [warning]Cache folder path is retrieved but doesn't exist on disk: /home/runner/go/pkg/mod
architecture	Post Run actions/setup-go@v5	2026-10-03T16:05:28.9527544Z Primary key was not generated. Please check the log messages above for more errors or information
architecture	Post Run actions/checkout@v4	﻿2026-10-03T16:05:28.9792191Z Post job cleanup.
architecture	Post Run actions/checkout@v4	2026-10-03T16:05:29.0715865Z [command]/usr/bin/git version
architecture	Post Run actions/checkout@v4	2026-10-03T16:05:29.0762217Z git version 2.55.0
architecture	Post Run actions/checkout@v4	2026-10-03T16:05:29.0806713Z Temporarily overriding HOME='/home/runner/work/_temp/c07531d5-93cb-4866-b4dd-17361732ca06' before making global git config changes
architecture	Post Run actions/checkout@v4	2026-10-03T16:05:29.0807822Z Adding repository directory to the temporary git global config as a safe directory
architecture	Post Run actions/checkout@v4	2026-10-03T16:05:29.0812922Z [command]/usr/bin/git config --global --add safe.directory /home/runner/work/IM-platform/IM-platform
architecture	Post Run actions/checkout@v4	2026-10-03T16:05:29.0855203Z [command]/usr/bin/git config --local --name-only --get-regexp core\.sshCommand
architecture	Post Run actions/checkout@v4	2026-10-03T16:05:29.0890677Z [command]/usr/bin/git submodule foreach --recursive sh -c "git config --local --name-only --get-regexp 'core\.sshCommand' && git config --local --unset-all 'core.sshCommand' || :"
architecture	Post Run actions/checkout@v4	2026-10-03T16:05:29.1159861Z [command]/usr/bin/git config --local --name-only --get-regexp http\.https\:\/\/github\.com\/\.extraheader
architecture	Post Run actions/checkout@v4	2026-10-03T16:05:29.1191124Z http.https://github.com/.extraheader
architecture	Post Run actions/checkout@v4	2026-10-03T16:05:29.1204957Z [command]/usr/bin/git config --local --unset-all http.https://github.com/.extraheader
architecture	Post Run actions/checkout@v4	2026-10-03T16:05:29.1241163Z [command]/usr/bin/git submodule foreach --recursive sh -c "git config --local --name-only --get-regexp 'http\.https\:\/\/github\.com\/\.extraheader' && git config --local --unset-all 'http.https://github.com/.extraheader' || :"
architecture	Post Run actions/checkout@v4	2026-10-03T16:05:29.1517853Z [command]/usr/bin/git config --local --name-only --get-regexp ^includeIf\.gitdir:
architecture	Post Run actions/checkout@v4	2026-10-03T16:05:29.1562471Z [command]/usr/bin/git submodule foreach --recursive git config --local --show-origin --name-only --get-regexp remote.origin.url
architecture	Complete job	﻿2026-10-03T16:05:29.1995892Z Cleaning up orphan processes
architecture	Complete job	2026-10-03T16:05:29.2260190Z ##[warning]Node.js 20 is deprecated. The following actions target Node.js 20 but are being forced to run on Node.js 24: actions/checkout@v4, actions/setup-go@v5, actions/setup-java@v4. For more information see: https://github.blog/changelog/2025-09-19-deprecation-of-node-20-on-github-actions-runners/
