deploy	Set up job	﻿2026-10-03T16:04:56.1362067Z Current runner version: '2.337.0'
deploy	Set up job	2026-10-03T16:04:56.1380397Z ##[group]Runner Image Provisioner
deploy	Set up job	2026-10-03T16:04:56.1381000Z Hosted Compute Agent
deploy	Set up job	2026-10-03T16:04:56.1381367Z Version: 20260901.588
deploy	Set up job	2026-10-03T16:04:56.1381748Z Commit: f88ec8081b781fac6c440065ac7ff9e710ce3d0b
deploy	Set up job	2026-10-03T16:04:56.1382289Z Build Date: 2026-09-01T19:56:44Z
deploy	Set up job	2026-10-03T16:04:56.1382723Z Worker ID: {27fcadf8-43b2-4218-a16d-279351f9641b}
deploy	Set up job	2026-10-03T16:04:56.1383165Z Azure Region: centralus
deploy	Set up job	2026-10-03T16:04:56.1383598Z ##[endgroup]
deploy	Set up job	2026-10-03T16:04:56.1384362Z ##[group]Operating System
deploy	Set up job	2026-10-03T16:04:56.1384762Z Ubuntu
deploy	Set up job	2026-10-03T16:04:56.1385292Z 24.04.5
deploy	Set up job	2026-10-03T16:04:56.1385612Z LTS
deploy	Set up job	2026-10-03T16:04:56.1385974Z ##[endgroup]
deploy	Set up job	2026-10-03T16:04:56.1386306Z ##[group]Runner Image
deploy	Set up job	2026-10-03T16:04:56.1386725Z Image: ubuntu-24.04
deploy	Set up job	2026-10-03T16:04:56.1387097Z Version: 20260927.320.1
deploy	Set up job	2026-10-03T16:04:56.1387697Z Included Software: https://github.com/actions/runner-images/blob/ubuntu24/20260927.320/images/ubuntu/Ubuntu2404-Readme.md
deploy	Set up job	2026-10-03T16:04:56.1388743Z Image Release: https://github.com/actions/runner-images/releases/tag/ubuntu24%2F20260927.320
deploy	Set up job	2026-10-03T16:04:56.1389332Z ##[endgroup]
deploy	Set up job	2026-10-03T16:04:56.1389997Z ##[group]GITHUB_TOKEN Permissions
deploy	Set up job	2026-10-03T16:04:56.1391229Z Contents: read
deploy	Set up job	2026-10-03T16:04:56.1391575Z Metadata: read
deploy	Set up job	2026-10-03T16:04:56.1391900Z ##[endgroup]
deploy	Set up job	2026-10-03T16:04:56.1393281Z Secret source: Actions
deploy	Set up job	2026-10-03T16:04:56.1393832Z Cache mode: write
deploy	Set up job	2026-10-03T16:04:56.1394312Z Prepare workflow directory
deploy	Set up job	2026-10-03T16:04:56.1599295Z Prepare all required actions
deploy	Set up job	2026-10-03T16:04:56.1642799Z Getting action download info
deploy	Set up job	2026-10-03T16:04:56.3891802Z Download action repository 'actions/checkout@v4' (SHA:11d5960a326750d5838078e36cf38b85af677262)
deploy	Set up job	2026-10-03T16:04:56.4625835Z Download action repository 'actions/setup-node@v4' (SHA:49933ea5288caeca8642d1e84afbd3f7d6820020)
deploy	Set up job	2026-10-03T16:04:56.6174265Z Complete job name: deploy
deploy	Run actions/checkout@v4	﻿2026-10-03T16:04:56.6625680Z ##[group]Run actions/checkout@v4
deploy	Run actions/checkout@v4	2026-10-03T16:04:56.6626119Z with:
deploy	Run actions/checkout@v4	2026-10-03T16:04:56.6626382Z   repository: nilesthump/IM-platform
deploy	Run actions/checkout@v4	2026-10-03T16:04:56.6628401Z   token: ***
deploy	Run actions/checkout@v4	2026-10-03T16:04:56.6628627Z   ssh-strict: true
deploy	Run actions/checkout@v4	2026-10-03T16:04:56.6628859Z   ssh-user: git
deploy	Run actions/checkout@v4	2026-10-03T16:04:56.6629093Z   persist-credentials: true
deploy	Run actions/checkout@v4	2026-10-03T16:04:56.6629351Z   clean: true
deploy	Run actions/checkout@v4	2026-10-03T16:04:56.6629590Z   sparse-checkout-cone-mode: true
deploy	Run actions/checkout@v4	2026-10-03T16:04:56.6629861Z   fetch-depth: 1
deploy	Run actions/checkout@v4	2026-10-03T16:04:56.6630089Z   fetch-tags: false
deploy	Run actions/checkout@v4	2026-10-03T16:04:56.6630321Z   show-progress: true
deploy	Run actions/checkout@v4	2026-10-03T16:04:56.6630552Z   lfs: false
deploy	Run actions/checkout@v4	2026-10-03T16:04:56.6630770Z   submodules: false
deploy	Run actions/checkout@v4	2026-10-03T16:04:56.6631004Z   set-safe-directory: true
deploy	Run actions/checkout@v4	2026-10-03T16:04:56.6631269Z   allow-unsafe-pr-checkout: false
deploy	Run actions/checkout@v4	2026-10-03T16:04:56.6631611Z ##[endgroup]
deploy	Run actions/checkout@v4	2026-10-03T16:04:56.7285778Z Syncing repository: nilesthump/IM-platform
deploy	Run actions/checkout@v4	2026-10-03T16:04:56.7286948Z ##[group]Getting Git version info
deploy	Run actions/checkout@v4	2026-10-03T16:04:56.7287337Z Working directory is '/home/runner/work/IM-platform/IM-platform'
deploy	Run actions/checkout@v4	2026-10-03T16:04:56.7288053Z [command]/usr/bin/git version
deploy	Run actions/checkout@v4	2026-10-03T16:04:56.7366861Z git version 2.55.0
deploy	Run actions/checkout@v4	2026-10-03T16:04:56.7381212Z ##[endgroup]
deploy	Run actions/checkout@v4	2026-10-03T16:04:56.7392069Z Temporarily overriding HOME='/home/runner/work/_temp/8a6edf2a-7485-4192-bbdc-e8fb4413d72a' before making global git config changes
deploy	Run actions/checkout@v4	2026-10-03T16:04:56.7393288Z Adding repository directory to the temporary git global config as a safe directory
deploy	Run actions/checkout@v4	2026-10-03T16:04:56.7395919Z [command]/usr/bin/git config --global --add safe.directory /home/runner/work/IM-platform/IM-platform
deploy	Run actions/checkout@v4	2026-10-03T16:04:56.7440429Z Deleting the contents of '/home/runner/work/IM-platform/IM-platform'
deploy	Run actions/checkout@v4	2026-10-03T16:04:56.7443241Z ##[group]Initializing the repository
deploy	Run actions/checkout@v4	2026-10-03T16:04:56.7446921Z [command]/usr/bin/git init /home/runner/work/IM-platform/IM-platform
deploy	Run actions/checkout@v4	2026-10-03T16:04:56.7552082Z hint: Using 'master' as the name for the initial branch. This default branch name
deploy	Run actions/checkout@v4	2026-10-03T16:04:56.7553762Z hint: will change to "main" in Git 3.0. To configure the initial branch name
deploy	Run actions/checkout@v4	2026-10-03T16:04:56.7554769Z hint: to use in all of your new repositories, which will suppress this warning,
deploy	Run actions/checkout@v4	2026-10-03T16:04:56.7555781Z hint: call:
deploy	Run actions/checkout@v4	2026-10-03T16:04:56.7556211Z hint:
deploy	Run actions/checkout@v4	2026-10-03T16:04:56.7556625Z hint: 	git config --global init.defaultBranch <name>
deploy	Run actions/checkout@v4	2026-10-03T16:04:56.7557112Z hint:
deploy	Run actions/checkout@v4	2026-10-03T16:04:56.7557570Z hint: Names commonly chosen instead of 'master' are 'main', 'trunk' and
deploy	Run actions/checkout@v4	2026-10-03T16:04:56.7558314Z hint: 'development'. The just-created branch can be renamed via this command:
deploy	Run actions/checkout@v4	2026-10-03T16:04:56.7558906Z hint:
deploy	Run actions/checkout@v4	2026-10-03T16:04:56.7559162Z hint: 	git branch -m <name>
deploy	Run actions/checkout@v4	2026-10-03T16:04:56.7559416Z hint:
deploy	Run actions/checkout@v4	2026-10-03T16:04:56.7559796Z hint: Disable this message with "git config set advice.defaultBranchName false"
deploy	Run actions/checkout@v4	2026-10-03T16:04:56.7560629Z Initialized empty Git repository in /home/runner/work/IM-platform/IM-platform/.git/
deploy	Run actions/checkout@v4	2026-10-03T16:04:56.7568459Z [command]/usr/bin/git remote add origin https://github.com/nilesthump/IM-platform
deploy	Run actions/checkout@v4	2026-10-03T16:04:56.7610819Z ##[endgroup]
deploy	Run actions/checkout@v4	2026-10-03T16:04:56.7611451Z ##[group]Disabling automatic garbage collection
deploy	Run actions/checkout@v4	2026-10-03T16:04:56.7613755Z [command]/usr/bin/git config --local gc.auto 0
deploy	Run actions/checkout@v4	2026-10-03T16:04:56.7640366Z ##[endgroup]
deploy	Run actions/checkout@v4	2026-10-03T16:04:56.7641162Z ##[group]Setting up auth
deploy	Run actions/checkout@v4	2026-10-03T16:04:56.7645193Z [command]/usr/bin/git config --local --name-only --get-regexp core\.sshCommand
deploy	Run actions/checkout@v4	2026-10-03T16:04:56.7671119Z [command]/usr/bin/git submodule foreach --recursive sh -c "git config --local --name-only --get-regexp 'core\.sshCommand' && git config --local --unset-all 'core.sshCommand' || :"
deploy	Run actions/checkout@v4	2026-10-03T16:04:56.7984778Z [command]/usr/bin/git config --local --name-only --get-regexp http\.https\:\/\/github\.com\/\.extraheader
deploy	Run actions/checkout@v4	2026-10-03T16:04:56.8014760Z [command]/usr/bin/git submodule foreach --recursive sh -c "git config --local --name-only --get-regexp 'http\.https\:\/\/github\.com\/\.extraheader' && git config --local --unset-all 'http.https://github.com/.extraheader' || :"
deploy	Run actions/checkout@v4	2026-10-03T16:04:56.8181922Z [command]/usr/bin/git config --local --name-only --get-regexp ^includeIf\.gitdir:
deploy	Run actions/checkout@v4	2026-10-03T16:04:56.8208665Z [command]/usr/bin/git submodule foreach --recursive git config --local --show-origin --name-only --get-regexp remote.origin.url
deploy	Run actions/checkout@v4	2026-10-03T16:04:56.8378121Z [command]/usr/bin/git config --local http.https://github.com/.extraheader AUTHORIZATION: basic ***
deploy	Run actions/checkout@v4	2026-10-03T16:04:56.8410862Z ##[endgroup]
deploy	Run actions/checkout@v4	2026-10-03T16:04:56.8411474Z ##[group]Fetching the repository
deploy	Run actions/checkout@v4	2026-10-03T16:04:56.8417721Z [command]/usr/bin/git -c protocol.version=2 fetch --no-tags --prune --no-recurse-submodules --depth=1 origin +3c2265f52eae7962cac2166dee9bd1fc32bc6d1a:refs/remotes/pull/22/merge
deploy	Run actions/checkout@v4	2026-10-03T16:04:58.8868809Z From https://github.com/nilesthump/IM-platform
deploy	Run actions/checkout@v4	2026-10-03T16:04:58.8870481Z  * [new ref]         3c2265f52eae7962cac2166dee9bd1fc32bc6d1a -> pull/22/merge
deploy	Run actions/checkout@v4	2026-10-03T16:04:58.8873553Z ##[endgroup]
deploy	Run actions/checkout@v4	2026-10-03T16:04:58.8874828Z ##[group]Determining the checkout info
deploy	Run actions/checkout@v4	2026-10-03T16:04:58.8876046Z ##[endgroup]
deploy	Run actions/checkout@v4	2026-10-03T16:04:58.8877191Z [command]/usr/bin/git sparse-checkout disable
deploy	Run actions/checkout@v4	2026-10-03T16:04:58.8921835Z [command]/usr/bin/git config --local --unset-all extensions.worktreeConfig
deploy	Run actions/checkout@v4	2026-10-03T16:04:58.8948965Z ##[group]Checking out the ref
deploy	Run actions/checkout@v4	2026-10-03T16:04:58.8950194Z [command]/usr/bin/git checkout --progress --force refs/remotes/pull/22/merge
deploy	Run actions/checkout@v4	2026-10-03T16:04:59.3151260Z Note: switching to 'refs/remotes/pull/22/merge'.
deploy	Run actions/checkout@v4	2026-10-03T16:04:59.3151822Z 
deploy	Run actions/checkout@v4	2026-10-03T16:04:59.3152045Z You are in 'detached HEAD' state. You can look around, make experimental
deploy	Run actions/checkout@v4	2026-10-03T16:04:59.3152508Z changes and commit them, and you can discard any commits you make in this
deploy	Run actions/checkout@v4	2026-10-03T16:04:59.3152959Z state without impacting any branches by switching back to a branch.
deploy	Run actions/checkout@v4	2026-10-03T16:04:59.3153221Z 
deploy	Run actions/checkout@v4	2026-10-03T16:04:59.3153437Z If you want to create a new branch to retain commits you create, you may
deploy	Run actions/checkout@v4	2026-10-03T16:04:59.3153851Z do so (now or later) by using -c with the switch command. Example:
deploy	Run actions/checkout@v4	2026-10-03T16:04:59.3154096Z 
deploy	Run actions/checkout@v4	2026-10-03T16:04:59.3154211Z   git switch -c <new-branch-name>
deploy	Run actions/checkout@v4	2026-10-03T16:04:59.3154463Z 
deploy	Run actions/checkout@v4	2026-10-03T16:04:59.3154899Z Or undo this operation with:
deploy	Run actions/checkout@v4	2026-10-03T16:04:59.3155259Z 
deploy	Run actions/checkout@v4	2026-10-03T16:04:59.3155353Z   git switch -
deploy	Run actions/checkout@v4	2026-10-03T16:04:59.3155509Z 
deploy	Run actions/checkout@v4	2026-10-03T16:04:59.3155782Z Turn off this advice by setting config variable advice.detachedHead to false
deploy	Run actions/checkout@v4	2026-10-03T16:04:59.3156041Z 
deploy	Run actions/checkout@v4	2026-10-03T16:04:59.3156346Z HEAD is now at 3c2265f Merge 8bcc7321bba05a70404d1e16bbd2fa0465da696f into 0fe4fccc3deacd492895967cff9cc40cf34321d4
deploy	Run actions/checkout@v4	2026-10-03T16:04:59.3179322Z ##[endgroup]
deploy	Run actions/checkout@v4	2026-10-03T16:04:59.3222806Z [command]/usr/bin/git log -1 --format=%H
deploy	Run actions/checkout@v4	2026-10-03T16:04:59.3246846Z 3c2265f52eae7962cac2166dee9bd1fc32bc6d1a
deploy	Prepare disposable Go profile configuration	﻿2026-10-03T16:04:59.3492705Z ##[group]Run New-Item -ItemType Directory -Path $env:IM_GO_CONFIG_DIR -Force | Out-Null
deploy	Prepare disposable Go profile configuration	2026-10-03T16:04:59.3493190Z ^[[36;1mNew-Item -ItemType Directory -Path $env:IM_GO_CONFIG_DIR -Force | Out-Null^[[0m
deploy	Prepare disposable Go profile configuration	2026-10-03T16:04:59.3493533Z ^[[36;1mAdd-Content -Path $env:GITHUB_ENV -Value "IM_GO_CONFIG_DIR=$env:IM_GO_CONFIG_DIR"^[[0m
deploy	Prepare disposable Go profile configuration	2026-10-03T16:04:59.3493889Z ^[[36;1mCopy-Item backend/go/config.example.json (Join-Path $env:IM_GO_CONFIG_DIR 'config.json')^[[0m
deploy	Prepare disposable Go profile configuration	2026-10-03T16:04:59.3494295Z ^[[36;1m[System.IO.File]::WriteAllText((Join-Path $env:IM_GO_CONFIG_DIR 'pg_password'), 'local-development-only')^[[0m
deploy	Prepare disposable Go profile configuration	2026-10-03T16:04:59.3494705Z ^[[36;1m$key = [Convert]::ToBase64String([System.Security.Cryptography.RandomNumberGenerator]::GetBytes(48))^[[0m
deploy	Prepare disposable Go profile configuration	2026-10-03T16:04:59.3495287Z ^[[36;1m[System.IO.File]::WriteAllText((Join-Path $env:IM_GO_CONFIG_DIR 'jwt_key'), $key)^[[0m
deploy	Prepare disposable Go profile configuration	2026-10-03T16:04:59.3518368Z shell: /usr/bin/pwsh -command ". '{0}'"
deploy	Prepare disposable Go profile configuration	2026-10-03T16:04:59.3518601Z env:
deploy	Prepare disposable Go profile configuration	2026-10-03T16:04:59.3518776Z   IM_GO_CONFIG_DIR: /home/runner/work/_temp/im-go-config
deploy	Prepare disposable Go profile configuration	2026-10-03T16:04:59.3519013Z ##[endgroup]
deploy	Validate both Compose profiles	﻿2026-10-03T16:05:00.1953497Z ##[group]Run docker compose -f deploy/compose.yaml --profile go config --quiet
deploy	Validate both Compose profiles	2026-10-03T16:05:00.1953868Z ^[[36;1mdocker compose -f deploy/compose.yaml --profile go config --quiet^[[0m
deploy	Validate both Compose profiles	2026-10-03T16:05:00.1954126Z ^[[36;1mdocker compose -f deploy/compose.yaml --profile java config --quiet^[[0m
deploy	Validate both Compose profiles	2026-10-03T16:05:00.2007218Z shell: /usr/bin/bash -e {0}
deploy	Validate both Compose profiles	2026-10-03T16:05:00.2007370Z env:
deploy	Validate both Compose profiles	2026-10-03T16:05:00.2007508Z   IM_GO_CONFIG_DIR: /home/runner/work/_temp/im-go-config
deploy	Validate both Compose profiles	2026-10-03T16:05:00.2007680Z ##[endgroup]
deploy	Frozen architecture integrity	﻿2026-10-03T16:05:00.5076000Z ##[group]Run ./tools/verify-frozen-architecture.ps1
deploy	Frozen architecture integrity	2026-10-03T16:05:00.5076275Z ^[[36;1m./tools/verify-frozen-architecture.ps1^[[0m
deploy	Frozen architecture integrity	2026-10-03T16:05:00.5094672Z shell: /usr/bin/pwsh -command ". '{0}'"
deploy	Frozen architecture integrity	2026-10-03T16:05:00.5094825Z env:
deploy	Frozen architecture integrity	2026-10-03T16:05:00.5094975Z   IM_GO_CONFIG_DIR: /home/runner/work/_temp/im-go-config
deploy	Frozen architecture integrity	2026-10-03T16:05:00.5095429Z ##[endgroup]
deploy	Frozen architecture integrity	2026-10-03T16:05:01.0387105Z PASS: v1.1 current SHA/PDF provenance/ADR and section-bound semantic structure; historical migration semantic_change=false; current revision semantic_change=true
deploy	Frozen architecture integrity	2026-10-03T16:05:01.1232402Z test_android_complete_literal_plugin_notations_remain_approved (test_client_technology.ClientTechnologyControls.test_android_complete_literal_plugin_notations_remain_approved) ... ok
deploy	Frozen architecture integrity	2026-10-03T16:05:01.1350755Z test_android_compose_gradle_source_and_tooling (test_client_technology.ClientTechnologyControls.test_android_compose_gradle_source_and_tooling) ... ok
deploy	Frozen architecture integrity	2026-10-03T16:05:01.1413805Z test_android_literal_and_direct_catalog_plugins_remain_approved (test_client_technology.ClientTechnologyControls.test_android_literal_and_direct_catalog_plugins_remain_approved) ... ok
deploy	Frozen architecture integrity	2026-10-03T16:05:01.1627159Z test_android_negative_real_gradle_catalog_import_build_workflow_controls (test_client_technology.ClientTechnologyControls.test_android_negative_real_gradle_catalog_import_build_workflow_controls) ... ok
deploy	Frozen architecture integrity	2026-10-03T16:05:01.1683927Z test_android_plugin_block_shortcuts_and_generic_apply_fail_closed (test_client_technology.ClientTechnologyControls.test_android_plugin_block_shortcuts_and_generic_apply_fail_closed) ... ok
deploy	Frozen architecture integrity	2026-10-03T16:05:01.1732441Z test_android_plugin_declarations_fail_closed (test_client_technology.ClientTechnologyControls.test_android_plugin_declarations_fail_closed) ... ok
deploy	Frozen architecture integrity	2026-10-03T16:05:01.1887588Z test_android_plugin_selectors_require_complete_literal_arguments (test_client_technology.ClientTechnologyControls.test_android_plugin_selectors_require_complete_literal_arguments) ... ok
deploy	Frozen architecture integrity	2026-10-03T16:05:01.1968504Z test_android_quoted_dispatch_text_remains_data (test_client_technology.ClientTechnologyControls.test_android_quoted_dispatch_text_remains_data) ... ok
deploy	Frozen architecture integrity	2026-10-03T16:05:01.2056234Z test_android_quoted_member_dispatch_fails_closed (test_client_technology.ClientTechnologyControls.test_android_quoted_member_dispatch_fails_closed) ... ok
deploy	Frozen architecture integrity	2026-10-03T16:05:01.2136378Z test_android_supported_apply_and_quoted_contexts_remain_approved (test_client_technology.ClientTechnologyControls.test_android_supported_apply_and_quoted_contexts_remain_approved) ... ok
deploy	Frozen architecture integrity	2026-10-03T16:05:01.2224862Z test_android_unsupported_plugin_applications_fail_closed (test_client_technology.ClientTechnologyControls.test_android_unsupported_plugin_applications_fail_closed) ... ok
deploy	Frozen architecture integrity	2026-10-03T16:05:01.2266905Z test_approved_ts_native_config_assets (test_client_technology.ClientTechnologyControls.test_approved_ts_native_config_assets) ... ok
deploy	Frozen architecture integrity	2026-10-03T16:05:01.2276222Z test_authority_missing_or_mutated_is_failure (test_client_technology.ClientTechnologyControls.test_authority_missing_or_mutated_is_failure) ... ok
deploy	Frozen architecture integrity	2026-10-03T16:05:01.2685428Z test_current_active_clients (test_client_technology.ClientTechnologyControls.test_current_active_clients) ... ok
deploy	Frozen architecture integrity	2026-10-03T16:05:01.2794184Z test_forbidden_source_and_config_controls (test_client_technology.ClientTechnologyControls.test_forbidden_source_and_config_controls) ... ok
deploy	Frozen architecture integrity	2026-10-03T16:05:01.2809594Z test_history_is_not_active_client_implementation (test_client_technology.ClientTechnologyControls.test_history_is_not_active_client_implementation) ... ok
deploy	Frozen architecture integrity	2026-10-03T16:05:01.2823177Z test_symlink_cannot_bypass_boundary (test_client_technology.ClientTechnologyControls.test_symlink_cannot_bypass_boundary) ... ok
deploy	Frozen architecture integrity	2026-10-03T16:05:01.2845636Z test_task_paths_and_passing_tests_cannot_approve_framework (test_client_technology.ClientTechnologyControls.test_task_paths_and_passing_tests_cannot_approve_framework) ... ok
deploy	Frozen architecture integrity	2026-10-03T16:05:01.2929971Z test_unapproved_generic_dependencies_and_imports (test_client_technology.ClientTechnologyControls.test_unapproved_generic_dependencies_and_imports) ... ok
deploy	Frozen architecture integrity	2026-10-03T16:05:01.3046664Z test_current_document (test_frozen_architecture.ArchitectureIntegrityTests.test_current_document) ... ok
deploy	Frozen architecture integrity	2026-10-03T16:05:01.3632688Z test_hash_and_provenance_mutations (test_frozen_architecture.ArchitectureIntegrityTests.test_hash_and_provenance_mutations) ... ok
deploy	Frozen architecture integrity	2026-10-03T16:05:01.3734116Z test_layout_flexibility_preserves_semantics (test_frozen_architecture.ArchitectureIntegrityTests.test_layout_flexibility_preserves_semantics) ... ok
deploy	Frozen architecture integrity	2026-10-03T16:05:01.6316229Z test_semantic_negative_controls (test_frozen_architecture.ArchitectureIntegrityTests.test_semantic_negative_controls) ... ok
deploy	Frozen architecture integrity	2026-10-03T16:05:01.6344244Z test_active_task_path_is_never_architecture_waiver (test_source_boundaries.SourceTests.test_active_task_path_is_never_architecture_waiver) ... ok
deploy	Frozen architecture integrity	2026-10-03T16:05:05.1219149Z test_arbitrarily_named_go_root_assembly_helper_valid (test_source_boundaries.SourceTests.test_arbitrarily_named_go_root_assembly_helper_valid) ... ok
deploy	Frozen architecture integrity	2026-10-03T16:05:05.1242038Z test_arbitrarily_named_java_root_assembly_helper_valid (test_source_boundaries.SourceTests.test_arbitrarily_named_java_root_assembly_helper_valid) ... ok
deploy	Frozen architecture integrity	2026-10-03T16:05:05.1567737Z test_cross_service_alias_import_and_build_tag (test_source_boundaries.SourceTests.test_cross_service_alias_import_and_build_tag) ... ok
deploy	Frozen architecture integrity	2026-10-03T16:05:05.1594325Z test_current_governance_and_task_migration_scope_valid (test_source_boundaries.SourceTests.test_current_governance_and_task_migration_scope_valid) ... ok
deploy	Frozen architecture integrity	2026-10-03T16:05:05.1611289Z test_current_java_placeholder_valid_and_no_early_business_required (test_source_boundaries.SourceTests.test_current_java_placeholder_valid_and_no_early_business_required) ... ok
deploy	Frozen architecture integrity	2026-10-03T16:05:05.1638923Z test_future_java_business_root_and_shared_disguise (test_source_boundaries.SourceTests.test_future_java_business_root_and_shared_disguise) ... ok
deploy	Frozen architecture integrity	2026-10-03T16:05:05.1659580Z test_future_java_cross_service_shared_reverse_and_fully_qualified (test_source_boundaries.SourceTests.test_future_java_cross_service_shared_reverse_and_fully_qualified) ... ok
deploy	Frozen architecture integrity	2026-10-03T16:05:05.6122214Z test_future_java_single_layout_compiles_and_imports_checked (test_source_boundaries.SourceTests.test_future_java_single_layout_compiles_and_imports_checked) ... ok
deploy	Frozen architecture integrity	2026-10-03T16:05:05.6441553Z test_gateway_cannot_write_session_or_outbox (test_source_boundaries.SourceTests.test_gateway_cannot_write_session_or_outbox) ... ok
deploy	Frozen architecture integrity	2026-10-03T16:05:05.6460791Z test_java_dynamic_jdbc_shared_repository_and_gateway_write_rejected (test_source_boundaries.SourceTests.test_java_dynamic_jdbc_shared_repository_and_gateway_write_rejected) ... ok
deploy	Frozen architecture integrity	2026-10-03T16:05:05.6474858Z test_java_gateway_dynamic_update_with_select_decoy_rejected (test_source_boundaries.SourceTests.test_java_gateway_dynamic_update_with_select_decoy_rejected) ... ok
deploy	Frozen architecture integrity	2026-10-03T16:05:05.6506228Z test_java_gateway_execute_cannot_borrow_unrelated_select_literal (test_source_boundaries.SourceTests.test_java_gateway_execute_cannot_borrow_unrelated_select_literal) ... ok
deploy	Frozen architecture integrity	2026-10-03T16:05:05.6522140Z test_java_gateway_executequery_and_connection_lifecycle_valid (test_source_boundaries.SourceTests.test_java_gateway_executequery_and_connection_lifecycle_valid) ... ok
deploy	Frozen architecture integrity	2026-10-03T16:05:05.6535246Z test_java_gateway_readonly_session_and_shared_token_primitive_valid (test_source_boundaries.SourceTests.test_java_gateway_readonly_session_and_shared_token_primitive_valid) ... ok
deploy	Frozen architecture integrity	2026-10-03T16:05:05.6629166Z test_java_noncore_jdbc_transaction_controls_rejected (test_source_boundaries.SourceTests.test_java_noncore_jdbc_transaction_controls_rejected) ... ok
deploy	Frozen architecture integrity	2026-10-03T16:05:05.6633608Z test_java_placeholder_cannot_grow_business (test_source_boundaries.SourceTests.test_java_placeholder_cannot_grow_business) ... ok
deploy	Frozen architecture integrity	2026-10-03T16:05:05.6646623Z test_java_unicode_import_cannot_bypass_dependency (test_source_boundaries.SourceTests.test_java_unicode_import_cannot_bypass_dependency) ... ok
deploy	Frozen architecture integrity	2026-10-03T16:05:07.0877046Z test_legal_single_module_go_runtime_and_blackbox_test (test_source_boundaries.SourceTests.test_legal_single_module_go_runtime_and_blackbox_test) ... ok
deploy	Frozen architecture integrity	2026-10-03T16:05:07.1190739Z test_main_whitelisted_name_cannot_hide_business (test_source_boundaries.SourceTests.test_main_whitelisted_name_cannot_hide_business) ... ok
deploy	Frozen architecture integrity	2026-10-03T16:05:07.1206040Z test_placeholder_exit_and_business_not_permanent_exception (test_source_boundaries.SourceTests.test_placeholder_exit_and_business_not_permanent_exception) ... ok
deploy	Frozen architecture integrity	2026-10-03T16:05:07.1239915Z test_plain_bullet_task_path_checked_and_legal_core_accepted (test_source_boundaries.SourceTests.test_plain_bullet_task_path_checked_and_legal_core_accepted) ... ok
deploy	Frozen architecture integrity	2026-10-03T16:05:07.1583520Z test_real_old_go_layout_rejected_without_name_hardcoding (test_source_boundaries.SourceTests.test_real_old_go_layout_rejected_without_name_hardcoding) ... ok
deploy	Frozen architecture integrity	2026-10-03T16:05:07.1909049Z test_root_new_business_and_unapproved_internal (test_source_boundaries.SourceTests.test_root_new_business_and_unapproved_internal) ... ok
deploy	Frozen architecture integrity	2026-10-03T16:05:07.2213714Z test_root_test_name_cannot_hide_business (test_source_boundaries.SourceTests.test_root_test_name_cannot_hide_business) ... ok
deploy	Frozen architecture integrity	2026-10-03T16:05:07.2534850Z test_shared_generic_repository_call_rejected_without_sql_literal (test_source_boundaries.SourceTests.test_shared_generic_repository_call_rejected_without_sql_literal) ... ok
deploy	Frozen architecture integrity	2026-10-03T16:05:07.2550454Z test_shared_java_connection_factory_is_support_not_repository (test_source_boundaries.SourceTests.test_shared_java_connection_factory_is_support_not_repository) ... ok
deploy	Frozen architecture integrity	2026-10-03T16:05:07.2856555Z test_shared_reverse_dependency_and_moved_full_auth (test_source_boundaries.SourceTests.test_shared_reverse_dependency_and_moved_full_auth) ... ok
deploy	Frozen architecture integrity	2026-10-03T16:05:07.3181901Z test_syntax_failure_cannot_be_skipped (test_source_boundaries.SourceTests.test_syntax_failure_cannot_be_skipped) ... ok
deploy	Frozen architecture integrity	2026-10-03T16:05:07.3206903Z test_workflow_missing_commands_dependencies_and_suppression_rejected (test_source_boundaries.SourceTests.test_workflow_missing_commands_dependencies_and_suppression_rejected) ... ok
deploy	Frozen architecture integrity	2026-10-03T16:05:07.3207755Z 
deploy	Frozen architecture integrity	2026-10-03T16:05:07.3207883Z ----------------------------------------------------------------------
deploy	Frozen architecture integrity	2026-10-03T16:05:07.3208162Z Ran 53 tests in 6.225s
deploy	Frozen architecture integrity	2026-10-03T16:05:07.3208237Z 
deploy	Frozen architecture integrity	2026-10-03T16:05:07.3208286Z OK
deploy	Go transport smoke	﻿2026-10-03T16:05:07.3652181Z ##[group]Run ./tests/infrastructure/smoke.ps1 -Profile go
deploy	Go transport smoke	2026-10-03T16:05:07.3652441Z ^[[36;1m./tests/infrastructure/smoke.ps1 -Profile go^[[0m
deploy	Go transport smoke	2026-10-03T16:05:07.3671420Z shell: /usr/bin/pwsh -command ". '{0}'"
deploy	Go transport smoke	2026-10-03T16:05:07.3671569Z env:
deploy	Go transport smoke	2026-10-03T16:05:07.3671708Z   IM_GO_CONFIG_DIR: /home/runner/work/_temp/im-go-config
deploy	Go transport smoke	2026-10-03T16:05:07.3671872Z ##[endgroup]
deploy	Go transport smoke	2026-10-03T16:05:36.7795629Z /var/run/postgresql:5432 - accepting connections
deploy	Go transport smoke	2026-10-03T16:05:37.1474216Z PASS: go profile, PostgreSQL migration, Core NATS, HTTPS and WSS over Tls13
deploy	Go Auth actual roles and TLS event smoke	﻿2026-10-03T16:05:37.7521154Z ##[group]Run python3 tests/go/live_role_smoke.py
deploy	Go Auth actual roles and TLS event smoke	2026-10-03T16:05:37.7521389Z ^[[36;1mpython3 tests/go/live_role_smoke.py^[[0m
deploy	Go Auth actual roles and TLS event smoke	2026-10-03T16:05:37.7573220Z shell: /usr/bin/bash -e {0}
deploy	Go Auth actual roles and TLS event smoke	2026-10-03T16:05:37.7573367Z env:
deploy	Go Auth actual roles and TLS event smoke	2026-10-03T16:05:37.7573514Z   IM_GO_CONFIG_DIR: /home/runner/work/_temp/im-go-config
deploy	Go Auth actual roles and TLS event smoke	2026-10-03T16:05:37.7573684Z ##[endgroup]
deploy	Go Auth actual roles and TLS event smoke	2026-10-03T16:05:37.9623952Z #1 [internal] load local bake definitions
deploy	Go Auth actual roles and TLS event smoke	2026-10-03T16:05:38.1296536Z #1 reading from stdin 1.45kB done
deploy	Go Auth actual roles and TLS event smoke	2026-10-03T16:05:38.1296926Z #1 DONE 0.0s
deploy	Go Auth actual roles and TLS event smoke	2026-10-03T16:05:38.1297031Z 
deploy	Go Auth actual roles and TLS event smoke	2026-10-03T16:05:38.1297182Z #2 [migrate internal] load build definition from migrate.Dockerfile
deploy	Go Auth actual roles and TLS event smoke	2026-10-03T16:05:38.1297485Z #2 transferring dockerfile: 229B done
deploy	Go Auth actual roles and TLS event smoke	2026-10-03T16:05:38.1297700Z #2 DONE 0.0s
deploy	Go Auth actual roles and TLS event smoke	2026-10-03T16:05:38.1297790Z 
deploy	Go Auth actual roles and TLS event smoke	2026-10-03T16:05:38.1297922Z #3 [gateway-go internal] load build definition from Dockerfile
deploy	Go Auth actual roles and TLS event smoke	2026-10-03T16:05:38.1298243Z #3 transferring dockerfile: 247B done
deploy	Go Auth actual roles and TLS event smoke	2026-10-03T16:05:38.1298450Z #3 DONE 0.0s
deploy	Go Auth actual roles and TLS event smoke	2026-10-03T16:05:38.1298545Z 
deploy	Go Auth actual roles and TLS event smoke	2026-10-03T16:05:38.1298790Z #4 [gateway-go internal] load metadata for docker.io/library/golang:1.25-alpine
deploy	Go Auth actual roles and TLS event smoke	2026-10-03T16:05:38.1803453Z #4 DONE 0.1s
deploy	Go Auth actual roles and TLS event smoke	2026-10-03T16:05:38.1803704Z 
deploy	Go Auth actual roles and TLS event smoke	2026-10-03T16:05:38.1803916Z #5 [migrate internal] load metadata for docker.io/library/python:3.12-alpine
deploy	Go Auth actual roles and TLS event smoke	2026-10-03T16:05:38.1804436Z #5 DONE 0.1s
deploy	Go Auth actual roles and TLS event smoke	2026-10-03T16:05:38.1804506Z 
deploy	Go Auth actual roles and TLS event smoke	2026-10-03T16:05:38.1804619Z #6 [migrate internal] load .dockerignore
deploy	Go Auth actual roles and TLS event smoke	2026-10-03T16:05:38.1804859Z #6 transferring context: 2B done
deploy	Go Auth actual roles and TLS event smoke	2026-10-03T16:05:38.1805185Z #6 DONE 0.0s
deploy	Go Auth actual roles and TLS event smoke	2026-10-03T16:05:38.1805283Z 
deploy	Go Auth actual roles and TLS event smoke	2026-10-03T16:05:38.1805459Z #7 [gateway-go internal] load metadata for docker.io/library/alpine:3.21
deploy	Go Auth actual roles and TLS event smoke	2026-10-03T16:05:38.1805763Z #7 DONE 0.1s
deploy	Go Auth actual roles and TLS event smoke	2026-10-03T16:05:38.1805857Z 
deploy	Go Auth actual roles and TLS event smoke	2026-10-03T16:05:38.1806220Z #8 [migrate 1/4] FROM docker.io/library/python:3.12-alpine@sha256:0687a6bc9716edc2a6ee0fbfb0f87e7ee358b262b67c9215de91bc9b2d38ba71
deploy	Go Auth actual roles and TLS event smoke	2026-10-03T16:05:38.1806743Z #8 DONE 0.0s
deploy	Go Auth actual roles and TLS event smoke	2026-10-03T16:05:38.1806837Z 
deploy	Go Auth actual roles and TLS event smoke	2026-10-03T16:05:38.1806956Z #9 [plugin-host-go internal] load .dockerignore
deploy	Go Auth actual roles and TLS event smoke	2026-10-03T16:05:38.1807980Z #9 transferring context: 2B done
deploy	Go Auth actual roles and TLS event smoke	2026-10-03T16:05:38.1808448Z #9 DONE 0.0s
deploy	Go Auth actual roles and TLS event smoke	2026-10-03T16:05:38.1808544Z 
deploy	Go Auth actual roles and TLS event smoke	2026-10-03T16:05:38.1808653Z #10 [migrate internal] load build context
deploy	Go Auth actual roles and TLS event smoke	2026-10-03T16:05:38.1808903Z #10 transferring context: 401B done
deploy	Go Auth actual roles and TLS event smoke	2026-10-03T16:05:38.1809108Z #10 DONE 0.0s
deploy	Go Auth actual roles and TLS event smoke	2026-10-03T16:05:38.1809203Z 
deploy	Go Auth actual roles and TLS event smoke	2026-10-03T16:05:38.1809563Z #11 [core-go build 1/6] FROM docker.io/library/golang:1.25-alpine@sha256:1ae0735f00daffa3aaf1363a5184c0d2dc55c78e3db4ec70241cdac97bf84b59
deploy	Go Auth actual roles and TLS event smoke	2026-10-03T16:05:38.1810043Z #11 DONE 0.0s
deploy	Go Auth actual roles and TLS event smoke	2026-10-03T16:05:38.1810133Z 
deploy	Go Auth actual roles and TLS event smoke	2026-10-03T16:05:38.1810456Z #12 [core-go stage-1 1/2] FROM docker.io/library/alpine:3.21@sha256:ce64758a109eb420d874a118f87920e625e12d3634e03b4a5573fd9f6e5d3507
deploy	Go Auth actual roles and TLS event smoke	2026-10-03T16:05:38.1810912Z #12 DONE 0.0s
deploy	Go Auth actual roles and TLS event smoke	2026-10-03T16:05:38.1811007Z 
deploy	Go Auth actual roles and TLS event smoke	2026-10-03T16:05:38.1811349Z #13 [migrate 2/4] RUN apk add --no-cache postgresql-client
deploy	Go Auth actual roles and TLS event smoke	2026-10-03T16:05:38.1811527Z #13 CACHED
deploy	Go Auth actual roles and TLS event smoke	2026-10-03T16:05:38.1811591Z 
deploy	Go Auth actual roles and TLS event smoke	2026-10-03T16:05:38.1811645Z #14 [migrate 3/4] WORKDIR /work
deploy	Go Auth actual roles and TLS event smoke	2026-10-03T16:05:38.1811780Z #14 CACHED
deploy	Go Auth actual roles and TLS event smoke	2026-10-03T16:05:38.1811842Z 
deploy	Go Auth actual roles and TLS event smoke	2026-10-03T16:05:38.1811984Z #15 [migrate 4/4] COPY contracts/database /work/contracts/database
deploy	Go Auth actual roles and TLS event smoke	2026-10-03T16:05:38.1812210Z #15 CACHED
deploy	Go Auth actual roles and TLS event smoke	2026-10-03T16:05:38.1812271Z 
deploy	Go Auth actual roles and TLS event smoke	2026-10-03T16:05:38.1812330Z #16 [core-go internal] load build context
deploy	Go Auth actual roles and TLS event smoke	2026-10-03T16:05:38.1812496Z #16 transferring context: 1.56kB done
deploy	Go Auth actual roles and TLS event smoke	2026-10-03T16:05:38.1812706Z #16 DONE 0.0s
deploy	Go Auth actual roles and TLS event smoke	2026-10-03T16:05:38.1812784Z 
deploy	Go Auth actual roles and TLS event smoke	2026-10-03T16:05:38.1812881Z #17 [migrate] exporting to image
deploy	Go Auth actual roles and TLS event smoke	2026-10-03T16:05:38.1813109Z #17 exporting layers done
deploy	Go Auth actual roles and TLS event smoke	2026-10-03T16:05:38.1813483Z #17 writing image sha256:21bfd294613f28c2d7e2a16506c56007bc50cd08f09decab2b28544a339dfa99 done
deploy	Go Auth actual roles and TLS event smoke	2026-10-03T16:05:38.1813932Z #17 naming to docker.io/library/im-arch4-live-8064-migrate done
deploy	Go Auth actual roles and TLS event smoke	2026-10-03T16:05:38.1814202Z #17 DONE 0.0s
deploy	Go Auth actual roles and TLS event smoke	2026-10-03T16:05:38.1814304Z 
deploy	Go Auth actual roles and TLS event smoke	2026-10-03T16:05:38.1814395Z #18 [plugin-host-go build 5/6] COPY . .
deploy	Go Auth actual roles and TLS event smoke	2026-10-03T16:05:38.1814616Z #18 CACHED
deploy	Go Auth actual roles and TLS event smoke	2026-10-03T16:05:38.1814701Z 
deploy	Go Auth actual roles and TLS event smoke	2026-10-03T16:05:38.1815014Z #19 [plugin-host-go build 4/6] RUN go mod download
deploy	Go Auth actual roles and TLS event smoke	2026-10-03T16:05:38.1815359Z #19 CACHED
deploy	Go Auth actual roles and TLS event smoke	2026-10-03T16:05:38.1815445Z 
deploy	Go Auth actual roles and TLS event smoke	2026-10-03T16:05:38.1815537Z #20 [plugin-host-go build 2/6] WORKDIR /src
deploy	Go Auth actual roles and TLS event smoke	2026-10-03T16:05:38.1815761Z #20 CACHED
deploy	Go Auth actual roles and TLS event smoke	2026-10-03T16:05:38.1815856Z 
deploy	Go Auth actual roles and TLS event smoke	2026-10-03T16:05:38.1816002Z #21 [plugin-host-go build 6/6] RUN CGO_ENABLED=0 go build -o /im-go .
deploy	Go Auth actual roles and TLS event smoke	2026-10-03T16:05:38.1816280Z #21 CACHED
deploy	Go Auth actual roles and TLS event smoke	2026-10-03T16:05:38.1816366Z 
deploy	Go Auth actual roles and TLS event smoke	2026-10-03T16:05:38.1816471Z #22 [plugin-host-go build 3/6] COPY go.mod go.sum ./
deploy	Go Auth actual roles and TLS event smoke	2026-10-03T16:05:38.1816716Z #22 CACHED
deploy	Go Auth actual roles and TLS event smoke	2026-10-03T16:05:38.1816799Z 
deploy	Go Auth actual roles and TLS event smoke	2026-10-03T16:05:38.1816925Z #23 [plugin-host-go stage-1 2/2] COPY --from=build /im-go /im-go
deploy	Go Auth actual roles and TLS event smoke	2026-10-03T16:05:38.1817094Z #23 CACHED
deploy	Go Auth actual roles and TLS event smoke	2026-10-03T16:05:38.1817148Z 
deploy	Go Auth actual roles and TLS event smoke	2026-10-03T16:05:38.1817205Z #24 [plugin-host-go] exporting to image
deploy	Go Auth actual roles and TLS event smoke	2026-10-03T16:05:38.1817352Z #24 exporting layers done
deploy	Go Auth actual roles and TLS event smoke	2026-10-03T16:05:38.1817574Z #24 writing image sha256:875f13802fa16f066fee3ce8dc98be40b57e3dee310a3b91bfd943f875cdb3ef done
deploy	Go Auth actual roles and TLS event smoke	2026-10-03T16:05:38.1817862Z #24 naming to docker.io/library/im-arch4-live-8064-plugin-host-go done
deploy	Go Auth actual roles and TLS event smoke	2026-10-03T16:05:38.1818046Z #24 DONE 0.0s
deploy	Go Auth actual roles and TLS event smoke	2026-10-03T16:05:38.1818111Z 
deploy	Go Auth actual roles and TLS event smoke	2026-10-03T16:05:38.1818165Z #25 [gateway-go] exporting to image
deploy	Go Auth actual roles and TLS event smoke	2026-10-03T16:05:38.1818309Z #25 exporting layers done
deploy	Go Auth actual roles and TLS event smoke	2026-10-03T16:05:38.1818522Z #25 writing image sha256:875f13802fa16f066fee3ce8dc98be40b57e3dee310a3b91bfd943f875cdb3ef done
deploy	Go Auth actual roles and TLS event smoke	2026-10-03T16:05:38.1818793Z #25 naming to docker.io/library/im-arch4-live-8064-gateway-go done
deploy	Go Auth actual roles and TLS event smoke	2026-10-03T16:05:38.1818967Z #25 DONE 0.0s
deploy	Go Auth actual roles and TLS event smoke	2026-10-03T16:05:38.1819026Z 
deploy	Go Auth actual roles and TLS event smoke	2026-10-03T16:05:38.1819080Z #26 [core-go] exporting to image
deploy	Go Auth actual roles and TLS event smoke	2026-10-03T16:05:38.1819212Z #26 exporting layers done
deploy	Go Auth actual roles and TLS event smoke	2026-10-03T16:05:38.1819422Z #26 writing image sha256:875f13802fa16f066fee3ce8dc98be40b57e3dee310a3b91bfd943f875cdb3ef done
deploy	Go Auth actual roles and TLS event smoke	2026-10-03T16:05:38.1819694Z #26 naming to docker.io/library/im-arch4-live-8064-core-go done
deploy	Go Auth actual roles and TLS event smoke	2026-10-03T16:05:38.1819862Z #26 DONE 0.0s
deploy	Go Auth actual roles and TLS event smoke	2026-10-03T16:05:38.1819922Z 
deploy	Go Auth actual roles and TLS event smoke	2026-10-03T16:05:38.1819996Z #27 [migrate] resolving provenance for metadata file
deploy	Go Auth actual roles and TLS event smoke	2026-10-03T16:05:38.1820152Z #27 DONE 0.0s
deploy	Go Auth actual roles and TLS event smoke	2026-10-03T16:05:38.1820210Z 
deploy	Go Auth actual roles and TLS event smoke	2026-10-03T16:05:38.1820293Z #28 [plugin-host-go] resolving provenance for metadata file
deploy	Go Auth actual roles and TLS event smoke	2026-10-03T16:05:38.1820456Z #28 DONE 0.0s
deploy	Go Auth actual roles and TLS event smoke	2026-10-03T16:05:38.1820531Z 
deploy	Go Auth actual roles and TLS event smoke	2026-10-03T16:05:38.1820599Z #29 [core-go] resolving provenance for metadata file
deploy	Go Auth actual roles and TLS event smoke	2026-10-03T16:05:38.1820882Z #29 DONE 0.0s
deploy	Go Auth actual roles and TLS event smoke	2026-10-03T16:05:38.1820944Z 
deploy	Go Auth actual roles and TLS event smoke	2026-10-03T16:05:38.1821018Z #30 [gateway-go] resolving provenance for metadata file
deploy	Go Auth actual roles and TLS event smoke	2026-10-03T16:05:38.1821172Z #30 DONE 0.0s
deploy	Go Auth actual roles and TLS event smoke	2026-10-03T16:05:38.1821283Z  migrate  Built
deploy	Go Auth actual roles and TLS event smoke	2026-10-03T16:05:38.1821393Z  plugin-host-go  Built
deploy	Go Auth actual roles and TLS event smoke	2026-10-03T16:05:38.1821509Z  core-go  Built
deploy	Go Auth actual roles and TLS event smoke	2026-10-03T16:05:38.1821615Z  gateway-go  Built
deploy	Go Auth actual roles and TLS event smoke	2026-10-03T16:05:38.1826612Z  Network im-arch4-live-8064_default  Creating
deploy	Go Auth actual roles and TLS event smoke	2026-10-03T16:05:38.2146777Z  Network im-arch4-live-8064_default  Created
deploy	Go Auth actual roles and TLS event smoke	2026-10-03T16:05:38.2151633Z  Volume "im-arch4-live-8064_postgres-data"  Creating
deploy	Go Auth actual roles and TLS event smoke	2026-10-03T16:05:38.2161584Z  Volume "im-arch4-live-8064_postgres-data"  Created
deploy	Go Auth actual roles and TLS event smoke	2026-10-03T16:05:38.2163712Z  Volume "im-arch4-live-8064_caddy-go-data"  Creating
deploy	Go Auth actual roles and TLS event smoke	2026-10-03T16:05:38.2170332Z  Volume "im-arch4-live-8064_caddy-go-data"  Created
deploy	Go Auth actual roles and TLS event smoke	2026-10-03T16:05:38.2173626Z  Container im-arch4-live-8064-postgres-1  Creating
deploy	Go Auth actual roles and TLS event smoke	2026-10-03T16:05:38.2174189Z  Container im-arch4-live-8064-nats-1  Creating
deploy	Go Auth actual roles and TLS event smoke	2026-10-03T16:05:38.2493694Z  Container im-arch4-live-8064-postgres-1  Created
deploy	Go Auth actual roles and TLS event smoke	2026-10-03T16:05:38.2494368Z  Container im-arch4-live-8064-migrate-1  Creating
deploy	Go Auth actual roles and TLS event smoke	2026-10-03T16:05:38.2494871Z  Container im-arch4-live-8064-nats-1  Created
deploy	Go Auth actual roles and TLS event smoke	2026-10-03T16:05:38.2563429Z  Container im-arch4-live-8064-migrate-1  Created
deploy	Go Auth actual roles and TLS event smoke	2026-10-03T16:05:38.2563900Z  Container im-arch4-live-8064-gateway-go-1  Creating
deploy	Go Auth actual roles and TLS event smoke	2026-10-03T16:05:38.2564249Z  Container im-arch4-live-8064-plugin-host-go-1  Creating
deploy	Go Auth actual roles and TLS event smoke	2026-10-03T16:05:38.2566270Z  Container im-arch4-live-8064-core-go-1  Creating
deploy	Go Auth actual roles and TLS event smoke	2026-10-03T16:05:38.2660156Z  Container im-arch4-live-8064-gateway-go-1  Created
deploy	Go Auth actual roles and TLS event smoke	2026-10-03T16:05:38.2660928Z  Container im-arch4-live-8064-core-go-1  Created
deploy	Go Auth actual roles and TLS event smoke	2026-10-03T16:05:38.2661246Z  Container im-arch4-live-8064-tls-go-1  Creating
deploy	Go Auth actual roles and TLS event smoke	2026-10-03T16:05:38.2662882Z  Container im-arch4-live-8064-plugin-host-go-1  Created
deploy	Go Auth actual roles and TLS event smoke	2026-10-03T16:05:38.2731827Z  Container im-arch4-live-8064-tls-go-1  Created
deploy	Go Auth actual roles and TLS event smoke	2026-10-03T16:05:38.2742024Z  Container im-arch4-live-8064-postgres-1  Starting
deploy	Go Auth actual roles and TLS event smoke	2026-10-03T16:05:38.2742427Z  Container im-arch4-live-8064-nats-1  Starting
deploy	Go Auth actual roles and TLS event smoke	2026-10-03T16:05:38.3769171Z  Container im-arch4-live-8064-nats-1  Started
deploy	Go Auth actual roles and TLS event smoke	2026-10-03T16:05:38.3827901Z  Container im-arch4-live-8064-postgres-1  Started
deploy	Go Auth actual roles and TLS event smoke	2026-10-03T16:05:38.3828318Z  Container im-arch4-live-8064-postgres-1  Waiting
deploy	Go Auth actual roles and TLS event smoke	2026-10-03T16:05:40.8837935Z  Container im-arch4-live-8064-postgres-1  Healthy
deploy	Go Auth actual roles and TLS event smoke	2026-10-03T16:05:40.8838340Z  Container im-arch4-live-8064-migrate-1  Starting
deploy	Go Auth actual roles and TLS event smoke	2026-10-03T16:05:40.9639720Z  Container im-arch4-live-8064-migrate-1  Started
deploy	Go Auth actual roles and TLS event smoke	2026-10-03T16:05:40.9640292Z  Container im-arch4-live-8064-migrate-1  Waiting
deploy	Go Auth actual roles and TLS event smoke	2026-10-03T16:05:40.9640652Z  Container im-arch4-live-8064-nats-1  Waiting
deploy	Go Auth actual roles and TLS event smoke	2026-10-03T16:05:40.9640964Z  Container im-arch4-live-8064-migrate-1  Waiting
deploy	Go Auth actual roles and TLS event smoke	2026-10-03T16:05:40.9641299Z  Container im-arch4-live-8064-nats-1  Waiting
deploy	Go Auth actual roles and TLS event smoke	2026-10-03T16:05:40.9641604Z  Container im-arch4-live-8064-migrate-1  Waiting
deploy	Go Auth actual roles and TLS event smoke	2026-10-03T16:05:41.4660976Z  Container im-arch4-live-8064-migrate-1  Exited
deploy	Go Auth actual roles and TLS event smoke	2026-10-03T16:05:41.4661659Z  Container im-arch4-live-8064-nats-1  Healthy
deploy	Go Auth actual roles and TLS event smoke	2026-10-03T16:05:41.4664862Z  Container im-arch4-live-8064-nats-1  Healthy
deploy	Go Auth actual roles and TLS event smoke	2026-10-03T16:05:41.4670745Z  Container im-arch4-live-8064-core-go-1  Starting
deploy	Go Auth actual roles and TLS event smoke	2026-10-03T16:05:41.4671294Z  Container im-arch4-live-8064-migrate-1  Exited
deploy	Go Auth actual roles and TLS event smoke	2026-10-03T16:05:41.4671717Z  Container im-arch4-live-8064-gateway-go-1  Starting
deploy	Go Auth actual roles and TLS event smoke	2026-10-03T16:05:41.4672251Z  Container im-arch4-live-8064-migrate-1  Exited
deploy	Go Auth actual roles and TLS event smoke	2026-10-03T16:05:41.4672783Z  Container im-arch4-live-8064-plugin-host-go-1  Starting
deploy	Go Auth actual roles and TLS event smoke	2026-10-03T16:05:41.5810045Z  Container im-arch4-live-8064-gateway-go-1  Started
deploy	Go Auth actual roles and TLS event smoke	2026-10-03T16:05:41.5810964Z  Container im-arch4-live-8064-tls-go-1  Starting
deploy	Go Auth actual roles and TLS event smoke	2026-10-03T16:05:41.5868124Z  Container im-arch4-live-8064-plugin-host-go-1  Started
deploy	Go Auth actual roles and TLS event smoke	2026-10-03T16:05:41.5921128Z  Container im-arch4-live-8064-core-go-1  Started
deploy	Go Auth actual roles and TLS event smoke	2026-10-03T16:05:41.6776514Z  Container im-arch4-live-8064-tls-go-1  Started
deploy	Go Auth actual roles and TLS event smoke	2026-10-03T16:05:44.1508296Z  Container im-arch4-live-8064-tls-go-1  Stopping
deploy	Go Auth actual roles and TLS event smoke	2026-10-03T16:05:44.1508885Z  Container im-arch4-live-8064-core-go-1  Stopping
deploy	Go Auth actual roles and TLS event smoke	2026-10-03T16:05:44.1509312Z  Container im-arch4-live-8064-plugin-host-go-1  Stopping
deploy	Go Auth actual roles and TLS event smoke	2026-10-03T16:05:44.2532843Z  Container im-arch4-live-8064-plugin-host-go-1  Stopped
deploy	Go Auth actual roles and TLS event smoke	2026-10-03T16:05:44.2533378Z  Container im-arch4-live-8064-plugin-host-go-1  Removing
deploy	Go Auth actual roles and TLS event smoke	2026-10-03T16:05:44.2723289Z  Container im-arch4-live-8064-core-go-1  Stopped
deploy	Go Auth actual roles and TLS event smoke	2026-10-03T16:05:44.2723924Z  Container im-arch4-live-8064-core-go-1  Removing
deploy	Go Auth actual roles and TLS event smoke	2026-10-03T16:05:44.2756567Z  Container im-arch4-live-8064-tls-go-1  Stopped
deploy	Go Auth actual roles and TLS event smoke	2026-10-03T16:05:44.2757026Z  Container im-arch4-live-8064-tls-go-1  Removing
deploy	Go Auth actual roles and TLS event smoke	2026-10-03T16:05:44.2761947Z  Container im-arch4-live-8064-plugin-host-go-1  Removed
deploy	Go Auth actual roles and TLS event smoke	2026-10-03T16:05:44.2825005Z  Container im-arch4-live-8064-core-go-1  Removed
deploy	Go Auth actual roles and TLS event smoke	2026-10-03T16:05:44.2855482Z  Container im-arch4-live-8064-tls-go-1  Removed
deploy	Go Auth actual roles and TLS event smoke	2026-10-03T16:05:44.2855886Z  Container im-arch4-live-8064-gateway-go-1  Stopping
deploy	Go Auth actual roles and TLS event smoke	2026-10-03T16:05:44.3413535Z  Container im-arch4-live-8064-gateway-go-1  Stopped
deploy	Go Auth actual roles and TLS event smoke	2026-10-03T16:05:44.3413992Z  Container im-arch4-live-8064-gateway-go-1  Removing
deploy	Go Auth actual roles and TLS event smoke	2026-10-03T16:05:44.3464933Z  Container im-arch4-live-8064-gateway-go-1  Removed
deploy	Go Auth actual roles and TLS event smoke	2026-10-03T16:05:44.3465523Z  Container im-arch4-live-8064-migrate-1  Stopping
deploy	Go Auth actual roles and TLS event smoke	2026-10-03T16:05:44.3465907Z  Container im-arch4-live-8064-nats-1  Stopping
deploy	Go Auth actual roles and TLS event smoke	2026-10-03T16:05:44.3468929Z  Container im-arch4-live-8064-migrate-1  Stopped
deploy	Go Auth actual roles and TLS event smoke	2026-10-03T16:05:44.3469209Z  Container im-arch4-live-8064-migrate-1  Removing
deploy	Go Auth actual roles and TLS event smoke	2026-10-03T16:05:44.3645603Z  Container im-arch4-live-8064-migrate-1  Removed
deploy	Go Auth actual roles and TLS event smoke	2026-10-03T16:05:44.3646013Z  Container im-arch4-live-8064-postgres-1  Stopping
deploy	Go Auth actual roles and TLS event smoke	2026-10-03T16:05:44.4115930Z  Container im-arch4-live-8064-nats-1  Stopped
deploy	Go Auth actual roles and TLS event smoke	2026-10-03T16:05:44.4116824Z  Container im-arch4-live-8064-nats-1  Removing
deploy	Go Auth actual roles and TLS event smoke	2026-10-03T16:05:44.4216190Z  Container im-arch4-live-8064-nats-1  Removed
deploy	Go Auth actual roles and TLS event smoke	2026-10-03T16:05:44.4510283Z  Container im-arch4-live-8064-postgres-1  Stopped
deploy	Go Auth actual roles and TLS event smoke	2026-10-03T16:05:44.4510722Z  Container im-arch4-live-8064-postgres-1  Removing
deploy	Go Auth actual roles and TLS event smoke	2026-10-03T16:05:44.4561841Z  Container im-arch4-live-8064-postgres-1  Removed
deploy	Go Auth actual roles and TLS event smoke	2026-10-03T16:05:44.4567333Z  Volume im-arch4-live-8064_caddy-go-data  Removing
deploy	Go Auth actual roles and TLS event smoke	2026-10-03T16:05:44.4568029Z  Volume im-arch4-live-8064_postgres-data  Removing
deploy	Go Auth actual roles and TLS event smoke	2026-10-03T16:05:44.4570432Z  Network im-arch4-live-8064_default  Removing
deploy	Go Auth actual roles and TLS event smoke	2026-10-03T16:05:44.5125884Z  Network im-arch4-live-8064_default  Removed
deploy	Go Auth actual roles and TLS event smoke	2026-10-03T16:05:44.6124780Z  Volume im-arch4-live-8064_postgres-data  Removed
deploy	Go Auth actual roles and TLS event smoke	2026-10-03T16:05:44.6142020Z  Volume im-arch4-live-8064_caddy-go-data  Removed
deploy	Go Auth actual roles and TLS event smoke	2026-10-03T16:05:44.6657036Z PASS: actual3 Go roles/HTTP forwarding/TLS/WSS3slots/replacementepoch/oldtokenreject/CoreOutboxNATSGatewayrevocation/logoutclose; no skips
deploy	Run actions/setup-node@v4	﻿2026-10-03T16:05:44.6813805Z ##[group]Run actions/setup-node@v4
deploy	Run actions/setup-node@v4	2026-10-03T16:05:44.6813974Z with:
deploy	Run actions/setup-node@v4	2026-10-03T16:05:44.6814078Z   node-version: 22
deploy	Run actions/setup-node@v4	2026-10-03T16:05:44.6814191Z   always-auth: false
deploy	Run actions/setup-node@v4	2026-10-03T16:05:44.6814305Z   check-latest: false
deploy	Run actions/setup-node@v4	2026-10-03T16:05:44.6815754Z   token: ***
deploy	Run actions/setup-node@v4	2026-10-03T16:05:44.6815859Z env:
deploy	Run actions/setup-node@v4	2026-10-03T16:05:44.6815991Z   IM_GO_CONFIG_DIR: /home/runner/work/_temp/im-go-config
deploy	Run actions/setup-node@v4	2026-10-03T16:05:44.6816165Z ##[endgroup]
deploy	Run actions/setup-node@v4	2026-10-03T16:05:44.7762171Z Found in cache @ /opt/hostedtoolcache/node/22.23.3/x64
deploy	Run actions/setup-node@v4	2026-10-03T16:05:44.7765578Z (node:9357) [DEP0040] DeprecationWarning: The `punycode` module is deprecated. Please use a userland alternative instead.
deploy	Run actions/setup-node@v4	2026-10-03T16:05:44.7765943Z (Use `node --trace-deprecation ...` to show where the warning was created)
deploy	Run actions/setup-node@v4	2026-10-03T16:05:44.7767750Z ##[group]Environment details
deploy	Run actions/setup-node@v4	2026-10-03T16:05:45.0788150Z node: v22.23.3
deploy	Run actions/setup-node@v4	2026-10-03T16:05:45.0788428Z npm: 10.9.9
deploy	Run actions/setup-node@v4	2026-10-03T16:05:45.0788574Z yarn: 1.22.22
deploy	Run actions/setup-node@v4	2026-10-03T16:05:45.0789593Z ##[endgroup]
deploy	Current shared Sync client actual Go TLS runtime	﻿2026-10-03T16:05:45.0891645Z ##[group]Run python3 -B tests/clients/sync/go_smoke.py
deploy	Current shared Sync client actual Go TLS runtime	2026-10-03T16:05:45.0891884Z ^[[36;1mpython3 -B tests/clients/sync/go_smoke.py^[[0m
deploy	Current shared Sync client actual Go TLS runtime	2026-10-03T16:05:45.0949891Z shell: /usr/bin/bash -e {0}
deploy	Current shared Sync client actual Go TLS runtime	2026-10-03T16:05:45.0950070Z env:
deploy	Current shared Sync client actual Go TLS runtime	2026-10-03T16:05:45.0950222Z   IM_GO_CONFIG_DIR: /home/runner/work/_temp/im-go-config
deploy	Current shared Sync client actual Go TLS runtime	2026-10-03T16:05:45.0950396Z ##[endgroup]
deploy	Current shared Sync client actual Go TLS runtime	2026-10-03T16:05:47.3308042Z 
deploy	Current shared Sync client actual Go TLS runtime	2026-10-03T16:05:47.3313558Z added 1 package in 2s
deploy	Current shared Sync client actual Go TLS runtime	2026-10-03T16:05:47.4244899Z 
deploy	Current shared Sync client actual Go TLS runtime	2026-10-03T16:05:47.4245639Z > @im/protocol-sdk@0.1.0 build
deploy	Current shared Sync client actual Go TLS runtime	2026-10-03T16:05:47.4245893Z > tsc -p tsconfig.json
deploy	Current shared Sync client actual Go TLS runtime	2026-10-03T16:05:47.4245984Z 
deploy	Current shared Sync client actual Go TLS runtime	2026-10-03T16:05:48.4227063Z Starting bounded owned actual Go/PostgreSQL/TLS client Sync fixture
deploy	Current shared Sync client actual Go TLS runtime	2026-10-03T16:05:53.7826057Z PASS: actual shared Sync HTTPS adapter -> trusted TLS/Gateway/Core/PG;208metadata205durableMessages,continuous pages/terminal/restart/new206th/read-only
deploy	Current shared Sync client actual Go TLS runtime	2026-10-03T16:05:54.4710573Z PASS: inspected only task-owned Compose containers/volumes cleanup
deploy	Go public Sync strict TLS runtime	﻿2026-10-03T16:05:54.4850920Z ##[group]Run python3 -B tools/verify_sync_runtime.py
deploy	Go public Sync strict TLS runtime	2026-10-03T16:05:54.4851204Z ^[[36;1mpython3 -B tools/verify_sync_runtime.py^[[0m
deploy	Go public Sync strict TLS runtime	2026-10-03T16:05:54.4904426Z shell: /usr/bin/bash -e {0}
deploy	Go public Sync strict TLS runtime	2026-10-03T16:05:54.4904576Z env:
deploy	Go public Sync strict TLS runtime	2026-10-03T16:05:54.4904728Z   IM_GO_CONFIG_DIR: /home/runner/work/_temp/im-go-config
deploy	Go public Sync strict TLS runtime	2026-10-03T16:05:54.4904909Z ##[endgroup]
deploy	Go public Sync strict TLS runtime	2026-10-03T16:05:59.4281107Z PASS: strict trusted-CA HTTPS proxy/Gateway/Core; real PG 208 User and 205 durable WSS Message items, all pages <=100, terminal/new-commit/replay/auth/foreign/query/version/read-only
deploy	Go public Sync strict TLS runtime	2026-10-03T16:06:00.1375168Z PASS: inspected disposable project cleanup
deploy	Go S1 strict TLS messaging E2E	﻿2026-10-03T16:06:00.1513995Z ##[group]Run python3 -B tests/e2e/go_tls_messaging.py
deploy	Go S1 strict TLS messaging E2E	2026-10-03T16:06:00.1514374Z ^[[36;1mpython3 -B tests/e2e/go_tls_messaging.py^[[0m
deploy	Go S1 strict TLS messaging E2E	2026-10-03T16:06:00.1569670Z shell: /usr/bin/bash -e {0}
deploy	Go S1 strict TLS messaging E2E	2026-10-03T16:06:00.1569904Z env:
deploy	Go S1 strict TLS messaging E2E	2026-10-03T16:06:00.1570116Z   IM_GO_CONFIG_DIR: /home/runner/work/_temp/im-go-config
deploy	Go S1 strict TLS messaging E2E	2026-10-03T16:06:00.1570380Z ##[endgroup]
deploy	Go S1 strict TLS messaging E2E	2026-10-03T16:06:04.6517406Z PASS TLS: trusted CA/CERT_REQUIRED/hostname HTTPS+WSS; untrusted CA and certificate name mismatch rejected
deploy	Go S1 strict TLS messaging E2E	2026-10-03T16:06:12.5827446Z PASS fixtures: HTTPS register/login/search/friend unique DIRECT; WSS hello/SQL durable ACK/one Outbox/NATS recipient; retry/conflict/nonmember/deferred COMMIT rollback; no duplicates/wrong recipient
deploy	Go S1 strict TLS messaging E2E	2026-10-03T16:06:13.6771140Z PASS revocation: replacement epoch/revoked then close/stale token reject/logout then close; no runtime skips
deploy	Go S1 strict TLS messaging E2E	2026-10-03T16:06:13.6774857Z DEFERRED_BY_HUMAN: friend-add-authorization-denied only (ADR-0004); not counted PASS
deploy	Go S1 strict TLS messaging E2E	2026-10-03T16:06:14.4215400Z PASS cleanup: inspected owned Compose containers/volumes removed
deploy	Java transport smoke	﻿2026-10-03T16:06:14.4348094Z ##[group]Run ./tests/infrastructure/smoke.ps1 -Profile java
deploy	Java transport smoke	2026-10-03T16:06:14.4348527Z ^[[36;1m./tests/infrastructure/smoke.ps1 -Profile java^[[0m
deploy	Java transport smoke	2026-10-03T16:06:14.4374422Z shell: /usr/bin/pwsh -command ". '{0}'"
deploy	Java transport smoke	2026-10-03T16:06:14.4374684Z env:
deploy	Java transport smoke	2026-10-03T16:06:14.4374901Z   IM_GO_CONFIG_DIR: /home/runner/work/_temp/im-go-config
deploy	Java transport smoke	2026-10-03T16:06:14.4375375Z ##[endgroup]
deploy	Java transport smoke	2026-10-03T16:06:24.7771542Z /var/run/postgresql:5432 - accepting connections
deploy	Java transport smoke	2026-10-03T16:06:25.1424934Z PASS: java profile, PostgreSQL migration, Core NATS, HTTPS and WSS over Tls13
deploy	Post Run actions/setup-node@v4	﻿2026-10-03T16:06:26.1831891Z Post job cleanup.
deploy	Post Run actions/setup-node@v4	2026-10-03T16:06:26.2714365Z (node:16308) [DEP0040] DeprecationWarning: The `punycode` module is deprecated. Please use a userland alternative instead.
deploy	Post Run actions/setup-node@v4	2026-10-03T16:06:26.2714941Z (Use `node --trace-deprecation ...` to show where the warning was created)
deploy	Post Run actions/checkout@v4	﻿2026-10-03T16:06:26.2896789Z Post job cleanup.
deploy	Post Run actions/checkout@v4	2026-10-03T16:06:26.3525527Z [command]/usr/bin/git version
deploy	Post Run actions/checkout@v4	2026-10-03T16:06:26.3565820Z git version 2.55.0
deploy	Post Run actions/checkout@v4	2026-10-03T16:06:26.3592276Z Temporarily overriding HOME='/home/runner/work/_temp/687396de-f1e5-41b6-8789-69cf897b153a' before making global git config changes
deploy	Post Run actions/checkout@v4	2026-10-03T16:06:26.3593250Z Adding repository directory to the temporary git global config as a safe directory
deploy	Post Run actions/checkout@v4	2026-10-03T16:06:26.3596881Z [command]/usr/bin/git config --global --add safe.directory /home/runner/work/IM-platform/IM-platform
deploy	Post Run actions/checkout@v4	2026-10-03T16:06:26.3635947Z [command]/usr/bin/git config --local --name-only --get-regexp core\.sshCommand
deploy	Post Run actions/checkout@v4	2026-10-03T16:06:26.3671026Z [command]/usr/bin/git submodule foreach --recursive sh -c "git config --local --name-only --get-regexp 'core\.sshCommand' && git config --local --unset-all 'core.sshCommand' || :"
deploy	Post Run actions/checkout@v4	2026-10-03T16:06:26.3894099Z [command]/usr/bin/git config --local --name-only --get-regexp http\.https\:\/\/github\.com\/\.extraheader
deploy	Post Run actions/checkout@v4	2026-10-03T16:06:26.3924236Z http.https://github.com/.extraheader
deploy	Post Run actions/checkout@v4	2026-10-03T16:06:26.3934142Z [command]/usr/bin/git config --local --unset-all http.https://github.com/.extraheader
deploy	Post Run actions/checkout@v4	2026-10-03T16:06:26.3969565Z [command]/usr/bin/git submodule foreach --recursive sh -c "git config --local --name-only --get-regexp 'http\.https\:\/\/github\.com\/\.extraheader' && git config --local --unset-all 'http.https://github.com/.extraheader' || :"
deploy	Post Run actions/checkout@v4	2026-10-03T16:06:26.4188542Z [command]/usr/bin/git config --local --name-only --get-regexp ^includeIf\.gitdir:
deploy	Post Run actions/checkout@v4	2026-10-03T16:06:26.4222886Z [command]/usr/bin/git submodule foreach --recursive git config --local --show-origin --name-only --get-regexp remote.origin.url
deploy	Complete job	﻿2026-10-03T16:06:26.4552892Z Cleaning up orphan processes
deploy	Complete job	2026-10-03T16:06:26.4799615Z ##[warning]Node.js 20 is deprecated. The following actions target Node.js 20 but are being forced to run on Node.js 24: actions/checkout@v4, actions/setup-node@v4. For more information see: https://github.blog/changelog/2025-09-19-deprecation-of-node-20-on-github-actions-runners/
