gate	Set up job	﻿2026-10-03T16:09:27.0797824Z Current runner version: '2.337.0'
gate	Set up job	2026-10-03T16:09:27.0817473Z ##[group]Runner Image Provisioner
gate	Set up job	2026-10-03T16:09:27.0818077Z Hosted Compute Agent
gate	Set up job	2026-10-03T16:09:27.0818543Z Version: 20260901.588
gate	Set up job	2026-10-03T16:09:27.0818925Z Commit: f88ec8081b781fac6c440065ac7ff9e710ce3d0b
gate	Set up job	2026-10-03T16:09:27.0819351Z Build Date: 2026-09-01T19:56:44Z
gate	Set up job	2026-10-03T16:09:27.0819865Z Worker ID: {3deb7b02-7a24-455b-a1a6-38b02f5d2aa9}
gate	Set up job	2026-10-03T16:09:27.0820315Z Azure Region: centralus
gate	Set up job	2026-10-03T16:09:27.0820727Z ##[endgroup]
gate	Set up job	2026-10-03T16:09:27.0821518Z ##[group]Operating System
gate	Set up job	2026-10-03T16:09:27.0821873Z Ubuntu
gate	Set up job	2026-10-03T16:09:27.0822268Z 24.04.5
gate	Set up job	2026-10-03T16:09:27.0822612Z LTS
gate	Set up job	2026-10-03T16:09:27.0823185Z ##[endgroup]
gate	Set up job	2026-10-03T16:09:27.0823532Z ##[group]Runner Image
gate	Set up job	2026-10-03T16:09:27.0823898Z Image: ubuntu-24.04
gate	Set up job	2026-10-03T16:09:27.0824320Z Version: 20260927.320.1
gate	Set up job	2026-10-03T16:09:27.0824961Z Included Software: https://github.com/actions/runner-images/blob/ubuntu24/20260927.320/images/ubuntu/Ubuntu2404-Readme.md
gate	Set up job	2026-10-03T16:09:27.0826001Z Image Release: https://github.com/actions/runner-images/releases/tag/ubuntu24%2F20260927.320
gate	Set up job	2026-10-03T16:09:27.0826559Z ##[endgroup]
gate	Set up job	2026-10-03T16:09:27.0827354Z ##[group]GITHUB_TOKEN Permissions
gate	Set up job	2026-10-03T16:09:27.0828596Z Contents: read
gate	Set up job	2026-10-03T16:09:27.0829037Z Metadata: read
gate	Set up job	2026-10-03T16:09:27.0829375Z ##[endgroup]
gate	Set up job	2026-10-03T16:09:27.0830810Z Secret source: Actions
gate	Set up job	2026-10-03T16:09:27.0831426Z Cache mode: write
gate	Set up job	2026-10-03T16:09:27.0831899Z Prepare workflow directory
gate	Set up job	2026-10-03T16:09:27.1047651Z Prepare all required actions
gate	Set up job	2026-10-03T16:09:27.1082131Z Getting action download info
gate	Set up job	2026-10-03T16:09:27.3480414Z Download action repository 'actions/checkout@v4' (SHA:11d5960a326750d5838078e36cf38b85af677262)
gate	Set up job	2026-10-03T16:09:27.4854842Z Complete job name: gate
gate	Run actions/checkout@v4	﻿2026-10-03T16:09:27.5304226Z ##[group]Run actions/checkout@v4
gate	Run actions/checkout@v4	2026-10-03T16:09:27.5304665Z with:
gate	Run actions/checkout@v4	2026-10-03T16:09:27.5304915Z   repository: nilesthump/IM-platform
gate	Run actions/checkout@v4	2026-10-03T16:09:27.5307044Z   token: ***
gate	Run actions/checkout@v4	2026-10-03T16:09:27.5307300Z   ssh-strict: true
gate	Run actions/checkout@v4	2026-10-03T16:09:27.5307544Z   ssh-user: git
gate	Run actions/checkout@v4	2026-10-03T16:09:27.5307793Z   persist-credentials: true
gate	Run actions/checkout@v4	2026-10-03T16:09:27.5308060Z   clean: true
gate	Run actions/checkout@v4	2026-10-03T16:09:27.5308309Z   sparse-checkout-cone-mode: true
gate	Run actions/checkout@v4	2026-10-03T16:09:27.5308594Z   fetch-depth: 1
gate	Run actions/checkout@v4	2026-10-03T16:09:27.5308832Z   fetch-tags: false
gate	Run actions/checkout@v4	2026-10-03T16:09:27.5309075Z   show-progress: true
gate	Run actions/checkout@v4	2026-10-03T16:09:27.5309322Z   lfs: false
gate	Run actions/checkout@v4	2026-10-03T16:09:27.5309551Z   submodules: false
gate	Run actions/checkout@v4	2026-10-03T16:09:27.5309797Z   set-safe-directory: true
gate	Run actions/checkout@v4	2026-10-03T16:09:27.5310074Z   allow-unsafe-pr-checkout: false
gate	Run actions/checkout@v4	2026-10-03T16:09:27.5310421Z ##[endgroup]
gate	Run actions/checkout@v4	2026-10-03T16:09:27.5975020Z Syncing repository: nilesthump/IM-platform
gate	Run actions/checkout@v4	2026-10-03T16:09:27.5976539Z ##[group]Getting Git version info
gate	Run actions/checkout@v4	2026-10-03T16:09:27.5977151Z Working directory is '/home/runner/work/IM-platform/IM-platform'
gate	Run actions/checkout@v4	2026-10-03T16:09:27.5978112Z [command]/usr/bin/git version
gate	Run actions/checkout@v4	2026-10-03T16:09:27.6034948Z git version 2.55.0
gate	Run actions/checkout@v4	2026-10-03T16:09:27.6048742Z ##[endgroup]
gate	Run actions/checkout@v4	2026-10-03T16:09:27.6058850Z Temporarily overriding HOME='/home/runner/work/_temp/e9940f38-1e13-4fed-a732-665fd434f200' before making global git config changes
gate	Run actions/checkout@v4	2026-10-03T16:09:27.6060114Z Adding repository directory to the temporary git global config as a safe directory
gate	Run actions/checkout@v4	2026-10-03T16:09:27.6062352Z [command]/usr/bin/git config --global --add safe.directory /home/runner/work/IM-platform/IM-platform
gate	Run actions/checkout@v4	2026-10-03T16:09:27.6111837Z Deleting the contents of '/home/runner/work/IM-platform/IM-platform'
gate	Run actions/checkout@v4	2026-10-03T16:09:27.6118015Z ##[group]Initializing the repository
gate	Run actions/checkout@v4	2026-10-03T16:09:27.6118657Z [command]/usr/bin/git init /home/runner/work/IM-platform/IM-platform
gate	Run actions/checkout@v4	2026-10-03T16:09:27.6236050Z hint: Using 'master' as the name for the initial branch. This default branch name
gate	Run actions/checkout@v4	2026-10-03T16:09:27.6243645Z hint: will change to "main" in Git 3.0. To configure the initial branch name
gate	Run actions/checkout@v4	2026-10-03T16:09:27.6244739Z hint: to use in all of your new repositories, which will suppress this warning,
gate	Run actions/checkout@v4	2026-10-03T16:09:27.6245549Z hint: call:
gate	Run actions/checkout@v4	2026-10-03T16:09:27.6246552Z hint:
gate	Run actions/checkout@v4	2026-10-03T16:09:27.6247098Z hint: 	git config --global init.defaultBranch <name>
gate	Run actions/checkout@v4	2026-10-03T16:09:27.6247601Z hint:
gate	Run actions/checkout@v4	2026-10-03T16:09:27.6248097Z hint: Names commonly chosen instead of 'master' are 'main', 'trunk' and
gate	Run actions/checkout@v4	2026-10-03T16:09:27.6248912Z hint: 'development'. The just-created branch can be renamed via this command:
gate	Run actions/checkout@v4	2026-10-03T16:09:27.6249320Z hint:
gate	Run actions/checkout@v4	2026-10-03T16:09:27.6249550Z hint: 	git branch -m <name>
gate	Run actions/checkout@v4	2026-10-03T16:09:27.6249803Z hint:
gate	Run actions/checkout@v4	2026-10-03T16:09:27.6250134Z hint: Disable this message with "git config set advice.defaultBranchName false"
gate	Run actions/checkout@v4	2026-10-03T16:09:27.6250692Z Initialized empty Git repository in /home/runner/work/IM-platform/IM-platform/.git/
gate	Run actions/checkout@v4	2026-10-03T16:09:27.6251920Z [command]/usr/bin/git remote add origin https://github.com/nilesthump/IM-platform
gate	Run actions/checkout@v4	2026-10-03T16:09:27.6302333Z ##[endgroup]
gate	Run actions/checkout@v4	2026-10-03T16:09:27.6303310Z ##[group]Disabling automatic garbage collection
gate	Run actions/checkout@v4	2026-10-03T16:09:27.6309016Z [command]/usr/bin/git config --local gc.auto 0
gate	Run actions/checkout@v4	2026-10-03T16:09:27.6339778Z ##[endgroup]
gate	Run actions/checkout@v4	2026-10-03T16:09:27.6340408Z ##[group]Setting up auth
gate	Run actions/checkout@v4	2026-10-03T16:09:27.6345097Z [command]/usr/bin/git config --local --name-only --get-regexp core\.sshCommand
gate	Run actions/checkout@v4	2026-10-03T16:09:27.6378733Z [command]/usr/bin/git submodule foreach --recursive sh -c "git config --local --name-only --get-regexp 'core\.sshCommand' && git config --local --unset-all 'core.sshCommand' || :"
gate	Run actions/checkout@v4	2026-10-03T16:09:27.6671063Z [command]/usr/bin/git config --local --name-only --get-regexp http\.https\:\/\/github\.com\/\.extraheader
gate	Run actions/checkout@v4	2026-10-03T16:09:27.6699102Z [command]/usr/bin/git submodule foreach --recursive sh -c "git config --local --name-only --get-regexp 'http\.https\:\/\/github\.com\/\.extraheader' && git config --local --unset-all 'http.https://github.com/.extraheader' || :"
gate	Run actions/checkout@v4	2026-10-03T16:09:27.6874582Z [command]/usr/bin/git config --local --name-only --get-regexp ^includeIf\.gitdir:
gate	Run actions/checkout@v4	2026-10-03T16:09:27.6903460Z [command]/usr/bin/git submodule foreach --recursive git config --local --show-origin --name-only --get-regexp remote.origin.url
gate	Run actions/checkout@v4	2026-10-03T16:09:27.7076154Z [command]/usr/bin/git config --local http.https://github.com/.extraheader AUTHORIZATION: basic ***
gate	Run actions/checkout@v4	2026-10-03T16:09:27.7110946Z ##[endgroup]
gate	Run actions/checkout@v4	2026-10-03T16:09:27.7111677Z ##[group]Fetching the repository
gate	Run actions/checkout@v4	2026-10-03T16:09:27.7117485Z [command]/usr/bin/git -c protocol.version=2 fetch --no-tags --prune --no-recurse-submodules --depth=1 origin +3c2265f52eae7962cac2166dee9bd1fc32bc6d1a:refs/remotes/pull/22/merge
gate	Run actions/checkout@v4	2026-10-03T16:09:29.8715635Z From https://github.com/nilesthump/IM-platform
gate	Run actions/checkout@v4	2026-10-03T16:09:29.8716643Z  * [new ref]         3c2265f52eae7962cac2166dee9bd1fc32bc6d1a -> pull/22/merge
gate	Run actions/checkout@v4	2026-10-03T16:09:29.8718487Z ##[endgroup]
gate	Run actions/checkout@v4	2026-10-03T16:09:29.8718962Z ##[group]Determining the checkout info
gate	Run actions/checkout@v4	2026-10-03T16:09:29.8720407Z ##[endgroup]
gate	Run actions/checkout@v4	2026-10-03T16:09:29.8725455Z [command]/usr/bin/git sparse-checkout disable
gate	Run actions/checkout@v4	2026-10-03T16:09:29.8819435Z [command]/usr/bin/git config --local --unset-all extensions.worktreeConfig
gate	Run actions/checkout@v4	2026-10-03T16:09:29.8849920Z ##[group]Checking out the ref
gate	Run actions/checkout@v4	2026-10-03T16:09:29.8853262Z [command]/usr/bin/git checkout --progress --force refs/remotes/pull/22/merge
gate	Run actions/checkout@v4	2026-10-03T16:09:30.3100026Z Note: switching to 'refs/remotes/pull/22/merge'.
gate	Run actions/checkout@v4	2026-10-03T16:09:30.3100655Z 
gate	Run actions/checkout@v4	2026-10-03T16:09:30.3100896Z You are in 'detached HEAD' state. You can look around, make experimental
gate	Run actions/checkout@v4	2026-10-03T16:09:30.3101399Z changes and commit them, and you can discard any commits you make in this
gate	Run actions/checkout@v4	2026-10-03T16:09:30.3101887Z state without impacting any branches by switching back to a branch.
gate	Run actions/checkout@v4	2026-10-03T16:09:30.3102173Z 
gate	Run actions/checkout@v4	2026-10-03T16:09:30.3102411Z If you want to create a new branch to retain commits you create, you may
gate	Run actions/checkout@v4	2026-10-03T16:09:30.3103093Z do so (now or later) by using -c with the switch command. Example:
gate	Run actions/checkout@v4	2026-10-03T16:09:30.3103423Z 
gate	Run actions/checkout@v4	2026-10-03T16:09:30.3103549Z   git switch -c <new-branch-name>
gate	Run actions/checkout@v4	2026-10-03T16:09:30.3103817Z 
gate	Run actions/checkout@v4	2026-10-03T16:09:30.3103964Z Or undo this operation with:
gate	Run actions/checkout@v4	2026-10-03T16:09:30.3104127Z 
gate	Run actions/checkout@v4	2026-10-03T16:09:30.3104234Z   git switch -
gate	Run actions/checkout@v4	2026-10-03T16:09:30.3104639Z 
gate	Run actions/checkout@v4	2026-10-03T16:09:30.3104920Z Turn off this advice by setting config variable advice.detachedHead to false
gate	Run actions/checkout@v4	2026-10-03T16:09:30.3105209Z 
gate	Run actions/checkout@v4	2026-10-03T16:09:30.3105557Z HEAD is now at 3c2265f Merge 8bcc7321bba05a70404d1e16bbd2fa0465da696f into 0fe4fccc3deacd492895967cff9cc40cf34321d4
gate	Run actions/checkout@v4	2026-10-03T16:09:30.3129962Z ##[endgroup]
gate	Run actions/checkout@v4	2026-10-03T16:09:30.3169800Z [command]/usr/bin/git log -1 --format=%H
gate	Run actions/checkout@v4	2026-10-03T16:09:30.3193886Z 3c2265f52eae7962cac2166dee9bd1fc32bc6d1a
gate	Require every selected job to pass	﻿2026-10-03T16:09:30.3388151Z ##[group]Run python3 ci/check_gate.py
gate	Require every selected job to pass	2026-10-03T16:09:30.3388609Z ^[[36;1mpython3 ci/check_gate.py^[[0m
gate	Require every selected job to pass	2026-10-03T16:09:30.3612764Z shell: /usr/bin/bash -e {0}
gate	Require every selected job to pass	2026-10-03T16:09:30.3613156Z env:
gate	Require every selected job to pass	2026-10-03T16:09:30.3614782Z   NEEDS_JSON: {
gate	Require every selected job to pass	  "classify": {
gate	Require every selected job to pass	    "result": "success",
gate	Require every selected job to pass	    "outputs": {
gate	Require every selected job to pass	      "desktop": "true",
gate	Require every selected job to pass	      "mobile": "true",
gate	Require every selected job to pass	      "shared": "true",
gate	Require every selected job to pass	      "plugin": "true",
gate	Require every selected job to pass	      "migration": "true",
gate	Require every selected job to pass	      "deploy": "true",
gate	Require every selected job to pass	      "java": "true",
gate	Require every selected job to pass	      "old_client": "true",
gate	Require every selected job to pass	      "compatibility": "true",
gate	Require every selected job to pass	      "architecture": "true",
gate	Require every selected job to pass	      "source_go": "true",
gate	Require every selected job to pass	      "source_java": "true",
gate	Require every selected job to pass	      "go": "true",
gate	Require every selected job to pass	      "web": "true"
gate	Require every selected job to pass	    }
gate	Require every selected job to pass	  },
gate	Require every selected job to pass	  "architecture": {
gate	Require every selected job to pass	    "result": "success",
gate	Require every selected job to pass	    "outputs": {}
gate	Require every selected job to pass	  },
gate	Require every selected job to pass	  "source_go": {
gate	Require every selected job to pass	    "result": "success",
gate	Require every selected job to pass	    "outputs": {}
gate	Require every selected job to pass	  },
gate	Require every selected job to pass	  "source_java": {
gate	Require every selected job to pass	    "result": "success",
gate	Require every selected job to pass	    "outputs": {}
gate	Require every selected job to pass	  },
gate	Require every selected job to pass	  "go": {
gate	Require every selected job to pass	    "result": "success",
gate	Require every selected job to pass	    "outputs": {}
gate	Require every selected job to pass	  },
gate	Require every selected job to pass	  "java": {
gate	Require every selected job to pass	    "result": "success",
gate	Require every selected job to pass	    "outputs": {}
gate	Require every selected job to pass	  },
gate	Require every selected job to pass	  "web": {
gate	Require every selected job to pass	    "result": "success",
gate	Require every selected job to pass	    "outputs": {}
gate	Require every selected job to pass	  },
gate	Require every selected job to pass	  "desktop": {
gate	Require every selected job to pass	    "result": "success",
gate	Require every selected job to pass	    "outputs": {}
gate	Require every selected job to pass	  },
gate	Require every selected job to pass	  "mobile": {
gate	Require every selected job to pass	    "result": "success",
gate	Require every selected job to pass	    "outputs": {}
gate	Require every selected job to pass	  },
gate	Require every selected job to pass	  "shared": {
gate	Require every selected job to pass	    "result": "success",
gate	Require every selected job to pass	    "outputs": {}
gate	Require every selected job to pass	  },
gate	Require every selected job to pass	  "compatibility": {
gate	Require every selected job to pass	    "result": "success",
gate	Require every selected job to pass	    "outputs": {}
gate	Require every selected job to pass	  },
gate	Require every selected job to pass	  "deploy": {
gate	Require every selected job to pass	    "result": "success",
gate	Require every selected job to pass	    "outputs": {}
gate	Require every selected job to pass	  }
gate	Require every selected job to pass	}
gate	Require every selected job to pass	2026-10-03T16:09:30.3616774Z   PYTHONDONTWRITEBYTECODE: 1
gate	Require every selected job to pass	2026-10-03T16:09:30.3616951Z ##[endgroup]
gate	Require every selected job to pass	2026-10-03T16:09:30.3846449Z PASS: every selected CI job succeeded
gate	Post Run actions/checkout@v4	﻿2026-10-03T16:09:30.3961919Z Post job cleanup.
gate	Post Run actions/checkout@v4	2026-10-03T16:09:30.4612896Z [command]/usr/bin/git version
gate	Post Run actions/checkout@v4	2026-10-03T16:09:30.4631625Z git version 2.55.0
gate	Post Run actions/checkout@v4	2026-10-03T16:09:30.4655637Z Temporarily overriding HOME='/home/runner/work/_temp/4e9bfa69-d6e1-4a08-bc7e-78f4db0f46f4' before making global git config changes
gate	Post Run actions/checkout@v4	2026-10-03T16:09:30.4656430Z Adding repository directory to the temporary git global config as a safe directory
gate	Post Run actions/checkout@v4	2026-10-03T16:09:30.4658888Z [command]/usr/bin/git config --global --add safe.directory /home/runner/work/IM-platform/IM-platform
gate	Post Run actions/checkout@v4	2026-10-03T16:09:30.4695441Z [command]/usr/bin/git config --local --name-only --get-regexp core\.sshCommand
gate	Post Run actions/checkout@v4	2026-10-03T16:09:30.4726460Z [command]/usr/bin/git submodule foreach --recursive sh -c "git config --local --name-only --get-regexp 'core\.sshCommand' && git config --local --unset-all 'core.sshCommand' || :"
gate	Post Run actions/checkout@v4	2026-10-03T16:09:30.4934177Z [command]/usr/bin/git config --local --name-only --get-regexp http\.https\:\/\/github\.com\/\.extraheader
gate	Post Run actions/checkout@v4	2026-10-03T16:09:30.4965211Z http.https://github.com/.extraheader
gate	Post Run actions/checkout@v4	2026-10-03T16:09:30.4974870Z [command]/usr/bin/git config --local --unset-all http.https://github.com/.extraheader
gate	Post Run actions/checkout@v4	2026-10-03T16:09:30.5007647Z [command]/usr/bin/git submodule foreach --recursive sh -c "git config --local --name-only --get-regexp 'http\.https\:\/\/github\.com\/\.extraheader' && git config --local --unset-all 'http.https://github.com/.extraheader' || :"
gate	Post Run actions/checkout@v4	2026-10-03T16:09:30.5214472Z [command]/usr/bin/git config --local --name-only --get-regexp ^includeIf\.gitdir:
gate	Post Run actions/checkout@v4	2026-10-03T16:09:30.5245153Z [command]/usr/bin/git submodule foreach --recursive git config --local --show-origin --name-only --get-regexp remote.origin.url
gate	Complete job	﻿2026-10-03T16:09:30.5557931Z Cleaning up orphan processes
gate	Complete job	2026-10-03T16:09:30.5777130Z ##[warning]Node.js 20 is deprecated. The following actions target Node.js 20 but are being forced to run on Node.js 24: actions/checkout@v4. For more information see: https://github.blog/changelog/2025-09-19-deprecation-of-node-20-on-github-actions-runners/
