java	Set up job	﻿2026-10-03T16:04:56.5014415Z Current runner version: '2.337.0'
java	Set up job	2026-10-03T16:04:56.5043505Z ##[group]Runner Image Provisioner
java	Set up job	2026-10-03T16:04:56.5044679Z Hosted Compute Agent
java	Set up job	2026-10-03T16:04:56.5045498Z Version: 20260901.588
java	Set up job	2026-10-03T16:04:56.5046259Z Commit: f88ec8081b781fac6c440065ac7ff9e710ce3d0b
java	Set up job	2026-10-03T16:04:56.5047182Z Build Date: 2026-09-01T19:56:44Z
java	Set up job	2026-10-03T16:04:56.5048075Z Worker ID: {ba6ccdf8-7958-401d-aba6-d3e2360b75ba}
java	Set up job	2026-10-03T16:04:56.5048964Z Azure Region: eastus
java	Set up job	2026-10-03T16:04:56.5049712Z ##[endgroup]
java	Set up job	2026-10-03T16:04:56.5051365Z ##[group]Operating System
java	Set up job	2026-10-03T16:04:56.5052367Z Ubuntu
java	Set up job	2026-10-03T16:04:56.5052981Z 24.04.5
java	Set up job	2026-10-03T16:04:56.5053611Z LTS
java	Set up job	2026-10-03T16:04:56.5054304Z ##[endgroup]
java	Set up job	2026-10-03T16:04:56.5054967Z ##[group]Runner Image
java	Set up job	2026-10-03T16:04:56.5055800Z Image: ubuntu-24.04
java	Set up job	2026-10-03T16:04:56.5056474Z Version: 20260927.320.1
java	Set up job	2026-10-03T16:04:56.5057876Z Included Software: https://github.com/actions/runner-images/blob/ubuntu24/20260927.320/images/ubuntu/Ubuntu2404-Readme.md
java	Set up job	2026-10-03T16:04:56.5060017Z Image Release: https://github.com/actions/runner-images/releases/tag/ubuntu24%2F20260927.320
java	Set up job	2026-10-03T16:04:56.5061346Z ##[endgroup]
java	Set up job	2026-10-03T16:04:56.5062800Z ##[group]GITHUB_TOKEN Permissions
java	Set up job	2026-10-03T16:04:56.5065167Z Contents: read
java	Set up job	2026-10-03T16:04:56.5065891Z Metadata: read
java	Set up job	2026-10-03T16:04:56.5066626Z ##[endgroup]
java	Set up job	2026-10-03T16:04:56.5068873Z Secret source: Actions
java	Set up job	2026-10-03T16:04:56.5070103Z Cache mode: write
java	Set up job	2026-10-03T16:04:56.5070902Z Prepare workflow directory
java	Set up job	2026-10-03T16:04:56.5421871Z Prepare all required actions
java	Set up job	2026-10-03T16:04:56.5476381Z Getting action download info
java	Set up job	2026-10-03T16:04:56.7467719Z Download action repository 'actions/checkout@v4' (SHA:11d5960a326750d5838078e36cf38b85af677262)
java	Set up job	2026-10-03T16:04:57.0146439Z Download action repository 'actions/setup-java@v4' (SHA:cf277c60eb25467037889841efdb72551f06f6c3)
java	Set up job	2026-10-03T16:04:57.9300311Z Complete job name: java
java	Run actions/checkout@v4	﻿2026-10-03T16:04:57.9911291Z ##[group]Run actions/checkout@v4
java	Run actions/checkout@v4	2026-10-03T16:04:57.9912255Z with:
java	Run actions/checkout@v4	2026-10-03T16:04:57.9912740Z   repository: nilesthump/IM-platform
java	Run actions/checkout@v4	2026-10-03T16:04:57.9916106Z   token: ***
java	Run actions/checkout@v4	2026-10-03T16:04:57.9916535Z   ssh-strict: true
java	Run actions/checkout@v4	2026-10-03T16:04:57.9916971Z   ssh-user: git
java	Run actions/checkout@v4	2026-10-03T16:04:57.9917413Z   persist-credentials: true
java	Run actions/checkout@v4	2026-10-03T16:04:57.9917898Z   clean: true
java	Run actions/checkout@v4	2026-10-03T16:04:57.9918337Z   sparse-checkout-cone-mode: true
java	Run actions/checkout@v4	2026-10-03T16:04:57.9918845Z   fetch-depth: 1
java	Run actions/checkout@v4	2026-10-03T16:04:57.9919279Z   fetch-tags: false
java	Run actions/checkout@v4	2026-10-03T16:04:57.9919717Z   show-progress: true
java	Run actions/checkout@v4	2026-10-03T16:04:57.9920158Z   lfs: false
java	Run actions/checkout@v4	2026-10-03T16:04:57.9920571Z   submodules: false
java	Run actions/checkout@v4	2026-10-03T16:04:57.9921029Z   set-safe-directory: true
java	Run actions/checkout@v4	2026-10-03T16:04:57.9921667Z   allow-unsafe-pr-checkout: false
java	Run actions/checkout@v4	2026-10-03T16:04:57.9922366Z ##[endgroup]
java	Run actions/checkout@v4	2026-10-03T16:04:58.0764416Z Syncing repository: nilesthump/IM-platform
java	Run actions/checkout@v4	2026-10-03T16:04:58.0766950Z ##[group]Getting Git version info
java	Run actions/checkout@v4	2026-10-03T16:04:58.0768042Z Working directory is '/home/runner/work/IM-platform/IM-platform'
java	Run actions/checkout@v4	2026-10-03T16:04:58.0769312Z [command]/usr/bin/git version
java	Run actions/checkout@v4	2026-10-03T16:04:58.0818288Z git version 2.55.0
java	Run actions/checkout@v4	2026-10-03T16:04:58.0836459Z ##[endgroup]
java	Run actions/checkout@v4	2026-10-03T16:04:58.0850565Z Temporarily overriding HOME='/home/runner/work/_temp/1ba203fe-7807-4564-ba7a-c05a0ff36e65' before making global git config changes
java	Run actions/checkout@v4	2026-10-03T16:04:58.0853020Z Adding repository directory to the temporary git global config as a safe directory
java	Run actions/checkout@v4	2026-10-03T16:04:58.0856817Z [command]/usr/bin/git config --global --add safe.directory /home/runner/work/IM-platform/IM-platform
java	Run actions/checkout@v4	2026-10-03T16:04:58.0996672Z Deleting the contents of '/home/runner/work/IM-platform/IM-platform'
java	Run actions/checkout@v4	2026-10-03T16:04:58.1001842Z ##[group]Initializing the repository
java	Run actions/checkout@v4	2026-10-03T16:04:58.1005678Z [command]/usr/bin/git init /home/runner/work/IM-platform/IM-platform
java	Run actions/checkout@v4	2026-10-03T16:04:58.1248302Z hint: Using 'master' as the name for the initial branch. This default branch name
java	Run actions/checkout@v4	2026-10-03T16:04:58.1250448Z hint: will change to "main" in Git 3.0. To configure the initial branch name
java	Run actions/checkout@v4	2026-10-03T16:04:58.1252077Z hint: to use in all of your new repositories, which will suppress this warning,
java	Run actions/checkout@v4	2026-10-03T16:04:58.1253510Z hint: call:
java	Run actions/checkout@v4	2026-10-03T16:04:58.1254698Z hint:
java	Run actions/checkout@v4	2026-10-03T16:04:58.1255743Z hint: 	git config --global init.defaultBranch <name>
java	Run actions/checkout@v4	2026-10-03T16:04:58.1256656Z hint:
java	Run actions/checkout@v4	2026-10-03T16:04:58.1257358Z hint: Names commonly chosen instead of 'master' are 'main', 'trunk' and
java	Run actions/checkout@v4	2026-10-03T16:04:58.1258579Z hint: 'development'. The just-created branch can be renamed via this command:
java	Run actions/checkout@v4	2026-10-03T16:04:58.1259349Z hint:
java	Run actions/checkout@v4	2026-10-03T16:04:58.1259751Z hint: 	git branch -m <name>
java	Run actions/checkout@v4	2026-10-03T16:04:58.1260199Z hint:
java	Run actions/checkout@v4	2026-10-03T16:04:58.1260784Z hint: Disable this message with "git config set advice.defaultBranchName false"
java	Run actions/checkout@v4	2026-10-03T16:04:58.1262503Z Initialized empty Git repository in /home/runner/work/IM-platform/IM-platform/.git/
java	Run actions/checkout@v4	2026-10-03T16:04:58.1264932Z [command]/usr/bin/git remote add origin https://github.com/nilesthump/IM-platform
java	Run actions/checkout@v4	2026-10-03T16:04:58.1657486Z ##[endgroup]
java	Run actions/checkout@v4	2026-10-03T16:04:58.1658810Z ##[group]Disabling automatic garbage collection
java	Run actions/checkout@v4	2026-10-03T16:04:58.1661265Z [command]/usr/bin/git config --local gc.auto 0
java	Run actions/checkout@v4	2026-10-03T16:04:58.1876776Z ##[endgroup]
java	Run actions/checkout@v4	2026-10-03T16:04:58.1877978Z ##[group]Setting up auth
java	Run actions/checkout@v4	2026-10-03T16:04:58.1883067Z [command]/usr/bin/git config --local --name-only --get-regexp core\.sshCommand
java	Run actions/checkout@v4	2026-10-03T16:04:58.1914102Z [command]/usr/bin/git submodule foreach --recursive sh -c "git config --local --name-only --get-regexp 'core\.sshCommand' && git config --local --unset-all 'core.sshCommand' || :"
java	Run actions/checkout@v4	2026-10-03T16:04:58.2237457Z [command]/usr/bin/git config --local --name-only --get-regexp http\.https\:\/\/github\.com\/\.extraheader
java	Run actions/checkout@v4	2026-10-03T16:04:58.2267737Z [command]/usr/bin/git submodule foreach --recursive sh -c "git config --local --name-only --get-regexp 'http\.https\:\/\/github\.com\/\.extraheader' && git config --local --unset-all 'http.https://github.com/.extraheader' || :"
java	Run actions/checkout@v4	2026-10-03T16:04:58.2460429Z [command]/usr/bin/git config --local --name-only --get-regexp ^includeIf\.gitdir:
java	Run actions/checkout@v4	2026-10-03T16:04:58.2489898Z [command]/usr/bin/git submodule foreach --recursive git config --local --show-origin --name-only --get-regexp remote.origin.url
java	Run actions/checkout@v4	2026-10-03T16:04:58.2677568Z [command]/usr/bin/git config --local http.https://github.com/.extraheader AUTHORIZATION: basic ***
java	Run actions/checkout@v4	2026-10-03T16:04:58.3344989Z ##[endgroup]
java	Run actions/checkout@v4	2026-10-03T16:04:58.3346425Z ##[group]Fetching the repository
java	Run actions/checkout@v4	2026-10-03T16:04:58.3353518Z [command]/usr/bin/git -c protocol.version=2 fetch --no-tags --prune --no-recurse-submodules --depth=1 origin +3c2265f52eae7962cac2166dee9bd1fc32bc6d1a:refs/remotes/pull/22/merge
java	Run actions/checkout@v4	2026-10-03T16:05:00.1483048Z From https://github.com/nilesthump/IM-platform
java	Run actions/checkout@v4	2026-10-03T16:05:00.1484441Z  * [new ref]         3c2265f52eae7962cac2166dee9bd1fc32bc6d1a -> pull/22/merge
java	Run actions/checkout@v4	2026-10-03T16:05:00.1486741Z ##[endgroup]
java	Run actions/checkout@v4	2026-10-03T16:05:00.1487618Z ##[group]Determining the checkout info
java	Run actions/checkout@v4	2026-10-03T16:05:00.1488489Z ##[endgroup]
java	Run actions/checkout@v4	2026-10-03T16:05:00.1494000Z [command]/usr/bin/git sparse-checkout disable
java	Run actions/checkout@v4	2026-10-03T16:05:00.1537346Z [command]/usr/bin/git config --local --unset-all extensions.worktreeConfig
java	Run actions/checkout@v4	2026-10-03T16:05:00.1566697Z ##[group]Checking out the ref
java	Run actions/checkout@v4	2026-10-03T16:05:00.1569928Z [command]/usr/bin/git checkout --progress --force refs/remotes/pull/22/merge
java	Run actions/checkout@v4	2026-10-03T16:05:00.6166481Z Note: switching to 'refs/remotes/pull/22/merge'.
java	Run actions/checkout@v4	2026-10-03T16:05:00.6167158Z 
java	Run actions/checkout@v4	2026-10-03T16:05:00.6167520Z You are in 'detached HEAD' state. You can look around, make experimental
java	Run actions/checkout@v4	2026-10-03T16:05:00.6168349Z changes and commit them, and you can discard any commits you make in this
java	Run actions/checkout@v4	2026-10-03T16:05:00.6169232Z state without impacting any branches by switching back to a branch.
java	Run actions/checkout@v4	2026-10-03T16:05:00.6169671Z 
java	Run actions/checkout@v4	2026-10-03T16:05:00.6170051Z If you want to create a new branch to retain commits you create, you may
java	Run actions/checkout@v4	2026-10-03T16:05:00.6170799Z do so (now or later) by using -c with the switch command. Example:
java	Run actions/checkout@v4	2026-10-03T16:05:00.6171261Z 
java	Run actions/checkout@v4	2026-10-03T16:05:00.6171463Z   git switch -c <new-branch-name>
java	Run actions/checkout@v4	2026-10-03T16:05:00.6172104Z 
java	Run actions/checkout@v4	2026-10-03T16:05:00.6172720Z Or undo this operation with:
java	Run actions/checkout@v4	2026-10-03T16:05:00.6173118Z 
java	Run actions/checkout@v4	2026-10-03T16:05:00.6173318Z   git switch -
java	Run actions/checkout@v4	2026-10-03T16:05:00.6173633Z 
java	Run actions/checkout@v4	2026-10-03T16:05:00.6174069Z Turn off this advice by setting config variable advice.detachedHead to false
java	Run actions/checkout@v4	2026-10-03T16:05:00.6181277Z 
java	Run actions/checkout@v4	2026-10-03T16:05:00.6182028Z HEAD is now at 3c2265f Merge 8bcc7321bba05a70404d1e16bbd2fa0465da696f into 0fe4fccc3deacd492895967cff9cc40cf34321d4
java	Run actions/checkout@v4	2026-10-03T16:05:00.6227498Z ##[endgroup]
java	Run actions/checkout@v4	2026-10-03T16:05:00.6229858Z [command]/usr/bin/git log -1 --format=%H
java	Run actions/checkout@v4	2026-10-03T16:05:00.6253323Z 3c2265f52eae7962cac2166dee9bd1fc32bc6d1a
java	Run actions/setup-java@v4	﻿2026-10-03T16:05:00.6565926Z ##[group]Run actions/setup-java@v4
java	Run actions/setup-java@v4	2026-10-03T16:05:00.6566224Z with:
java	Run actions/setup-java@v4	2026-10-03T16:05:00.6566447Z   distribution: temurin
java	Run actions/setup-java@v4	2026-10-03T16:05:00.6566664Z   java-version: 21
java	Run actions/setup-java@v4	2026-10-03T16:05:00.6566878Z   java-package: jdk
java	Run actions/setup-java@v4	2026-10-03T16:05:00.6567086Z   check-latest: false
java	Run actions/setup-java@v4	2026-10-03T16:05:00.6567290Z   server-id: github
java	Run actions/setup-java@v4	2026-10-03T16:05:00.6567530Z   server-username: GITHUB_ACTOR
java	Run actions/setup-java@v4	2026-10-03T16:05:00.6567793Z   server-password: GITHUB_TOKEN
java	Run actions/setup-java@v4	2026-10-03T16:05:00.6568032Z   overwrite-settings: true
java	Run actions/setup-java@v4	2026-10-03T16:05:00.6568260Z   job-status: success
java	Run actions/setup-java@v4	2026-10-03T16:05:00.6570258Z   token: ***
java	Run actions/setup-java@v4	2026-10-03T16:05:00.6570472Z ##[endgroup]
java	Run actions/setup-java@v4	2026-10-03T16:05:00.7894849Z ##[warning]setup-java v4 is deprecated and will no longer receive updates. Please migrate to actions/setup-java@v5.
java	Run actions/setup-java@v4	2026-10-03T16:05:00.7901868Z ##[group]Installed distributions
java	Run actions/setup-java@v4	2026-10-03T16:05:00.7931219Z Resolved Java 21.0.12+1 from tool-cache
java	Run actions/setup-java@v4	2026-10-03T16:05:00.7931866Z Setting Java 21.0.12+1 as the default
java	Run actions/setup-java@v4	2026-10-03T16:05:00.7939987Z (node:2090) [DEP0040] DeprecationWarning: The `punycode` module is deprecated. Please use a userland alternative instead.
java	Run actions/setup-java@v4	2026-10-03T16:05:00.7940809Z (Use `node --trace-deprecation ...` to show where the warning was created)
java	Run actions/setup-java@v4	2026-10-03T16:05:00.7943097Z Creating toolchains.xml for JDK version 21 from temurin
java	Run actions/setup-java@v4	2026-10-03T16:05:00.7997666Z Writing to /home/runner/.m2/toolchains.xml
java	Run actions/setup-java@v4	2026-10-03T16:05:00.7998141Z 
java	Run actions/setup-java@v4	2026-10-03T16:05:00.7998285Z Java configuration:
java	Run actions/setup-java@v4	2026-10-03T16:05:00.7998635Z   Distribution: temurin
java	Run actions/setup-java@v4	2026-10-03T16:05:00.7998985Z   Version: 21.0.12+1
java	Run actions/setup-java@v4	2026-10-03T16:05:00.7999457Z   Path: /opt/hostedtoolcache/Java_Temurin-Hotspot_jdk/21.0.12-1/x64
java	Run actions/setup-java@v4	2026-10-03T16:05:00.7999843Z 
java	Run actions/setup-java@v4	2026-10-03T16:05:00.8000375Z ##[endgroup]
java	Run actions/setup-java@v4	2026-10-03T16:05:00.8018878Z Creating settings.xml with server-id: github
java	Run actions/setup-java@v4	2026-10-03T16:05:00.8042993Z Writing to /home/runner/.m2/settings.xml
java	Java S0 compile	﻿2026-10-03T16:05:00.8197076Z ##[group]Run python3 ci/check_s0_boundary.py java
java	Java S0 compile	2026-10-03T16:05:00.8197505Z ^[[36;1mpython3 ci/check_s0_boundary.py java^[[0m
java	Java S0 compile	2026-10-03T16:05:00.8197888Z ^[[36;1mjavac -d "$RUNNER_TEMP" backend/java/InfraPlaceholder.java^[[0m
java	Java S0 compile	2026-10-03T16:05:00.8426969Z shell: /usr/bin/bash -e {0}
java	Java S0 compile	2026-10-03T16:05:00.8427316Z env:
java	Java S0 compile	2026-10-03T16:05:00.8427652Z   JAVA_HOME: /opt/hostedtoolcache/Java_Temurin-Hotspot_jdk/21.0.12-1/x64
java	Java S0 compile	2026-10-03T16:05:00.8428130Z   JAVA_HOME_21_X64: /opt/hostedtoolcache/Java_Temurin-Hotspot_jdk/21.0.12-1/x64
java	Java S0 compile	2026-10-03T16:05:00.8428502Z ##[endgroup]
java	Post Run actions/setup-java@v4	﻿2026-10-03T16:05:03.0270170Z Post job cleanup.
java	Post Run actions/setup-java@v4	2026-10-03T16:05:03.1342730Z (node:2131) [DEP0040] DeprecationWarning: The `punycode` module is deprecated. Please use a userland alternative instead.
java	Post Run actions/setup-java@v4	2026-10-03T16:05:03.1343385Z (Use `node --trace-deprecation ...` to show where the warning was created)
java	Post Run actions/checkout@v4	﻿2026-10-03T16:05:03.1503027Z Post job cleanup.
java	Post Run actions/checkout@v4	2026-10-03T16:05:03.2195080Z [command]/usr/bin/git version
java	Post Run actions/checkout@v4	2026-10-03T16:05:03.2223200Z git version 2.55.0
java	Post Run actions/checkout@v4	2026-10-03T16:05:03.2254353Z Temporarily overriding HOME='/home/runner/work/_temp/5734f54e-d1da-4156-bf9c-1db1e900373f' before making global git config changes
java	Post Run actions/checkout@v4	2026-10-03T16:05:03.2255586Z Adding repository directory to the temporary git global config as a safe directory
java	Post Run actions/checkout@v4	2026-10-03T16:05:03.2258875Z [command]/usr/bin/git config --global --add safe.directory /home/runner/work/IM-platform/IM-platform
java	Post Run actions/checkout@v4	2026-10-03T16:05:03.2295464Z [command]/usr/bin/git config --local --name-only --get-regexp core\.sshCommand
java	Post Run actions/checkout@v4	2026-10-03T16:05:03.2328319Z [command]/usr/bin/git submodule foreach --recursive sh -c "git config --local --name-only --get-regexp 'core\.sshCommand' && git config --local --unset-all 'core.sshCommand' || :"
java	Post Run actions/checkout@v4	2026-10-03T16:05:03.2583603Z [command]/usr/bin/git config --local --name-only --get-regexp http\.https\:\/\/github\.com\/\.extraheader
java	Post Run actions/checkout@v4	2026-10-03T16:05:03.2609865Z http.https://github.com/.extraheader
java	Post Run actions/checkout@v4	2026-10-03T16:05:03.2621072Z [command]/usr/bin/git config --local --unset-all http.https://github.com/.extraheader
java	Post Run actions/checkout@v4	2026-10-03T16:05:03.2651379Z [command]/usr/bin/git submodule foreach --recursive sh -c "git config --local --name-only --get-regexp 'http\.https\:\/\/github\.com\/\.extraheader' && git config --local --unset-all 'http.https://github.com/.extraheader' || :"
java	Post Run actions/checkout@v4	2026-10-03T16:05:03.2925535Z [command]/usr/bin/git config --local --name-only --get-regexp ^includeIf\.gitdir:
java	Post Run actions/checkout@v4	2026-10-03T16:05:03.2954886Z [command]/usr/bin/git submodule foreach --recursive git config --local --show-origin --name-only --get-regexp remote.origin.url
java	Complete job	﻿2026-10-03T16:05:03.3351840Z Cleaning up orphan processes
java	Complete job	2026-10-03T16:05:03.3586772Z ##[warning]Node.js 20 is deprecated. The following actions target Node.js 20 but are being forced to run on Node.js 24: actions/checkout@v4, actions/setup-java@v4. For more information see: https://github.blog/changelog/2025-09-19-deprecation-of-node-20-on-github-actions-runners/
