shared	Set up job	﻿2026-10-03T16:04:56.1151856Z Current runner version: '2.337.0'
shared	Set up job	2026-10-03T16:04:56.1171342Z ##[group]Runner Image Provisioner
shared	Set up job	2026-10-03T16:04:56.1171898Z Hosted Compute Agent
shared	Set up job	2026-10-03T16:04:56.1172321Z Version: 20260901.588
shared	Set up job	2026-10-03T16:04:56.1172701Z Commit: f88ec8081b781fac6c440065ac7ff9e710ce3d0b
shared	Set up job	2026-10-03T16:04:56.1173125Z Build Date: 2026-09-01T19:56:44Z
shared	Set up job	2026-10-03T16:04:56.1173643Z Worker ID: {77e7d030-af2d-4647-85cb-20a45b025075}
shared	Set up job	2026-10-03T16:04:56.1174066Z Azure Region: centralus
shared	Set up job	2026-10-03T16:04:56.1174453Z ##[endgroup]
shared	Set up job	2026-10-03T16:04:56.1175214Z ##[group]Operating System
shared	Set up job	2026-10-03T16:04:56.1175570Z Ubuntu
shared	Set up job	2026-10-03T16:04:56.1175975Z 24.04.5
shared	Set up job	2026-10-03T16:04:56.1176287Z LTS
shared	Set up job	2026-10-03T16:04:56.1176626Z ##[endgroup]
shared	Set up job	2026-10-03T16:04:56.1176970Z ##[group]Runner Image
shared	Set up job	2026-10-03T16:04:56.1177342Z Image: ubuntu-24.04
shared	Set up job	2026-10-03T16:04:56.1177782Z Version: 20260927.320.1
shared	Set up job	2026-10-03T16:04:56.1178526Z Included Software: https://github.com/actions/runner-images/blob/ubuntu24/20260927.320/images/ubuntu/Ubuntu2404-Readme.md
shared	Set up job	2026-10-03T16:04:56.1179578Z Image Release: https://github.com/actions/runner-images/releases/tag/ubuntu24%2F20260927.320
shared	Set up job	2026-10-03T16:04:56.1180139Z ##[endgroup]
shared	Set up job	2026-10-03T16:04:56.1180934Z ##[group]GITHUB_TOKEN Permissions
shared	Set up job	2026-10-03T16:04:56.1182160Z Contents: read
shared	Set up job	2026-10-03T16:04:56.1182572Z Metadata: read
shared	Set up job	2026-10-03T16:04:56.1182911Z ##[endgroup]
shared	Set up job	2026-10-03T16:04:56.1184316Z Secret source: Actions
shared	Set up job	2026-10-03T16:04:56.1184860Z Cache mode: write
shared	Set up job	2026-10-03T16:04:56.1185338Z Prepare workflow directory
shared	Set up job	2026-10-03T16:04:56.1438221Z Prepare all required actions
shared	Set up job	2026-10-03T16:04:56.1470283Z Getting action download info
shared	Set up job	2026-10-03T16:04:56.3691314Z Download action repository 'actions/checkout@v4' (SHA:11d5960a326750d5838078e36cf38b85af677262)
shared	Set up job	2026-10-03T16:04:56.4440521Z Download action repository 'actions/setup-node@v4' (SHA:49933ea5288caeca8642d1e84afbd3f7d6820020)
shared	Set up job	2026-10-03T16:04:56.6254747Z Complete job name: shared
shared	Run actions/checkout@v4	﻿2026-10-03T16:04:56.6721863Z ##[group]Run actions/checkout@v4
shared	Run actions/checkout@v4	2026-10-03T16:04:56.6722299Z with:
shared	Run actions/checkout@v4	2026-10-03T16:04:56.6722576Z   ref: 8bcc7321bba05a70404d1e16bbd2fa0465da696f
shared	Run actions/checkout@v4	2026-10-03T16:04:56.6722912Z   repository: nilesthump/IM-platform
shared	Run actions/checkout@v4	2026-10-03T16:04:56.6725043Z   token: ***
shared	Run actions/checkout@v4	2026-10-03T16:04:56.6725275Z   ssh-strict: true
shared	Run actions/checkout@v4	2026-10-03T16:04:56.6725512Z   ssh-user: git
shared	Run actions/checkout@v4	2026-10-03T16:04:56.6725752Z   persist-credentials: true
shared	Run actions/checkout@v4	2026-10-03T16:04:56.6726015Z   clean: true
shared	Run actions/checkout@v4	2026-10-03T16:04:56.6726260Z   sparse-checkout-cone-mode: true
shared	Run actions/checkout@v4	2026-10-03T16:04:56.6726544Z   fetch-depth: 1
shared	Run actions/checkout@v4	2026-10-03T16:04:56.6726777Z   fetch-tags: false
shared	Run actions/checkout@v4	2026-10-03T16:04:56.6727017Z   show-progress: true
shared	Run actions/checkout@v4	2026-10-03T16:04:56.6727259Z   lfs: false
shared	Run actions/checkout@v4	2026-10-03T16:04:56.6727489Z   submodules: false
shared	Run actions/checkout@v4	2026-10-03T16:04:56.6727734Z   set-safe-directory: true
shared	Run actions/checkout@v4	2026-10-03T16:04:56.6728006Z   allow-unsafe-pr-checkout: false
shared	Run actions/checkout@v4	2026-10-03T16:04:56.6728350Z env:
shared	Run actions/checkout@v4	2026-10-03T16:04:56.6728751Z   PYTHONDONTWRITEBYTECODE: 1
shared	Run actions/checkout@v4	2026-10-03T16:04:56.6729015Z ##[endgroup]
shared	Run actions/checkout@v4	2026-10-03T16:04:56.7394169Z Syncing repository: nilesthump/IM-platform
shared	Run actions/checkout@v4	2026-10-03T16:04:56.7395537Z ##[group]Getting Git version info
shared	Run actions/checkout@v4	2026-10-03T16:04:56.7395965Z Working directory is '/home/runner/work/IM-platform/IM-platform'
shared	Run actions/checkout@v4	2026-10-03T16:04:56.7396622Z [command]/usr/bin/git version
shared	Run actions/checkout@v4	2026-10-03T16:04:56.7464908Z git version 2.55.0
shared	Run actions/checkout@v4	2026-10-03T16:04:56.7483975Z ##[endgroup]
shared	Run actions/checkout@v4	2026-10-03T16:04:56.7495566Z Temporarily overriding HOME='/home/runner/work/_temp/d18ebde6-8002-4485-ab0f-178e143a83b7' before making global git config changes
shared	Run actions/checkout@v4	2026-10-03T16:04:56.7500138Z Adding repository directory to the temporary git global config as a safe directory
shared	Run actions/checkout@v4	2026-10-03T16:04:56.7500740Z [command]/usr/bin/git config --global --add safe.directory /home/runner/work/IM-platform/IM-platform
shared	Run actions/checkout@v4	2026-10-03T16:04:56.7550642Z Deleting the contents of '/home/runner/work/IM-platform/IM-platform'
shared	Run actions/checkout@v4	2026-10-03T16:04:56.7555371Z ##[group]Initializing the repository
shared	Run actions/checkout@v4	2026-10-03T16:04:56.7558323Z [command]/usr/bin/git init /home/runner/work/IM-platform/IM-platform
shared	Run actions/checkout@v4	2026-10-03T16:04:56.7669492Z hint: Using 'master' as the name for the initial branch. This default branch name
shared	Run actions/checkout@v4	2026-10-03T16:04:56.7670660Z hint: will change to "main" in Git 3.0. To configure the initial branch name
shared	Run actions/checkout@v4	2026-10-03T16:04:56.7671599Z hint: to use in all of your new repositories, which will suppress this warning,
shared	Run actions/checkout@v4	2026-10-03T16:04:56.7672133Z hint: call:
shared	Run actions/checkout@v4	2026-10-03T16:04:56.7672463Z hint:
shared	Run actions/checkout@v4	2026-10-03T16:04:56.7672976Z hint: 	git config --global init.defaultBranch <name>
shared	Run actions/checkout@v4	2026-10-03T16:04:56.7673613Z hint:
shared	Run actions/checkout@v4	2026-10-03T16:04:56.7674127Z hint: Names commonly chosen instead of 'master' are 'main', 'trunk' and
shared	Run actions/checkout@v4	2026-10-03T16:04:56.7674754Z hint: 'development'. The just-created branch can be renamed via this command:
shared	Run actions/checkout@v4	2026-10-03T16:04:56.7675377Z hint:
shared	Run actions/checkout@v4	2026-10-03T16:04:56.7675836Z hint: 	git branch -m <name>
shared	Run actions/checkout@v4	2026-10-03T16:04:56.7676337Z hint:
shared	Run actions/checkout@v4	2026-10-03T16:04:56.7677011Z hint: Disable this message with "git config set advice.defaultBranchName false"
shared	Run actions/checkout@v4	2026-10-03T16:04:56.7678176Z Initialized empty Git repository in /home/runner/work/IM-platform/IM-platform/.git/
shared	Run actions/checkout@v4	2026-10-03T16:04:56.7685427Z [command]/usr/bin/git remote add origin https://github.com/nilesthump/IM-platform
shared	Run actions/checkout@v4	2026-10-03T16:04:56.7733088Z ##[endgroup]
shared	Run actions/checkout@v4	2026-10-03T16:04:56.7733772Z ##[group]Disabling automatic garbage collection
shared	Run actions/checkout@v4	2026-10-03T16:04:56.7736270Z [command]/usr/bin/git config --local gc.auto 0
shared	Run actions/checkout@v4	2026-10-03T16:04:56.7774908Z ##[endgroup]
shared	Run actions/checkout@v4	2026-10-03T16:04:56.7775654Z ##[group]Setting up auth
shared	Run actions/checkout@v4	2026-10-03T16:04:56.7780968Z [command]/usr/bin/git config --local --name-only --get-regexp core\.sshCommand
shared	Run actions/checkout@v4	2026-10-03T16:04:56.7814976Z [command]/usr/bin/git submodule foreach --recursive sh -c "git config --local --name-only --get-regexp 'core\.sshCommand' && git config --local --unset-all 'core.sshCommand' || :"
shared	Run actions/checkout@v4	2026-10-03T16:04:56.8120384Z [command]/usr/bin/git config --local --name-only --get-regexp http\.https\:\/\/github\.com\/\.extraheader
shared	Run actions/checkout@v4	2026-10-03T16:04:56.8149173Z [command]/usr/bin/git submodule foreach --recursive sh -c "git config --local --name-only --get-regexp 'http\.https\:\/\/github\.com\/\.extraheader' && git config --local --unset-all 'http.https://github.com/.extraheader' || :"
shared	Run actions/checkout@v4	2026-10-03T16:04:56.8317440Z [command]/usr/bin/git config --local --name-only --get-regexp ^includeIf\.gitdir:
shared	Run actions/checkout@v4	2026-10-03T16:04:56.8345617Z [command]/usr/bin/git submodule foreach --recursive git config --local --show-origin --name-only --get-regexp remote.origin.url
shared	Run actions/checkout@v4	2026-10-03T16:04:56.8514313Z [command]/usr/bin/git config --local http.https://github.com/.extraheader AUTHORIZATION: basic ***
shared	Run actions/checkout@v4	2026-10-03T16:04:56.8547220Z ##[endgroup]
shared	Run actions/checkout@v4	2026-10-03T16:04:56.8547907Z ##[group]Fetching the repository
shared	Run actions/checkout@v4	2026-10-03T16:04:56.8554009Z [command]/usr/bin/git -c protocol.version=2 fetch --no-tags --prune --no-recurse-submodules --depth=1 origin 8bcc7321bba05a70404d1e16bbd2fa0465da696f
shared	Run actions/checkout@v4	2026-10-03T16:04:59.5084374Z From https://github.com/nilesthump/IM-platform
shared	Run actions/checkout@v4	2026-10-03T16:04:59.5086017Z  * branch            8bcc7321bba05a70404d1e16bbd2fa0465da696f -> FETCH_HEAD
shared	Run actions/checkout@v4	2026-10-03T16:04:59.5090076Z ##[endgroup]
shared	Run actions/checkout@v4	2026-10-03T16:04:59.5091419Z ##[group]Determining the checkout info
shared	Run actions/checkout@v4	2026-10-03T16:04:59.5092859Z ##[endgroup]
shared	Run actions/checkout@v4	2026-10-03T16:04:59.5094005Z [command]/usr/bin/git sparse-checkout disable
shared	Run actions/checkout@v4	2026-10-03T16:04:59.5393462Z [command]/usr/bin/git config --local --unset-all extensions.worktreeConfig
shared	Run actions/checkout@v4	2026-10-03T16:04:59.5482610Z ##[group]Checking out the ref
shared	Run actions/checkout@v4	2026-10-03T16:04:59.5485533Z [command]/usr/bin/git checkout --progress --force 8bcc7321bba05a70404d1e16bbd2fa0465da696f
shared	Run actions/checkout@v4	2026-10-03T16:04:59.9930455Z Note: switching to '8bcc7321bba05a70404d1e16bbd2fa0465da696f'.
shared	Run actions/checkout@v4	2026-10-03T16:04:59.9931017Z 
shared	Run actions/checkout@v4	2026-10-03T16:04:59.9931230Z You are in 'detached HEAD' state. You can look around, make experimental
shared	Run actions/checkout@v4	2026-10-03T16:04:59.9931676Z changes and commit them, and you can discard any commits you make in this
shared	Run actions/checkout@v4	2026-10-03T16:04:59.9932127Z state without impacting any branches by switching back to a branch.
shared	Run actions/checkout@v4	2026-10-03T16:04:59.9932387Z 
shared	Run actions/checkout@v4	2026-10-03T16:04:59.9932595Z If you want to create a new branch to retain commits you create, you may
shared	Run actions/checkout@v4	2026-10-03T16:04:59.9933069Z do so (now or later) by using -c with the switch command. Example:
shared	Run actions/checkout@v4	2026-10-03T16:04:59.9933636Z 
shared	Run actions/checkout@v4	2026-10-03T16:04:59.9933755Z   git switch -c <new-branch-name>
shared	Run actions/checkout@v4	2026-10-03T16:04:59.9933926Z 
shared	Run actions/checkout@v4	2026-10-03T16:04:59.9934051Z Or undo this operation with:
shared	Run actions/checkout@v4	2026-10-03T16:04:59.9934212Z 
shared	Run actions/checkout@v4	2026-10-03T16:04:59.9934310Z   git switch -
shared	Run actions/checkout@v4	2026-10-03T16:04:59.9934465Z 
shared	Run actions/checkout@v4	2026-10-03T16:04:59.9934717Z Turn off this advice by setting config variable advice.detachedHead to false
shared	Run actions/checkout@v4	2026-10-03T16:04:59.9934979Z 
shared	Run actions/checkout@v4	2026-10-03T16:04:59.9935193Z HEAD is now at 8bcc732 docs(sync): complete original Fix prompt evidence archive
shared	Run actions/checkout@v4	2026-10-03T16:04:59.9962921Z ##[endgroup]
shared	Run actions/checkout@v4	2026-10-03T16:05:00.0003251Z [command]/usr/bin/git log -1 --format=%H
shared	Run actions/checkout@v4	2026-10-03T16:05:00.0026504Z 8bcc7321bba05a70404d1e16bbd2fa0465da696f
shared	Run actions/setup-node@v4	﻿2026-10-03T16:05:00.0240673Z ##[group]Run actions/setup-node@v4
shared	Run actions/setup-node@v4	2026-10-03T16:05:00.0240903Z with:
shared	Run actions/setup-node@v4	2026-10-03T16:05:00.0241048Z   node-version: 22
shared	Run actions/setup-node@v4	2026-10-03T16:05:00.0241193Z   always-auth: false
shared	Run actions/setup-node@v4	2026-10-03T16:05:00.0241341Z   check-latest: false
shared	Run actions/setup-node@v4	2026-10-03T16:05:00.0243022Z   token: ***
shared	Run actions/setup-node@v4	2026-10-03T16:05:00.0243157Z env:
shared	Run actions/setup-node@v4	2026-10-03T16:05:00.0243320Z   PYTHONDONTWRITEBYTECODE: 1
shared	Run actions/setup-node@v4	2026-10-03T16:05:00.0243481Z ##[endgroup]
shared	Run actions/setup-node@v4	2026-10-03T16:05:00.1199880Z Found in cache @ /opt/hostedtoolcache/node/22.23.3/x64
shared	Run actions/setup-node@v4	2026-10-03T16:05:00.1202806Z (node:2069) [DEP0040] DeprecationWarning: The `punycode` module is deprecated. Please use a userland alternative instead.
shared	Run actions/setup-node@v4	2026-10-03T16:05:00.1203220Z (Use `node --trace-deprecation ...` to show where the warning was created)
shared	Run actions/setup-node@v4	2026-10-03T16:05:00.1204767Z ##[group]Environment details
shared	Run actions/setup-node@v4	2026-10-03T16:05:00.4829139Z node: v22.23.3
shared	Run actions/setup-node@v4	2026-10-03T16:05:00.4829634Z npm: 10.9.9
shared	Run actions/setup-node@v4	2026-10-03T16:05:00.4829819Z yarn: 1.22.22
shared	Run actions/setup-node@v4	2026-10-03T16:05:00.4830597Z ##[endgroup]
shared	Actual shared TypeScript storage compile	﻿2026-10-03T16:05:00.5043168Z ##[group]Run python3 -B tools/verify_client_sqlite.py --scope shared
shared	Actual shared TypeScript storage compile	2026-10-03T16:05:00.5043701Z ^[[36;1mpython3 -B tools/verify_client_sqlite.py --scope shared^[[0m
shared	Actual shared TypeScript storage compile	2026-10-03T16:05:00.5044061Z ^[[36;1mpython3 -B tools/verify_client_send.py --scope shared^[[0m
shared	Actual shared TypeScript storage compile	2026-10-03T16:05:00.5044388Z ^[[36;1mpython3 -B tools/verify_client_sync.py --scope shared^[[0m
shared	Actual shared TypeScript storage compile	2026-10-03T16:05:00.5452211Z shell: /usr/bin/bash -e {0}
shared	Actual shared TypeScript storage compile	2026-10-03T16:05:00.5452437Z env:
shared	Actual shared TypeScript storage compile	2026-10-03T16:05:00.5452579Z   PYTHONDONTWRITEBYTECODE: 1
shared	Actual shared TypeScript storage compile	2026-10-03T16:05:00.5452729Z ##[endgroup]
shared	Actual shared TypeScript storage compile	2026-10-03T16:05:00.5786089Z + npm --prefix clients/shared/protocol-sdk ci --ignore-scripts --no-audit --no-fund
shared	Actual shared TypeScript storage compile	2026-10-03T16:05:02.7002496Z 
shared	Actual shared TypeScript storage compile	2026-10-03T16:05:02.7003236Z added 1 package in 2s
shared	Actual shared TypeScript storage compile	2026-10-03T16:05:02.7326803Z + npm --prefix clients/shared/protocol-sdk run build
shared	Actual shared TypeScript storage compile	2026-10-03T16:05:02.7926096Z 
shared	Actual shared TypeScript storage compile	2026-10-03T16:05:02.7926722Z > @im/protocol-sdk@0.1.0 build
shared	Actual shared TypeScript storage compile	2026-10-03T16:05:02.7926996Z > tsc -p tsconfig.json
shared	Actual shared TypeScript storage compile	2026-10-03T16:05:02.7927089Z 
shared	Actual shared TypeScript storage compile	2026-10-03T16:05:03.7139558Z PASS: shared TypeScript compile (behavior exercised by Desktop SQLx and Android jobs)
shared	Actual shared TypeScript storage compile	2026-10-03T16:05:03.7405225Z + npm --prefix clients/shared/protocol-sdk ci --ignore-scripts --no-audit --no-fund
shared	Actual shared TypeScript storage compile	2026-10-03T16:05:04.0052281Z 
shared	Actual shared TypeScript storage compile	2026-10-03T16:05:04.0052993Z added 1 package in 232ms
shared	Actual shared TypeScript storage compile	2026-10-03T16:05:04.0134899Z + npm --prefix clients/shared/protocol-sdk run build
shared	Actual shared TypeScript storage compile	2026-10-03T16:05:04.0707665Z 
shared	Actual shared TypeScript storage compile	2026-10-03T16:05:04.0708690Z > @im/protocol-sdk@0.1.0 build
shared	Actual shared TypeScript storage compile	2026-10-03T16:05:04.0709213Z > tsc -p tsconfig.json
shared	Actual shared TypeScript storage compile	2026-10-03T16:05:04.0709353Z 
shared	Actual shared TypeScript storage compile	2026-10-03T16:05:04.9666853Z + node tests/clients/send/shared.mjs
shared	Actual shared TypeScript storage compile	2026-10-03T16:05:04.9923929Z PASS: strict schema fields, duplicate keys, exact integer lexemes, invalid frames, escaped content
shared	Actual shared TypeScript storage compile	2026-10-03T16:05:05.0261259Z + npm --prefix clients/shared/protocol-sdk ci --ignore-scripts --no-audit --no-fund
shared	Actual shared TypeScript storage compile	2026-10-03T16:05:05.3095706Z 
shared	Actual shared TypeScript storage compile	2026-10-03T16:05:05.3096437Z added 1 package in 248ms
shared	Actual shared TypeScript storage compile	2026-10-03T16:05:05.3206617Z + npm --prefix clients/shared/protocol-sdk run build
shared	Actual shared TypeScript storage compile	2026-10-03T16:05:05.3824921Z 
shared	Actual shared TypeScript storage compile	2026-10-03T16:05:05.3825464Z > @im/protocol-sdk@0.1.0 build
shared	Actual shared TypeScript storage compile	2026-10-03T16:05:05.3825732Z > tsc -p tsconfig.json
shared	Actual shared TypeScript storage compile	2026-10-03T16:05:05.3825822Z 
shared	Actual shared TypeScript storage compile	2026-10-03T16:05:06.2862104Z + node tests/clients/sync/shared.mjs
shared	Actual shared TypeScript storage compile	2026-10-03T16:05:06.4145378Z PASS: exact Sync correlation/shapes/gap/progress/kinds/numbers, 100x4096 escaped/literal Unicode bounded transport, strict nonstring Sync/WSS enums and WSS bound regression
shared	HTTP, WSS, Sync and Plugin contracts	﻿2026-10-03T16:05:06.4438115Z ##[group]Run ./contracts/http/verify-auth-user-friend.ps1
shared	HTTP, WSS, Sync and Plugin contracts	2026-10-03T16:05:06.4438733Z ^[[36;1m./contracts/http/verify-auth-user-friend.ps1^[[0m
shared	HTTP, WSS, Sync and Plugin contracts	2026-10-03T16:05:06.4439066Z ^[[36;1mif ($LASTEXITCODE -ne 0) { exit $LASTEXITCODE }^[[0m
shared	HTTP, WSS, Sync and Plugin contracts	2026-10-03T16:05:06.4439386Z ^[[36;1mpython3 -B tools/verify_sync_transport.py^[[0m
shared	HTTP, WSS, Sync and Plugin contracts	2026-10-03T16:05:06.4439692Z ^[[36;1mif ($LASTEXITCODE -ne 0) { exit $LASTEXITCODE }^[[0m
shared	HTTP, WSS, Sync and Plugin contracts	2026-10-03T16:05:06.4440116Z ^[[36;1mpython3 -B -m unittest discover -s tests/contract -p test_sync_transport.py^[[0m
shared	HTTP, WSS, Sync and Plugin contracts	2026-10-03T16:05:06.4440509Z ^[[36;1mif ($LASTEXITCODE -ne 0) { exit $LASTEXITCODE }^[[0m
shared	HTTP, WSS, Sync and Plugin contracts	2026-10-03T16:05:06.4440796Z ^[[36;1mpython3 contracts/websocket/verify.py^[[0m
shared	HTTP, WSS, Sync and Plugin contracts	2026-10-03T16:05:06.4441075Z ^[[36;1mif ($LASTEXITCODE -ne 0) { exit $LASTEXITCODE }^[[0m
shared	HTTP, WSS, Sync and Plugin contracts	2026-10-03T16:05:06.4441363Z ^[[36;1mpython3 contracts/plugin-api/verify.py^[[0m
shared	HTTP, WSS, Sync and Plugin contracts	2026-10-03T16:05:06.4441640Z ^[[36;1mexit $LASTEXITCODE^[[0m
shared	HTTP, WSS, Sync and Plugin contracts	2026-10-03T16:05:06.4469728Z shell: /usr/bin/pwsh -command ". '{0}'"
shared	HTTP, WSS, Sync and Plugin contracts	2026-10-03T16:05:06.4469921Z env:
shared	HTTP, WSS, Sync and Plugin contracts	2026-10-03T16:05:06.4470110Z   PYTHONDONTWRITEBYTECODE: 1
shared	HTTP, WSS, Sync and Plugin contracts	2026-10-03T16:05:06.4470257Z ##[endgroup]
shared	HTTP, WSS, Sync and Plugin contracts	2026-10-03T16:05:13.6590283Z PASS: Auth/User/Friend contracts verified paths=9 operations=9 error_codes=15 positive=6 negative=21 profiles=go,java schema_lint=OAI-OpenAPI-3.1-2026-08-03 mutation_regressions=15.
shared	HTTP, WSS, Sync and Plugin contracts	2026-10-03T16:05:13.7212655Z PASS: canonical external refs, HTTPS/Auth/error/pagination binding and official OpenAPI 3.1 lint; no runtime acceptance claimed
shared	HTTP, WSS, Sync and Plugin contracts	2026-10-03T16:05:13.7871888Z ....
shared	HTTP, WSS, Sync and Plugin contracts	2026-10-03T16:05:13.7872676Z ----------------------------------------------------------------------
shared	HTTP, WSS, Sync and Plugin contracts	2026-10-03T16:05:13.7873215Z Ran 4 tests in 0.008s
shared	HTTP, WSS, Sync and Plugin contracts	2026-10-03T16:05:13.7873544Z 
shared	HTTP, WSS, Sync and Plugin contracts	2026-10-03T16:05:13.7873792Z OK
shared	HTTP, WSS, Sync and Plugin contracts	2026-10-03T16:05:13.8440890Z PASS WSS v1: 8 positive, 10 negative shared Go/Java scenarios; 18 schema and 26 behavior mutations rejected
shared	HTTP, WSS, Sync and Plugin contracts	2026-10-03T16:05:13.8892737Z PASS: Sync/Plugin v1 schemas, 79 distinct Go/Java outcome artifacts (22 positive, 57 negative), SP-A-001..013, 16 mutation controls
shared	Post Run actions/setup-node@v4	﻿2026-10-03T16:05:13.9558240Z Post job cleanup.
shared	Post Run actions/setup-node@v4	2026-10-03T16:05:14.0388616Z (node:2320) [DEP0040] DeprecationWarning: The `punycode` module is deprecated. Please use a userland alternative instead.
shared	Post Run actions/setup-node@v4	2026-10-03T16:05:14.0389183Z (Use `node --trace-deprecation ...` to show where the warning was created)
shared	Post Run actions/checkout@v4	﻿2026-10-03T16:05:14.0552751Z Post job cleanup.
shared	Post Run actions/checkout@v4	2026-10-03T16:05:14.1124968Z [command]/usr/bin/git version
shared	Post Run actions/checkout@v4	2026-10-03T16:05:14.1158101Z git version 2.55.0
shared	Post Run actions/checkout@v4	2026-10-03T16:05:14.1183180Z Temporarily overriding HOME='/home/runner/work/_temp/fa211c32-ac8e-4687-9d43-d96137be1364' before making global git config changes
shared	Post Run actions/checkout@v4	2026-10-03T16:05:14.1183805Z Adding repository directory to the temporary git global config as a safe directory
shared	Post Run actions/checkout@v4	2026-10-03T16:05:14.1186718Z [command]/usr/bin/git config --global --add safe.directory /home/runner/work/IM-platform/IM-platform
shared	Post Run actions/checkout@v4	2026-10-03T16:05:14.1217689Z [command]/usr/bin/git config --local --name-only --get-regexp core\.sshCommand
shared	Post Run actions/checkout@v4	2026-10-03T16:05:14.1244397Z [command]/usr/bin/git submodule foreach --recursive sh -c "git config --local --name-only --get-regexp 'core\.sshCommand' && git config --local --unset-all 'core.sshCommand' || :"
shared	Post Run actions/checkout@v4	2026-10-03T16:05:14.1467239Z [command]/usr/bin/git config --local --name-only --get-regexp http\.https\:\/\/github\.com\/\.extraheader
shared	Post Run actions/checkout@v4	2026-10-03T16:05:14.1509674Z http.https://github.com/.extraheader
shared	Post Run actions/checkout@v4	2026-10-03T16:05:14.1511029Z [command]/usr/bin/git config --local --unset-all http.https://github.com/.extraheader
shared	Post Run actions/checkout@v4	2026-10-03T16:05:14.1550288Z [command]/usr/bin/git submodule foreach --recursive sh -c "git config --local --name-only --get-regexp 'http\.https\:\/\/github\.com\/\.extraheader' && git config --local --unset-all 'http.https://github.com/.extraheader' || :"
shared	Post Run actions/checkout@v4	2026-10-03T16:05:14.1746824Z [command]/usr/bin/git config --local --name-only --get-regexp ^includeIf\.gitdir:
shared	Post Run actions/checkout@v4	2026-10-03T16:05:14.1781403Z [command]/usr/bin/git submodule foreach --recursive git config --local --show-origin --name-only --get-regexp remote.origin.url
shared	Complete job	﻿2026-10-03T16:05:14.2103228Z Cleaning up orphan processes
shared	Complete job	2026-10-03T16:05:14.2329503Z ##[warning]Node.js 20 is deprecated. The following actions target Node.js 20 but are being forced to run on Node.js 24: actions/checkout@v4, actions/setup-node@v4. For more information see: https://github.blog/changelog/2025-09-19-deprecation-of-node-20-on-github-actions-runners/
