source_java	Set up job	﻿2026-10-03T16:04:56.7566182Z Current runner version: '2.337.0'
source_java	Set up job	2026-10-03T16:04:56.7594743Z ##[group]Runner Image Provisioner
source_java	Set up job	2026-10-03T16:04:56.7596095Z Hosted Compute Agent
source_java	Set up job	2026-10-03T16:04:56.7596914Z Version: 20260901.588
source_java	Set up job	2026-10-03T16:04:56.7597926Z Commit: f88ec8081b781fac6c440065ac7ff9e710ce3d0b
source_java	Set up job	2026-10-03T16:04:56.7599140Z Build Date: 2026-09-01T19:56:44Z
source_java	Set up job	2026-10-03T16:04:56.7600085Z Worker ID: {e52838a3-780b-453d-ae03-a2f380ca79c1}
source_java	Set up job	2026-10-03T16:04:56.7601103Z Azure Region: westcentralus
source_java	Set up job	2026-10-03T16:04:56.7601970Z ##[endgroup]
source_java	Set up job	2026-10-03T16:04:56.7603904Z ##[group]Operating System
source_java	Set up job	2026-10-03T16:04:56.7604873Z Ubuntu
source_java	Set up job	2026-10-03T16:04:56.7605536Z 24.04.5
source_java	Set up job	2026-10-03T16:04:56.7606073Z LTS
source_java	Set up job	2026-10-03T16:04:56.7606593Z ##[endgroup]
source_java	Set up job	2026-10-03T16:04:56.7607138Z ##[group]Runner Image
source_java	Set up job	2026-10-03T16:04:56.7607978Z Image: ubuntu-24.04
source_java	Set up job	2026-10-03T16:04:56.7608602Z Version: 20260927.320.1
source_java	Set up job	2026-10-03T16:04:56.7609636Z Included Software: https://github.com/actions/runner-images/blob/ubuntu24/20260927.320/images/ubuntu/Ubuntu2404-Readme.md
source_java	Set up job	2026-10-03T16:04:56.7611366Z Image Release: https://github.com/actions/runner-images/releases/tag/ubuntu24%2F20260927.320
source_java	Set up job	2026-10-03T16:04:56.7612313Z ##[endgroup]
source_java	Set up job	2026-10-03T16:04:56.7613435Z ##[group]GITHUB_TOKEN Permissions
source_java	Set up job	2026-10-03T16:04:56.7615795Z Contents: read
source_java	Set up job	2026-10-03T16:04:56.7616388Z Metadata: read
source_java	Set up job	2026-10-03T16:04:56.7616988Z ##[endgroup]
source_java	Set up job	2026-10-03T16:04:56.7619303Z Secret source: Actions
source_java	Set up job	2026-10-03T16:04:56.7620186Z Cache mode: write
source_java	Set up job	2026-10-03T16:04:56.7621151Z Prepare workflow directory
source_java	Set up job	2026-10-03T16:04:56.7985251Z Prepare all required actions
source_java	Set up job	2026-10-03T16:04:56.8037115Z Getting action download info
source_java	Set up job	2026-10-03T16:04:57.1161725Z Download action repository 'actions/checkout@v4' (SHA:11d5960a326750d5838078e36cf38b85af677262)
source_java	Set up job	2026-10-03T16:04:57.3049361Z Complete job name: source_java
source_java	Run actions/checkout@v4	﻿2026-10-03T16:04:57.3706453Z ##[group]Run actions/checkout@v4
source_java	Run actions/checkout@v4	2026-10-03T16:04:57.3707385Z with:
source_java	Run actions/checkout@v4	2026-10-03T16:04:57.3708210Z   repository: nilesthump/IM-platform
source_java	Run actions/checkout@v4	2026-10-03T16:04:57.3712011Z   token: ***
source_java	Run actions/checkout@v4	2026-10-03T16:04:57.3712602Z   ssh-strict: true
source_java	Run actions/checkout@v4	2026-10-03T16:04:57.3713148Z   ssh-user: git
source_java	Run actions/checkout@v4	2026-10-03T16:04:57.3713677Z   persist-credentials: true
source_java	Run actions/checkout@v4	2026-10-03T16:04:57.3714343Z   clean: true
source_java	Run actions/checkout@v4	2026-10-03T16:04:57.3714911Z   sparse-checkout-cone-mode: true
source_java	Run actions/checkout@v4	2026-10-03T16:04:57.3715520Z   fetch-depth: 1
source_java	Run actions/checkout@v4	2026-10-03T16:04:57.3716030Z   fetch-tags: false
source_java	Run actions/checkout@v4	2026-10-03T16:04:57.3716546Z   show-progress: true
source_java	Run actions/checkout@v4	2026-10-03T16:04:57.3717191Z   lfs: false
source_java	Run actions/checkout@v4	2026-10-03T16:04:57.3717864Z   submodules: false
source_java	Run actions/checkout@v4	2026-10-03T16:04:57.3718427Z   set-safe-directory: true
source_java	Run actions/checkout@v4	2026-10-03T16:04:57.3719022Z   allow-unsafe-pr-checkout: false
source_java	Run actions/checkout@v4	2026-10-03T16:04:57.3719814Z env:
source_java	Run actions/checkout@v4	2026-10-03T16:04:57.3720371Z   PYTHONDONTWRITEBYTECODE: 1
source_java	Run actions/checkout@v4	2026-10-03T16:04:57.3720965Z ##[endgroup]
source_java	Run actions/checkout@v4	2026-10-03T16:04:57.4742089Z Syncing repository: nilesthump/IM-platform
source_java	Run actions/checkout@v4	2026-10-03T16:04:57.4744407Z ##[group]Getting Git version info
source_java	Run actions/checkout@v4	2026-10-03T16:04:57.4745470Z Working directory is '/home/runner/work/IM-platform/IM-platform'
source_java	Run actions/checkout@v4	2026-10-03T16:04:57.4746985Z [command]/usr/bin/git version
source_java	Run actions/checkout@v4	2026-10-03T16:04:57.4833638Z git version 2.55.0
source_java	Run actions/checkout@v4	2026-10-03T16:04:57.4864147Z ##[endgroup]
source_java	Run actions/checkout@v4	2026-10-03T16:04:57.4874356Z Temporarily overriding HOME='/home/runner/work/_temp/a6ccf2dc-1689-4e91-8530-732b1c5bb64c' before making global git config changes
source_java	Run actions/checkout@v4	2026-10-03T16:04:57.4876559Z Adding repository directory to the temporary git global config as a safe directory
source_java	Run actions/checkout@v4	2026-10-03T16:04:57.4878684Z [command]/usr/bin/git config --global --add safe.directory /home/runner/work/IM-platform/IM-platform
source_java	Run actions/checkout@v4	2026-10-03T16:04:57.4931551Z Deleting the contents of '/home/runner/work/IM-platform/IM-platform'
source_java	Run actions/checkout@v4	2026-10-03T16:04:57.4934735Z ##[group]Initializing the repository
source_java	Run actions/checkout@v4	2026-10-03T16:04:57.4940667Z [command]/usr/bin/git init /home/runner/work/IM-platform/IM-platform
source_java	Run actions/checkout@v4	2026-10-03T16:04:57.5042707Z hint: Using 'master' as the name for the initial branch. This default branch name
source_java	Run actions/checkout@v4	2026-10-03T16:04:57.5045401Z hint: will change to "main" in Git 3.0. To configure the initial branch name
source_java	Run actions/checkout@v4	2026-10-03T16:04:57.5047288Z hint: to use in all of your new repositories, which will suppress this warning,
source_java	Run actions/checkout@v4	2026-10-03T16:04:57.5049330Z hint: call:
source_java	Run actions/checkout@v4	2026-10-03T16:04:57.5050177Z hint:
source_java	Run actions/checkout@v4	2026-10-03T16:04:57.5051304Z hint: 	git config --global init.defaultBranch <name>
source_java	Run actions/checkout@v4	2026-10-03T16:04:57.5052416Z hint:
source_java	Run actions/checkout@v4	2026-10-03T16:04:57.5053517Z hint: Names commonly chosen instead of 'master' are 'main', 'trunk' and
source_java	Run actions/checkout@v4	2026-10-03T16:04:57.5056035Z hint: 'development'. The just-created branch can be renamed via this command:
source_java	Run actions/checkout@v4	2026-10-03T16:04:57.5057300Z hint:
source_java	Run actions/checkout@v4	2026-10-03T16:04:57.5058552Z hint: 	git branch -m <name>
source_java	Run actions/checkout@v4	2026-10-03T16:04:57.5059404Z hint:
source_java	Run actions/checkout@v4	2026-10-03T16:04:57.5060515Z hint: Disable this message with "git config set advice.defaultBranchName false"
source_java	Run actions/checkout@v4	2026-10-03T16:04:57.5062807Z Initialized empty Git repository in /home/runner/work/IM-platform/IM-platform/.git/
source_java	Run actions/checkout@v4	2026-10-03T16:04:57.5065760Z [command]/usr/bin/git remote add origin https://github.com/nilesthump/IM-platform
source_java	Run actions/checkout@v4	2026-10-03T16:04:57.5117202Z ##[endgroup]
source_java	Run actions/checkout@v4	2026-10-03T16:04:57.5118797Z ##[group]Disabling automatic garbage collection
source_java	Run actions/checkout@v4	2026-10-03T16:04:57.5120379Z [command]/usr/bin/git config --local gc.auto 0
source_java	Run actions/checkout@v4	2026-10-03T16:04:57.5153867Z ##[endgroup]
source_java	Run actions/checkout@v4	2026-10-03T16:04:57.5155401Z ##[group]Setting up auth
source_java	Run actions/checkout@v4	2026-10-03T16:04:57.5159982Z [command]/usr/bin/git config --local --name-only --get-regexp core\.sshCommand
source_java	Run actions/checkout@v4	2026-10-03T16:04:57.5193284Z [command]/usr/bin/git submodule foreach --recursive sh -c "git config --local --name-only --get-regexp 'core\.sshCommand' && git config --local --unset-all 'core.sshCommand' || :"
source_java	Run actions/checkout@v4	2026-10-03T16:04:57.5536311Z [command]/usr/bin/git config --local --name-only --get-regexp http\.https\:\/\/github\.com\/\.extraheader
source_java	Run actions/checkout@v4	2026-10-03T16:04:57.5569278Z [command]/usr/bin/git submodule foreach --recursive sh -c "git config --local --name-only --get-regexp 'http\.https\:\/\/github\.com\/\.extraheader' && git config --local --unset-all 'http.https://github.com/.extraheader' || :"
source_java	Run actions/checkout@v4	2026-10-03T16:04:57.5770869Z [command]/usr/bin/git config --local --name-only --get-regexp ^includeIf\.gitdir:
source_java	Run actions/checkout@v4	2026-10-03T16:04:57.5801853Z [command]/usr/bin/git submodule foreach --recursive git config --local --show-origin --name-only --get-regexp remote.origin.url
source_java	Run actions/checkout@v4	2026-10-03T16:04:57.5986564Z [command]/usr/bin/git config --local http.https://github.com/.extraheader AUTHORIZATION: basic ***
source_java	Run actions/checkout@v4	2026-10-03T16:04:57.6025329Z ##[endgroup]
source_java	Run actions/checkout@v4	2026-10-03T16:04:57.6026443Z ##[group]Fetching the repository
source_java	Run actions/checkout@v4	2026-10-03T16:04:57.6034189Z [command]/usr/bin/git -c protocol.version=2 fetch --no-tags --prune --no-recurse-submodules --depth=1 origin +3c2265f52eae7962cac2166dee9bd1fc32bc6d1a:refs/remotes/pull/22/merge
source_java	Run actions/checkout@v4	2026-10-03T16:05:00.1741007Z From https://github.com/nilesthump/IM-platform
source_java	Run actions/checkout@v4	2026-10-03T16:05:00.1743497Z  * [new ref]         3c2265f52eae7962cac2166dee9bd1fc32bc6d1a -> pull/22/merge
source_java	Run actions/checkout@v4	2026-10-03T16:05:00.1749421Z ##[endgroup]
source_java	Run actions/checkout@v4	2026-10-03T16:05:00.1751913Z ##[group]Determining the checkout info
source_java	Run actions/checkout@v4	2026-10-03T16:05:00.1754744Z ##[endgroup]
source_java	Run actions/checkout@v4	2026-10-03T16:05:00.1756163Z [command]/usr/bin/git sparse-checkout disable
source_java	Run actions/checkout@v4	2026-10-03T16:05:00.1808882Z [command]/usr/bin/git config --local --unset-all extensions.worktreeConfig
source_java	Run actions/checkout@v4	2026-10-03T16:05:00.1852223Z ##[group]Checking out the ref
source_java	Run actions/checkout@v4	2026-10-03T16:05:00.1854232Z [command]/usr/bin/git checkout --progress --force refs/remotes/pull/22/merge
source_java	Run actions/checkout@v4	2026-10-03T16:05:00.6747027Z Note: switching to 'refs/remotes/pull/22/merge'.
source_java	Run actions/checkout@v4	2026-10-03T16:05:00.6748383Z 
source_java	Run actions/checkout@v4	2026-10-03T16:05:00.6748819Z You are in 'detached HEAD' state. You can look around, make experimental
source_java	Run actions/checkout@v4	2026-10-03T16:05:00.6749656Z changes and commit them, and you can discard any commits you make in this
source_java	Run actions/checkout@v4	2026-10-03T16:05:00.6750576Z state without impacting any branches by switching back to a branch.
source_java	Run actions/checkout@v4	2026-10-03T16:05:00.6751040Z 
source_java	Run actions/checkout@v4	2026-10-03T16:05:00.6751393Z If you want to create a new branch to retain commits you create, you may
source_java	Run actions/checkout@v4	2026-10-03T16:05:00.6752206Z do so (now or later) by using -c with the switch command. Example:
source_java	Run actions/checkout@v4	2026-10-03T16:05:00.6752740Z 
source_java	Run actions/checkout@v4	2026-10-03T16:05:00.6753050Z   git switch -c <new-branch-name>
source_java	Run actions/checkout@v4	2026-10-03T16:05:00.6753406Z 
source_java	Run actions/checkout@v4	2026-10-03T16:05:00.6754135Z Or undo this operation with:
source_java	Run actions/checkout@v4	2026-10-03T16:05:00.6754655Z 
source_java	Run actions/checkout@v4	2026-10-03T16:05:00.6754820Z   git switch -
source_java	Run actions/checkout@v4	2026-10-03T16:05:00.6755052Z 
source_java	Run actions/checkout@v4	2026-10-03T16:05:00.6755376Z Turn off this advice by setting config variable advice.detachedHead to false
source_java	Run actions/checkout@v4	2026-10-03T16:05:00.6755755Z 
source_java	Run actions/checkout@v4	2026-10-03T16:05:00.6756133Z HEAD is now at 3c2265f Merge 8bcc7321bba05a70404d1e16bbd2fa0465da696f into 0fe4fccc3deacd492895967cff9cc40cf34321d4
source_java	Run actions/checkout@v4	2026-10-03T16:05:00.6767175Z ##[endgroup]
source_java	Run actions/checkout@v4	2026-10-03T16:05:00.6808590Z [command]/usr/bin/git log -1 --format=%H
source_java	Run actions/checkout@v4	2026-10-03T16:05:00.6831740Z 3c2265f52eae7962cac2166dee9bd1fc32bc6d1a
source_java	Java current source and explicit placeholder boundary	﻿2026-10-03T16:05:00.7038962Z ##[group]Run python3 ci/check_architecture.py --scope java --json
source_java	Java current source and explicit placeholder boundary	2026-10-03T16:05:00.7039772Z ^[[36;1mpython3 ci/check_architecture.py --scope java --json^[[0m
source_java	Java current source and explicit placeholder boundary	2026-10-03T16:05:00.7251026Z shell: /usr/bin/bash -e {0}
source_java	Java current source and explicit placeholder boundary	2026-10-03T16:05:00.7251578Z env:
source_java	Java current source and explicit placeholder boundary	2026-10-03T16:05:00.7252050Z   PYTHONDONTWRITEBYTECODE: 1
source_java	Java current source and explicit placeholder boundary	2026-10-03T16:05:00.7252455Z ##[endgroup]
source_java	Java current source and explicit placeholder boundary	2026-10-03T16:05:00.7779561Z {
source_java	Java current source and explicit placeholder boundary	2026-10-03T16:05:00.7780738Z   "result": "PASS",
source_java	Java current source and explicit placeholder boundary	2026-10-03T16:05:00.7781287Z   "scope": "java",
source_java	Java current source and explicit placeholder boundary	2026-10-03T16:05:00.7781812Z   "violations": [],
source_java	Java current source and explicit placeholder boundary	2026-10-03T16:05:00.7782369Z   "graphs": {
source_java	Java current source and explicit placeholder boundary	2026-10-03T16:05:00.7782811Z     "java": [
source_java	Java current source and explicit placeholder boundary	2026-10-03T16:05:00.7783245Z       {
source_java	Java current source and explicit placeholder boundary	2026-10-03T16:05:00.7783648Z         "path": "InfraPlaceholder.java",
source_java	Java current source and explicit placeholder boundary	2026-10-03T16:05:00.7784092Z         "owner": "root",
source_java	Java current source and explicit placeholder boundary	2026-10-03T16:05:00.7784517Z         "package": "",
source_java	Java current source and explicit placeholder boundary	2026-10-03T16:05:00.7784877Z         "strings": [
source_java	Java current source and explicit placeholder boundary	2026-10-03T16:05:00.7785214Z           "gateway",
source_java	Java current source and explicit placeholder boundary	2026-10-03T16:05:00.7785588Z           "core",
source_java	Java current source and explicit placeholder boundary	2026-10-03T16:05:00.7785940Z           "plugin-host",
source_java	Java current source and explicit placeholder boundary	2026-10-03T16:05:00.7786551Z           "expected gateway, core, or plugin-host role",
source_java	Java current source and explicit placeholder boundary	2026-10-03T16:05:00.7787035Z           "placeholder request failed: ",
source_java	Java current source and explicit placeholder boundary	2026-10-03T16:05:00.7787481Z           " ",
source_java	Java current source and explicit placeholder boundary	2026-10-03T16:05:00.7788051Z           "Sec-WebSocket-Key",
source_java	Java current source and explicit placeholder boundary	2026-10-03T16:05:00.7788464Z           "Upgrade",
source_java	Java current source and explicit placeholder boundary	2026-10-03T16:05:00.7788852Z           "websocket",
source_java	Java current source and explicit placeholder boundary	2026-10-03T16:05:00.7789215Z           "gateway",
source_java	Java current source and explicit placeholder boundary	2026-10-03T16:05:00.7789593Z           "/__infra/ws",
source_java	Java current source and explicit placeholder boundary	2026-10-03T16:05:00.7789960Z           "SHA-1",
source_java	Java current source and explicit placeholder boundary	2026-10-03T16:05:00.7790380Z           "258EAFA5-E914-47DA-95CA-C5AB0DC85B11",
source_java	Java current source and explicit placeholder boundary	2026-10-03T16:05:00.7791100Z           "HTTP/1.1 101 Switching Protocols\\r\\nUpgrade: websocket\\r\\nConnection: Upgrade\\r\\nSec-WebSocket-Accept: ",
source_java	Java current source and explicit placeholder boundary	2026-10-03T16:05:00.7791757Z           "\\r\\n\\r\\n",
source_java	Java current source and explicit placeholder boundary	2026-10-03T16:05:00.7792142Z           "/__infra/health",
source_java	Java current source and explicit placeholder boundary	2026-10-03T16:05:00.7792539Z           "profile=java role=",
source_java	Java current source and explicit placeholder boundary	2026-10-03T16:05:00.7792946Z           "\\n",
source_java	Java current source and explicit placeholder boundary	2026-10-03T16:05:00.7793473Z           "HTTP/1.1 200 OK\\r\\nContent-Type: text/plain; charset=utf-8\\r\\nContent-Length: ",
source_java	Java current source and explicit placeholder boundary	2026-10-03T16:05:00.7794040Z           "\\r\\nConnection: close\\r\\n\\r\\n",
source_java	Java current source and explicit placeholder boundary	2026-10-03T16:05:00.7794578Z           "HTTP/1.1 404 Not Found\\r\\nContent-Length: 0\\r\\nConnection: close\\r\\n\\r\\n"
source_java	Java current source and explicit placeholder boundary	2026-10-03T16:05:00.7795101Z         ],
source_java	Java current source and explicit placeholder boundary	2026-10-03T16:05:00.7795458Z         "types": [
source_java	Java current source and explicit placeholder boundary	2026-10-03T16:05:00.7795870Z           "InfraPlaceholder"
source_java	Java current source and explicit placeholder boundary	2026-10-03T16:05:00.7796249Z         ]
source_java	Java current source and explicit placeholder boundary	2026-10-03T16:05:00.7796551Z       }
source_java	Java current source and explicit placeholder boundary	2026-10-03T16:05:00.7796893Z     ]
source_java	Java current source and explicit placeholder boundary	2026-10-03T16:05:00.7797230Z   }
source_java	Java current source and explicit placeholder boundary	2026-10-03T16:05:00.7797549Z }
source_java	Post Run actions/checkout@v4	﻿2026-10-03T16:05:00.7976390Z Post job cleanup.
source_java	Post Run actions/checkout@v4	2026-10-03T16:05:00.8804394Z [command]/usr/bin/git version
source_java	Post Run actions/checkout@v4	2026-10-03T16:05:00.8842877Z git version 2.55.0
source_java	Post Run actions/checkout@v4	2026-10-03T16:05:00.8876636Z Temporarily overriding HOME='/home/runner/work/_temp/9a9e8629-e22c-4fce-9c1c-c18304d1aa95' before making global git config changes
source_java	Post Run actions/checkout@v4	2026-10-03T16:05:00.8878685Z Adding repository directory to the temporary git global config as a safe directory
source_java	Post Run actions/checkout@v4	2026-10-03T16:05:00.8883803Z [command]/usr/bin/git config --global --add safe.directory /home/runner/work/IM-platform/IM-platform
source_java	Post Run actions/checkout@v4	2026-10-03T16:05:00.8922640Z [command]/usr/bin/git config --local --name-only --get-regexp core\.sshCommand
source_java	Post Run actions/checkout@v4	2026-10-03T16:05:00.8954722Z [command]/usr/bin/git submodule foreach --recursive sh -c "git config --local --name-only --get-regexp 'core\.sshCommand' && git config --local --unset-all 'core.sshCommand' || :"
source_java	Post Run actions/checkout@v4	2026-10-03T16:05:00.9188268Z [command]/usr/bin/git config --local --name-only --get-regexp http\.https\:\/\/github\.com\/\.extraheader
source_java	Post Run actions/checkout@v4	2026-10-03T16:05:00.9205442Z http.https://github.com/.extraheader
source_java	Post Run actions/checkout@v4	2026-10-03T16:05:00.9219219Z [command]/usr/bin/git config --local --unset-all http.https://github.com/.extraheader
source_java	Post Run actions/checkout@v4	2026-10-03T16:05:00.9251941Z [command]/usr/bin/git submodule foreach --recursive sh -c "git config --local --name-only --get-regexp 'http\.https\:\/\/github\.com\/\.extraheader' && git config --local --unset-all 'http.https://github.com/.extraheader' || :"
source_java	Post Run actions/checkout@v4	2026-10-03T16:05:00.9490317Z [command]/usr/bin/git config --local --name-only --get-regexp ^includeIf\.gitdir:
source_java	Post Run actions/checkout@v4	2026-10-03T16:05:00.9525524Z [command]/usr/bin/git submodule foreach --recursive git config --local --show-origin --name-only --get-regexp remote.origin.url
source_java	Complete job	﻿2026-10-03T16:05:00.9914607Z Cleaning up orphan processes
source_java	Complete job	2026-10-03T16:05:01.0156720Z ##[warning]Node.js 20 is deprecated. The following actions target Node.js 20 but are being forced to run on Node.js 24: actions/checkout@v4. For more information see: https://github.blog/changelog/2025-09-19-deprecation-of-node-20-on-github-actions-runners/
