web	Set up job	﻿2026-10-03T16:04:57.2282172Z Current runner version: '2.337.0'
web	Set up job	2026-10-03T16:04:57.2310045Z ##[group]Runner Image Provisioner
web	Set up job	2026-10-03T16:04:57.2310980Z Hosted Compute Agent
web	Set up job	2026-10-03T16:04:57.2311710Z Version: 20260901.588
web	Set up job	2026-10-03T16:04:57.2312444Z Commit: f88ec8081b781fac6c440065ac7ff9e710ce3d0b
web	Set up job	2026-10-03T16:04:57.2313274Z Build Date: 2026-09-01T19:56:44Z
web	Set up job	2026-10-03T16:04:57.2314064Z Worker ID: {a3b411b1-6abc-46fb-a4b7-2f75cbfea2e3}
web	Set up job	2026-10-03T16:04:57.2314853Z Azure Region: westus
web	Set up job	2026-10-03T16:04:57.2315562Z ##[endgroup]
web	Set up job	2026-10-03T16:04:57.2317081Z ##[group]Operating System
web	Set up job	2026-10-03T16:04:57.2318087Z Ubuntu
web	Set up job	2026-10-03T16:04:57.2318731Z 24.04.5
web	Set up job	2026-10-03T16:04:57.2319262Z LTS
web	Set up job	2026-10-03T16:04:57.2319869Z ##[endgroup]
web	Set up job	2026-10-03T16:04:57.2320544Z ##[group]Runner Image
web	Set up job	2026-10-03T16:04:57.2321134Z Image: ubuntu-24.04
web	Set up job	2026-10-03T16:04:57.2321772Z Version: 20260927.320.1
web	Set up job	2026-10-03T16:04:57.2322888Z Included Software: https://github.com/actions/runner-images/blob/ubuntu24/20260927.320/images/ubuntu/Ubuntu2404-Readme.md
web	Set up job	2026-10-03T16:04:57.2324840Z Image Release: https://github.com/actions/runner-images/releases/tag/ubuntu24%2F20260927.320
web	Set up job	2026-10-03T16:04:57.2325890Z ##[endgroup]
web	Set up job	2026-10-03T16:04:57.2327111Z ##[group]GITHUB_TOKEN Permissions
web	Set up job	2026-10-03T16:04:57.2329805Z Contents: read
web	Set up job	2026-10-03T16:04:57.2330571Z Metadata: read
web	Set up job	2026-10-03T16:04:57.2331148Z ##[endgroup]
web	Set up job	2026-10-03T16:04:57.2333423Z Secret source: Actions
web	Set up job	2026-10-03T16:04:57.2334488Z Cache mode: write
web	Set up job	2026-10-03T16:04:57.2335547Z Prepare workflow directory
web	Set up job	2026-10-03T16:04:57.2730397Z Prepare all required actions
web	Set up job	2026-10-03T16:04:57.2793094Z Getting action download info
web	Set up job	2026-10-03T16:04:57.6270428Z Download action repository 'actions/checkout@v4' (SHA:11d5960a326750d5838078e36cf38b85af677262)
web	Set up job	2026-10-03T16:04:58.0923495Z Complete job name: web
web	Run actions/checkout@v4	﻿2026-10-03T16:04:58.1721191Z ##[group]Run actions/checkout@v4
web	Run actions/checkout@v4	2026-10-03T16:04:58.1722166Z with:
web	Run actions/checkout@v4	2026-10-03T16:04:58.1722684Z   repository: nilesthump/IM-platform
web	Run actions/checkout@v4	2026-10-03T16:04:58.1726795Z   token: ***
web	Run actions/checkout@v4	2026-10-03T16:04:58.1727581Z   ssh-strict: true
web	Run actions/checkout@v4	2026-10-03T16:04:58.1728086Z   ssh-user: git
web	Run actions/checkout@v4	2026-10-03T16:04:58.1728583Z   persist-credentials: true
web	Run actions/checkout@v4	2026-10-03T16:04:58.1729108Z   clean: true
web	Run actions/checkout@v4	2026-10-03T16:04:58.1729591Z   sparse-checkout-cone-mode: true
web	Run actions/checkout@v4	2026-10-03T16:04:58.1730155Z   fetch-depth: 1
web	Run actions/checkout@v4	2026-10-03T16:04:58.1730634Z   fetch-tags: false
web	Run actions/checkout@v4	2026-10-03T16:04:58.1731129Z   show-progress: true
web	Run actions/checkout@v4	2026-10-03T16:04:58.1731616Z   lfs: false
web	Run actions/checkout@v4	2026-10-03T16:04:58.1732077Z   submodules: false
web	Run actions/checkout@v4	2026-10-03T16:04:58.1732568Z   set-safe-directory: true
web	Run actions/checkout@v4	2026-10-03T16:04:58.1733112Z   allow-unsafe-pr-checkout: false
web	Run actions/checkout@v4	2026-10-03T16:04:58.1733954Z ##[endgroup]
web	Run actions/checkout@v4	2026-10-03T16:04:58.2808962Z Syncing repository: nilesthump/IM-platform
web	Run actions/checkout@v4	2026-10-03T16:04:58.2811070Z ##[group]Getting Git version info
web	Run actions/checkout@v4	2026-10-03T16:04:58.2811919Z Working directory is '/home/runner/work/IM-platform/IM-platform'
web	Run actions/checkout@v4	2026-10-03T16:04:58.2813128Z [command]/usr/bin/git version
web	Run actions/checkout@v4	2026-10-03T16:04:58.3900724Z git version 2.55.0
web	Run actions/checkout@v4	2026-10-03T16:04:58.3928530Z ##[endgroup]
web	Run actions/checkout@v4	2026-10-03T16:04:58.3941165Z Temporarily overriding HOME='/home/runner/work/_temp/bf3c3ca5-8cf7-4113-832e-23460685f4a2' before making global git config changes
web	Run actions/checkout@v4	2026-10-03T16:04:58.3943348Z Adding repository directory to the temporary git global config as a safe directory
web	Run actions/checkout@v4	2026-10-03T16:04:58.3946807Z [command]/usr/bin/git config --global --add safe.directory /home/runner/work/IM-platform/IM-platform
web	Run actions/checkout@v4	2026-10-03T16:04:58.4184622Z Deleting the contents of '/home/runner/work/IM-platform/IM-platform'
web	Run actions/checkout@v4	2026-10-03T16:04:58.4190051Z ##[group]Initializing the repository
web	Run actions/checkout@v4	2026-10-03T16:04:58.4195427Z [command]/usr/bin/git init /home/runner/work/IM-platform/IM-platform
web	Run actions/checkout@v4	2026-10-03T16:04:58.4656265Z hint: Using 'master' as the name for the initial branch. This default branch name
web	Run actions/checkout@v4	2026-10-03T16:04:58.4657996Z hint: will change to "main" in Git 3.0. To configure the initial branch name
web	Run actions/checkout@v4	2026-10-03T16:04:58.4659756Z hint: to use in all of your new repositories, which will suppress this warning,
web	Run actions/checkout@v4	2026-10-03T16:04:58.4661163Z hint: call:
web	Run actions/checkout@v4	2026-10-03T16:04:58.4662258Z hint:
web	Run actions/checkout@v4	2026-10-03T16:04:58.4663086Z hint: 	git config --global init.defaultBranch <name>
web	Run actions/checkout@v4	2026-10-03T16:04:58.4663795Z hint:
web	Run actions/checkout@v4	2026-10-03T16:04:58.4664446Z hint: Names commonly chosen instead of 'master' are 'main', 'trunk' and
web	Run actions/checkout@v4	2026-10-03T16:04:58.4665506Z hint: 'development'. The just-created branch can be renamed via this command:
web	Run actions/checkout@v4	2026-10-03T16:04:58.4666331Z hint:
web	Run actions/checkout@v4	2026-10-03T16:04:58.4666801Z hint: 	git branch -m <name>
web	Run actions/checkout@v4	2026-10-03T16:04:58.4667610Z hint:
web	Run actions/checkout@v4	2026-10-03T16:04:58.4668370Z hint: Disable this message with "git config set advice.defaultBranchName false"
web	Run actions/checkout@v4	2026-10-03T16:04:58.4669988Z Initialized empty Git repository in /home/runner/work/IM-platform/IM-platform/.git/
web	Run actions/checkout@v4	2026-10-03T16:04:58.4675535Z [command]/usr/bin/git remote add origin https://github.com/nilesthump/IM-platform
web	Run actions/checkout@v4	2026-10-03T16:04:58.4919705Z ##[endgroup]
web	Run actions/checkout@v4	2026-10-03T16:04:58.4920696Z ##[group]Disabling automatic garbage collection
web	Run actions/checkout@v4	2026-10-03T16:04:58.4924204Z [command]/usr/bin/git config --local gc.auto 0
web	Run actions/checkout@v4	2026-10-03T16:04:58.4961936Z ##[endgroup]
web	Run actions/checkout@v4	2026-10-03T16:04:58.4963179Z ##[group]Setting up auth
web	Run actions/checkout@v4	2026-10-03T16:04:58.4969181Z [command]/usr/bin/git config --local --name-only --get-regexp core\.sshCommand
web	Run actions/checkout@v4	2026-10-03T16:04:58.5005408Z [command]/usr/bin/git submodule foreach --recursive sh -c "git config --local --name-only --get-regexp 'core\.sshCommand' && git config --local --unset-all 'core.sshCommand' || :"
web	Run actions/checkout@v4	2026-10-03T16:04:58.6700390Z [command]/usr/bin/git config --local --name-only --get-regexp http\.https\:\/\/github\.com\/\.extraheader
web	Run actions/checkout@v4	2026-10-03T16:04:58.6741642Z [command]/usr/bin/git submodule foreach --recursive sh -c "git config --local --name-only --get-regexp 'http\.https\:\/\/github\.com\/\.extraheader' && git config --local --unset-all 'http.https://github.com/.extraheader' || :"
web	Run actions/checkout@v4	2026-10-03T16:04:58.6981264Z [command]/usr/bin/git config --local --name-only --get-regexp ^includeIf\.gitdir:
web	Run actions/checkout@v4	2026-10-03T16:04:58.7020344Z [command]/usr/bin/git submodule foreach --recursive git config --local --show-origin --name-only --get-regexp remote.origin.url
web	Run actions/checkout@v4	2026-10-03T16:04:58.7262711Z [command]/usr/bin/git config --local http.https://github.com/.extraheader AUTHORIZATION: basic ***
web	Run actions/checkout@v4	2026-10-03T16:04:58.7306596Z ##[endgroup]
web	Run actions/checkout@v4	2026-10-03T16:04:58.7307900Z ##[group]Fetching the repository
web	Run actions/checkout@v4	2026-10-03T16:04:58.7317033Z [command]/usr/bin/git -c protocol.version=2 fetch --no-tags --prune --no-recurse-submodules --depth=1 origin +3c2265f52eae7962cac2166dee9bd1fc32bc6d1a:refs/remotes/pull/22/merge
web	Run actions/checkout@v4	2026-10-03T16:05:00.9665713Z From https://github.com/nilesthump/IM-platform
web	Run actions/checkout@v4	2026-10-03T16:05:00.9669334Z  * [new ref]         3c2265f52eae7962cac2166dee9bd1fc32bc6d1a -> pull/22/merge
web	Run actions/checkout@v4	2026-10-03T16:05:00.9676511Z ##[endgroup]
web	Run actions/checkout@v4	2026-10-03T16:05:00.9679427Z ##[group]Determining the checkout info
web	Run actions/checkout@v4	2026-10-03T16:05:00.9682616Z ##[endgroup]
web	Run actions/checkout@v4	2026-10-03T16:05:00.9684781Z [command]/usr/bin/git sparse-checkout disable
web	Run actions/checkout@v4	2026-10-03T16:05:00.9879266Z [command]/usr/bin/git config --local --unset-all extensions.worktreeConfig
web	Run actions/checkout@v4	2026-10-03T16:05:00.9919450Z ##[group]Checking out the ref
web	Run actions/checkout@v4	2026-10-03T16:05:00.9922428Z [command]/usr/bin/git checkout --progress --force refs/remotes/pull/22/merge
web	Run actions/checkout@v4	2026-10-03T16:05:01.5866055Z Note: switching to 'refs/remotes/pull/22/merge'.
web	Run actions/checkout@v4	2026-10-03T16:05:01.5866758Z 
web	Run actions/checkout@v4	2026-10-03T16:05:01.5867446Z You are in 'detached HEAD' state. You can look around, make experimental
web	Run actions/checkout@v4	2026-10-03T16:05:01.5868395Z changes and commit them, and you can discard any commits you make in this
web	Run actions/checkout@v4	2026-10-03T16:05:01.5869357Z state without impacting any branches by switching back to a branch.
web	Run actions/checkout@v4	2026-10-03T16:05:01.5869759Z 
web	Run actions/checkout@v4	2026-10-03T16:05:01.5870041Z If you want to create a new branch to retain commits you create, you may
web	Run actions/checkout@v4	2026-10-03T16:05:01.5870573Z do so (now or later) by using -c with the switch command. Example:
web	Run actions/checkout@v4	2026-10-03T16:05:01.5870871Z 
web	Run actions/checkout@v4	2026-10-03T16:05:01.5871013Z   git switch -c <new-branch-name>
web	Run actions/checkout@v4	2026-10-03T16:05:01.5871276Z 
web	Run actions/checkout@v4	2026-10-03T16:05:01.5871429Z Or undo this operation with:
web	Run actions/checkout@v4	2026-10-03T16:05:01.5871680Z 
web	Run actions/checkout@v4	2026-10-03T16:05:01.5871792Z   git switch -
web	Run actions/checkout@v4	2026-10-03T16:05:01.5872269Z 
web	Run actions/checkout@v4	2026-10-03T16:05:01.5872535Z Turn off this advice by setting config variable advice.detachedHead to false
web	Run actions/checkout@v4	2026-10-03T16:05:01.5872890Z 
web	Run actions/checkout@v4	2026-10-03T16:05:01.5873279Z HEAD is now at 3c2265f Merge 8bcc7321bba05a70404d1e16bbd2fa0465da696f into 0fe4fccc3deacd492895967cff9cc40cf34321d4
web	Run actions/checkout@v4	2026-10-03T16:05:01.5946208Z ##[endgroup]
web	Run actions/checkout@v4	2026-10-03T16:05:01.5949171Z [command]/usr/bin/git log -1 --format=%H
web	Run actions/checkout@v4	2026-10-03T16:05:01.5979024Z 3c2265f52eae7962cac2166dee9bd1fc32bc6d1a
web	Web S0 skeleton boundary	﻿2026-10-03T16:05:01.6228146Z ##[group]Run python3 ci/check_s0_boundary.py web
web	Web S0 skeleton boundary	2026-10-03T16:05:01.6228753Z ^[[36;1mpython3 ci/check_s0_boundary.py web^[[0m
web	Web S0 skeleton boundary	2026-10-03T16:05:01.7753810Z shell: /usr/bin/bash -e {0}
web	Web S0 skeleton boundary	2026-10-03T16:05:01.7754365Z ##[endgroup]
web	Post Run actions/checkout@v4	﻿2026-10-03T16:05:01.8354493Z Post job cleanup.
web	Post Run actions/checkout@v4	2026-10-03T16:05:01.9310917Z [command]/usr/bin/git version
web	Post Run actions/checkout@v4	2026-10-03T16:05:01.9358581Z git version 2.55.0
web	Post Run actions/checkout@v4	2026-10-03T16:05:01.9404793Z Temporarily overriding HOME='/home/runner/work/_temp/ef6c21a3-9ea8-4f21-bde8-f6ea5b684f94' before making global git config changes
web	Post Run actions/checkout@v4	2026-10-03T16:05:01.9405889Z Adding repository directory to the temporary git global config as a safe directory
web	Post Run actions/checkout@v4	2026-10-03T16:05:01.9411361Z [command]/usr/bin/git config --global --add safe.directory /home/runner/work/IM-platform/IM-platform
web	Post Run actions/checkout@v4	2026-10-03T16:05:01.9454713Z [command]/usr/bin/git config --local --name-only --get-regexp core\.sshCommand
web	Post Run actions/checkout@v4	2026-10-03T16:05:01.9494994Z [command]/usr/bin/git submodule foreach --recursive sh -c "git config --local --name-only --get-regexp 'core\.sshCommand' && git config --local --unset-all 'core.sshCommand' || :"
web	Post Run actions/checkout@v4	2026-10-03T16:05:01.9770408Z [command]/usr/bin/git config --local --name-only --get-regexp http\.https\:\/\/github\.com\/\.extraheader
web	Post Run actions/checkout@v4	2026-10-03T16:05:01.9804711Z http.https://github.com/.extraheader
web	Post Run actions/checkout@v4	2026-10-03T16:05:01.9822819Z [command]/usr/bin/git config --local --unset-all http.https://github.com/.extraheader
web	Post Run actions/checkout@v4	2026-10-03T16:05:01.9861319Z [command]/usr/bin/git submodule foreach --recursive sh -c "git config --local --name-only --get-regexp 'http\.https\:\/\/github\.com\/\.extraheader' && git config --local --unset-all 'http.https://github.com/.extraheader' || :"
web	Post Run actions/checkout@v4	2026-10-03T16:05:02.0149395Z [command]/usr/bin/git config --local --name-only --get-regexp ^includeIf\.gitdir:
web	Post Run actions/checkout@v4	2026-10-03T16:05:02.0195802Z [command]/usr/bin/git submodule foreach --recursive git config --local --show-origin --name-only --get-regexp remote.origin.url
web	Complete job	﻿2026-10-03T16:05:02.0625026Z Cleaning up orphan processes
web	Complete job	2026-10-03T16:05:02.0945143Z ##[warning]Node.js 20 is deprecated. The following actions target Node.js 20 but are being forced to run on Node.js 24: actions/checkout@v4. For more information see: https://github.blog/changelog/2025-09-19-deprecation-of-node-20-on-github-actions-runners/
