A	research/prompts/P-MSG-COORDINATOR-20261001/.gitattributes
A	research/prompts/P-MSG-COORDINATOR-20261001/metadata.json
A	research/prompts/P-MSG-COORDINATOR-20261001/prompt.txt
A	research/prompts/P-MSG-REREVIEW-20261001/.gitattributes
A	research/prompts/P-MSG-REREVIEW-20261001/metadata.json
A	research/prompts/P-MSG-REREVIEW-20261001/prompt.txt
A	research/runs/R-MSG-COORDINATOR-20261001/.gitattributes
A	research/runs/R-MSG-COORDINATOR-20261001/blobs/C-0ccf740f-81db-4302-9706-fb7a21bc9e41.stderr.txt
A	research/runs/R-MSG-COORDINATOR-20261001/blobs/C-0ccf740f-81db-4302-9706-fb7a21bc9e41.stdout.txt
A	research/runs/R-MSG-COORDINATOR-20261001/blobs/C-10af5acf-dfb9-4310-b1a3-e1688a275526.stderr.txt
A	research/runs/R-MSG-COORDINATOR-20261001/blobs/C-10af5acf-dfb9-4310-b1a3-e1688a275526.stdout.txt
A	research/runs/R-MSG-COORDINATOR-20261001/blobs/C-1bc1e843-d5b4-4932-8705-90172e234e56.stderr.txt
A	research/runs/R-MSG-COORDINATOR-20261001/blobs/C-1bc1e843-d5b4-4932-8705-90172e234e56.stdout.txt
A	research/runs/R-MSG-COORDINATOR-20261001/blobs/C-302433bf-b41a-423d-9137-7c0698d7f703.stderr.txt
A	research/runs/R-MSG-COORDINATOR-20261001/blobs/C-302433bf-b41a-423d-9137-7c0698d7f703.stdout.txt
A	research/runs/R-MSG-COORDINATOR-20261001/blobs/C-3888adf4-1964-4f67-9656-a214c35490ab.stderr.txt
A	research/runs/R-MSG-COORDINATOR-20261001/blobs/C-3888adf4-1964-4f67-9656-a214c35490ab.stdout.txt
A	research/runs/R-MSG-COORDINATOR-20261001/blobs/C-4b5f7a3e-0f0b-49fe-98af-3a4d79abcc93.stderr.txt
A	research/runs/R-MSG-COORDINATOR-20261001/blobs/C-4b5f7a3e-0f0b-49fe-98af-3a4d79abcc93.stdout.txt
A	research/runs/R-MSG-COORDINATOR-20261001/blobs/C-585b7509-12d5-4d29-99f8-628f66d89dab.stderr.txt
A	research/runs/R-MSG-COORDINATOR-20261001/blobs/C-585b7509-12d5-4d29-99f8-628f66d89dab.stdout.txt
A	research/runs/R-MSG-COORDINATOR-20261001/blobs/C-7993bfc0-f815-418f-a7c4-60d472e599b6.stderr.txt
A	research/runs/R-MSG-COORDINATOR-20261001/blobs/C-7993bfc0-f815-418f-a7c4-60d472e599b6.stdout.txt
A	research/runs/R-MSG-COORDINATOR-20261001/blobs/C-9cc7dcf2-27ec-4e05-9c8a-2b5f3f49ca38.stderr.txt
A	research/runs/R-MSG-COORDINATOR-20261001/blobs/C-9cc7dcf2-27ec-4e05-9c8a-2b5f3f49ca38.stdout.txt
A	research/runs/R-MSG-COORDINATOR-20261001/blobs/C-9e937806-3881-4c66-8130-21ce2110e246.stderr.txt
A	research/runs/R-MSG-COORDINATOR-20261001/blobs/C-9e937806-3881-4c66-8130-21ce2110e246.stdout.txt
A	research/runs/R-MSG-COORDINATOR-20261001/blobs/C-a30403c9-cd0c-45dc-b555-45336a73d457.stderr.txt
A	research/runs/R-MSG-COORDINATOR-20261001/blobs/C-a30403c9-cd0c-45dc-b555-45336a73d457.stdout.txt
A	research/runs/R-MSG-COORDINATOR-20261001/blobs/C-adf06fb5-0205-4b41-b7ee-d611b0cc2f14.stderr.txt
A	research/runs/R-MSG-COORDINATOR-20261001/blobs/C-adf06fb5-0205-4b41-b7ee-d611b0cc2f14.stdout.txt
A	research/runs/R-MSG-COORDINATOR-20261001/blobs/C-ae32ca4f-f1b9-4904-9e2a-8c8518bf9b85.stderr.txt
A	research/runs/R-MSG-COORDINATOR-20261001/blobs/C-ae32ca4f-f1b9-4904-9e2a-8c8518bf9b85.stdout.txt
A	research/runs/R-MSG-COORDINATOR-20261001/blobs/C-b438fc81-3ec7-4d5a-ae03-3c340f82206b.stderr.txt
A	research/runs/R-MSG-COORDINATOR-20261001/blobs/C-b438fc81-3ec7-4d5a-ae03-3c340f82206b.stdout.txt
A	research/runs/R-MSG-COORDINATOR-20261001/blobs/C-d169fb2b-dc28-44c1-a203-5bfbdf93b6c3.stderr.txt
A	research/runs/R-MSG-COORDINATOR-20261001/blobs/C-d169fb2b-dc28-44c1-a203-5bfbdf93b6c3.stdout.txt
A	research/runs/R-MSG-COORDINATOR-20261001/blobs/C-d331270f-cd9b-4beb-bd3c-a1273f8d99b8.stderr.txt
A	research/runs/R-MSG-COORDINATOR-20261001/blobs/C-d331270f-cd9b-4beb-bd3c-a1273f8d99b8.stdout.txt
A	research/runs/R-MSG-COORDINATOR-20261001/diff.patch
A	research/runs/R-MSG-COORDINATOR-20261001/events.jsonl
A	research/runs/R-MSG-COORDINATOR-20261001/final_state.json
A	research/runs/R-MSG-COORDINATOR-20261001/initial_state.json
A	research/runs/R-MSG-COORDINATOR-20261001/metadata.json
A	research/runs/R-MSG-COORDINATOR-20261001/summary.json
A	research/runs/R-MSG-REREVIEW-20261001/.gitattributes
A	research/runs/R-MSG-REREVIEW-20261001/blobs/C-05bd3aee-6e49-4f57-b18b-32a87f1833b8.stderr.txt
A	research/runs/R-MSG-REREVIEW-20261001/blobs/C-05bd3aee-6e49-4f57-b18b-32a87f1833b8.stdout.txt
A	research/runs/R-MSG-REREVIEW-20261001/blobs/C-0701e45d-a913-45db-82f5-4fbb2275fc8b.stderr.txt
A	research/runs/R-MSG-REREVIEW-20261001/blobs/C-0701e45d-a913-45db-82f5-4fbb2275fc8b.stdout.txt
A	research/runs/R-MSG-REREVIEW-20261001/blobs/C-0c939bde-d1dc-40f1-b366-0a0e5fa26795.stderr.txt
A	research/runs/R-MSG-REREVIEW-20261001/blobs/C-0c939bde-d1dc-40f1-b366-0a0e5fa26795.stdout.txt
A	research/runs/R-MSG-REREVIEW-20261001/blobs/C-0fdaaf8c-3d92-452d-b400-eabd1856c3b7.stderr.txt
A	research/runs/R-MSG-REREVIEW-20261001/blobs/C-0fdaaf8c-3d92-452d-b400-eabd1856c3b7.stdout.txt
A	research/runs/R-MSG-REREVIEW-20261001/blobs/C-1a7a0618-3c88-4cf9-867b-8d86b97f8d72.stderr.txt
A	research/runs/R-MSG-REREVIEW-20261001/blobs/C-1a7a0618-3c88-4cf9-867b-8d86b97f8d72.stdout.txt
A	research/runs/R-MSG-REREVIEW-20261001/blobs/C-1a7ce04b-d3e0-45b3-ad08-e4f9cdc8aa1d.stderr.txt
A	research/runs/R-MSG-REREVIEW-20261001/blobs/C-1a7ce04b-d3e0-45b3-ad08-e4f9cdc8aa1d.stdout.txt
A	research/runs/R-MSG-REREVIEW-20261001/blobs/C-1e18693d-c259-4002-971f-5484df52e301.stderr.txt
A	research/runs/R-MSG-REREVIEW-20261001/blobs/C-1e18693d-c259-4002-971f-5484df52e301.stdout.txt
A	research/runs/R-MSG-REREVIEW-20261001/blobs/C-1ec964ec-2a89-4ac9-beee-2c6b9452c10d.stderr.txt
A	research/runs/R-MSG-REREVIEW-20261001/blobs/C-1ec964ec-2a89-4ac9-beee-2c6b9452c10d.stdout.txt
A	research/runs/R-MSG-REREVIEW-20261001/blobs/C-2a22b7b6-9c30-44e3-b91b-d8d303eac686.stderr.txt
A	research/runs/R-MSG-REREVIEW-20261001/blobs/C-2a22b7b6-9c30-44e3-b91b-d8d303eac686.stdout.txt
A	research/runs/R-MSG-REREVIEW-20261001/blobs/C-2dfe8f1e-b4f2-4097-889e-3c49bd1443f1.stderr.txt
A	research/runs/R-MSG-REREVIEW-20261001/blobs/C-2dfe8f1e-b4f2-4097-889e-3c49bd1443f1.stdout.txt
A	research/runs/R-MSG-REREVIEW-20261001/blobs/C-3e58b7fa-4d9b-4723-809b-202b22680929.stderr.txt
A	research/runs/R-MSG-REREVIEW-20261001/blobs/C-3e58b7fa-4d9b-4723-809b-202b22680929.stdout.txt
A	research/runs/R-MSG-REREVIEW-20261001/blobs/C-40f29a05-fc7d-4553-9e04-b5f852fb7061.stderr.txt
A	research/runs/R-MSG-REREVIEW-20261001/blobs/C-40f29a05-fc7d-4553-9e04-b5f852fb7061.stdout.txt
A	research/runs/R-MSG-REREVIEW-20261001/blobs/C-446c58b7-2bdb-43a7-9547-29eeb156608e.stderr.txt
A	research/runs/R-MSG-REREVIEW-20261001/blobs/C-446c58b7-2bdb-43a7-9547-29eeb156608e.stdout.txt
A	research/runs/R-MSG-REREVIEW-20261001/blobs/C-4734013b-8ff9-442c-b4ea-d293494c900f.stderr.txt
A	research/runs/R-MSG-REREVIEW-20261001/blobs/C-4734013b-8ff9-442c-b4ea-d293494c900f.stdout.txt
A	research/runs/R-MSG-REREVIEW-20261001/blobs/C-487d6321-18c5-4f03-a59c-6d733402df2b.stderr.txt
A	research/runs/R-MSG-REREVIEW-20261001/blobs/C-487d6321-18c5-4f03-a59c-6d733402df2b.stdout.txt
A	research/runs/R-MSG-REREVIEW-20261001/blobs/C-505df24d-077a-4eb4-b779-ba4451a5ab0a.stderr.txt
A	research/runs/R-MSG-REREVIEW-20261001/blobs/C-505df24d-077a-4eb4-b779-ba4451a5ab0a.stdout.txt
A	research/runs/R-MSG-REREVIEW-20261001/blobs/C-52522e03-6938-4226-a908-4bb355a14346.stderr.txt
A	research/runs/R-MSG-REREVIEW-20261001/blobs/C-52522e03-6938-4226-a908-4bb355a14346.stdout.txt
A	research/runs/R-MSG-REREVIEW-20261001/blobs/C-58d4ff28-4d38-4f19-b639-a9f7502481ba.stderr.txt
A	research/runs/R-MSG-REREVIEW-20261001/blobs/C-58d4ff28-4d38-4f19-b639-a9f7502481ba.stdout.txt
A	research/runs/R-MSG-REREVIEW-20261001/blobs/C-6732926f-e5f1-4cb7-858c-790ac19b5848.stderr.txt
A	research/runs/R-MSG-REREVIEW-20261001/blobs/C-6732926f-e5f1-4cb7-858c-790ac19b5848.stdout.txt
A	research/runs/R-MSG-REREVIEW-20261001/blobs/C-68a7594a-def3-4dfb-afd7-806475902f6f.stderr.txt
A	research/runs/R-MSG-REREVIEW-20261001/blobs/C-68a7594a-def3-4dfb-afd7-806475902f6f.stdout.txt
A	research/runs/R-MSG-REREVIEW-20261001/blobs/C-69d33dc6-b9c3-461e-830b-7b27980c0823.stderr.txt
A	research/runs/R-MSG-REREVIEW-20261001/blobs/C-69d33dc6-b9c3-461e-830b-7b27980c0823.stdout.txt
A	research/runs/R-MSG-REREVIEW-20261001/blobs/C-6a0cfd82-7499-4da1-a779-05ee563a7540.stderr.txt
A	research/runs/R-MSG-REREVIEW-20261001/blobs/C-6a0cfd82-7499-4da1-a779-05ee563a7540.stdout.txt
A	research/runs/R-MSG-REREVIEW-20261001/blobs/C-6e96d1cb-0934-4d54-92fb-47b3ae536d8a.stderr.txt
A	research/runs/R-MSG-REREVIEW-20261001/blobs/C-6e96d1cb-0934-4d54-92fb-47b3ae536d8a.stdout.txt
A	research/runs/R-MSG-REREVIEW-20261001/blobs/C-6fa3893c-3950-42e9-8e8b-e19570984451.stderr.txt
A	research/runs/R-MSG-REREVIEW-20261001/blobs/C-6fa3893c-3950-42e9-8e8b-e19570984451.stdout.txt
A	research/runs/R-MSG-REREVIEW-20261001/blobs/C-73c9ede1-fa07-4356-8410-cd13334b755e.stderr.txt
A	research/runs/R-MSG-REREVIEW-20261001/blobs/C-73c9ede1-fa07-4356-8410-cd13334b755e.stdout.txt
A	research/runs/R-MSG-REREVIEW-20261001/blobs/C-747b9bd5-4211-48a7-b9d7-508532f2ea8a.stderr.txt
A	research/runs/R-MSG-REREVIEW-20261001/blobs/C-747b9bd5-4211-48a7-b9d7-508532f2ea8a.stdout.txt
A	research/runs/R-MSG-REREVIEW-20261001/blobs/C-754bd321-ee91-422e-ba9c-6247c5379c08.stderr.txt
A	research/runs/R-MSG-REREVIEW-20261001/blobs/C-754bd321-ee91-422e-ba9c-6247c5379c08.stdout.txt
A	research/runs/R-MSG-REREVIEW-20261001/blobs/C-7a7e9629-c5a2-4901-b3a8-e362ece6d6fd.stderr.txt
A	research/runs/R-MSG-REREVIEW-20261001/blobs/C-7a7e9629-c5a2-4901-b3a8-e362ece6d6fd.stdout.txt
A	research/runs/R-MSG-REREVIEW-20261001/blobs/C-7cb76b8b-f1a7-4448-a7fb-a4d1d87126c3.stderr.txt
A	research/runs/R-MSG-REREVIEW-20261001/blobs/C-7cb76b8b-f1a7-4448-a7fb-a4d1d87126c3.stdout.txt
A	research/runs/R-MSG-REREVIEW-20261001/blobs/C-899f7129-c266-42c2-b7d5-f403bd9d57e8.stderr.txt
A	research/runs/R-MSG-REREVIEW-20261001/blobs/C-899f7129-c266-42c2-b7d5-f403bd9d57e8.stdout.txt
A	research/runs/R-MSG-REREVIEW-20261001/blobs/C-8a4c2be1-a6e8-4521-a87f-8443c6b640ce.stderr.txt
A	research/runs/R-MSG-REREVIEW-20261001/blobs/C-8a4c2be1-a6e8-4521-a87f-8443c6b640ce.stdout.txt
A	research/runs/R-MSG-REREVIEW-20261001/blobs/C-8ce3f3f6-bc9a-4da6-9181-79abc80c5d71.stderr.txt
A	research/runs/R-MSG-REREVIEW-20261001/blobs/C-8ce3f3f6-bc9a-4da6-9181-79abc80c5d71.stdout.txt
A	research/runs/R-MSG-REREVIEW-20261001/blobs/C-907b9ece-2e57-4b56-9f5c-5652fdf584df.stderr.txt
A	research/runs/R-MSG-REREVIEW-20261001/blobs/C-907b9ece-2e57-4b56-9f5c-5652fdf584df.stdout.txt
A	research/runs/R-MSG-REREVIEW-20261001/blobs/C-93893fda-55ed-451b-9b8e-6e4fcb8fa275.stderr.txt
A	research/runs/R-MSG-REREVIEW-20261001/blobs/C-93893fda-55ed-451b-9b8e-6e4fcb8fa275.stdout.txt
A	research/runs/R-MSG-REREVIEW-20261001/blobs/C-93b03355-62b8-4cfa-831d-5b4d2a7b5d30.stderr.txt
A	research/runs/R-MSG-REREVIEW-20261001/blobs/C-93b03355-62b8-4cfa-831d-5b4d2a7b5d30.stdout.txt
A	research/runs/R-MSG-REREVIEW-20261001/blobs/C-94a3fc56-aca4-458a-99fe-25d7cfbed9b1.stderr.txt
A	research/runs/R-MSG-REREVIEW-20261001/blobs/C-94a3fc56-aca4-458a-99fe-25d7cfbed9b1.stdout.txt
A	research/runs/R-MSG-REREVIEW-20261001/blobs/C-971f4c6c-b375-4708-b8d7-17d5603a2ab0.stderr.txt
A	research/runs/R-MSG-REREVIEW-20261001/blobs/C-971f4c6c-b375-4708-b8d7-17d5603a2ab0.stdout.txt
A	research/runs/R-MSG-REREVIEW-20261001/blobs/C-979e1758-c6db-42ee-a70e-b267710d40a0.stderr.txt
A	research/runs/R-MSG-REREVIEW-20261001/blobs/C-979e1758-c6db-42ee-a70e-b267710d40a0.stdout.txt
A	research/runs/R-MSG-REREVIEW-20261001/blobs/C-9ffb2375-3c4d-42cc-b648-ab338593331a.stderr.txt
A	research/runs/R-MSG-REREVIEW-20261001/blobs/C-9ffb2375-3c4d-42cc-b648-ab338593331a.stdout.txt
A	research/runs/R-MSG-REREVIEW-20261001/blobs/C-a3d901f8-6c01-4155-94ce-51f20e787979.stderr.txt
A	research/runs/R-MSG-REREVIEW-20261001/blobs/C-a3d901f8-6c01-4155-94ce-51f20e787979.stdout.txt
A	research/runs/R-MSG-REREVIEW-20261001/blobs/C-a5022f50-1128-4929-a06d-94b443c19a91.stderr.txt
A	research/runs/R-MSG-REREVIEW-20261001/blobs/C-a5022f50-1128-4929-a06d-94b443c19a91.stdout.txt
A	research/runs/R-MSG-REREVIEW-20261001/blobs/C-a96d3fad-3f8b-406b-8141-ac2bf4671e8c.stderr.txt
A	research/runs/R-MSG-REREVIEW-20261001/blobs/C-a96d3fad-3f8b-406b-8141-ac2bf4671e8c.stdout.txt
A	research/runs/R-MSG-REREVIEW-20261001/blobs/C-ac7ce4e1-cc4e-4936-bd15-44e986002eba.stderr.txt
A	research/runs/R-MSG-REREVIEW-20261001/blobs/C-ac7ce4e1-cc4e-4936-bd15-44e986002eba.stdout.txt
A	research/runs/R-MSG-REREVIEW-20261001/blobs/C-ad1403c8-3d7c-49da-8b3c-0e6bfcb548af.stderr.txt
A	research/runs/R-MSG-REREVIEW-20261001/blobs/C-ad1403c8-3d7c-49da-8b3c-0e6bfcb548af.stdout.txt
A	research/runs/R-MSG-REREVIEW-20261001/blobs/C-aecc51fe-59a2-48ed-8689-c6f6fb1f7621.stderr.txt
A	research/runs/R-MSG-REREVIEW-20261001/blobs/C-aecc51fe-59a2-48ed-8689-c6f6fb1f7621.stdout.txt
A	research/runs/R-MSG-REREVIEW-20261001/blobs/C-b0bda8f8-b503-4cdc-b005-24089e15375d.stderr.txt
A	research/runs/R-MSG-REREVIEW-20261001/blobs/C-b0bda8f8-b503-4cdc-b005-24089e15375d.stdout.txt
A	research/runs/R-MSG-REREVIEW-20261001/blobs/C-b257a409-db87-4117-9601-ed60ea1c8669.stderr.txt
A	research/runs/R-MSG-REREVIEW-20261001/blobs/C-b257a409-db87-4117-9601-ed60ea1c8669.stdout.txt
A	research/runs/R-MSG-REREVIEW-20261001/blobs/C-c18543b1-7619-426e-8a9e-793a986827b5.stderr.txt
A	research/runs/R-MSG-REREVIEW-20261001/blobs/C-c18543b1-7619-426e-8a9e-793a986827b5.stdout.txt
A	research/runs/R-MSG-REREVIEW-20261001/blobs/C-c50daaaa-1411-4ed5-80ca-87f279aa7b6b.stderr.txt
A	research/runs/R-MSG-REREVIEW-20261001/blobs/C-c50daaaa-1411-4ed5-80ca-87f279aa7b6b.stdout.txt
A	research/runs/R-MSG-REREVIEW-20261001/blobs/C-caefc8cc-fdb2-4de4-9b41-415b5d5dadb8.stderr.txt
A	research/runs/R-MSG-REREVIEW-20261001/blobs/C-caefc8cc-fdb2-4de4-9b41-415b5d5dadb8.stdout.txt
A	research/runs/R-MSG-REREVIEW-20261001/blobs/C-de3c6212-7aec-4d06-af62-ba170ee06f32.stderr.txt
A	research/runs/R-MSG-REREVIEW-20261001/blobs/C-de3c6212-7aec-4d06-af62-ba170ee06f32.stdout.txt
A	research/runs/R-MSG-REREVIEW-20261001/blobs/C-e3b5579a-e241-4c22-a52a-d8b1bdb80b13.stderr.txt
A	research/runs/R-MSG-REREVIEW-20261001/blobs/C-e3b5579a-e241-4c22-a52a-d8b1bdb80b13.stdout.txt
A	research/runs/R-MSG-REREVIEW-20261001/blobs/C-e6e891ef-b5a0-4302-8072-f17bfea7d6a0.stderr.txt
A	research/runs/R-MSG-REREVIEW-20261001/blobs/C-e6e891ef-b5a0-4302-8072-f17bfea7d6a0.stdout.txt
A	research/runs/R-MSG-REREVIEW-20261001/blobs/C-e85e813b-3fa1-475b-a943-9187a5a7919a.stderr.txt
A	research/runs/R-MSG-REREVIEW-20261001/blobs/C-e85e813b-3fa1-475b-a943-9187a5a7919a.stdout.txt
A	research/runs/R-MSG-REREVIEW-20261001/blobs/C-ea9847d3-d534-4ccc-ad54-cc446d98e026.stderr.txt
A	research/runs/R-MSG-REREVIEW-20261001/blobs/C-ea9847d3-d534-4ccc-ad54-cc446d98e026.stdout.txt
A	research/runs/R-MSG-REREVIEW-20261001/blobs/C-eb6e856a-8d98-47c4-a6cd-b195d5f934a0.stderr.txt
A	research/runs/R-MSG-REREVIEW-20261001/blobs/C-eb6e856a-8d98-47c4-a6cd-b195d5f934a0.stdout.txt
A	research/runs/R-MSG-REREVIEW-20261001/diff.patch
A	research/runs/R-MSG-REREVIEW-20261001/events.jsonl
A	research/runs/R-MSG-REREVIEW-20261001/final_state.json
A	research/runs/R-MSG-REREVIEW-20261001/initial_state.json
A	research/runs/R-MSG-REREVIEW-20261001/metadata.json
A	research/runs/R-MSG-REREVIEW-20261001/summary.json
A	spec/progress/checkpoints/2026-10-01-loop1-go-msg-001-accepted.md
M	spec/progress/current.md
A	spec/progress/evidence/LOOP1-GO-MSG-001/2026-10-01-independent-review-183be63/.gitattributes
A	spec/progress/evidence/LOOP1-GO-MSG-001/2026-10-01-independent-review-183be63/2026-10-01-independent-rereview-clean-state.json
A	spec/progress/evidence/LOOP1-GO-MSG-001/2026-10-01-independent-review-183be63/2026-10-01-independent-rereview-command-results.json
A	spec/progress/evidence/LOOP1-GO-MSG-001/2026-10-01-independent-review-183be63/2026-10-01-independent-rereview-report.md
A	spec/progress/evidence/LOOP1-GO-MSG-001/2026-10-01-independent-review-183be63/archive-transport.json
A	spec/progress/evidence/LOOP1-GO-MSG-001/2026-10-01-independent-review-183be63/audit-0-stderr.txt
A	spec/progress/evidence/LOOP1-GO-MSG-001/2026-10-01-independent-review-183be63/audit-0-stdout.txt
A	spec/progress/evidence/LOOP1-GO-MSG-001/2026-10-01-independent-review-183be63/audit-1-stderr.txt
A	spec/progress/evidence/LOOP1-GO-MSG-001/2026-10-01-independent-review-183be63/audit-1-stdout.txt
A	spec/progress/evidence/LOOP1-GO-MSG-001/2026-10-01-independent-review-183be63/audit-2-stderr.txt
A	spec/progress/evidence/LOOP1-GO-MSG-001/2026-10-01-independent-review-183be63/audit-2-stdout.txt
A	spec/progress/evidence/LOOP1-GO-MSG-001/2026-10-01-independent-review-183be63/audit-3-stderr.txt
A	spec/progress/evidence/LOOP1-GO-MSG-001/2026-10-01-independent-review-183be63/audit-3-stdout.txt
A	spec/progress/evidence/LOOP1-GO-MSG-001/2026-10-01-independent-review-183be63/audit-4-stderr.txt
A	spec/progress/evidence/LOOP1-GO-MSG-001/2026-10-01-independent-review-183be63/audit-4-stdout.txt
A	spec/progress/evidence/LOOP1-GO-MSG-001/2026-10-01-independent-review-183be63/audit-5-stderr.txt
A	spec/progress/evidence/LOOP1-GO-MSG-001/2026-10-01-independent-review-183be63/audit-5-stdout.txt
A	spec/progress/evidence/LOOP1-GO-MSG-001/2026-10-01-independent-review-183be63/audit-6-stderr.txt
A	spec/progress/evidence/LOOP1-GO-MSG-001/2026-10-01-independent-review-183be63/audit-6-stdout.txt
A	spec/progress/evidence/LOOP1-GO-MSG-001/2026-10-01-independent-review-183be63/audit-7-stderr.txt
A	spec/progress/evidence/LOOP1-GO-MSG-001/2026-10-01-independent-review-183be63/audit-7-stdout.txt
A	spec/progress/evidence/LOOP1-GO-MSG-001/2026-10-01-independent-review-183be63/audit-8-stderr.txt
A	spec/progress/evidence/LOOP1-GO-MSG-001/2026-10-01-independent-review-183be63/audit-8-stdout.txt
A	spec/progress/evidence/LOOP1-GO-MSG-001/2026-10-01-independent-review-183be63/audit-9-stderr.txt
A	spec/progress/evidence/LOOP1-GO-MSG-001/2026-10-01-independent-review-183be63/audit-9-stdout.txt
A	spec/progress/evidence/LOOP1-GO-MSG-001/2026-10-01-independent-review-183be63/audit-commands.json
A	spec/progress/evidence/LOOP1-GO-MSG-001/2026-10-01-independent-review-183be63/baseline-0-stderr.txt
A	spec/progress/evidence/LOOP1-GO-MSG-001/2026-10-01-independent-review-183be63/baseline-0-stdout.txt
A	spec/progress/evidence/LOOP1-GO-MSG-001/2026-10-01-independent-review-183be63/baseline-1-stderr.txt
A	spec/progress/evidence/LOOP1-GO-MSG-001/2026-10-01-independent-review-183be63/baseline-1-stdout.txt
A	spec/progress/evidence/LOOP1-GO-MSG-001/2026-10-01-independent-review-183be63/baseline-10-stderr.txt
A	spec/progress/evidence/LOOP1-GO-MSG-001/2026-10-01-independent-review-183be63/baseline-10-stdout.txt
A	spec/progress/evidence/LOOP1-GO-MSG-001/2026-10-01-independent-review-183be63/baseline-2-stderr.txt
A	spec/progress/evidence/LOOP1-GO-MSG-001/2026-10-01-independent-review-183be63/baseline-2-stdout.txt
A	spec/progress/evidence/LOOP1-GO-MSG-001/2026-10-01-independent-review-183be63/baseline-3-stderr.txt
A	spec/progress/evidence/LOOP1-GO-MSG-001/2026-10-01-independent-review-183be63/baseline-3-stdout.txt
A	spec/progress/evidence/LOOP1-GO-MSG-001/2026-10-01-independent-review-183be63/baseline-4-stderr.txt
A	spec/progress/evidence/LOOP1-GO-MSG-001/2026-10-01-independent-review-183be63/baseline-4-stdout.txt
A	spec/progress/evidence/LOOP1-GO-MSG-001/2026-10-01-independent-review-183be63/baseline-5-stderr.txt
A	spec/progress/evidence/LOOP1-GO-MSG-001/2026-10-01-independent-review-183be63/baseline-5-stdout.txt
A	spec/progress/evidence/LOOP1-GO-MSG-001/2026-10-01-independent-review-183be63/baseline-6-stderr.txt
A	spec/progress/evidence/LOOP1-GO-MSG-001/2026-10-01-independent-review-183be63/baseline-6-stdout.txt
A	spec/progress/evidence/LOOP1-GO-MSG-001/2026-10-01-independent-review-183be63/baseline-7-stderr.txt
A	spec/progress/evidence/LOOP1-GO-MSG-001/2026-10-01-independent-review-183be63/baseline-7-stdout.txt
A	spec/progress/evidence/LOOP1-GO-MSG-001/2026-10-01-independent-review-183be63/baseline-8-stderr.txt
A	spec/progress/evidence/LOOP1-GO-MSG-001/2026-10-01-independent-review-183be63/baseline-8-stdout.txt
A	spec/progress/evidence/LOOP1-GO-MSG-001/2026-10-01-independent-review-183be63/baseline-9-stderr.txt
A	spec/progress/evidence/LOOP1-GO-MSG-001/2026-10-01-independent-review-183be63/baseline-9-stdout.txt
A	spec/progress/evidence/LOOP1-GO-MSG-001/2026-10-01-independent-review-183be63/baseline-commands.json
A	spec/progress/evidence/LOOP1-GO-MSG-001/2026-10-01-independent-review-183be63/binding-0-stderr.txt
A	spec/progress/evidence/LOOP1-GO-MSG-001/2026-10-01-independent-review-183be63/binding-0-stdout.txt
A	spec/progress/evidence/LOOP1-GO-MSG-001/2026-10-01-independent-review-183be63/binding-1-stderr.txt
A	spec/progress/evidence/LOOP1-GO-MSG-001/2026-10-01-independent-review-183be63/binding-1-stdout.txt
A	spec/progress/evidence/LOOP1-GO-MSG-001/2026-10-01-independent-review-183be63/binding-2-stderr.txt
A	spec/progress/evidence/LOOP1-GO-MSG-001/2026-10-01-independent-review-183be63/binding-2-stdout.txt
A	spec/progress/evidence/LOOP1-GO-MSG-001/2026-10-01-independent-review-183be63/binding-commands.json
A	spec/progress/evidence/LOOP1-GO-MSG-001/2026-10-01-independent-review-183be63/bootstrap-failure.txt
A	spec/progress/evidence/LOOP1-GO-MSG-001/2026-10-01-independent-review-183be63/checks-0-stderr.txt
A	spec/progress/evidence/LOOP1-GO-MSG-001/2026-10-01-independent-review-183be63/checks-0-stdout.txt
A	spec/progress/evidence/LOOP1-GO-MSG-001/2026-10-01-independent-review-183be63/checks-1-stderr.txt
A	spec/progress/evidence/LOOP1-GO-MSG-001/2026-10-01-independent-review-183be63/checks-1-stdout.txt
A	spec/progress/evidence/LOOP1-GO-MSG-001/2026-10-01-independent-review-183be63/checks-2-stderr.txt
A	spec/progress/evidence/LOOP1-GO-MSG-001/2026-10-01-independent-review-183be63/checks-2-stdout.txt
A	spec/progress/evidence/LOOP1-GO-MSG-001/2026-10-01-independent-review-183be63/checks-3-stderr.txt
A	spec/progress/evidence/LOOP1-GO-MSG-001/2026-10-01-independent-review-183be63/checks-3-stdout.txt
A	spec/progress/evidence/LOOP1-GO-MSG-001/2026-10-01-independent-review-183be63/checks-4-stderr.txt
A	spec/progress/evidence/LOOP1-GO-MSG-001/2026-10-01-independent-review-183be63/checks-4-stdout.txt
A	spec/progress/evidence/LOOP1-GO-MSG-001/2026-10-01-independent-review-183be63/checks-5-stderr.txt
A	spec/progress/evidence/LOOP1-GO-MSG-001/2026-10-01-independent-review-183be63/checks-5-stdout.txt
A	spec/progress/evidence/LOOP1-GO-MSG-001/2026-10-01-independent-review-183be63/checks-6-stderr.txt
A	spec/progress/evidence/LOOP1-GO-MSG-001/2026-10-01-independent-review-183be63/checks-6-stdout.txt
A	spec/progress/evidence/LOOP1-GO-MSG-001/2026-10-01-independent-review-183be63/checks-commands.json
A	spec/progress/evidence/LOOP1-GO-MSG-001/2026-10-01-independent-review-183be63/cleanup-0-stderr.txt
A	spec/progress/evidence/LOOP1-GO-MSG-001/2026-10-01-independent-review-183be63/cleanup-0-stdout.txt
A	spec/progress/evidence/LOOP1-GO-MSG-001/2026-10-01-independent-review-183be63/cleanup-1-stderr.txt
A	spec/progress/evidence/LOOP1-GO-MSG-001/2026-10-01-independent-review-183be63/cleanup-1-stdout.txt
A	spec/progress/evidence/LOOP1-GO-MSG-001/2026-10-01-independent-review-183be63/cleanup-2-stderr.txt
A	spec/progress/evidence/LOOP1-GO-MSG-001/2026-10-01-independent-review-183be63/cleanup-2-stdout.txt
A	spec/progress/evidence/LOOP1-GO-MSG-001/2026-10-01-independent-review-183be63/cleanup-3-stderr.txt
A	spec/progress/evidence/LOOP1-GO-MSG-001/2026-10-01-independent-review-183be63/cleanup-3-stdout.txt
A	spec/progress/evidence/LOOP1-GO-MSG-001/2026-10-01-independent-review-183be63/cleanup-commands.json
A	spec/progress/evidence/LOOP1-GO-MSG-001/2026-10-01-independent-review-183be63/delegated-review-prompt.txt
A	spec/progress/evidence/LOOP1-GO-MSG-001/2026-10-01-independent-review-183be63/hosted-0-stderr.txt
A	spec/progress/evidence/LOOP1-GO-MSG-001/2026-10-01-independent-review-183be63/hosted-0-stdout.txt
A	spec/progress/evidence/LOOP1-GO-MSG-001/2026-10-01-independent-review-183be63/hosted-1-stderr.txt
A	spec/progress/evidence/LOOP1-GO-MSG-001/2026-10-01-independent-review-183be63/hosted-1-stdout.txt
A	spec/progress/evidence/LOOP1-GO-MSG-001/2026-10-01-independent-review-183be63/hosted-10-stderr.txt
A	spec/progress/evidence/LOOP1-GO-MSG-001/2026-10-01-independent-review-183be63/hosted-10-stdout.txt
A	spec/progress/evidence/LOOP1-GO-MSG-001/2026-10-01-independent-review-183be63/hosted-11-stderr.txt
A	spec/progress/evidence/LOOP1-GO-MSG-001/2026-10-01-independent-review-183be63/hosted-11-stdout.txt
A	spec/progress/evidence/LOOP1-GO-MSG-001/2026-10-01-independent-review-183be63/hosted-12-stderr.txt
A	spec/progress/evidence/LOOP1-GO-MSG-001/2026-10-01-independent-review-183be63/hosted-12-stdout.txt
A	spec/progress/evidence/LOOP1-GO-MSG-001/2026-10-01-independent-review-183be63/hosted-13-stderr.txt
A	spec/progress/evidence/LOOP1-GO-MSG-001/2026-10-01-independent-review-183be63/hosted-13-stdout.txt
A	spec/progress/evidence/LOOP1-GO-MSG-001/2026-10-01-independent-review-183be63/hosted-14-stderr.txt
A	spec/progress/evidence/LOOP1-GO-MSG-001/2026-10-01-independent-review-183be63/hosted-14-stdout.txt
A	spec/progress/evidence/LOOP1-GO-MSG-001/2026-10-01-independent-review-183be63/hosted-2-stderr.txt
A	spec/progress/evidence/LOOP1-GO-MSG-001/2026-10-01-independent-review-183be63/hosted-2-stdout.txt
A	spec/progress/evidence/LOOP1-GO-MSG-001/2026-10-01-independent-review-183be63/hosted-3-stderr.txt
A	spec/progress/evidence/LOOP1-GO-MSG-001/2026-10-01-independent-review-183be63/hosted-3-stdout.txt
A	spec/progress/evidence/LOOP1-GO-MSG-001/2026-10-01-independent-review-183be63/hosted-36819288126-architecture.log
A	spec/progress/evidence/LOOP1-GO-MSG-001/2026-10-01-independent-review-183be63/hosted-36819288126-classify.log
A	spec/progress/evidence/LOOP1-GO-MSG-001/2026-10-01-independent-review-183be63/hosted-36819288126-gate.log
A	spec/progress/evidence/LOOP1-GO-MSG-001/2026-10-01-independent-review-183be63/hosted-36819288126-go.log
A	spec/progress/evidence/LOOP1-GO-MSG-001/2026-10-01-independent-review-183be63/hosted-36819288126-source_go.log
A	spec/progress/evidence/LOOP1-GO-MSG-001/2026-10-01-independent-review-183be63/hosted-36819288126-source_java.log
A	spec/progress/evidence/LOOP1-GO-MSG-001/2026-10-01-independent-review-183be63/hosted-36819288126.json
A	spec/progress/evidence/LOOP1-GO-MSG-001/2026-10-01-independent-review-183be63/hosted-36819292528-architecture.log
A	spec/progress/evidence/LOOP1-GO-MSG-001/2026-10-01-independent-review-183be63/hosted-36819292528-classify.log
A	spec/progress/evidence/LOOP1-GO-MSG-001/2026-10-01-independent-review-183be63/hosted-36819292528-gate.log
A	spec/progress/evidence/LOOP1-GO-MSG-001/2026-10-01-independent-review-183be63/hosted-36819292528-go.log
A	spec/progress/evidence/LOOP1-GO-MSG-001/2026-10-01-independent-review-183be63/hosted-36819292528-source_go.log
A	spec/progress/evidence/LOOP1-GO-MSG-001/2026-10-01-independent-review-183be63/hosted-36819292528-source_java.log
A	spec/progress/evidence/LOOP1-GO-MSG-001/2026-10-01-independent-review-183be63/hosted-36819292528.json
A	spec/progress/evidence/LOOP1-GO-MSG-001/2026-10-01-independent-review-183be63/hosted-4-stderr.txt
A	spec/progress/evidence/LOOP1-GO-MSG-001/2026-10-01-independent-review-183be63/hosted-4-stdout.txt
A	spec/progress/evidence/LOOP1-GO-MSG-001/2026-10-01-independent-review-183be63/hosted-5-stderr.txt
A	spec/progress/evidence/LOOP1-GO-MSG-001/2026-10-01-independent-review-183be63/hosted-5-stdout.txt
A	spec/progress/evidence/LOOP1-GO-MSG-001/2026-10-01-independent-review-183be63/hosted-6-stderr.txt
A	spec/progress/evidence/LOOP1-GO-MSG-001/2026-10-01-independent-review-183be63/hosted-6-stdout.txt
A	spec/progress/evidence/LOOP1-GO-MSG-001/2026-10-01-independent-review-183be63/hosted-7-stderr.txt
A	spec/progress/evidence/LOOP1-GO-MSG-001/2026-10-01-independent-review-183be63/hosted-7-stdout.txt
A	spec/progress/evidence/LOOP1-GO-MSG-001/2026-10-01-independent-review-183be63/hosted-8-stderr.txt
A	spec/progress/evidence/LOOP1-GO-MSG-001/2026-10-01-independent-review-183be63/hosted-8-stdout.txt
A	spec/progress/evidence/LOOP1-GO-MSG-001/2026-10-01-independent-review-183be63/hosted-9-stderr.txt
A	spec/progress/evidence/LOOP1-GO-MSG-001/2026-10-01-independent-review-183be63/hosted-9-stdout.txt
A	spec/progress/evidence/LOOP1-GO-MSG-001/2026-10-01-independent-review-183be63/hosted-commands.json
A	spec/progress/evidence/LOOP1-GO-MSG-001/2026-10-01-independent-review-183be63/independent_verification.py
A	spec/progress/evidence/LOOP1-GO-MSG-001/2026-10-01-independent-review-183be63/own-recorder-validation.json
A	spec/progress/evidence/LOOP1-GO-MSG-001/2026-10-01-independent-review-183be63/pr-tree-binding.json
A	spec/progress/evidence/LOOP1-GO-MSG-001/2026-10-01-independent-review-183be63/pr-virtual-merge.json
A	spec/progress/evidence/LOOP1-GO-MSG-001/2026-10-01-independent-review-183be63/pr4.json
A	spec/progress/evidence/LOOP1-GO-MSG-001/2026-10-01-independent-review-183be63/probes-0-stderr.txt
A	spec/progress/evidence/LOOP1-GO-MSG-001/2026-10-01-independent-review-183be63/probes-0-stdout.txt
A	spec/progress/evidence/LOOP1-GO-MSG-001/2026-10-01-independent-review-183be63/probes-1-stderr.txt
A	spec/progress/evidence/LOOP1-GO-MSG-001/2026-10-01-independent-review-183be63/probes-1-stdout.txt
A	spec/progress/evidence/LOOP1-GO-MSG-001/2026-10-01-independent-review-183be63/probes-2-stderr.txt
A	spec/progress/evidence/LOOP1-GO-MSG-001/2026-10-01-independent-review-183be63/probes-2-stdout.txt
A	spec/progress/evidence/LOOP1-GO-MSG-001/2026-10-01-independent-review-183be63/probes-3-stderr.txt
A	spec/progress/evidence/LOOP1-GO-MSG-001/2026-10-01-independent-review-183be63/probes-3-stdout.txt
A	spec/progress/evidence/LOOP1-GO-MSG-001/2026-10-01-independent-review-183be63/probes-4-stderr.txt
A	spec/progress/evidence/LOOP1-GO-MSG-001/2026-10-01-independent-review-183be63/probes-4-stdout.txt
A	spec/progress/evidence/LOOP1-GO-MSG-001/2026-10-01-independent-review-183be63/probes-5-stderr.txt
A	spec/progress/evidence/LOOP1-GO-MSG-001/2026-10-01-independent-review-183be63/probes-5-stdout.txt
A	spec/progress/evidence/LOOP1-GO-MSG-001/2026-10-01-independent-review-183be63/probes-commands.json
A	spec/progress/evidence/LOOP1-GO-MSG-001/2026-10-01-independent-review-183be63/raw-byte-audit.json
A	spec/progress/evidence/LOOP1-GO-MSG-001/2026-10-01-independent-review-183be63/raw_audit.py
A	spec/progress/evidence/LOOP1-GO-MSG-001/2026-10-01-independent-review-183be63/remote-candidate-commit.json
A	spec/progress/evidence/LOOP1-GO-MSG-001/2026-10-01-independent-review-183be63/reviewer-live-overlay.go
A	spec/progress/evidence/LOOP1-GO-MSG-001/2026-10-01-independent-review-183be63/reviewer-live-overlay.go.json
A	spec/progress/evidence/LOOP1-GO-MSG-001/2026-10-01-independent-review-183be63/reviewer-message-overlay.go
A	spec/progress/evidence/LOOP1-GO-MSG-001/2026-10-01-independent-review-183be63/reviewer-message-overlay.go.json
A	spec/progress/evidence/LOOP1-GO-MSG-001/2026-10-01-independent-review-183be63/reviewer-sync-overlay.go
A	spec/progress/evidence/LOOP1-GO-MSG-001/2026-10-01-independent-review-183be63/reviewer-sync-overlay.json
R091	spec/tasks/review/LOOP1-GO-MSG-001.md	spec/tasks/done/LOOP1-GO-MSG-001.md
