{
  "paths": [
    "backend/go/core/http.go",
    "backend/go/core/message.go",
    "backend/go/core/message_test.go",
    "backend/go/core/outbox.go",
    "backend/go/core/outbox_test.go",
    "backend/go/core/sync.go",
    "backend/go/core/sync_test.go",
    "backend/go/gateway/gateway.go",
    "backend/go/gateway/http.go",
    "backend/go/gateway/message_test.go",
    "backend/go/tests/auth_test.go",
    "backend/go/tests/message_test.go",
    "research/prompts/P-MSG-ACTIVATION-20261001/metadata.json",
    "research/prompts/P-MSG-ACTIVATION-20261001/prompt.txt",
    "research/prompts/P-MSG-COORDINATOR-20261001/.gitattributes",
    "research/prompts/P-MSG-COORDINATOR-20261001/metadata.json",
    "research/prompts/P-MSG-COORDINATOR-20261001/prompt.txt",
    "research/prompts/P-MSG-FIX-20261001/.gitattributes",
    "research/prompts/P-MSG-FIX-20261001/metadata.json",
    "research/prompts/P-MSG-FIX-20261001/prompt.txt",
    "research/prompts/P-MSG-IMPLEMENTATION-20261001/metadata.json",
    "research/prompts/P-MSG-IMPLEMENTATION-20261001/prompt.txt",
    "research/prompts/P-MSG-INDEPENDENT-REVIEW-20261001/.gitattributes",
    "research/prompts/P-MSG-INDEPENDENT-REVIEW-20261001/metadata.json",
    "research/prompts/P-MSG-INDEPENDENT-REVIEW-20261001/prompt.txt",
    "research/prompts/P-MSG-REREVIEW-20261001/.gitattributes",
    "research/prompts/P-MSG-REREVIEW-20261001/metadata.json",
    "research/prompts/P-MSG-REREVIEW-20261001/prompt.txt",
    "research/prompts/P-SOCIAL-MERGE-CONTINUE-20261001/metadata.json",
    "research/prompts/P-SOCIAL-MERGE-CONTINUE-20261001/prompt.txt",
    "research/runs/R-MSG-ACTIVATION-20261001/blobs/.gitattributes",
    "research/runs/R-MSG-ACTIVATION-20261001/blobs/C-6ef2e6cb-1fb7-439c-a011-04a085c684bf.stderr.txt",
    "research/runs/R-MSG-ACTIVATION-20261001/blobs/C-6ef2e6cb-1fb7-439c-a011-04a085c684bf.stdout.txt",
    "research/runs/R-MSG-ACTIVATION-20261001/blobs/C-762a220d-1295-47db-984b-0d144d61f7dc.stderr.txt",
    "research/runs/R-MSG-ACTIVATION-20261001/blobs/C-762a220d-1295-47db-984b-0d144d61f7dc.stdout.txt",
    "research/runs/R-MSG-ACTIVATION-20261001/blobs/C-959aaa60-33ef-4126-a2b7-5c25c6400921.stderr.txt",
    "research/runs/R-MSG-ACTIVATION-20261001/blobs/C-959aaa60-33ef-4126-a2b7-5c25c6400921.stdout.txt",
    "research/runs/R-MSG-ACTIVATION-20261001/blobs/C-bc1d550b-605c-4358-8781-1e423e100726.stderr.txt",
    "research/runs/R-MSG-ACTIVATION-20261001/blobs/C-bc1d550b-605c-4358-8781-1e423e100726.stdout.txt",
    "research/runs/R-MSG-ACTIVATION-20261001/diff.patch",
    "research/runs/R-MSG-ACTIVATION-20261001/events.jsonl",
    "research/runs/R-MSG-ACTIVATION-20261001/final_state.json",
    "research/runs/R-MSG-ACTIVATION-20261001/initial_state.json",
    "research/runs/R-MSG-ACTIVATION-20261001/metadata.json",
    "research/runs/R-MSG-ACTIVATION-20261001/summary.json",
    "research/runs/R-MSG-COORDINATOR-20261001/.gitattributes",
    "research/runs/R-MSG-COORDINATOR-20261001/blobs/C-0ccf740f-81db-4302-9706-fb7a21bc9e41.stderr.txt",
    "research/runs/R-MSG-COORDINATOR-20261001/blobs/C-0ccf740f-81db-4302-9706-fb7a21bc9e41.stdout.txt",
    "research/runs/R-MSG-COORDINATOR-20261001/blobs/C-10af5acf-dfb9-4310-b1a3-e1688a275526.stderr.txt",
    "research/runs/R-MSG-COORDINATOR-20261001/blobs/C-10af5acf-dfb9-4310-b1a3-e1688a275526.stdout.txt",
    "research/runs/R-MSG-COORDINATOR-20261001/blobs/C-1bc1e843-d5b4-4932-8705-90172e234e56.stderr.txt",
    "research/runs/R-MSG-COORDINATOR-20261001/blobs/C-1bc1e843-d5b4-4932-8705-90172e234e56.stdout.txt",
    "research/runs/R-MSG-COORDINATOR-20261001/blobs/C-302433bf-b41a-423d-9137-7c0698d7f703.stderr.txt",
    "research/runs/R-MSG-COORDINATOR-20261001/blobs/C-302433bf-b41a-423d-9137-7c0698d7f703.stdout.txt",
    "research/runs/R-MSG-COORDINATOR-20261001/blobs/C-3888adf4-1964-4f67-9656-a214c35490ab.stderr.txt",
    "research/runs/R-MSG-COORDINATOR-20261001/blobs/C-3888adf4-1964-4f67-9656-a214c35490ab.stdout.txt",
    "research/runs/R-MSG-COORDINATOR-20261001/blobs/C-4b5f7a3e-0f0b-49fe-98af-3a4d79abcc93.stderr.txt",
    "research/runs/R-MSG-COORDINATOR-20261001/blobs/C-4b5f7a3e-0f0b-49fe-98af-3a4d79abcc93.stdout.txt",
    "research/runs/R-MSG-COORDINATOR-20261001/blobs/C-585b7509-12d5-4d29-99f8-628f66d89dab.stderr.txt",
    "research/runs/R-MSG-COORDINATOR-20261001/blobs/C-585b7509-12d5-4d29-99f8-628f66d89dab.stdout.txt",
    "research/runs/R-MSG-COORDINATOR-20261001/blobs/C-7993bfc0-f815-418f-a7c4-60d472e599b6.stderr.txt",
    "research/runs/R-MSG-COORDINATOR-20261001/blobs/C-7993bfc0-f815-418f-a7c4-60d472e599b6.stdout.txt",
    "research/runs/R-MSG-COORDINATOR-20261001/blobs/C-9cc7dcf2-27ec-4e05-9c8a-2b5f3f49ca38.stderr.txt",
    "research/runs/R-MSG-COORDINATOR-20261001/blobs/C-9cc7dcf2-27ec-4e05-9c8a-2b5f3f49ca38.stdout.txt",
    "research/runs/R-MSG-COORDINATOR-20261001/blobs/C-9e937806-3881-4c66-8130-21ce2110e246.stderr.txt",
    "research/runs/R-MSG-COORDINATOR-20261001/blobs/C-9e937806-3881-4c66-8130-21ce2110e246.stdout.txt",
    "research/runs/R-MSG-COORDINATOR-20261001/blobs/C-a30403c9-cd0c-45dc-b555-45336a73d457.stderr.txt",
    "research/runs/R-MSG-COORDINATOR-20261001/blobs/C-a30403c9-cd0c-45dc-b555-45336a73d457.stdout.txt",
    "research/runs/R-MSG-COORDINATOR-20261001/blobs/C-adf06fb5-0205-4b41-b7ee-d611b0cc2f14.stderr.txt",
    "research/runs/R-MSG-COORDINATOR-20261001/blobs/C-adf06fb5-0205-4b41-b7ee-d611b0cc2f14.stdout.txt",
    "research/runs/R-MSG-COORDINATOR-20261001/blobs/C-ae32ca4f-f1b9-4904-9e2a-8c8518bf9b85.stderr.txt",
    "research/runs/R-MSG-COORDINATOR-20261001/blobs/C-ae32ca4f-f1b9-4904-9e2a-8c8518bf9b85.stdout.txt",
    "research/runs/R-MSG-COORDINATOR-20261001/blobs/C-b438fc81-3ec7-4d5a-ae03-3c340f82206b.stderr.txt",
    "research/runs/R-MSG-COORDINATOR-20261001/blobs/C-b438fc81-3ec7-4d5a-ae03-3c340f82206b.stdout.txt",
    "research/runs/R-MSG-COORDINATOR-20261001/blobs/C-d169fb2b-dc28-44c1-a203-5bfbdf93b6c3.stderr.txt",
    "research/runs/R-MSG-COORDINATOR-20261001/blobs/C-d169fb2b-dc28-44c1-a203-5bfbdf93b6c3.stdout.txt",
    "research/runs/R-MSG-COORDINATOR-20261001/blobs/C-d331270f-cd9b-4beb-bd3c-a1273f8d99b8.stderr.txt",
    "research/runs/R-MSG-COORDINATOR-20261001/blobs/C-d331270f-cd9b-4beb-bd3c-a1273f8d99b8.stdout.txt",
    "research/runs/R-MSG-COORDINATOR-20261001/diff.patch",
    "research/runs/R-MSG-COORDINATOR-20261001/events.jsonl",
    "research/runs/R-MSG-COORDINATOR-20261001/final_state.json",
    "research/runs/R-MSG-COORDINATOR-20261001/initial_state.json",
    "research/runs/R-MSG-COORDINATOR-20261001/metadata.json",
    "research/runs/R-MSG-COORDINATOR-20261001/summary.json",
    "research/runs/R-MSG-FIX-20261001/.gitattributes",
    "research/runs/R-MSG-FIX-20261001/blobs/C-0a1354a0-d360-4597-8534-95192ab07690.stderr.txt",
    "research/runs/R-MSG-FIX-20261001/blobs/C-0a1354a0-d360-4597-8534-95192ab07690.stdout.txt",
    "research/runs/R-MSG-FIX-20261001/blobs/C-0bc362df-075a-421c-8433-84dc5445b79c.stderr.txt",
    "research/runs/R-MSG-FIX-20261001/blobs/C-0bc362df-075a-421c-8433-84dc5445b79c.stdout.txt",
    "research/runs/R-MSG-FIX-20261001/blobs/C-12da47cf-8828-48ce-9409-a8ca055bed56.stderr.txt",
    "research/runs/R-MSG-FIX-20261001/blobs/C-12da47cf-8828-48ce-9409-a8ca055bed56.stdout.txt",
    "research/runs/R-MSG-FIX-20261001/blobs/C-1c12c2ee-6f8f-42cb-8c7c-99bd36c079e9.stderr.txt",
    "research/runs/R-MSG-FIX-20261001/blobs/C-1c12c2ee-6f8f-42cb-8c7c-99bd36c079e9.stdout.txt",
    "research/runs/R-MSG-FIX-20261001/blobs/C-20309982-c8b6-4d61-a99a-ce706c046349.stderr.txt",
    "research/runs/R-MSG-FIX-20261001/blobs/C-20309982-c8b6-4d61-a99a-ce706c046349.stdout.txt",
    "research/runs/R-MSG-FIX-20261001/blobs/C-2484225c-2c2e-4da7-b3b9-1dfb09f54669.stderr.txt",
    "research/runs/R-MSG-FIX-20261001/blobs/C-2484225c-2c2e-4da7-b3b9-1dfb09f54669.stdout.txt",
    "research/runs/R-MSG-FIX-20261001/blobs/C-2c611cf7-ca25-4b94-9f23-f5eed8d07eac.stderr.txt",
    "research/runs/R-MSG-FIX-20261001/blobs/C-2c611cf7-ca25-4b94-9f23-f5eed8d07eac.stdout.txt",
    "research/runs/R-MSG-FIX-20261001/blobs/C-2de6836a-05af-4a8a-8333-de18b0c0c766.stderr.txt",
    "research/runs/R-MSG-FIX-20261001/blobs/C-2de6836a-05af-4a8a-8333-de18b0c0c766.stdout.txt",
    "research/runs/R-MSG-FIX-20261001/blobs/C-319711a3-f7cc-4062-aa4c-737056f65c8d.stderr.txt",
    "research/runs/R-MSG-FIX-20261001/blobs/C-319711a3-f7cc-4062-aa4c-737056f65c8d.stdout.txt",
    "research/runs/R-MSG-FIX-20261001/blobs/C-348314bd-f6ec-4594-bd49-7f723a6d35da.stderr.txt",
    "research/runs/R-MSG-FIX-20261001/blobs/C-348314bd-f6ec-4594-bd49-7f723a6d35da.stdout.txt",
    "research/runs/R-MSG-FIX-20261001/blobs/C-35848c78-9001-437f-ac9a-763fa52c76d2.stderr.txt",
    "research/runs/R-MSG-FIX-20261001/blobs/C-35848c78-9001-437f-ac9a-763fa52c76d2.stdout.txt",
    "research/runs/R-MSG-FIX-20261001/blobs/C-38d75191-c596-4cfb-9d86-e3bdb118a42c.stderr.txt",
    "research/runs/R-MSG-FIX-20261001/blobs/C-38d75191-c596-4cfb-9d86-e3bdb118a42c.stdout.txt",
    "research/runs/R-MSG-FIX-20261001/blobs/C-3cb81f6c-f55a-4820-8271-8dfb766e1061.stderr.txt",
    "research/runs/R-MSG-FIX-20261001/blobs/C-3cb81f6c-f55a-4820-8271-8dfb766e1061.stdout.txt",
    "research/runs/R-MSG-FIX-20261001/blobs/C-472ec3e7-301c-4c2f-b060-75b551ca1fd8.stderr.txt",
    "research/runs/R-MSG-FIX-20261001/blobs/C-472ec3e7-301c-4c2f-b060-75b551ca1fd8.stdout.txt",
    "research/runs/R-MSG-FIX-20261001/blobs/C-4d3f4c24-ffc2-4c72-98b1-6baa9f10ea07.stderr.txt",
    "research/runs/R-MSG-FIX-20261001/blobs/C-4d3f4c24-ffc2-4c72-98b1-6baa9f10ea07.stdout.txt",
    "research/runs/R-MSG-FIX-20261001/blobs/C-4f3a374b-387b-4066-9564-2a064c581cb7.stderr.txt",
    "research/runs/R-MSG-FIX-20261001/blobs/C-4f3a374b-387b-4066-9564-2a064c581cb7.stdout.txt",
    "research/runs/R-MSG-FIX-20261001/blobs/C-558e3407-9eb5-4b1c-ae10-50ba56874746.stderr.txt",
    "research/runs/R-MSG-FIX-20261001/blobs/C-558e3407-9eb5-4b1c-ae10-50ba56874746.stdout.txt",
    "research/runs/R-MSG-FIX-20261001/blobs/C-55ae54c5-b2df-43e5-b82d-83d2029545bb.stderr.txt",
    "research/runs/R-MSG-FIX-20261001/blobs/C-55ae54c5-b2df-43e5-b82d-83d2029545bb.stdout.txt",
    "research/runs/R-MSG-FIX-20261001/blobs/C-55baa23f-02c9-4b75-863d-2329a691ee78.stderr.txt",
    "research/runs/R-MSG-FIX-20261001/blobs/C-55baa23f-02c9-4b75-863d-2329a691ee78.stdout.txt",
    "research/runs/R-MSG-FIX-20261001/blobs/C-5ce64769-bd28-4c1d-bace-3a517cef6f7a.stderr.txt",
    "research/runs/R-MSG-FIX-20261001/blobs/C-5ce64769-bd28-4c1d-bace-3a517cef6f7a.stdout.txt",
    "research/runs/R-MSG-FIX-20261001/blobs/C-6074ee99-e20c-48d0-bd61-6144938ec651.stderr.txt",
    "research/runs/R-MSG-FIX-20261001/blobs/C-6074ee99-e20c-48d0-bd61-6144938ec651.stdout.txt",
    "research/runs/R-MSG-FIX-20261001/blobs/C-62b2de77-ec56-4334-bb9d-5a3f024e3023.stderr.txt",
    "research/runs/R-MSG-FIX-20261001/blobs/C-62b2de77-ec56-4334-bb9d-5a3f024e3023.stdout.txt",
    "research/runs/R-MSG-FIX-20261001/blobs/C-66af117c-ffbd-4184-83f2-26296b6d91cd.stderr.txt",
    "research/runs/R-MSG-FIX-20261001/blobs/C-66af117c-ffbd-4184-83f2-26296b6d91cd.stdout.txt",
    "research/runs/R-MSG-FIX-20261001/blobs/C-670ff15a-3a11-4b09-a53e-da4211ef3301.stderr.txt",
    "research/runs/R-MSG-FIX-20261001/blobs/C-670ff15a-3a11-4b09-a53e-da4211ef3301.stdout.txt",
    "research/runs/R-MSG-FIX-20261001/blobs/C-73f5d28f-b1fb-438a-95a3-5ce679415d45.stderr.txt",
    "research/runs/R-MSG-FIX-20261001/blobs/C-73f5d28f-b1fb-438a-95a3-5ce679415d45.stdout.txt",
    "research/runs/R-MSG-FIX-20261001/blobs/C-77a1c43e-d094-4f92-888f-5d8d65c1d498.stderr.txt",
    "research/runs/R-MSG-FIX-20261001/blobs/C-77a1c43e-d094-4f92-888f-5d8d65c1d498.stdout.txt",
    "research/runs/R-MSG-FIX-20261001/blobs/C-873153e8-722c-4bec-bb81-194f6ac15241.stderr.txt",
    "research/runs/R-MSG-FIX-20261001/blobs/C-873153e8-722c-4bec-bb81-194f6ac15241.stdout.txt",
    "research/runs/R-MSG-FIX-20261001/blobs/C-8a64c591-bc03-4a53-bf70-4318e13c9e2c.stderr.txt",
    "research/runs/R-MSG-FIX-20261001/blobs/C-8a64c591-bc03-4a53-bf70-4318e13c9e2c.stdout.txt",
    "research/runs/R-MSG-FIX-20261001/blobs/C-8ba4e862-5b47-4e08-9bcb-7a456d9e91b9.stderr.txt",
    "research/runs/R-MSG-FIX-20261001/blobs/C-8ba4e862-5b47-4e08-9bcb-7a456d9e91b9.stdout.txt",
    "research/runs/R-MSG-FIX-20261001/blobs/C-8e848a45-09fc-45b9-806b-44ad7c5aa5ee.stderr.txt",
    "research/runs/R-MSG-FIX-20261001/blobs/C-8e848a45-09fc-45b9-806b-44ad7c5aa5ee.stdout.txt",
    "research/runs/R-MSG-FIX-20261001/blobs/C-a4b12096-1fea-4edc-961a-4ae115f7dd1d.stderr.txt",
    "research/runs/R-MSG-FIX-20261001/blobs/C-a4b12096-1fea-4edc-961a-4ae115f7dd1d.stdout.txt",
    "research/runs/R-MSG-FIX-20261001/blobs/C-b1d28992-6536-4d1e-a28f-95ab880ca5da.stderr.txt",
    "research/runs/R-MSG-FIX-20261001/blobs/C-b1d28992-6536-4d1e-a28f-95ab880ca5da.stdout.txt",
    "research/runs/R-MSG-FIX-20261001/blobs/C-b28a62b2-0537-40f8-8312-855d177e86ff.stderr.txt",
    "research/runs/R-MSG-FIX-20261001/blobs/C-b28a62b2-0537-40f8-8312-855d177e86ff.stdout.txt",
    "research/runs/R-MSG-FIX-20261001/blobs/C-b617bc06-c46c-4b3d-9f3f-2f2696fb64b9.stderr.txt",
    "research/runs/R-MSG-FIX-20261001/blobs/C-b617bc06-c46c-4b3d-9f3f-2f2696fb64b9.stdout.txt",
    "research/runs/R-MSG-FIX-20261001/blobs/C-ba310b65-1449-4bae-8d1d-d7da4bbdbb0a.stderr.txt",
    "research/runs/R-MSG-FIX-20261001/blobs/C-ba310b65-1449-4bae-8d1d-d7da4bbdbb0a.stdout.txt",
    "research/runs/R-MSG-FIX-20261001/blobs/C-c198e217-fdb4-45e3-9529-907010df02b9.stderr.txt",
    "research/runs/R-MSG-FIX-20261001/blobs/C-c198e217-fdb4-45e3-9529-907010df02b9.stdout.txt",
    "research/runs/R-MSG-FIX-20261001/blobs/C-ca34131a-9908-4b2f-849e-1545e1dc8166.stderr.txt",
    "research/runs/R-MSG-FIX-20261001/blobs/C-ca34131a-9908-4b2f-849e-1545e1dc8166.stdout.txt",
    "research/runs/R-MSG-FIX-20261001/blobs/C-ceadbf4d-2bac-4f52-ac34-207ce25f0f6b.stderr.txt",
    "research/runs/R-MSG-FIX-20261001/blobs/C-ceadbf4d-2bac-4f52-ac34-207ce25f0f6b.stdout.txt",
    "research/runs/R-MSG-FIX-20261001/blobs/C-d292f789-183d-407b-9261-9ed356383c09.stderr.txt",
    "research/runs/R-MSG-FIX-20261001/blobs/C-d292f789-183d-407b-9261-9ed356383c09.stdout.txt",
    "research/runs/R-MSG-FIX-20261001/blobs/C-e115a77e-56b7-42a0-8f51-fa6a02fb254a.stderr.txt",
    "research/runs/R-MSG-FIX-20261001/blobs/C-e115a77e-56b7-42a0-8f51-fa6a02fb254a.stdout.txt",
    "research/runs/R-MSG-FIX-20261001/blobs/C-e844568b-871b-4e40-bfd0-59aaf7dcfec5.stderr.txt",
    "research/runs/R-MSG-FIX-20261001/blobs/C-e844568b-871b-4e40-bfd0-59aaf7dcfec5.stdout.txt",
    "research/runs/R-MSG-FIX-20261001/blobs/C-eccc34c0-790a-4fa3-af3d-1f795a23d187.stderr.txt",
    "research/runs/R-MSG-FIX-20261001/blobs/C-eccc34c0-790a-4fa3-af3d-1f795a23d187.stdout.txt",
    "research/runs/R-MSG-FIX-20261001/blobs/C-f42c9d19-1b4f-42e4-bb84-998aded2c320.stderr.txt",
    "research/runs/R-MSG-FIX-20261001/blobs/C-f42c9d19-1b4f-42e4-bb84-998aded2c320.stdout.txt",
    "research/runs/R-MSG-FIX-20261001/blobs/C-f712b907-3c1e-4a0c-8a1b-c9fcb2ffd776.stderr.txt",
    "research/runs/R-MSG-FIX-20261001/blobs/C-f712b907-3c1e-4a0c-8a1b-c9fcb2ffd776.stdout.txt",
    "research/runs/R-MSG-FIX-20261001/blobs/C-f83a33f2-973b-4eb7-a260-4691b813b2e3.stderr.txt",
    "research/runs/R-MSG-FIX-20261001/blobs/C-f83a33f2-973b-4eb7-a260-4691b813b2e3.stdout.txt",
    "research/runs/R-MSG-FIX-20261001/diff.patch",
    "research/runs/R-MSG-FIX-20261001/events.jsonl",
    "research/runs/R-MSG-FIX-20261001/final_state.json",
    "research/runs/R-MSG-FIX-20261001/initial_state.json",
    "research/runs/R-MSG-FIX-20261001/metadata.json",
    "research/runs/R-MSG-FIX-20261001/summary.json",
    "research/runs/R-MSG-IMPLEMENTATION-20261001/.gitattributes",
    "research/runs/R-MSG-IMPLEMENTATION-20261001/blobs/C-028f02ec-3366-4047-8c2b-b242083760f1.stderr.txt",
    "research/runs/R-MSG-IMPLEMENTATION-20261001/blobs/C-028f02ec-3366-4047-8c2b-b242083760f1.stdout.txt",
    "research/runs/R-MSG-IMPLEMENTATION-20261001/blobs/C-05471379-8b28-4ca7-a3dc-450d0c05a5a2.stderr.txt",
    "research/runs/R-MSG-IMPLEMENTATION-20261001/blobs/C-05471379-8b28-4ca7-a3dc-450d0c05a5a2.stdout.txt",
    "research/runs/R-MSG-IMPLEMENTATION-20261001/blobs/C-0b528c4c-5fe0-4aa5-b44c-c973ae0322b5.stderr.txt",
    "research/runs/R-MSG-IMPLEMENTATION-20261001/blobs/C-0b528c4c-5fe0-4aa5-b44c-c973ae0322b5.stdout.txt",
    "research/runs/R-MSG-IMPLEMENTATION-20261001/blobs/C-1943f50d-c417-4255-9faa-e76d5c5a4a79.stderr.txt",
    "research/runs/R-MSG-IMPLEMENTATION-20261001/blobs/C-1943f50d-c417-4255-9faa-e76d5c5a4a79.stdout.txt",
    "research/runs/R-MSG-IMPLEMENTATION-20261001/blobs/C-1b99865c-6941-48a0-af6e-6f02d6ed9f7f.stderr.txt",
    "research/runs/R-MSG-IMPLEMENTATION-20261001/blobs/C-1b99865c-6941-48a0-af6e-6f02d6ed9f7f.stdout.txt",
    "research/runs/R-MSG-IMPLEMENTATION-20261001/blobs/C-25b68ffb-0e82-401f-a51c-2311eae1debb.stderr.txt",
    "research/runs/R-MSG-IMPLEMENTATION-20261001/blobs/C-25b68ffb-0e82-401f-a51c-2311eae1debb.stdout.txt",
    "research/runs/R-MSG-IMPLEMENTATION-20261001/blobs/C-2664ac01-37e9-4fdd-9161-4b5362e800f4.stderr.txt",
    "research/runs/R-MSG-IMPLEMENTATION-20261001/blobs/C-2664ac01-37e9-4fdd-9161-4b5362e800f4.stdout.txt",
    "research/runs/R-MSG-IMPLEMENTATION-20261001/blobs/C-27bf5cb1-8305-422d-9419-572ba06e1b37.stderr.txt",
    "research/runs/R-MSG-IMPLEMENTATION-20261001/blobs/C-27bf5cb1-8305-422d-9419-572ba06e1b37.stdout.txt",
    "research/runs/R-MSG-IMPLEMENTATION-20261001/blobs/C-27e9320b-5fbc-41b0-9934-791d93e613be.stderr.txt",
    "research/runs/R-MSG-IMPLEMENTATION-20261001/blobs/C-27e9320b-5fbc-41b0-9934-791d93e613be.stdout.txt",
    "research/runs/R-MSG-IMPLEMENTATION-20261001/blobs/C-2d74b4af-f71f-4c53-a798-3e33fcd89dcc.stderr.txt",
    "research/runs/R-MSG-IMPLEMENTATION-20261001/blobs/C-2d74b4af-f71f-4c53-a798-3e33fcd89dcc.stdout.txt",
    "research/runs/R-MSG-IMPLEMENTATION-20261001/blobs/C-2dfb66ef-a06a-4d8d-9cee-3a0612467ed1.stderr.txt",
    "research/runs/R-MSG-IMPLEMENTATION-20261001/blobs/C-2dfb66ef-a06a-4d8d-9cee-3a0612467ed1.stdout.txt",
    "research/runs/R-MSG-IMPLEMENTATION-20261001/blobs/C-30708107-4c26-45ee-92c0-555d259ec591.stderr.txt",
    "research/runs/R-MSG-IMPLEMENTATION-20261001/blobs/C-30708107-4c26-45ee-92c0-555d259ec591.stdout.txt",
    "research/runs/R-MSG-IMPLEMENTATION-20261001/blobs/C-317ba1fb-b800-4db4-94ef-2c3cb0cab8a8.stderr.txt",
    "research/runs/R-MSG-IMPLEMENTATION-20261001/blobs/C-317ba1fb-b800-4db4-94ef-2c3cb0cab8a8.stdout.txt",
    "research/runs/R-MSG-IMPLEMENTATION-20261001/blobs/C-3faae904-8cc3-4b8c-8f81-fdc0d83b49d7.stderr.txt",
    "research/runs/R-MSG-IMPLEMENTATION-20261001/blobs/C-3faae904-8cc3-4b8c-8f81-fdc0d83b49d7.stdout.txt",
    "research/runs/R-MSG-IMPLEMENTATION-20261001/blobs/C-45b481e0-4a2c-4e20-8263-1593cdb2da0e.stderr.txt",
    "research/runs/R-MSG-IMPLEMENTATION-20261001/blobs/C-45b481e0-4a2c-4e20-8263-1593cdb2da0e.stdout.txt",
    "research/runs/R-MSG-IMPLEMENTATION-20261001/blobs/C-467aff78-d7a2-4693-a448-2b38bb4ec12a.stderr.txt",
    "research/runs/R-MSG-IMPLEMENTATION-20261001/blobs/C-467aff78-d7a2-4693-a448-2b38bb4ec12a.stdout.txt",
    "research/runs/R-MSG-IMPLEMENTATION-20261001/blobs/C-48c46b4f-9314-49e9-9ac2-c384fbcd96c7.stderr.txt",
    "research/runs/R-MSG-IMPLEMENTATION-20261001/blobs/C-48c46b4f-9314-49e9-9ac2-c384fbcd96c7.stdout.txt",
    "research/runs/R-MSG-IMPLEMENTATION-20261001/blobs/C-4d47a51e-0149-416c-a6f1-4f7f99dd0aaf.stderr.txt",
    "research/runs/R-MSG-IMPLEMENTATION-20261001/blobs/C-4d47a51e-0149-416c-a6f1-4f7f99dd0aaf.stdout.txt",
    "research/runs/R-MSG-IMPLEMENTATION-20261001/blobs/C-4d80d7c7-f56a-4587-9a33-86e3768dae63.stderr.txt",
    "research/runs/R-MSG-IMPLEMENTATION-20261001/blobs/C-4d80d7c7-f56a-4587-9a33-86e3768dae63.stdout.txt",
    "research/runs/R-MSG-IMPLEMENTATION-20261001/blobs/C-4d9b655d-7d99-4d0e-999e-fbcad3615886.stderr.txt",
    "research/runs/R-MSG-IMPLEMENTATION-20261001/blobs/C-4d9b655d-7d99-4d0e-999e-fbcad3615886.stdout.txt",
    "research/runs/R-MSG-IMPLEMENTATION-20261001/blobs/C-53741016-2b9b-4f93-b570-4699a38ac7fe.stderr.txt",
    "research/runs/R-MSG-IMPLEMENTATION-20261001/blobs/C-53741016-2b9b-4f93-b570-4699a38ac7fe.stdout.txt",
    "research/runs/R-MSG-IMPLEMENTATION-20261001/blobs/C-620627cf-6006-4089-8021-51454d45f698.stderr.txt",
    "research/runs/R-MSG-IMPLEMENTATION-20261001/blobs/C-620627cf-6006-4089-8021-51454d45f698.stdout.txt",
    "research/runs/R-MSG-IMPLEMENTATION-20261001/blobs/C-649d3bad-d796-4569-8b1d-0a86997754f6.stderr.txt",
    "research/runs/R-MSG-IMPLEMENTATION-20261001/blobs/C-649d3bad-d796-4569-8b1d-0a86997754f6.stdout.txt",
    "research/runs/R-MSG-IMPLEMENTATION-20261001/blobs/C-6b01a400-120d-4712-9f72-c13d6c7efb9b.stderr.txt",
    "research/runs/R-MSG-IMPLEMENTATION-20261001/blobs/C-6b01a400-120d-4712-9f72-c13d6c7efb9b.stdout.txt",
    "research/runs/R-MSG-IMPLEMENTATION-20261001/blobs/C-723a1542-ca5c-423b-a430-996fa89b34eb.stderr.txt",
    "research/runs/R-MSG-IMPLEMENTATION-20261001/blobs/C-723a1542-ca5c-423b-a430-996fa89b34eb.stdout.txt",
    "research/runs/R-MSG-IMPLEMENTATION-20261001/blobs/C-7bfe8764-e964-4706-b14f-08dacdb7069a.stderr.txt",
    "research/runs/R-MSG-IMPLEMENTATION-20261001/blobs/C-7bfe8764-e964-4706-b14f-08dacdb7069a.stdout.txt",
    "research/runs/R-MSG-IMPLEMENTATION-20261001/blobs/C-7d6d9a1c-d55e-457a-a9da-53d8fb3c5117.stderr.txt",
    "research/runs/R-MSG-IMPLEMENTATION-20261001/blobs/C-7d6d9a1c-d55e-457a-a9da-53d8fb3c5117.stdout.txt",
    "research/runs/R-MSG-IMPLEMENTATION-20261001/blobs/C-89a62f6e-c39e-4b5b-b477-700c50ca8ea3.stderr.txt",
    "research/runs/R-MSG-IMPLEMENTATION-20261001/blobs/C-89a62f6e-c39e-4b5b-b477-700c50ca8ea3.stdout.txt",
    "research/runs/R-MSG-IMPLEMENTATION-20261001/blobs/C-8da2855a-2909-49ae-aea6-a5b829e5ea03.stderr.txt",
    "research/runs/R-MSG-IMPLEMENTATION-20261001/blobs/C-8da2855a-2909-49ae-aea6-a5b829e5ea03.stdout.txt",
    "research/runs/R-MSG-IMPLEMENTATION-20261001/blobs/C-8f5b5082-b06a-4962-b597-4c3dc5723688.stderr.txt",
    "research/runs/R-MSG-IMPLEMENTATION-20261001/blobs/C-8f5b5082-b06a-4962-b597-4c3dc5723688.stdout.txt",
    "research/runs/R-MSG-IMPLEMENTATION-20261001/blobs/C-91f88395-d017-4924-9a77-ad2af2d44e0f.stderr.txt",
    "research/runs/R-MSG-IMPLEMENTATION-20261001/blobs/C-91f88395-d017-4924-9a77-ad2af2d44e0f.stdout.txt",
    "research/runs/R-MSG-IMPLEMENTATION-20261001/blobs/C-96e0fee6-fca3-4f66-8dbf-41f9438a469f.stderr.txt",
    "research/runs/R-MSG-IMPLEMENTATION-20261001/blobs/C-96e0fee6-fca3-4f66-8dbf-41f9438a469f.stdout.txt",
    "research/runs/R-MSG-IMPLEMENTATION-20261001/blobs/C-9706485c-36c5-47ed-a486-b64f68db8e11.stderr.txt",
    "research/runs/R-MSG-IMPLEMENTATION-20261001/blobs/C-9706485c-36c5-47ed-a486-b64f68db8e11.stdout.txt",
    "research/runs/R-MSG-IMPLEMENTATION-20261001/blobs/C-9735f5a8-1cd7-43bc-924d-232a2aef542e.stderr.txt",
    "research/runs/R-MSG-IMPLEMENTATION-20261001/blobs/C-9735f5a8-1cd7-43bc-924d-232a2aef542e.stdout.txt",
    "research/runs/R-MSG-IMPLEMENTATION-20261001/blobs/C-a2eae2d6-95e7-49eb-8bc4-293aa3d4dec7.stderr.txt",
    "research/runs/R-MSG-IMPLEMENTATION-20261001/blobs/C-a2eae2d6-95e7-49eb-8bc4-293aa3d4dec7.stdout.txt",
    "research/runs/R-MSG-IMPLEMENTATION-20261001/blobs/C-a8f8f8ba-4e9d-4248-bfaa-107c37621b5b.stderr.txt",
    "research/runs/R-MSG-IMPLEMENTATION-20261001/blobs/C-a8f8f8ba-4e9d-4248-bfaa-107c37621b5b.stdout.txt",
    "research/runs/R-MSG-IMPLEMENTATION-20261001/blobs/C-b3b0b8da-e0d4-4cd1-b8b2-fabe8bb31de3.stderr.txt",
    "research/runs/R-MSG-IMPLEMENTATION-20261001/blobs/C-b3b0b8da-e0d4-4cd1-b8b2-fabe8bb31de3.stdout.txt",
    "research/runs/R-MSG-IMPLEMENTATION-20261001/blobs/C-b47042e2-30db-40b6-a2fb-3b09bffd59a9.stderr.txt",
    "research/runs/R-MSG-IMPLEMENTATION-20261001/blobs/C-b47042e2-30db-40b6-a2fb-3b09bffd59a9.stdout.txt",
    "research/runs/R-MSG-IMPLEMENTATION-20261001/blobs/C-b7496baa-6307-491d-a57d-ff1a115bf900.stderr.txt",
    "research/runs/R-MSG-IMPLEMENTATION-20261001/blobs/C-b7496baa-6307-491d-a57d-ff1a115bf900.stdout.txt",
    "research/runs/R-MSG-IMPLEMENTATION-20261001/blobs/C-c123aeeb-8bfd-41ea-9a3a-dea77d40809e.stderr.txt",
    "research/runs/R-MSG-IMPLEMENTATION-20261001/blobs/C-c123aeeb-8bfd-41ea-9a3a-dea77d40809e.stdout.txt",
    "research/runs/R-MSG-IMPLEMENTATION-20261001/blobs/C-c62b45d8-c485-4396-a632-2a028c0728ef.stderr.txt",
    "research/runs/R-MSG-IMPLEMENTATION-20261001/blobs/C-c62b45d8-c485-4396-a632-2a028c0728ef.stdout.txt",
    "research/runs/R-MSG-IMPLEMENTATION-20261001/blobs/C-ca2c3c44-4a0f-4e3a-b60b-c8089a4f002f.stderr.txt",
    "research/runs/R-MSG-IMPLEMENTATION-20261001/blobs/C-ca2c3c44-4a0f-4e3a-b60b-c8089a4f002f.stdout.txt",
    "research/runs/R-MSG-IMPLEMENTATION-20261001/blobs/C-cf6a5c4d-8aa7-4a49-8f43-0f53ba494132.stderr.txt",
    "research/runs/R-MSG-IMPLEMENTATION-20261001/blobs/C-cf6a5c4d-8aa7-4a49-8f43-0f53ba494132.stdout.txt",
    "research/runs/R-MSG-IMPLEMENTATION-20261001/blobs/C-d184a944-75ff-4c9f-af53-558d6e37a4c0.stderr.txt",
    "research/runs/R-MSG-IMPLEMENTATION-20261001/blobs/C-d184a944-75ff-4c9f-af53-558d6e37a4c0.stdout.txt",
    "research/runs/R-MSG-IMPLEMENTATION-20261001/blobs/C-d53f0814-0d5a-442e-8464-4a5036c72b7f.stderr.txt",
    "research/runs/R-MSG-IMPLEMENTATION-20261001/blobs/C-d53f0814-0d5a-442e-8464-4a5036c72b7f.stdout.txt",
    "research/runs/R-MSG-IMPLEMENTATION-20261001/blobs/C-d5e248d2-b118-4090-a9bf-0e2de9910c34.stderr.txt",
    "research/runs/R-MSG-IMPLEMENTATION-20261001/blobs/C-d5e248d2-b118-4090-a9bf-0e2de9910c34.stdout.txt",
    "research/runs/R-MSG-IMPLEMENTATION-20261001/blobs/C-dcc44dda-57c6-416a-98eb-9660d19d58d3.stderr.txt",
    "research/runs/R-MSG-IMPLEMENTATION-20261001/blobs/C-dcc44dda-57c6-416a-98eb-9660d19d58d3.stdout.txt",
    "research/runs/R-MSG-IMPLEMENTATION-20261001/blobs/C-dd89af4d-80eb-445b-85e2-9aeadbd51c38.stderr.txt",
    "research/runs/R-MSG-IMPLEMENTATION-20261001/blobs/C-dd89af4d-80eb-445b-85e2-9aeadbd51c38.stdout.txt",
    "research/runs/R-MSG-IMPLEMENTATION-20261001/blobs/C-e3fd9e01-35dd-4d1a-ae7f-3eda1f9708eb.stderr.txt",
    "research/runs/R-MSG-IMPLEMENTATION-20261001/blobs/C-e3fd9e01-35dd-4d1a-ae7f-3eda1f9708eb.stdout.txt",
    "research/runs/R-MSG-IMPLEMENTATION-20261001/blobs/C-e995f932-33b2-4d8b-a35a-c82e6db42738.stderr.txt",
    "research/runs/R-MSG-IMPLEMENTATION-20261001/blobs/C-e995f932-33b2-4d8b-a35a-c82e6db42738.stdout.txt",
    "research/runs/R-MSG-IMPLEMENTATION-20261001/blobs/C-ee6fc504-a04c-4199-9447-483ce7f5c761.stderr.txt",
    "research/runs/R-MSG-IMPLEMENTATION-20261001/blobs/C-ee6fc504-a04c-4199-9447-483ce7f5c761.stdout.txt",
    "research/runs/R-MSG-IMPLEMENTATION-20261001/blobs/C-f098e9dc-abe0-4879-84de-b6ec9e4c0ca2.stderr.txt",
    "research/runs/R-MSG-IMPLEMENTATION-20261001/blobs/C-f098e9dc-abe0-4879-84de-b6ec9e4c0ca2.stdout.txt",
    "research/runs/R-MSG-IMPLEMENTATION-20261001/blobs/C-f0b7a9f4-cc7c-4d20-8cf9-72fa444f4750.stderr.txt",
    "research/runs/R-MSG-IMPLEMENTATION-20261001/blobs/C-f0b7a9f4-cc7c-4d20-8cf9-72fa444f4750.stdout.txt",
    "research/runs/R-MSG-IMPLEMENTATION-20261001/blobs/C-f873cd64-28b3-4cb1-97b2-a972bc2e5bf0.stderr.txt",
    "research/runs/R-MSG-IMPLEMENTATION-20261001/blobs/C-f873cd64-28b3-4cb1-97b2-a972bc2e5bf0.stdout.txt",
    "research/runs/R-MSG-IMPLEMENTATION-20261001/blobs/C-f97f3a00-c7e6-4174-a73d-97d91b2aac9c.stderr.txt",
    "research/runs/R-MSG-IMPLEMENTATION-20261001/blobs/C-f97f3a00-c7e6-4174-a73d-97d91b2aac9c.stdout.txt",
    "research/runs/R-MSG-IMPLEMENTATION-20261001/blobs/C-f9bba491-e155-48e2-8e28-0ab4c5a7b281.stderr.txt",
    "research/runs/R-MSG-IMPLEMENTATION-20261001/blobs/C-f9bba491-e155-48e2-8e28-0ab4c5a7b281.stdout.txt",
    "research/runs/R-MSG-IMPLEMENTATION-20261001/blobs/C-fc3178cd-159d-4e02-83cd-7d2417016691.stderr.txt",
    "research/runs/R-MSG-IMPLEMENTATION-20261001/blobs/C-fc3178cd-159d-4e02-83cd-7d2417016691.stdout.txt",
    "research/runs/R-MSG-IMPLEMENTATION-20261001/blobs/C-fe5fdaa2-38fe-40a9-849c-5215a0bc832e.stderr.txt",
    "research/runs/R-MSG-IMPLEMENTATION-20261001/blobs/C-fe5fdaa2-38fe-40a9-849c-5215a0bc832e.stdout.txt",
    "research/runs/R-MSG-IMPLEMENTATION-20261001/diff.patch",
    "research/runs/R-MSG-IMPLEMENTATION-20261001/events.jsonl",
    "research/runs/R-MSG-IMPLEMENTATION-20261001/final_state.json",
    "research/runs/R-MSG-IMPLEMENTATION-20261001/initial_state.json",
    "research/runs/R-MSG-IMPLEMENTATION-20261001/metadata.json",
    "research/runs/R-MSG-IMPLEMENTATION-20261001/summary.json",
    "research/runs/R-MSG-INDEPENDENT-REVIEW-20261001/.gitattributes",
    "research/runs/R-MSG-INDEPENDENT-REVIEW-20261001/blobs/C-13f42970-7370-49a1-b8a8-a171992f0410.stderr.txt",
    "research/runs/R-MSG-INDEPENDENT-REVIEW-20261001/blobs/C-13f42970-7370-49a1-b8a8-a171992f0410.stdout.txt",
    "research/runs/R-MSG-INDEPENDENT-REVIEW-20261001/blobs/C-1d72f95e-204e-442e-8691-d2ba7a579893.stderr.txt",
    "research/runs/R-MSG-INDEPENDENT-REVIEW-20261001/blobs/C-1d72f95e-204e-442e-8691-d2ba7a579893.stdout.txt",
    "research/runs/R-MSG-INDEPENDENT-REVIEW-20261001/blobs/C-2138005f-1bb9-4f97-9f2c-9a2a90ee5ad4.stderr.txt",
    "research/runs/R-MSG-INDEPENDENT-REVIEW-20261001/blobs/C-2138005f-1bb9-4f97-9f2c-9a2a90ee5ad4.stdout.txt",
    "research/runs/R-MSG-INDEPENDENT-REVIEW-20261001/blobs/C-3545af72-838a-4584-be62-2cda4190ac5a.stderr.txt",
    "research/runs/R-MSG-INDEPENDENT-REVIEW-20261001/blobs/C-3545af72-838a-4584-be62-2cda4190ac5a.stdout.txt",
    "research/runs/R-MSG-INDEPENDENT-REVIEW-20261001/blobs/C-358f529e-994e-47f0-853d-0781eaf1b7b4.stderr.txt",
    "research/runs/R-MSG-INDEPENDENT-REVIEW-20261001/blobs/C-358f529e-994e-47f0-853d-0781eaf1b7b4.stdout.txt",
    "research/runs/R-MSG-INDEPENDENT-REVIEW-20261001/blobs/C-4501a913-df46-46c5-a574-68959bcd0074.stderr.txt",
    "research/runs/R-MSG-INDEPENDENT-REVIEW-20261001/blobs/C-4501a913-df46-46c5-a574-68959bcd0074.stdout.txt",
    "research/runs/R-MSG-INDEPENDENT-REVIEW-20261001/blobs/C-4c21ee47-e358-4458-8c4b-85f9e898ffe3.stderr.txt",
    "research/runs/R-MSG-INDEPENDENT-REVIEW-20261001/blobs/C-4c21ee47-e358-4458-8c4b-85f9e898ffe3.stdout.txt",
    "research/runs/R-MSG-INDEPENDENT-REVIEW-20261001/blobs/C-55ac83f1-fd24-49a0-9ca8-aa01f9f1153b.stderr.txt",
    "research/runs/R-MSG-INDEPENDENT-REVIEW-20261001/blobs/C-55ac83f1-fd24-49a0-9ca8-aa01f9f1153b.stdout.txt",
    "research/runs/R-MSG-INDEPENDENT-REVIEW-20261001/blobs/C-572b24a9-964a-4b68-b0a7-4b804bb3e470.stderr.txt",
    "research/runs/R-MSG-INDEPENDENT-REVIEW-20261001/blobs/C-572b24a9-964a-4b68-b0a7-4b804bb3e470.stdout.txt",
    "research/runs/R-MSG-INDEPENDENT-REVIEW-20261001/blobs/C-5c9e92d3-a2a2-467f-a4c1-d612020d1905.stderr.txt",
    "research/runs/R-MSG-INDEPENDENT-REVIEW-20261001/blobs/C-5c9e92d3-a2a2-467f-a4c1-d612020d1905.stdout.txt",
    "research/runs/R-MSG-INDEPENDENT-REVIEW-20261001/blobs/C-5e369cf2-201c-4540-8a8d-7e3f10c9c066.stderr.txt",
    "research/runs/R-MSG-INDEPENDENT-REVIEW-20261001/blobs/C-5e369cf2-201c-4540-8a8d-7e3f10c9c066.stdout.txt",
    "research/runs/R-MSG-INDEPENDENT-REVIEW-20261001/blobs/C-5fb70f09-41ce-4024-9ee3-d6b76a2ac111.stderr.txt",
    "research/runs/R-MSG-INDEPENDENT-REVIEW-20261001/blobs/C-5fb70f09-41ce-4024-9ee3-d6b76a2ac111.stdout.txt",
    "research/runs/R-MSG-INDEPENDENT-REVIEW-20261001/blobs/C-63dd263a-5bc3-4ab2-9863-b208d16177fa.stderr.txt",
    "research/runs/R-MSG-INDEPENDENT-REVIEW-20261001/blobs/C-63dd263a-5bc3-4ab2-9863-b208d16177fa.stdout.txt",
    "research/runs/R-MSG-INDEPENDENT-REVIEW-20261001/blobs/C-667d5cea-3a8e-402c-82fa-6cdf264a6d49.stderr.txt",
    "research/runs/R-MSG-INDEPENDENT-REVIEW-20261001/blobs/C-667d5cea-3a8e-402c-82fa-6cdf264a6d49.stdout.txt",
    "research/runs/R-MSG-INDEPENDENT-REVIEW-20261001/blobs/C-84a2909b-8ec4-4794-aa77-d6c6283a5143.stderr.txt",
    "research/runs/R-MSG-INDEPENDENT-REVIEW-20261001/blobs/C-84a2909b-8ec4-4794-aa77-d6c6283a5143.stdout.txt",
    "research/runs/R-MSG-INDEPENDENT-REVIEW-20261001/blobs/C-865a1b0f-9088-459e-a4fc-9ec4323ba8b5.stderr.txt",
    "research/runs/R-MSG-INDEPENDENT-REVIEW-20261001/blobs/C-865a1b0f-9088-459e-a4fc-9ec4323ba8b5.stdout.txt",
    "research/runs/R-MSG-INDEPENDENT-REVIEW-20261001/blobs/C-87d4b022-f8e7-47af-abbb-7c8145b9abb6.stderr.txt",
    "research/runs/R-MSG-INDEPENDENT-REVIEW-20261001/blobs/C-87d4b022-f8e7-47af-abbb-7c8145b9abb6.stdout.txt",
    "research/runs/R-MSG-INDEPENDENT-REVIEW-20261001/blobs/C-a7af87e3-d4b7-4f04-abba-cae7b674bed3.stderr.txt",
    "research/runs/R-MSG-INDEPENDENT-REVIEW-20261001/blobs/C-a7af87e3-d4b7-4f04-abba-cae7b674bed3.stdout.txt",
    "research/runs/R-MSG-INDEPENDENT-REVIEW-20261001/blobs/C-a84c8d41-d72f-418c-8966-5a91a0dc158b.stderr.txt",
    "research/runs/R-MSG-INDEPENDENT-REVIEW-20261001/blobs/C-a84c8d41-d72f-418c-8966-5a91a0dc158b.stdout.txt",
    "research/runs/R-MSG-INDEPENDENT-REVIEW-20261001/blobs/C-ad4d7326-2174-4999-89f3-fbd16cd71aad.stderr.txt",
    "research/runs/R-MSG-INDEPENDENT-REVIEW-20261001/blobs/C-ad4d7326-2174-4999-89f3-fbd16cd71aad.stdout.txt",
    "research/runs/R-MSG-INDEPENDENT-REVIEW-20261001/blobs/C-b54f46a0-6cef-40eb-834c-6201483dcbc7.stderr.txt",
    "research/runs/R-MSG-INDEPENDENT-REVIEW-20261001/blobs/C-b54f46a0-6cef-40eb-834c-6201483dcbc7.stdout.txt",
    "research/runs/R-MSG-INDEPENDENT-REVIEW-20261001/blobs/C-b71db8be-d20d-45db-9746-6998ca01467b.stderr.txt",
    "research/runs/R-MSG-INDEPENDENT-REVIEW-20261001/blobs/C-b71db8be-d20d-45db-9746-6998ca01467b.stdout.txt",
    "research/runs/R-MSG-INDEPENDENT-REVIEW-20261001/blobs/C-ba3d8d2c-2299-4dec-a4d8-f745c809aa85.stderr.txt",
    "research/runs/R-MSG-INDEPENDENT-REVIEW-20261001/blobs/C-ba3d8d2c-2299-4dec-a4d8-f745c809aa85.stdout.txt",
    "research/runs/R-MSG-INDEPENDENT-REVIEW-20261001/blobs/C-c7576d60-915f-4049-a282-5a3529f614ab.stderr.txt",
    "research/runs/R-MSG-INDEPENDENT-REVIEW-20261001/blobs/C-c7576d60-915f-4049-a282-5a3529f614ab.stdout.txt",
    "research/runs/R-MSG-INDEPENDENT-REVIEW-20261001/blobs/C-d07829c2-0f2d-4e9b-b024-533d8600a166.stderr.txt",
    "research/runs/R-MSG-INDEPENDENT-REVIEW-20261001/blobs/C-d07829c2-0f2d-4e9b-b024-533d8600a166.stdout.txt",
    "research/runs/R-MSG-INDEPENDENT-REVIEW-20261001/blobs/C-d3db5678-a69a-4af2-88b4-8dcffa39eb91.stderr.txt",
    "research/runs/R-MSG-INDEPENDENT-REVIEW-20261001/blobs/C-d3db5678-a69a-4af2-88b4-8dcffa39eb91.stdout.txt",
    "research/runs/R-MSG-INDEPENDENT-REVIEW-20261001/blobs/C-f0053b4c-4999-4d4b-ba7b-345c62967824.stderr.txt",
    "research/runs/R-MSG-INDEPENDENT-REVIEW-20261001/blobs/C-f0053b4c-4999-4d4b-ba7b-345c62967824.stdout.txt",
    "research/runs/R-MSG-INDEPENDENT-REVIEW-20261001/blobs/C-f533b3c3-db96-4434-bbd9-6e3ac311fdd8.stderr.txt",
    "research/runs/R-MSG-INDEPENDENT-REVIEW-20261001/blobs/C-f533b3c3-db96-4434-bbd9-6e3ac311fdd8.stdout.txt",
    "research/runs/R-MSG-INDEPENDENT-REVIEW-20261001/blobs/C-f8cd2d18-380a-4e48-a376-fd71ce1f8da0.stderr.txt",
    "research/runs/R-MSG-INDEPENDENT-REVIEW-20261001/blobs/C-f8cd2d18-380a-4e48-a376-fd71ce1f8da0.stdout.txt",
    "research/runs/R-MSG-INDEPENDENT-REVIEW-20261001/blobs/C-f8de32b2-bfb4-458a-aef8-081baec19a80.stderr.txt",
    "research/runs/R-MSG-INDEPENDENT-REVIEW-20261001/blobs/C-f8de32b2-bfb4-458a-aef8-081baec19a80.stdout.txt",
    "research/runs/R-MSG-INDEPENDENT-REVIEW-20261001/diff.patch",
    "research/runs/R-MSG-INDEPENDENT-REVIEW-20261001/events.jsonl",
    "research/runs/R-MSG-INDEPENDENT-REVIEW-20261001/final_state.json",
    "research/runs/R-MSG-INDEPENDENT-REVIEW-20261001/initial_state.json",
    "research/runs/R-MSG-INDEPENDENT-REVIEW-20261001/metadata.json",
    "research/runs/R-MSG-INDEPENDENT-REVIEW-20261001/summary.json",
    "research/runs/R-MSG-REREVIEW-20261001/.gitattributes",
    "research/runs/R-MSG-REREVIEW-20261001/blobs/C-05bd3aee-6e49-4f57-b18b-32a87f1833b8.stderr.txt",
    "research/runs/R-MSG-REREVIEW-20261001/blobs/C-05bd3aee-6e49-4f57-b18b-32a87f1833b8.stdout.txt",
    "research/runs/R-MSG-REREVIEW-20261001/blobs/C-0701e45d-a913-45db-82f5-4fbb2275fc8b.stderr.txt",
    "research/runs/R-MSG-REREVIEW-20261001/blobs/C-0701e45d-a913-45db-82f5-4fbb2275fc8b.stdout.txt",
    "research/runs/R-MSG-REREVIEW-20261001/blobs/C-0c939bde-d1dc-40f1-b366-0a0e5fa26795.stderr.txt",
    "research/runs/R-MSG-REREVIEW-20261001/blobs/C-0c939bde-d1dc-40f1-b366-0a0e5fa26795.stdout.txt",
    "research/runs/R-MSG-REREVIEW-20261001/blobs/C-0fdaaf8c-3d92-452d-b400-eabd1856c3b7.stderr.txt",
    "research/runs/R-MSG-REREVIEW-20261001/blobs/C-0fdaaf8c-3d92-452d-b400-eabd1856c3b7.stdout.txt",
    "research/runs/R-MSG-REREVIEW-20261001/blobs/C-1a7a0618-3c88-4cf9-867b-8d86b97f8d72.stderr.txt",
    "research/runs/R-MSG-REREVIEW-20261001/blobs/C-1a7a0618-3c88-4cf9-867b-8d86b97f8d72.stdout.txt",
    "research/runs/R-MSG-REREVIEW-20261001/blobs/C-1a7ce04b-d3e0-45b3-ad08-e4f9cdc8aa1d.stderr.txt",
    "research/runs/R-MSG-REREVIEW-20261001/blobs/C-1a7ce04b-d3e0-45b3-ad08-e4f9cdc8aa1d.stdout.txt",
    "research/runs/R-MSG-REREVIEW-20261001/blobs/C-1e18693d-c259-4002-971f-5484df52e301.stderr.txt",
    "research/runs/R-MSG-REREVIEW-20261001/blobs/C-1e18693d-c259-4002-971f-5484df52e301.stdout.txt",
    "research/runs/R-MSG-REREVIEW-20261001/blobs/C-1ec964ec-2a89-4ac9-beee-2c6b9452c10d.stderr.txt",
    "research/runs/R-MSG-REREVIEW-20261001/blobs/C-1ec964ec-2a89-4ac9-beee-2c6b9452c10d.stdout.txt",
    "research/runs/R-MSG-REREVIEW-20261001/blobs/C-2a22b7b6-9c30-44e3-b91b-d8d303eac686.stderr.txt",
    "research/runs/R-MSG-REREVIEW-20261001/blobs/C-2a22b7b6-9c30-44e3-b91b-d8d303eac686.stdout.txt",
    "research/runs/R-MSG-REREVIEW-20261001/blobs/C-2dfe8f1e-b4f2-4097-889e-3c49bd1443f1.stderr.txt",
    "research/runs/R-MSG-REREVIEW-20261001/blobs/C-2dfe8f1e-b4f2-4097-889e-3c49bd1443f1.stdout.txt",
    "research/runs/R-MSG-REREVIEW-20261001/blobs/C-3e58b7fa-4d9b-4723-809b-202b22680929.stderr.txt",
    "research/runs/R-MSG-REREVIEW-20261001/blobs/C-3e58b7fa-4d9b-4723-809b-202b22680929.stdout.txt",
    "research/runs/R-MSG-REREVIEW-20261001/blobs/C-40f29a05-fc7d-4553-9e04-b5f852fb7061.stderr.txt",
    "research/runs/R-MSG-REREVIEW-20261001/blobs/C-40f29a05-fc7d-4553-9e04-b5f852fb7061.stdout.txt",
    "research/runs/R-MSG-REREVIEW-20261001/blobs/C-446c58b7-2bdb-43a7-9547-29eeb156608e.stderr.txt",
    "research/runs/R-MSG-REREVIEW-20261001/blobs/C-446c58b7-2bdb-43a7-9547-29eeb156608e.stdout.txt",
    "research/runs/R-MSG-REREVIEW-20261001/blobs/C-4734013b-8ff9-442c-b4ea-d293494c900f.stderr.txt",
    "research/runs/R-MSG-REREVIEW-20261001/blobs/C-4734013b-8ff9-442c-b4ea-d293494c900f.stdout.txt",
    "research/runs/R-MSG-REREVIEW-20261001/blobs/C-487d6321-18c5-4f03-a59c-6d733402df2b.stderr.txt",
    "research/runs/R-MSG-REREVIEW-20261001/blobs/C-487d6321-18c5-4f03-a59c-6d733402df2b.stdout.txt",
    "research/runs/R-MSG-REREVIEW-20261001/blobs/C-505df24d-077a-4eb4-b779-ba4451a5ab0a.stderr.txt",
    "research/runs/R-MSG-REREVIEW-20261001/blobs/C-505df24d-077a-4eb4-b779-ba4451a5ab0a.stdout.txt",
    "research/runs/R-MSG-REREVIEW-20261001/blobs/C-52522e03-6938-4226-a908-4bb355a14346.stderr.txt",
    "research/runs/R-MSG-REREVIEW-20261001/blobs/C-52522e03-6938-4226-a908-4bb355a14346.stdout.txt",
    "research/runs/R-MSG-REREVIEW-20261001/blobs/C-58d4ff28-4d38-4f19-b639-a9f7502481ba.stderr.txt",
    "research/runs/R-MSG-REREVIEW-20261001/blobs/C-58d4ff28-4d38-4f19-b639-a9f7502481ba.stdout.txt",
    "research/runs/R-MSG-REREVIEW-20261001/blobs/C-6732926f-e5f1-4cb7-858c-790ac19b5848.stderr.txt",
    "research/runs/R-MSG-REREVIEW-20261001/blobs/C-6732926f-e5f1-4cb7-858c-790ac19b5848.stdout.txt",
    "research/runs/R-MSG-REREVIEW-20261001/blobs/C-68a7594a-def3-4dfb-afd7-806475902f6f.stderr.txt",
    "research/runs/R-MSG-REREVIEW-20261001/blobs/C-68a7594a-def3-4dfb-afd7-806475902f6f.stdout.txt",
    "research/runs/R-MSG-REREVIEW-20261001/blobs/C-69d33dc6-b9c3-461e-830b-7b27980c0823.stderr.txt",
    "research/runs/R-MSG-REREVIEW-20261001/blobs/C-69d33dc6-b9c3-461e-830b-7b27980c0823.stdout.txt",
    "research/runs/R-MSG-REREVIEW-20261001/blobs/C-6a0cfd82-7499-4da1-a779-05ee563a7540.stderr.txt",
    "research/runs/R-MSG-REREVIEW-20261001/blobs/C-6a0cfd82-7499-4da1-a779-05ee563a7540.stdout.txt",
    "research/runs/R-MSG-REREVIEW-20261001/blobs/C-6e96d1cb-0934-4d54-92fb-47b3ae536d8a.stderr.txt",
    "research/runs/R-MSG-REREVIEW-20261001/blobs/C-6e96d1cb-0934-4d54-92fb-47b3ae536d8a.stdout.txt",
    "research/runs/R-MSG-REREVIEW-20261001/blobs/C-6fa3893c-3950-42e9-8e8b-e19570984451.stderr.txt",
    "research/runs/R-MSG-REREVIEW-20261001/blobs/C-6fa3893c-3950-42e9-8e8b-e19570984451.stdout.txt",
    "research/runs/R-MSG-REREVIEW-20261001/blobs/C-73c9ede1-fa07-4356-8410-cd13334b755e.stderr.txt",
    "research/runs/R-MSG-REREVIEW-20261001/blobs/C-73c9ede1-fa07-4356-8410-cd13334b755e.stdout.txt",
    "research/runs/R-MSG-REREVIEW-20261001/blobs/C-747b9bd5-4211-48a7-b9d7-508532f2ea8a.stderr.txt",
    "research/runs/R-MSG-REREVIEW-20261001/blobs/C-747b9bd5-4211-48a7-b9d7-508532f2ea8a.stdout.txt",
    "research/runs/R-MSG-REREVIEW-20261001/blobs/C-754bd321-ee91-422e-ba9c-6247c5379c08.stderr.txt",
    "research/runs/R-MSG-REREVIEW-20261001/blobs/C-754bd321-ee91-422e-ba9c-6247c5379c08.stdout.txt",
    "research/runs/R-MSG-REREVIEW-20261001/blobs/C-7a7e9629-c5a2-4901-b3a8-e362ece6d6fd.stderr.txt",
    "research/runs/R-MSG-REREVIEW-20261001/blobs/C-7a7e9629-c5a2-4901-b3a8-e362ece6d6fd.stdout.txt",
    "research/runs/R-MSG-REREVIEW-20261001/blobs/C-7cb76b8b-f1a7-4448-a7fb-a4d1d87126c3.stderr.txt",
    "research/runs/R-MSG-REREVIEW-20261001/blobs/C-7cb76b8b-f1a7-4448-a7fb-a4d1d87126c3.stdout.txt",
    "research/runs/R-MSG-REREVIEW-20261001/blobs/C-899f7129-c266-42c2-b7d5-f403bd9d57e8.stderr.txt",
    "research/runs/R-MSG-REREVIEW-20261001/blobs/C-899f7129-c266-42c2-b7d5-f403bd9d57e8.stdout.txt",
    "research/runs/R-MSG-REREVIEW-20261001/blobs/C-8a4c2be1-a6e8-4521-a87f-8443c6b640ce.stderr.txt",
    "research/runs/R-MSG-REREVIEW-20261001/blobs/C-8a4c2be1-a6e8-4521-a87f-8443c6b640ce.stdout.txt",
    "research/runs/R-MSG-REREVIEW-20261001/blobs/C-8ce3f3f6-bc9a-4da6-9181-79abc80c5d71.stderr.txt",
    "research/runs/R-MSG-REREVIEW-20261001/blobs/C-8ce3f3f6-bc9a-4da6-9181-79abc80c5d71.stdout.txt",
    "research/runs/R-MSG-REREVIEW-20261001/blobs/C-907b9ece-2e57-4b56-9f5c-5652fdf584df.stderr.txt",
    "research/runs/R-MSG-REREVIEW-20261001/blobs/C-907b9ece-2e57-4b56-9f5c-5652fdf584df.stdout.txt",
    "research/runs/R-MSG-REREVIEW-20261001/blobs/C-93893fda-55ed-451b-9b8e-6e4fcb8fa275.stderr.txt",
    "research/runs/R-MSG-REREVIEW-20261001/blobs/C-93893fda-55ed-451b-9b8e-6e4fcb8fa275.stdout.txt",
    "research/runs/R-MSG-REREVIEW-20261001/blobs/C-93b03355-62b8-4cfa-831d-5b4d2a7b5d30.stderr.txt",
    "research/runs/R-MSG-REREVIEW-20261001/blobs/C-93b03355-62b8-4cfa-831d-5b4d2a7b5d30.stdout.txt",
    "research/runs/R-MSG-REREVIEW-20261001/blobs/C-94a3fc56-aca4-458a-99fe-25d7cfbed9b1.stderr.txt",
    "research/runs/R-MSG-REREVIEW-20261001/blobs/C-94a3fc56-aca4-458a-99fe-25d7cfbed9b1.stdout.txt",
    "research/runs/R-MSG-REREVIEW-20261001/blobs/C-971f4c6c-b375-4708-b8d7-17d5603a2ab0.stderr.txt",
    "research/runs/R-MSG-REREVIEW-20261001/blobs/C-971f4c6c-b375-4708-b8d7-17d5603a2ab0.stdout.txt",
    "research/runs/R-MSG-REREVIEW-20261001/blobs/C-979e1758-c6db-42ee-a70e-b267710d40a0.stderr.txt",
    "research/runs/R-MSG-REREVIEW-20261001/blobs/C-979e1758-c6db-42ee-a70e-b267710d40a0.stdout.txt",
    "research/runs/R-MSG-REREVIEW-20261001/blobs/C-9ffb2375-3c4d-42cc-b648-ab338593331a.stderr.txt",
    "research/runs/R-MSG-REREVIEW-20261001/blobs/C-9ffb2375-3c4d-42cc-b648-ab338593331a.stdout.txt",
    "research/runs/R-MSG-REREVIEW-20261001/blobs/C-a3d901f8-6c01-4155-94ce-51f20e787979.stderr.txt",
    "research/runs/R-MSG-REREVIEW-20261001/blobs/C-a3d901f8-6c01-4155-94ce-51f20e787979.stdout.txt",
    "research/runs/R-MSG-REREVIEW-20261001/blobs/C-a5022f50-1128-4929-a06d-94b443c19a91.stderr.txt",
    "research/runs/R-MSG-REREVIEW-20261001/blobs/C-a5022f50-1128-4929-a06d-94b443c19a91.stdout.txt",
    "research/runs/R-MSG-REREVIEW-20261001/blobs/C-a96d3fad-3f8b-406b-8141-ac2bf4671e8c.stderr.txt",
    "research/runs/R-MSG-REREVIEW-20261001/blobs/C-a96d3fad-3f8b-406b-8141-ac2bf4671e8c.stdout.txt",
    "research/runs/R-MSG-REREVIEW-20261001/blobs/C-ac7ce4e1-cc4e-4936-bd15-44e986002eba.stderr.txt",
    "research/runs/R-MSG-REREVIEW-20261001/blobs/C-ac7ce4e1-cc4e-4936-bd15-44e986002eba.stdout.txt",
    "research/runs/R-MSG-REREVIEW-20261001/blobs/C-ad1403c8-3d7c-49da-8b3c-0e6bfcb548af.stderr.txt",
    "research/runs/R-MSG-REREVIEW-20261001/blobs/C-ad1403c8-3d7c-49da-8b3c-0e6bfcb548af.stdout.txt",
    "research/runs/R-MSG-REREVIEW-20261001/blobs/C-aecc51fe-59a2-48ed-8689-c6f6fb1f7621.stderr.txt",
    "research/runs/R-MSG-REREVIEW-20261001/blobs/C-aecc51fe-59a2-48ed-8689-c6f6fb1f7621.stdout.txt",
    "research/runs/R-MSG-REREVIEW-20261001/blobs/C-b0bda8f8-b503-4cdc-b005-24089e15375d.stderr.txt",
    "research/runs/R-MSG-REREVIEW-20261001/blobs/C-b0bda8f8-b503-4cdc-b005-24089e15375d.stdout.txt",
    "research/runs/R-MSG-REREVIEW-20261001/blobs/C-b257a409-db87-4117-9601-ed60ea1c8669.stderr.txt",
    "research/runs/R-MSG-REREVIEW-20261001/blobs/C-b257a409-db87-4117-9601-ed60ea1c8669.stdout.txt",
    "research/runs/R-MSG-REREVIEW-20261001/blobs/C-c18543b1-7619-426e-8a9e-793a986827b5.stderr.txt",
    "research/runs/R-MSG-REREVIEW-20261001/blobs/C-c18543b1-7619-426e-8a9e-793a986827b5.stdout.txt",
    "research/runs/R-MSG-REREVIEW-20261001/blobs/C-c50daaaa-1411-4ed5-80ca-87f279aa7b6b.stderr.txt",
    "research/runs/R-MSG-REREVIEW-20261001/blobs/C-c50daaaa-1411-4ed5-80ca-87f279aa7b6b.stdout.txt",
    "research/runs/R-MSG-REREVIEW-20261001/blobs/C-caefc8cc-fdb2-4de4-9b41-415b5d5dadb8.stderr.txt",
    "research/runs/R-MSG-REREVIEW-20261001/blobs/C-caefc8cc-fdb2-4de4-9b41-415b5d5dadb8.stdout.txt",
    "research/runs/R-MSG-REREVIEW-20261001/blobs/C-de3c6212-7aec-4d06-af62-ba170ee06f32.stderr.txt",
    "research/runs/R-MSG-REREVIEW-20261001/blobs/C-de3c6212-7aec-4d06-af62-ba170ee06f32.stdout.txt",
    "research/runs/R-MSG-REREVIEW-20261001/blobs/C-e3b5579a-e241-4c22-a52a-d8b1bdb80b13.stderr.txt",
    "research/runs/R-MSG-REREVIEW-20261001/blobs/C-e3b5579a-e241-4c22-a52a-d8b1bdb80b13.stdout.txt",
    "research/runs/R-MSG-REREVIEW-20261001/blobs/C-e6e891ef-b5a0-4302-8072-f17bfea7d6a0.stderr.txt",
    "research/runs/R-MSG-REREVIEW-20261001/blobs/C-e6e891ef-b5a0-4302-8072-f17bfea7d6a0.stdout.txt",
    "research/runs/R-MSG-REREVIEW-20261001/blobs/C-e85e813b-3fa1-475b-a943-9187a5a7919a.stderr.txt",
    "research/runs/R-MSG-REREVIEW-20261001/blobs/C-e85e813b-3fa1-475b-a943-9187a5a7919a.stdout.txt",
    "research/runs/R-MSG-REREVIEW-20261001/blobs/C-ea9847d3-d534-4ccc-ad54-cc446d98e026.stderr.txt",
    "research/runs/R-MSG-REREVIEW-20261001/blobs/C-ea9847d3-d534-4ccc-ad54-cc446d98e026.stdout.txt",
    "research/runs/R-MSG-REREVIEW-20261001/blobs/C-eb6e856a-8d98-47c4-a6cd-b195d5f934a0.stderr.txt",
    "research/runs/R-MSG-REREVIEW-20261001/blobs/C-eb6e856a-8d98-47c4-a6cd-b195d5f934a0.stdout.txt",
    "research/runs/R-MSG-REREVIEW-20261001/diff.patch",
    "research/runs/R-MSG-REREVIEW-20261001/events.jsonl",
    "research/runs/R-MSG-REREVIEW-20261001/final_state.json",
    "research/runs/R-MSG-REREVIEW-20261001/initial_state.json",
    "research/runs/R-MSG-REREVIEW-20261001/metadata.json",
    "research/runs/R-MSG-REREVIEW-20261001/summary.json",
    "research/runs/R-SOCIAL-MERGE-CONTINUE-20261001/blobs/.gitattributes",
    "research/runs/R-SOCIAL-MERGE-CONTINUE-20261001/blobs/C-10ade741-7207-4cf6-b79e-1ff336f6f3e4.stderr.txt",
    "research/runs/R-SOCIAL-MERGE-CONTINUE-20261001/blobs/C-10ade741-7207-4cf6-b79e-1ff336f6f3e4.stdout.txt",
    "research/runs/R-SOCIAL-MERGE-CONTINUE-20261001/blobs/C-1eb053ab-f5c4-4f60-bb08-4b6c9d13fcca.stderr.txt",
    "research/runs/R-SOCIAL-MERGE-CONTINUE-20261001/blobs/C-1eb053ab-f5c4-4f60-bb08-4b6c9d13fcca.stdout.txt",
    "research/runs/R-SOCIAL-MERGE-CONTINUE-20261001/blobs/C-2fe2d2bb-1623-4cb6-b438-c48f3709f301.stderr.txt",
    "research/runs/R-SOCIAL-MERGE-CONTINUE-20261001/blobs/C-2fe2d2bb-1623-4cb6-b438-c48f3709f301.stdout.txt",
    "research/runs/R-SOCIAL-MERGE-CONTINUE-20261001/blobs/C-39ff82cc-bf08-4e6b-a528-200e082d987e.stderr.txt",
    "research/runs/R-SOCIAL-MERGE-CONTINUE-20261001/blobs/C-39ff82cc-bf08-4e6b-a528-200e082d987e.stdout.txt",
    "research/runs/R-SOCIAL-MERGE-CONTINUE-20261001/blobs/C-90010000-a873-4ca7-8097-54ef1548de82.stderr.txt",
    "research/runs/R-SOCIAL-MERGE-CONTINUE-20261001/blobs/C-90010000-a873-4ca7-8097-54ef1548de82.stdout.txt",
    "research/runs/R-SOCIAL-MERGE-CONTINUE-20261001/blobs/C-960c9f76-5a08-491b-a8ce-825a59119d55.stderr.txt",
    "research/runs/R-SOCIAL-MERGE-CONTINUE-20261001/blobs/C-960c9f76-5a08-491b-a8ce-825a59119d55.stdout.txt",
    "research/runs/R-SOCIAL-MERGE-CONTINUE-20261001/blobs/C-a251be63-8f6d-4635-b200-5d0fd5559bb1.stderr.txt",
    "research/runs/R-SOCIAL-MERGE-CONTINUE-20261001/blobs/C-a251be63-8f6d-4635-b200-5d0fd5559bb1.stdout.txt",
    "research/runs/R-SOCIAL-MERGE-CONTINUE-20261001/blobs/C-fd2a0d50-d3e4-49a2-8444-9be6d2a1c20c.stderr.txt",
    "research/runs/R-SOCIAL-MERGE-CONTINUE-20261001/blobs/C-fd2a0d50-d3e4-49a2-8444-9be6d2a1c20c.stdout.txt",
    "research/runs/R-SOCIAL-MERGE-CONTINUE-20261001/diff.patch",
    "research/runs/R-SOCIAL-MERGE-CONTINUE-20261001/events.jsonl",
    "research/runs/R-SOCIAL-MERGE-CONTINUE-20261001/final_state.json",
    "research/runs/R-SOCIAL-MERGE-CONTINUE-20261001/initial_state.json",
    "research/runs/R-SOCIAL-MERGE-CONTINUE-20261001/metadata.json",
    "research/runs/R-SOCIAL-MERGE-CONTINUE-20261001/summary.json",
    "spec/progress/checkpoints/2026-10-01-loop1-go-msg-001-accepted.md",
    "spec/progress/checkpoints/2026-10-01-loop1-go-msg-001-fix-review.md",
    "spec/progress/checkpoints/2026-10-01-loop1-go-msg-001-local-review.md",
    "spec/progress/checkpoints/2026-10-01-loop1-go-social-001-merged.md",
    "spec/progress/current.md",
    "spec/progress/evidence/LOOP1-GO-MSG-001/2026-10-01-activation-and-path-map.md",
    "spec/progress/evidence/LOOP1-GO-MSG-001/2026-10-01-auth-regression-scope.md",
    "spec/progress/evidence/LOOP1-GO-MSG-001/2026-10-01-baseline-commands.json",
    "spec/progress/evidence/LOOP1-GO-MSG-001/2026-10-01-checks-commands.json",
    "spec/progress/evidence/LOOP1-GO-MSG-001/2026-10-01-cleanup-commands.json",
    "spec/progress/evidence/LOOP1-GO-MSG-001/2026-10-01-final-commands.json",
    "spec/progress/evidence/LOOP1-GO-MSG-001/2026-10-01-fix-checks-commands.json",
    "spec/progress/evidence/LOOP1-GO-MSG-001/2026-10-01-fix-cleanup-commands.json",
    "spec/progress/evidence/LOOP1-GO-MSG-001/2026-10-01-fix-command-results.json",
    "spec/progress/evidence/LOOP1-GO-MSG-001/2026-10-01-fix-final-commands.json",
    "spec/progress/evidence/LOOP1-GO-MSG-001/2026-10-01-fix-green-commands.json",
    "spec/progress/evidence/LOOP1-GO-MSG-001/2026-10-01-fix-handoff.md",
    "spec/progress/evidence/LOOP1-GO-MSG-001/2026-10-01-fix-red-commands.json",
    "spec/progress/evidence/LOOP1-GO-MSG-001/2026-10-01-fix-setup-commands.json",
    "spec/progress/evidence/LOOP1-GO-MSG-001/2026-10-01-fix-transport-byte-audit.json",
    "spec/progress/evidence/LOOP1-GO-MSG-001/2026-10-01-implementation-command-results.json",
    "spec/progress/evidence/LOOP1-GO-MSG-001/2026-10-01-implementation-handoff.md",
    "spec/progress/evidence/LOOP1-GO-MSG-001/2026-10-01-independent-review-183be63/.gitattributes",
    "spec/progress/evidence/LOOP1-GO-MSG-001/2026-10-01-independent-review-183be63/2026-10-01-independent-rereview-clean-state.json",
    "spec/progress/evidence/LOOP1-GO-MSG-001/2026-10-01-independent-review-183be63/2026-10-01-independent-rereview-command-results.json",
    "spec/progress/evidence/LOOP1-GO-MSG-001/2026-10-01-independent-review-183be63/2026-10-01-independent-rereview-report.md",
    "spec/progress/evidence/LOOP1-GO-MSG-001/2026-10-01-independent-review-183be63/archive-transport.json",
    "spec/progress/evidence/LOOP1-GO-MSG-001/2026-10-01-independent-review-183be63/audit-0-stderr.txt",
    "spec/progress/evidence/LOOP1-GO-MSG-001/2026-10-01-independent-review-183be63/audit-0-stdout.txt",
    "spec/progress/evidence/LOOP1-GO-MSG-001/2026-10-01-independent-review-183be63/audit-1-stderr.txt",
    "spec/progress/evidence/LOOP1-GO-MSG-001/2026-10-01-independent-review-183be63/audit-1-stdout.txt",
    "spec/progress/evidence/LOOP1-GO-MSG-001/2026-10-01-independent-review-183be63/audit-2-stderr.txt",
    "spec/progress/evidence/LOOP1-GO-MSG-001/2026-10-01-independent-review-183be63/audit-2-stdout.txt",
    "spec/progress/evidence/LOOP1-GO-MSG-001/2026-10-01-independent-review-183be63/audit-3-stderr.txt",
    "spec/progress/evidence/LOOP1-GO-MSG-001/2026-10-01-independent-review-183be63/audit-3-stdout.txt",
    "spec/progress/evidence/LOOP1-GO-MSG-001/2026-10-01-independent-review-183be63/audit-4-stderr.txt",
    "spec/progress/evidence/LOOP1-GO-MSG-001/2026-10-01-independent-review-183be63/audit-4-stdout.txt",
    "spec/progress/evidence/LOOP1-GO-MSG-001/2026-10-01-independent-review-183be63/audit-5-stderr.txt",
    "spec/progress/evidence/LOOP1-GO-MSG-001/2026-10-01-independent-review-183be63/audit-5-stdout.txt",
    "spec/progress/evidence/LOOP1-GO-MSG-001/2026-10-01-independent-review-183be63/audit-6-stderr.txt",
    "spec/progress/evidence/LOOP1-GO-MSG-001/2026-10-01-independent-review-183be63/audit-6-stdout.txt",
    "spec/progress/evidence/LOOP1-GO-MSG-001/2026-10-01-independent-review-183be63/audit-7-stderr.txt",
    "spec/progress/evidence/LOOP1-GO-MSG-001/2026-10-01-independent-review-183be63/audit-7-stdout.txt",
    "spec/progress/evidence/LOOP1-GO-MSG-001/2026-10-01-independent-review-183be63/audit-8-stderr.txt",
    "spec/progress/evidence/LOOP1-GO-MSG-001/2026-10-01-independent-review-183be63/audit-8-stdout.txt",
    "spec/progress/evidence/LOOP1-GO-MSG-001/2026-10-01-independent-review-183be63/audit-9-stderr.txt",
    "spec/progress/evidence/LOOP1-GO-MSG-001/2026-10-01-independent-review-183be63/audit-9-stdout.txt",
    "spec/progress/evidence/LOOP1-GO-MSG-001/2026-10-01-independent-review-183be63/audit-commands.json",
    "spec/progress/evidence/LOOP1-GO-MSG-001/2026-10-01-independent-review-183be63/baseline-0-stderr.txt",
    "spec/progress/evidence/LOOP1-GO-MSG-001/2026-10-01-independent-review-183be63/baseline-0-stdout.txt",
    "spec/progress/evidence/LOOP1-GO-MSG-001/2026-10-01-independent-review-183be63/baseline-1-stderr.txt",
    "spec/progress/evidence/LOOP1-GO-MSG-001/2026-10-01-independent-review-183be63/baseline-1-stdout.txt",
    "spec/progress/evidence/LOOP1-GO-MSG-001/2026-10-01-independent-review-183be63/baseline-10-stderr.txt",
    "spec/progress/evidence/LOOP1-GO-MSG-001/2026-10-01-independent-review-183be63/baseline-10-stdout.txt",
    "spec/progress/evidence/LOOP1-GO-MSG-001/2026-10-01-independent-review-183be63/baseline-2-stderr.txt",
    "spec/progress/evidence/LOOP1-GO-MSG-001/2026-10-01-independent-review-183be63/baseline-2-stdout.txt",
    "spec/progress/evidence/LOOP1-GO-MSG-001/2026-10-01-independent-review-183be63/baseline-3-stderr.txt",
    "spec/progress/evidence/LOOP1-GO-MSG-001/2026-10-01-independent-review-183be63/baseline-3-stdout.txt",
    "spec/progress/evidence/LOOP1-GO-MSG-001/2026-10-01-independent-review-183be63/baseline-4-stderr.txt",
    "spec/progress/evidence/LOOP1-GO-MSG-001/2026-10-01-independent-review-183be63/baseline-4-stdout.txt",
    "spec/progress/evidence/LOOP1-GO-MSG-001/2026-10-01-independent-review-183be63/baseline-5-stderr.txt",
    "spec/progress/evidence/LOOP1-GO-MSG-001/2026-10-01-independent-review-183be63/baseline-5-stdout.txt",
    "spec/progress/evidence/LOOP1-GO-MSG-001/2026-10-01-independent-review-183be63/baseline-6-stderr.txt",
    "spec/progress/evidence/LOOP1-GO-MSG-001/2026-10-01-independent-review-183be63/baseline-6-stdout.txt",
    "spec/progress/evidence/LOOP1-GO-MSG-001/2026-10-01-independent-review-183be63/baseline-7-stderr.txt",
    "spec/progress/evidence/LOOP1-GO-MSG-001/2026-10-01-independent-review-183be63/baseline-7-stdout.txt",
    "spec/progress/evidence/LOOP1-GO-MSG-001/2026-10-01-independent-review-183be63/baseline-8-stderr.txt",
    "spec/progress/evidence/LOOP1-GO-MSG-001/2026-10-01-independent-review-183be63/baseline-8-stdout.txt",
    "spec/progress/evidence/LOOP1-GO-MSG-001/2026-10-01-independent-review-183be63/baseline-9-stderr.txt",
    "spec/progress/evidence/LOOP1-GO-MSG-001/2026-10-01-independent-review-183be63/baseline-9-stdout.txt",
    "spec/progress/evidence/LOOP1-GO-MSG-001/2026-10-01-independent-review-183be63/baseline-commands.json",
    "spec/progress/evidence/LOOP1-GO-MSG-001/2026-10-01-independent-review-183be63/binding-0-stderr.txt",
    "spec/progress/evidence/LOOP1-GO-MSG-001/2026-10-01-independent-review-183be63/binding-0-stdout.txt",
    "spec/progress/evidence/LOOP1-GO-MSG-001/2026-10-01-independent-review-183be63/binding-1-stderr.txt",
    "spec/progress/evidence/LOOP1-GO-MSG-001/2026-10-01-independent-review-183be63/binding-1-stdout.txt",
    "spec/progress/evidence/LOOP1-GO-MSG-001/2026-10-01-independent-review-183be63/binding-2-stderr.txt",
    "spec/progress/evidence/LOOP1-GO-MSG-001/2026-10-01-independent-review-183be63/binding-2-stdout.txt",
    "spec/progress/evidence/LOOP1-GO-MSG-001/2026-10-01-independent-review-183be63/binding-commands.json",
    "spec/progress/evidence/LOOP1-GO-MSG-001/2026-10-01-independent-review-183be63/bootstrap-failure.txt",
    "spec/progress/evidence/LOOP1-GO-MSG-001/2026-10-01-independent-review-183be63/checks-0-stderr.txt",
    "spec/progress/evidence/LOOP1-GO-MSG-001/2026-10-01-independent-review-183be63/checks-0-stdout.txt",
    "spec/progress/evidence/LOOP1-GO-MSG-001/2026-10-01-independent-review-183be63/checks-1-stderr.txt",
    "spec/progress/evidence/LOOP1-GO-MSG-001/2026-10-01-independent-review-183be63/checks-1-stdout.txt",
    "spec/progress/evidence/LOOP1-GO-MSG-001/2026-10-01-independent-review-183be63/checks-2-stderr.txt",
    "spec/progress/evidence/LOOP1-GO-MSG-001/2026-10-01-independent-review-183be63/checks-2-stdout.txt",
    "spec/progress/evidence/LOOP1-GO-MSG-001/2026-10-01-independent-review-183be63/checks-3-stderr.txt",
    "spec/progress/evidence/LOOP1-GO-MSG-001/2026-10-01-independent-review-183be63/checks-3-stdout.txt",
    "spec/progress/evidence/LOOP1-GO-MSG-001/2026-10-01-independent-review-183be63/checks-4-stderr.txt",
    "spec/progress/evidence/LOOP1-GO-MSG-001/2026-10-01-independent-review-183be63/checks-4-stdout.txt",
    "spec/progress/evidence/LOOP1-GO-MSG-001/2026-10-01-independent-review-183be63/checks-5-stderr.txt",
    "spec/progress/evidence/LOOP1-GO-MSG-001/2026-10-01-independent-review-183be63/checks-5-stdout.txt",
    "spec/progress/evidence/LOOP1-GO-MSG-001/2026-10-01-independent-review-183be63/checks-6-stderr.txt",
    "spec/progress/evidence/LOOP1-GO-MSG-001/2026-10-01-independent-review-183be63/checks-6-stdout.txt",
    "spec/progress/evidence/LOOP1-GO-MSG-001/2026-10-01-independent-review-183be63/checks-commands.json",
    "spec/progress/evidence/LOOP1-GO-MSG-001/2026-10-01-independent-review-183be63/cleanup-0-stderr.txt",
    "spec/progress/evidence/LOOP1-GO-MSG-001/2026-10-01-independent-review-183be63/cleanup-0-stdout.txt",
    "spec/progress/evidence/LOOP1-GO-MSG-001/2026-10-01-independent-review-183be63/cleanup-1-stderr.txt",
    "spec/progress/evidence/LOOP1-GO-MSG-001/2026-10-01-independent-review-183be63/cleanup-1-stdout.txt",
    "spec/progress/evidence/LOOP1-GO-MSG-001/2026-10-01-independent-review-183be63/cleanup-2-stderr.txt",
    "spec/progress/evidence/LOOP1-GO-MSG-001/2026-10-01-independent-review-183be63/cleanup-2-stdout.txt",
    "spec/progress/evidence/LOOP1-GO-MSG-001/2026-10-01-independent-review-183be63/cleanup-3-stderr.txt",
    "spec/progress/evidence/LOOP1-GO-MSG-001/2026-10-01-independent-review-183be63/cleanup-3-stdout.txt",
    "spec/progress/evidence/LOOP1-GO-MSG-001/2026-10-01-independent-review-183be63/cleanup-commands.json",
    "spec/progress/evidence/LOOP1-GO-MSG-001/2026-10-01-independent-review-183be63/delegated-review-prompt.txt",
    "spec/progress/evidence/LOOP1-GO-MSG-001/2026-10-01-independent-review-183be63/hosted-0-stderr.txt",
    "spec/progress/evidence/LOOP1-GO-MSG-001/2026-10-01-independent-review-183be63/hosted-0-stdout.txt",
    "spec/progress/evidence/LOOP1-GO-MSG-001/2026-10-01-independent-review-183be63/hosted-1-stderr.txt",
    "spec/progress/evidence/LOOP1-GO-MSG-001/2026-10-01-independent-review-183be63/hosted-1-stdout.txt",
    "spec/progress/evidence/LOOP1-GO-MSG-001/2026-10-01-independent-review-183be63/hosted-10-stderr.txt",
    "spec/progress/evidence/LOOP1-GO-MSG-001/2026-10-01-independent-review-183be63/hosted-10-stdout.txt",
    "spec/progress/evidence/LOOP1-GO-MSG-001/2026-10-01-independent-review-183be63/hosted-11-stderr.txt",
    "spec/progress/evidence/LOOP1-GO-MSG-001/2026-10-01-independent-review-183be63/hosted-11-stdout.txt",
    "spec/progress/evidence/LOOP1-GO-MSG-001/2026-10-01-independent-review-183be63/hosted-12-stderr.txt",
    "spec/progress/evidence/LOOP1-GO-MSG-001/2026-10-01-independent-review-183be63/hosted-12-stdout.txt",
    "spec/progress/evidence/LOOP1-GO-MSG-001/2026-10-01-independent-review-183be63/hosted-13-stderr.txt",
    "spec/progress/evidence/LOOP1-GO-MSG-001/2026-10-01-independent-review-183be63/hosted-13-stdout.txt",
    "spec/progress/evidence/LOOP1-GO-MSG-001/2026-10-01-independent-review-183be63/hosted-14-stderr.txt",
    "spec/progress/evidence/LOOP1-GO-MSG-001/2026-10-01-independent-review-183be63/hosted-14-stdout.txt",
    "spec/progress/evidence/LOOP1-GO-MSG-001/2026-10-01-independent-review-183be63/hosted-2-stderr.txt",
    "spec/progress/evidence/LOOP1-GO-MSG-001/2026-10-01-independent-review-183be63/hosted-2-stdout.txt",
    "spec/progress/evidence/LOOP1-GO-MSG-001/2026-10-01-independent-review-183be63/hosted-3-stderr.txt",
    "spec/progress/evidence/LOOP1-GO-MSG-001/2026-10-01-independent-review-183be63/hosted-3-stdout.txt",
    "spec/progress/evidence/LOOP1-GO-MSG-001/2026-10-01-independent-review-183be63/hosted-36819288126-architecture.log",
    "spec/progress/evidence/LOOP1-GO-MSG-001/2026-10-01-independent-review-183be63/hosted-36819288126-classify.log",
    "spec/progress/evidence/LOOP1-GO-MSG-001/2026-10-01-independent-review-183be63/hosted-36819288126-gate.log",
    "spec/progress/evidence/LOOP1-GO-MSG-001/2026-10-01-independent-review-183be63/hosted-36819288126-go.log",
    "spec/progress/evidence/LOOP1-GO-MSG-001/2026-10-01-independent-review-183be63/hosted-36819288126-source_go.log",
    "spec/progress/evidence/LOOP1-GO-MSG-001/2026-10-01-independent-review-183be63/hosted-36819288126-source_java.log",
    "spec/progress/evidence/LOOP1-GO-MSG-001/2026-10-01-independent-review-183be63/hosted-36819288126.json",
    "spec/progress/evidence/LOOP1-GO-MSG-001/2026-10-01-independent-review-183be63/hosted-36819292528-architecture.log",
    "spec/progress/evidence/LOOP1-GO-MSG-001/2026-10-01-independent-review-183be63/hosted-36819292528-classify.log",
    "spec/progress/evidence/LOOP1-GO-MSG-001/2026-10-01-independent-review-183be63/hosted-36819292528-gate.log",
    "spec/progress/evidence/LOOP1-GO-MSG-001/2026-10-01-independent-review-183be63/hosted-36819292528-go.log",
    "spec/progress/evidence/LOOP1-GO-MSG-001/2026-10-01-independent-review-183be63/hosted-36819292528-source_go.log",
    "spec/progress/evidence/LOOP1-GO-MSG-001/2026-10-01-independent-review-183be63/hosted-36819292528-source_java.log",
    "spec/progress/evidence/LOOP1-GO-MSG-001/2026-10-01-independent-review-183be63/hosted-36819292528.json",
    "spec/progress/evidence/LOOP1-GO-MSG-001/2026-10-01-independent-review-183be63/hosted-4-stderr.txt",
    "spec/progress/evidence/LOOP1-GO-MSG-001/2026-10-01-independent-review-183be63/hosted-4-stdout.txt",
    "spec/progress/evidence/LOOP1-GO-MSG-001/2026-10-01-independent-review-183be63/hosted-5-stderr.txt",
    "spec/progress/evidence/LOOP1-GO-MSG-001/2026-10-01-independent-review-183be63/hosted-5-stdout.txt",
    "spec/progress/evidence/LOOP1-GO-MSG-001/2026-10-01-independent-review-183be63/hosted-6-stderr.txt",
    "spec/progress/evidence/LOOP1-GO-MSG-001/2026-10-01-independent-review-183be63/hosted-6-stdout.txt",
    "spec/progress/evidence/LOOP1-GO-MSG-001/2026-10-01-independent-review-183be63/hosted-7-stderr.txt",
    "spec/progress/evidence/LOOP1-GO-MSG-001/2026-10-01-independent-review-183be63/hosted-7-stdout.txt",
    "spec/progress/evidence/LOOP1-GO-MSG-001/2026-10-01-independent-review-183be63/hosted-8-stderr.txt",
    "spec/progress/evidence/LOOP1-GO-MSG-001/2026-10-01-independent-review-183be63/hosted-8-stdout.txt",
    "spec/progress/evidence/LOOP1-GO-MSG-001/2026-10-01-independent-review-183be63/hosted-9-stderr.txt",
    "spec/progress/evidence/LOOP1-GO-MSG-001/2026-10-01-independent-review-183be63/hosted-9-stdout.txt",
    "spec/progress/evidence/LOOP1-GO-MSG-001/2026-10-01-independent-review-183be63/hosted-commands.json",
    "spec/progress/evidence/LOOP1-GO-MSG-001/2026-10-01-independent-review-183be63/independent_verification.py",
    "spec/progress/evidence/LOOP1-GO-MSG-001/2026-10-01-independent-review-183be63/own-recorder-validation.json",
    "spec/progress/evidence/LOOP1-GO-MSG-001/2026-10-01-independent-review-183be63/pr-tree-binding.json",
    "spec/progress/evidence/LOOP1-GO-MSG-001/2026-10-01-independent-review-183be63/pr-virtual-merge.json",
    "spec/progress/evidence/LOOP1-GO-MSG-001/2026-10-01-independent-review-183be63/pr4.json",
    "spec/progress/evidence/LOOP1-GO-MSG-001/2026-10-01-independent-review-183be63/probes-0-stderr.txt",
    "spec/progress/evidence/LOOP1-GO-MSG-001/2026-10-01-independent-review-183be63/probes-0-stdout.txt",
    "spec/progress/evidence/LOOP1-GO-MSG-001/2026-10-01-independent-review-183be63/probes-1-stderr.txt",
    "spec/progress/evidence/LOOP1-GO-MSG-001/2026-10-01-independent-review-183be63/probes-1-stdout.txt",
    "spec/progress/evidence/LOOP1-GO-MSG-001/2026-10-01-independent-review-183be63/probes-2-stderr.txt",
    "spec/progress/evidence/LOOP1-GO-MSG-001/2026-10-01-independent-review-183be63/probes-2-stdout.txt",
    "spec/progress/evidence/LOOP1-GO-MSG-001/2026-10-01-independent-review-183be63/probes-3-stderr.txt",
    "spec/progress/evidence/LOOP1-GO-MSG-001/2026-10-01-independent-review-183be63/probes-3-stdout.txt",
    "spec/progress/evidence/LOOP1-GO-MSG-001/2026-10-01-independent-review-183be63/probes-4-stderr.txt",
    "spec/progress/evidence/LOOP1-GO-MSG-001/2026-10-01-independent-review-183be63/probes-4-stdout.txt",
    "spec/progress/evidence/LOOP1-GO-MSG-001/2026-10-01-independent-review-183be63/probes-5-stderr.txt",
    "spec/progress/evidence/LOOP1-GO-MSG-001/2026-10-01-independent-review-183be63/probes-5-stdout.txt",
    "spec/progress/evidence/LOOP1-GO-MSG-001/2026-10-01-independent-review-183be63/probes-commands.json",
    "spec/progress/evidence/LOOP1-GO-MSG-001/2026-10-01-independent-review-183be63/raw-byte-audit.json",
    "spec/progress/evidence/LOOP1-GO-MSG-001/2026-10-01-independent-review-183be63/raw_audit.py",
    "spec/progress/evidence/LOOP1-GO-MSG-001/2026-10-01-independent-review-183be63/remote-candidate-commit.json",
    "spec/progress/evidence/LOOP1-GO-MSG-001/2026-10-01-independent-review-183be63/reviewer-live-overlay.go",
    "spec/progress/evidence/LOOP1-GO-MSG-001/2026-10-01-independent-review-183be63/reviewer-live-overlay.go.json",
    "spec/progress/evidence/LOOP1-GO-MSG-001/2026-10-01-independent-review-183be63/reviewer-message-overlay.go",
    "spec/progress/evidence/LOOP1-GO-MSG-001/2026-10-01-independent-review-183be63/reviewer-message-overlay.go.json",
    "spec/progress/evidence/LOOP1-GO-MSG-001/2026-10-01-independent-review-183be63/reviewer-sync-overlay.go",
    "spec/progress/evidence/LOOP1-GO-MSG-001/2026-10-01-independent-review-183be63/reviewer-sync-overlay.json",
    "spec/progress/evidence/LOOP1-GO-MSG-001/2026-10-01-independent-review-f1764fd/.gitattributes",
    "spec/progress/evidence/LOOP1-GO-MSG-001/2026-10-01-independent-review-f1764fd/2026-10-01-independent-review-clean-state.json",
    "spec/progress/evidence/LOOP1-GO-MSG-001/2026-10-01-independent-review-f1764fd/2026-10-01-independent-review-command-results.json",
    "spec/progress/evidence/LOOP1-GO-MSG-001/2026-10-01-independent-review-f1764fd/2026-10-01-independent-review-report.md",
    "spec/progress/evidence/LOOP1-GO-MSG-001/2026-10-01-independent-review-f1764fd/archive-transport.json",
    "spec/progress/evidence/LOOP1-GO-MSG-001/2026-10-01-independent-review-f1764fd/hosted-36816625962.json",
    "spec/progress/evidence/LOOP1-GO-MSG-001/2026-10-01-independent-review-f1764fd/hosted-36816686898.json",
    "spec/progress/evidence/LOOP1-GO-MSG-001/2026-10-01-independent-review-f1764fd/implementation-raw-byte-audit.json",
    "spec/progress/evidence/LOOP1-GO-MSG-001/2026-10-01-independent-review-f1764fd/independent_verification.py",
    "spec/progress/evidence/LOOP1-GO-MSG-001/2026-10-01-independent-review-f1764fd/pr4.json",
    "spec/progress/evidence/LOOP1-GO-MSG-001/2026-10-01-independent-review-f1764fd/reviewer-live-overlay.go",
    "spec/progress/evidence/LOOP1-GO-MSG-001/2026-10-01-independent-review-f1764fd/reviewer-live-overlay.json",
    "spec/progress/evidence/LOOP1-GO-MSG-001/2026-10-01-independent-review-f1764fd/reviewer-message-overlay.go",
    "spec/progress/evidence/LOOP1-GO-MSG-001/2026-10-01-independent-review-f1764fd/reviewer-overlay.json",
    "spec/progress/evidence/LOOP1-GO-MSG-001/2026-10-01-independent-review-f1764fd/reviewer-sync-overlay.go",
    "spec/progress/evidence/LOOP1-GO-MSG-001/2026-10-01-independent-review-f1764fd/reviewer-sync-overlay.json",
    "spec/progress/evidence/LOOP1-GO-MSG-001/2026-10-01-transport-byte-audit.json",
    "spec/progress/evidence/LOOP1-GO-MSG-001/2026-10-01-transport-preservation.json",
    "spec/progress/evidence/LOOP1-GO-MSG-001/delegated-fix-prompt.txt",
    "spec/progress/evidence/LOOP1-GO-MSG-001/delegated-implementation-prompt.txt",
    "spec/progress/evidence/LOOP1-GO-MSG-001/fix_verification.py",
    "spec/progress/evidence/LOOP1-GO-MSG-001/live_verification.py",
    "spec/progress/evidence/LOOP1-GO-SOCIAL-001/2026-10-01-human-authorized-merge.md",
    "spec/tasks/backlog/LOOP1-GO-MSG-001.md",
    "spec/tasks/done/LOOP1-GO-MSG-001.md",
    "spec/tasks/done/LOOP1-GO-SOCIAL-001.md"
  ],
  "jobs": {
    "go": true,
    "java": false,
    "web": false,
    "desktop": false,
    "mobile": false,
    "shared": false,
    "old_client": false,
    "plugin": false,
    "migration": false,
    "compatibility": false,
    "deploy": false,
    "architecture": true,
    "source_go": true,
    "source_java": true
  }
}
