classify	Set up job	﻿2026-10-08T03:58:28.9359567Z Current runner version: '2.337.0'
classify	Set up job	2026-10-08T03:58:28.9398312Z ##[group]Runner Image Provisioner
classify	Set up job	2026-10-08T03:58:28.9399721Z Hosted Compute Agent
classify	Set up job	2026-10-08T03:58:28.9400676Z Version: 20261002.596
classify	Set up job	2026-10-08T03:58:28.9401676Z Commit: c3d12f3313a95f25162a1503be624f3b0617f8c0
classify	Set up job	2026-10-08T03:58:28.9403092Z Build Date: 2026-10-02T22:28:27Z
classify	Set up job	2026-10-08T03:58:28.9404288Z Worker ID: {29564843-c55c-49d0-9a53-1033cecf8a4f}
classify	Set up job	2026-10-08T03:58:28.9405761Z Region: eastus2
classify	Set up job	2026-10-08T03:58:28.9406736Z Cloud: Azure
classify	Set up job	2026-10-08T03:58:28.9407603Z ##[endgroup]
classify	Set up job	2026-10-08T03:58:28.9409856Z ##[group]Operating System
classify	Set up job	2026-10-08T03:58:28.9410970Z Ubuntu
classify	Set up job	2026-10-08T03:58:28.9412005Z 24.04.5
classify	Set up job	2026-10-08T03:58:28.9412801Z LTS
classify	Set up job	2026-10-08T03:58:28.9413650Z ##[endgroup]
classify	Set up job	2026-10-08T03:58:28.9414707Z ##[group]Runner Image
classify	Set up job	2026-10-08T03:58:28.9415981Z Image: ubuntu-24.04
classify	Set up job	2026-10-08T03:58:28.9417073Z Version: 20261004.327.1
classify	Set up job	2026-10-08T03:58:28.9418966Z Included Software: https://github.com/actions/runner-images/blob/ubuntu24/20261004.327/images/ubuntu/Ubuntu2404-Readme.md
classify	Set up job	2026-10-08T03:58:28.9421995Z Image Release: https://github.com/actions/runner-images/releases/tag/ubuntu24%2F20261004.327
classify	Set up job	2026-10-08T03:58:28.9423718Z ##[endgroup]
classify	Set up job	2026-10-08T03:58:28.9425928Z ##[group]GITHUB_TOKEN Permissions
classify	Set up job	2026-10-08T03:58:28.9428829Z Contents: read
classify	Set up job	2026-10-08T03:58:28.9429957Z Metadata: read
classify	Set up job	2026-10-08T03:58:28.9430934Z ##[endgroup]
classify	Set up job	2026-10-08T03:58:28.9433853Z Secret source: Actions
classify	Set up job	2026-10-08T03:58:28.9435331Z Cache mode: write
classify	Set up job	2026-10-08T03:58:28.9436777Z Prepare workflow directory
classify	Set up job	2026-10-08T03:58:28.9909686Z Prepare all required actions
classify	Set up job	2026-10-08T03:58:28.9979823Z Getting action download info
classify	Set up job	2026-10-08T03:58:29.1919485Z Download action repository 'actions/checkout@v4' (SHA:11d5960a326750d5838078e36cf38b85af677262)
classify	Set up job	2026-10-08T03:58:29.3970576Z Complete job name: classify
classify	Run actions/checkout@v4	﻿2026-10-08T03:58:29.4773165Z ##[group]Run actions/checkout@v4
classify	Run actions/checkout@v4	2026-10-08T03:58:29.4774078Z with:
classify	Run actions/checkout@v4	2026-10-08T03:58:29.4774531Z   fetch-depth: 0
classify	Run actions/checkout@v4	2026-10-08T03:58:29.4775049Z   ref: f2f35f26089bc27d4bebe665327f36b2496ee4b8
classify	Run actions/checkout@v4	2026-10-08T03:58:29.4775926Z   repository: nilesthump/IM-platform
classify	Run actions/checkout@v4	2026-10-08T03:58:29.4779724Z   token: ***
classify	Run actions/checkout@v4	2026-10-08T03:58:29.4780162Z   ssh-strict: true
classify	Run actions/checkout@v4	2026-10-08T03:58:29.4780616Z   ssh-user: git
classify	Run actions/checkout@v4	2026-10-08T03:58:29.4781070Z   persist-credentials: true
classify	Run actions/checkout@v4	2026-10-08T03:58:29.4781586Z   clean: true
classify	Run actions/checkout@v4	2026-10-08T03:58:29.4782038Z   sparse-checkout-cone-mode: true
classify	Run actions/checkout@v4	2026-10-08T03:58:29.4782586Z   fetch-tags: false
classify	Run actions/checkout@v4	2026-10-08T03:58:29.4783045Z   show-progress: true
classify	Run actions/checkout@v4	2026-10-08T03:58:29.4783502Z   lfs: false
classify	Run actions/checkout@v4	2026-10-08T03:58:29.4783924Z   submodules: false
classify	Run actions/checkout@v4	2026-10-08T03:58:29.4784390Z   set-safe-directory: true
classify	Run actions/checkout@v4	2026-10-08T03:58:29.4784908Z   allow-unsafe-pr-checkout: false
classify	Run actions/checkout@v4	2026-10-08T03:58:29.4785925Z ##[endgroup]
classify	Run actions/checkout@v4	2026-10-08T03:58:29.5801642Z Syncing repository: nilesthump/IM-platform
classify	Run actions/checkout@v4	2026-10-08T03:58:29.5804227Z ##[group]Getting Git version info
classify	Run actions/checkout@v4	2026-10-08T03:58:29.5805766Z Working directory is '/home/runner/work/IM-platform/IM-platform'
classify	Run actions/checkout@v4	2026-10-08T03:58:29.5807536Z [command]/usr/bin/git version
classify	Run actions/checkout@v4	2026-10-08T03:58:29.5891517Z git version 2.55.0
classify	Run actions/checkout@v4	2026-10-08T03:58:29.5913527Z ##[endgroup]
classify	Run actions/checkout@v4	2026-10-08T03:58:29.5935603Z Temporarily overriding HOME='/home/runner/work/_temp/a8c798ec-e4ef-4279-a518-d22e0d6280f7' before making global git config changes
classify	Run actions/checkout@v4	2026-10-08T03:58:29.5938395Z Adding repository directory to the temporary git global config as a safe directory
classify	Run actions/checkout@v4	2026-10-08T03:58:29.5940672Z [command]/usr/bin/git config --global --add safe.directory /home/runner/work/IM-platform/IM-platform
classify	Run actions/checkout@v4	2026-10-08T03:58:29.5999459Z Deleting the contents of '/home/runner/work/IM-platform/IM-platform'
classify	Run actions/checkout@v4	2026-10-08T03:58:29.6004361Z ##[group]Initializing the repository
classify	Run actions/checkout@v4	2026-10-08T03:58:29.6009560Z [command]/usr/bin/git init /home/runner/work/IM-platform/IM-platform
classify	Run actions/checkout@v4	2026-10-08T03:58:29.6151259Z hint: Using 'master' as the name for the initial branch. This default branch name
classify	Run actions/checkout@v4	2026-10-08T03:58:29.6153059Z hint: will change to "main" in Git 3.0. To configure the initial branch name
classify	Run actions/checkout@v4	2026-10-08T03:58:29.6154356Z hint: to use in all of your new repositories, which will suppress this warning,
classify	Run actions/checkout@v4	2026-10-08T03:58:29.6155858Z hint: call:
classify	Run actions/checkout@v4	2026-10-08T03:58:29.6156303Z hint:
classify	Run actions/checkout@v4	2026-10-08T03:58:29.6157030Z hint: 	git config --global init.defaultBranch <name>
classify	Run actions/checkout@v4	2026-10-08T03:58:29.6158114Z hint:
classify	Run actions/checkout@v4	2026-10-08T03:58:29.6158937Z hint: Names commonly chosen instead of 'master' are 'main', 'trunk' and
classify	Run actions/checkout@v4	2026-10-08T03:58:29.6159993Z hint: 'development'. The just-created branch can be renamed via this command:
classify	Run actions/checkout@v4	2026-10-08T03:58:29.6160806Z hint:
classify	Run actions/checkout@v4	2026-10-08T03:58:29.6161386Z hint: 	git branch -m <name>
classify	Run actions/checkout@v4	2026-10-08T03:58:29.6161912Z hint:
classify	Run actions/checkout@v4	2026-10-08T03:58:29.6162582Z hint: Disable this message with "git config set advice.defaultBranchName false"
classify	Run actions/checkout@v4	2026-10-08T03:58:29.6163730Z Initialized empty Git repository in /home/runner/work/IM-platform/IM-platform/.git/
classify	Run actions/checkout@v4	2026-10-08T03:58:29.6169681Z [command]/usr/bin/git remote add origin https://github.com/nilesthump/IM-platform
classify	Run actions/checkout@v4	2026-10-08T03:58:29.6222124Z ##[endgroup]
classify	Run actions/checkout@v4	2026-10-08T03:58:29.6223050Z ##[group]Disabling automatic garbage collection
classify	Run actions/checkout@v4	2026-10-08T03:58:29.6226014Z [command]/usr/bin/git config --local gc.auto 0
classify	Run actions/checkout@v4	2026-10-08T03:58:29.6259540Z ##[endgroup]
classify	Run actions/checkout@v4	2026-10-08T03:58:29.6260468Z ##[group]Setting up auth
classify	Run actions/checkout@v4	2026-10-08T03:58:29.6267461Z [command]/usr/bin/git config --local --name-only --get-regexp core\.sshCommand
classify	Run actions/checkout@v4	2026-10-08T03:58:29.6299386Z [command]/usr/bin/git submodule foreach --recursive sh -c "git config --local --name-only --get-regexp 'core\.sshCommand' && git config --local --unset-all 'core.sshCommand' || :"
classify	Run actions/checkout@v4	2026-10-08T03:58:29.6720445Z [command]/usr/bin/git config --local --name-only --get-regexp http\.https\:\/\/github\.com\/\.extraheader
classify	Run actions/checkout@v4	2026-10-08T03:58:29.6762616Z [command]/usr/bin/git submodule foreach --recursive sh -c "git config --local --name-only --get-regexp 'http\.https\:\/\/github\.com\/\.extraheader' && git config --local --unset-all 'http.https://github.com/.extraheader' || :"
classify	Run actions/checkout@v4	2026-10-08T03:58:29.6986200Z [command]/usr/bin/git config --local --name-only --get-regexp ^includeIf\.gitdir:
classify	Run actions/checkout@v4	2026-10-08T03:58:29.7023808Z [command]/usr/bin/git submodule foreach --recursive git config --local --show-origin --name-only --get-regexp remote.origin.url
classify	Run actions/checkout@v4	2026-10-08T03:58:29.7244201Z [command]/usr/bin/git config --local http.https://github.com/.extraheader AUTHORIZATION: basic ***
classify	Run actions/checkout@v4	2026-10-08T03:58:29.7287252Z ##[endgroup]
classify	Run actions/checkout@v4	2026-10-08T03:58:29.7288206Z ##[group]Fetching the repository
classify	Run actions/checkout@v4	2026-10-08T03:58:29.7297541Z [command]/usr/bin/git -c protocol.version=2 fetch --prune --no-recurse-submodules origin +refs/heads/*:refs/remotes/origin/* +refs/tags/*:refs/tags/*
classify	Run actions/checkout@v4	2026-10-08T03:58:31.0235860Z From https://github.com/nilesthump/IM-platform
classify	Run actions/checkout@v4	2026-10-08T03:58:31.0238635Z  * [new branch]      docs/workspace-constraints-20261003 -> origin/docs/workspace-constraints-20261003
classify	Run actions/checkout@v4	2026-10-08T03:58:31.0240981Z  * [new branch]      fix/LOOP1-CI-001-s0-placeholder -> origin/fix/LOOP1-CI-001-s0-placeholder
classify	Run actions/checkout@v4	2026-10-08T03:58:31.0242997Z  * [new branch]      main                   -> origin/main
classify	Run actions/checkout@v4	2026-10-08T03:58:31.0244866Z  * [new branch]      recovery/s1-handoff-20261001 -> origin/recovery/s1-handoff-20261001
classify	Run actions/checkout@v4	2026-10-08T03:58:31.0247596Z  * [new branch]      recovery/s2-open-record-20261001 -> origin/recovery/s2-open-record-20261001
classify	Run actions/checkout@v4	2026-10-08T03:58:31.0250332Z  * [new branch]      rollback/pr7-20261001  -> origin/rollback/pr7-20261001
classify	Run actions/checkout@v4	2026-10-08T03:58:31.0252635Z  * [new branch]      task/LOOP1-ARCH-REMEDIATION -> origin/task/LOOP1-ARCH-REMEDIATION
classify	Run actions/checkout@v4	2026-10-08T03:58:31.0254834Z  * [new branch]      task/LOOP1-CI-001      -> origin/task/LOOP1-CI-001
classify	Run actions/checkout@v4	2026-10-08T03:58:31.0258168Z  * [new branch]      task/LOOP1-CLIENT-ARCH-CLARIFICATION-001 -> origin/task/LOOP1-CLIENT-ARCH-CLARIFICATION-001
classify	Run actions/checkout@v4	2026-10-08T03:58:31.0261533Z  * [new branch]      task/LOOP1-CLIENT-GUI-001-resume -> origin/task/LOOP1-CLIENT-GUI-001-resume
classify	Run actions/checkout@v4	2026-10-08T03:58:31.0264916Z  * [new branch]      task/LOOP1-CLIENT-MVP-PLAN-20261003 -> origin/task/LOOP1-CLIENT-MVP-PLAN-20261003
classify	Run actions/checkout@v4	2026-10-08T03:58:31.0269640Z  * [new branch]      task/LOOP1-CLIENT-NATIVE-ARCH-001-close -> origin/task/LOOP1-CLIENT-NATIVE-ARCH-001-close
classify	Run actions/checkout@v4	2026-10-08T03:58:31.0272938Z  * [new branch]      task/LOOP1-CLIENT-SEND-001 -> origin/task/LOOP1-CLIENT-SEND-001
classify	Run actions/checkout@v4	2026-10-08T03:58:31.0275578Z  * [new branch]      task/LOOP1-CLIENT-SQLITE-001 -> origin/task/LOOP1-CLIENT-SQLITE-001
classify	Run actions/checkout@v4	2026-10-08T03:58:31.0278929Z  * [new branch]      task/LOOP1-CLIENT-SQLITE-001-ts-kotlin -> origin/task/LOOP1-CLIENT-SQLITE-001-ts-kotlin
classify	Run actions/checkout@v4	2026-10-08T03:58:31.0283847Z  * [new branch]      task/LOOP1-CLIENT-UI-ARCH-001 -> origin/task/LOOP1-CLIENT-UI-ARCH-001
classify	Run actions/checkout@v4	2026-10-08T03:58:31.0287947Z  * [new branch]      task/LOOP1-E2E-001     -> origin/task/LOOP1-E2E-001
classify	Run actions/checkout@v4	2026-10-08T03:58:31.0291463Z  * [new branch]      task/LOOP1-GO-AUTH-001 -> origin/task/LOOP1-GO-AUTH-001
classify	Run actions/checkout@v4	2026-10-08T03:58:31.0295198Z  * [new branch]      task/LOOP1-GO-MSG-001  -> origin/task/LOOP1-GO-MSG-001
classify	Run actions/checkout@v4	2026-10-08T03:58:31.0299474Z  * [new branch]      task/LOOP1-GO-SOCIAL-001-v1.1 -> origin/task/LOOP1-GO-SOCIAL-001-v1.1
classify	Run actions/checkout@v4	2026-10-08T03:58:31.0303083Z  * [new branch]      task/LOOP1-SYNC-001    -> origin/task/LOOP1-SYNC-001
classify	Run actions/checkout@v4	2026-10-08T03:58:31.0308858Z [command]/usr/bin/git rev-parse --verify --quiet f2f35f26089bc27d4bebe665327f36b2496ee4b8^{object}
classify	Run actions/checkout@v4	2026-10-08T03:58:31.0311383Z f2f35f26089bc27d4bebe665327f36b2496ee4b8
classify	Run actions/checkout@v4	2026-10-08T03:58:31.0316412Z ##[endgroup]
classify	Run actions/checkout@v4	2026-10-08T03:58:31.0318443Z ##[group]Determining the checkout info
classify	Run actions/checkout@v4	2026-10-08T03:58:31.0320642Z ##[endgroup]
classify	Run actions/checkout@v4	2026-10-08T03:58:31.0321923Z [command]/usr/bin/git sparse-checkout disable
classify	Run actions/checkout@v4	2026-10-08T03:58:31.0352136Z [command]/usr/bin/git config --local --unset-all extensions.worktreeConfig
classify	Run actions/checkout@v4	2026-10-08T03:58:31.0392681Z ##[group]Checking out the ref
classify	Run actions/checkout@v4	2026-10-08T03:58:31.0396424Z [command]/usr/bin/git checkout --progress --force f2f35f26089bc27d4bebe665327f36b2496ee4b8
classify	Run actions/checkout@v4	2026-10-08T03:58:31.7806852Z Note: switching to 'f2f35f26089bc27d4bebe665327f36b2496ee4b8'.
classify	Run actions/checkout@v4	2026-10-08T03:58:31.7808541Z 
classify	Run actions/checkout@v4	2026-10-08T03:58:31.7809040Z You are in 'detached HEAD' state. You can look around, make experimental
classify	Run actions/checkout@v4	2026-10-08T03:58:31.7810002Z changes and commit them, and you can discard any commits you make in this
classify	Run actions/checkout@v4	2026-10-08T03:58:31.7810864Z state without impacting any branches by switching back to a branch.
classify	Run actions/checkout@v4	2026-10-08T03:58:31.7811409Z 
classify	Run actions/checkout@v4	2026-10-08T03:58:31.7811808Z If you want to create a new branch to retain commits you create, you may
classify	Run actions/checkout@v4	2026-10-08T03:58:31.7812579Z do so (now or later) by using -c with the switch command. Example:
classify	Run actions/checkout@v4	2026-10-08T03:58:31.7813092Z 
classify	Run actions/checkout@v4	2026-10-08T03:58:31.7813403Z   git switch -c <new-branch-name>
classify	Run actions/checkout@v4	2026-10-08T03:58:31.7813789Z 
classify	Run actions/checkout@v4	2026-10-08T03:58:31.7814057Z Or undo this operation with:
classify	Run actions/checkout@v4	2026-10-08T03:58:31.7814400Z 
classify	Run actions/checkout@v4	2026-10-08T03:58:31.7814651Z   git switch -
classify	Run actions/checkout@v4	2026-10-08T03:58:31.7814960Z 
classify	Run actions/checkout@v4	2026-10-08T03:58:31.7815688Z Turn off this advice by setting config variable advice.detachedHead to false
classify	Run actions/checkout@v4	2026-10-08T03:58:31.7816339Z 
classify	Run actions/checkout@v4	2026-10-08T03:58:31.7816775Z HEAD is now at f2f35f2 Preserve Gorilla default in bounded Windows Origin proposal
classify	Run actions/checkout@v4	2026-10-08T03:58:31.7846957Z ##[endgroup]
classify	Run actions/checkout@v4	2026-10-08T03:58:31.7891436Z [command]/usr/bin/git log -1 --format=%H
classify	Run actions/checkout@v4	2026-10-08T03:58:31.7919762Z f2f35f26089bc27d4bebe665327f36b2496ee4b8
classify	Diagnose checkout status	﻿2026-10-08T03:58:31.8130857Z ##[group]Run $status = @(git -c core.excludesFile=.git/info/exclude status --porcelain=v1 --untracked-files=all 2>&1)
classify	Diagnose checkout status	2026-10-08T03:58:31.8131873Z ^[[36;1m$status = @(git -c core.excludesFile=.git/info/exclude status --porcelain=v1 --untracked-files=all 2>&1)^[[0m
classify	Diagnose checkout status	2026-10-08T03:58:31.8132553Z ^[[36;1mif ($LASTEXITCODE -ne 0) { exit $LASTEXITCODE }^[[0m
classify	Diagnose checkout status	2026-10-08T03:58:31.8133014Z ^[[36;1mWrite-Host "checkout_status_entries=$($status.Count)"^[[0m
classify	Diagnose checkout status	2026-10-08T03:58:31.8133528Z ^[[36;1mforeach ($entry in $status) { Write-Host "checkout_status=$entry" }^[[0m
classify	Diagnose checkout status	2026-10-08T03:58:31.8162493Z shell: /usr/bin/pwsh -command ". '{0}'"
classify	Diagnose checkout status	2026-10-08T03:58:31.8162868Z ##[endgroup]
classify	Diagnose checkout status	2026-10-08T03:58:37.7616100Z checkout_status_entries=0
classify	Verify clean repository recovery	﻿2026-10-08T03:58:37.9969478Z ##[group]Run ./tools/verify-loop1-ctrl-002.ps1 -Mode Acceptance
classify	Verify clean repository recovery	2026-10-08T03:58:37.9969994Z ^[[36;1m./tools/verify-loop1-ctrl-002.ps1 -Mode Acceptance^[[0m
classify	Verify clean repository recovery	2026-10-08T03:58:37.9995122Z shell: /usr/bin/pwsh -command ". '{0}'"
classify	Verify clean repository recovery	2026-10-08T03:58:37.9995683Z ##[endgroup]
classify	Verify clean repository recovery	2026-10-08T03:58:55.4533948Z PASS: generic repository recovery verified task=LOOP1-CLIENT-GUI-001 state=review mode=Acceptance queues=5 task_specs=31.
classify	Verify clean repository recovery	2026-10-08T03:58:55.4542968Z GIT: branch=HEAD status_entries=0 diff_lines=0 recent_commits=5.
classify	Test path matrix	﻿2026-10-08T03:58:55.5105052Z ##[group]Run python3 -m unittest discover -s tests/ci -v
classify	Test path matrix	2026-10-08T03:58:55.5105801Z ^[[36;1mpython3 -m unittest discover -s tests/ci -v^[[0m
classify	Test path matrix	2026-10-08T03:58:55.5167418Z shell: /usr/bin/bash -e {0}
classify	Test path matrix	2026-10-08T03:58:55.5167664Z env:
classify	Test path matrix	2026-10-08T03:58:55.5167864Z   PYTHONDONTWRITEBYTECODE: 1
classify	Test path matrix	2026-10-08T03:58:55.5168106Z ##[endgroup]
classify	Test path matrix	2026-10-08T03:58:55.6222154Z test_actual_storage_runner_and_deleted_fixture_select_actual_clients (test_classify.ClientStoragePaths.test_actual_storage_runner_and_deleted_fixture_select_actual_clients) ... ok
classify	Test path matrix	2026-10-08T03:58:55.6223888Z test_ci_changes_run_all_jobs (test_classify.PathMatrixTests.test_ci_changes_run_all_jobs) ... ok
classify	Test path matrix	2026-10-08T03:58:55.6225163Z test_client_changes_always_select_architecture (test_classify.PathMatrixTests.test_client_changes_always_select_architecture) ... ok
classify	Test path matrix	2026-10-08T03:58:55.6502332Z test_deleted_e2e_path_still_selects_live_checks (test_classify.PathMatrixTests.test_deleted_e2e_path_still_selects_live_checks) ... ok
classify	Test path matrix	2026-10-08T03:58:55.6760653Z test_deleted_send_fixture_still_runs_actual_checks (test_classify.PathMatrixTests.test_deleted_send_fixture_still_runs_actual_checks) ... ok
classify	Test path matrix	2026-10-08T03:58:55.6762566Z test_deploy_changes_run_deploy_validation (test_classify.PathMatrixTests.test_deploy_changes_run_deploy_validation) ... ok
classify	Test path matrix	2026-10-08T03:58:55.6764259Z test_e2e_paths_select_go_deploy_and_boundaries (test_classify.PathMatrixTests.test_e2e_paths_select_go_deploy_and_boundaries) ... ok
classify	Test path matrix	2026-10-08T03:58:55.8361381Z test_git_diff_includes_both_sides_of_shared_renames (test_classify.PathMatrixTests.test_git_diff_includes_both_sides_of_shared_renames) ... ok
classify	Test path matrix	2026-10-08T03:58:55.8610641Z test_git_diff_includes_deleted_shared_file (test_classify.PathMatrixTests.test_git_diff_includes_deleted_shared_file) ... ok
classify	Test path matrix	2026-10-08T03:58:55.8618561Z test_github_outputs_are_lowercase_booleans (test_classify.PathMatrixTests.test_github_outputs_are_lowercase_booleans) ... ok
classify	Test path matrix	2026-10-08T03:58:55.8621417Z test_governance_changes_cannot_skip_architecture (test_classify.PathMatrixTests.test_governance_changes_cannot_skip_architecture) ... ok
classify	Test path matrix	2026-10-08T03:58:55.8892249Z test_governance_deleted_and_renamed_paths_still_trigger (test_classify.PathMatrixTests.test_governance_deleted_and_renamed_paths_still_trigger) ... ok
classify	Test path matrix	2026-10-08T03:58:55.8894259Z test_profile_and_client_changes_are_local (test_classify.PathMatrixTests.test_profile_and_client_changes_are_local) ... ok
classify	Test path matrix	2026-10-08T03:58:55.8896148Z test_rejects_paths_outside_repo (test_classify.PathMatrixTests.test_rejects_paths_outside_repo) ... ok
classify	Test path matrix	2026-10-08T03:58:55.8897902Z test_send_verification_paths_select_actual_runtimes (test_classify.PathMatrixTests.test_send_verification_paths_select_actual_runtimes) ... ok
classify	Test path matrix	2026-10-08T03:58:55.8899918Z test_shared_changes_fan_out_to_full_compatibility (test_classify.PathMatrixTests.test_shared_changes_fan_out_to_full_compatibility) ... ok
classify	Test path matrix	2026-10-08T03:58:55.8901597Z test_union_and_deleted_paths (test_classify.PathMatrixTests.test_union_and_deleted_paths) ... ok
classify	Test path matrix	2026-10-08T03:58:55.8903403Z test_unrelated_files_do_not_schedule_product_jobs (test_classify.PathMatrixTests.test_unrelated_files_do_not_schedule_product_jobs) ... ok
classify	Test path matrix	2026-10-08T03:58:55.8905355Z test_architecture_jobs_missing_invalid_skipped_failed_cancelled (test_gate.GateTests.test_architecture_jobs_missing_invalid_skipped_failed_cancelled) ... ok
classify	Test path matrix	2026-10-08T03:58:55.8907404Z test_classifier_failure_fails_gate (test_gate.GateTests.test_classifier_failure_fails_gate) ... ok
classify	Test path matrix	2026-10-08T03:58:55.8916850Z test_selected_job_must_succeed (test_gate.GateTests.test_selected_job_must_succeed) ... ok
classify	Test path matrix	2026-10-08T03:58:55.8918377Z test_shared_subchecks_require_compatibility (test_gate.GateTests.test_shared_subchecks_require_compatibility) ... ok
classify	Test path matrix	2026-10-08T03:58:55.8920754Z test_recursive_live_go_verification_and_role_smoke_present (test_go_regression.GoRegressionTests.test_recursive_live_go_verification_and_role_smoke_present) ... ok
classify	Test path matrix	2026-10-08T03:58:55.8923075Z test_role_smoke_change_and_deletion_select_actual_jobs (test_go_regression.GoRegressionTests.test_role_smoke_change_and_deletion_select_actual_jobs) ... ok
classify	Test path matrix	2026-10-08T03:58:55.9093444Z test_websocket_upgrade_eof_terminates (test_go_regression.GoRegressionTests.test_websocket_upgrade_eof_terminates) ... ok
classify	Test path matrix	2026-10-08T03:58:55.9096334Z test_all_affected_workflow_jobs_use_boundary_checker (test_s0_boundary.S0BoundaryTests.test_all_affected_workflow_jobs_use_boundary_checker) ... ok
classify	Test path matrix	2026-10-08T03:58:55.9109296Z test_allowed_entry_name_is_only_allowed_at_profile_root (test_s0_boundary.S0BoundaryTests.test_allowed_entry_name_is_only_allowed_at_profile_root) ... ok
classify	Test path matrix	2026-10-08T03:58:55.9127412Z test_allowed_name_and_profile_root_symlink_checks_without_os_link_privilege (test_s0_boundary.S0BoundaryTests.test_allowed_name_and_profile_root_symlink_checks_without_os_link_privilege) ... ok
classify	Test path matrix	2026-10-08T03:58:55.9206481Z test_committed_skeleton_contains_no_unexpected_source (test_s0_boundary.S0BoundaryTests.test_committed_skeleton_contains_no_unexpected_source) ... ok
classify	Test path matrix	2026-10-08T03:58:55.9288667Z test_empty_markers_are_ignored_but_new_source_is_rejected (test_s0_boundary.S0BoundaryTests.test_empty_markers_are_ignored_but_new_source_is_rejected) ... ok
classify	Test path matrix	2026-10-08T03:58:55.9314986Z test_symlinks_cannot_hide_behind_allowed_names_or_profile_root (test_s0_boundary.S0BoundaryTests.test_symlinks_cannot_hide_behind_allowed_names_or_profile_root) ... ok
classify	Test path matrix	2026-10-08T03:58:55.9318162Z test_rejects_runner_context_at_deploy_job_env (test_workflow_context.WorkflowContextTests.test_rejects_runner_context_at_deploy_job_env) ... ok
classify	Test path matrix	2026-10-08T03:58:55.9320777Z test_runner_context_is_absent_from_job_env (test_workflow_context.WorkflowContextTests.test_runner_context_is_absent_from_job_env) ... ok
classify	Test path matrix	2026-10-08T03:58:55.9321779Z 
classify	Test path matrix	2026-10-08T03:58:55.9322020Z ----------------------------------------------------------------------
classify	Test path matrix	2026-10-08T03:58:55.9322550Z Ran 33 tests in 0.310s
classify	Test path matrix	2026-10-08T03:58:55.9322761Z 
classify	Test path matrix	2026-10-08T03:58:55.9322867Z OK
classify	Test path matrix	2026-10-08T03:58:55.9326090Z {
classify	Test path matrix	2026-10-08T03:58:55.9326432Z   "paths": [
classify	Test path matrix	2026-10-08T03:58:55.9326843Z     "contracts/errors/x.json"
classify	Test path matrix	2026-10-08T03:58:55.9327260Z   ],
classify	Test path matrix	2026-10-08T03:58:55.9327568Z   "jobs": {
classify	Test path matrix	2026-10-08T03:58:55.9327879Z     "go": true,
classify	Test path matrix	2026-10-08T03:58:55.9328227Z     "java": true,
classify	Test path matrix	2026-10-08T03:58:55.9328539Z     "web": true,
classify	Test path matrix	2026-10-08T03:58:55.9328870Z     "desktop": true,
classify	Test path matrix	2026-10-08T03:58:55.9329233Z     "mobile": true,
classify	Test path matrix	2026-10-08T03:58:55.9329573Z     "shared": true,
classify	Test path matrix	2026-10-08T03:58:55.9329932Z     "old_client": true,
classify	Test path matrix	2026-10-08T03:58:55.9330318Z     "plugin": true,
classify	Test path matrix	2026-10-08T03:58:55.9330690Z     "migration": true,
classify	Test path matrix	2026-10-08T03:58:55.9331086Z     "compatibility": true,
classify	Test path matrix	2026-10-08T03:58:55.9331492Z     "deploy": false,
classify	Test path matrix	2026-10-08T03:58:55.9331902Z     "architecture": true,
classify	Test path matrix	2026-10-08T03:58:55.9332305Z     "source_go": true,
classify	Test path matrix	2026-10-08T03:58:55.9332683Z     "source_java": true
classify	Test path matrix	2026-10-08T03:58:55.9333053Z   }
classify	Test path matrix	2026-10-08T03:58:55.9333347Z }
classify	Classify full diff, including deletions	﻿2026-10-08T03:58:55.9499835Z ##[group]Run base="$BASE_SHA"
classify	Classify full diff, including deletions	2026-10-08T03:58:55.9500159Z ^[[36;1mbase="$BASE_SHA"^[[0m
classify	Classify full diff, including deletions	2026-10-08T03:58:55.9500436Z ^[[36;1mif [[ -z "$base" || "$base" =~ ^0+$ ]]; then^[[0m
classify	Classify full diff, including deletions	2026-10-08T03:58:55.9500790Z ^[[36;1m  base=$(git hash-object -t tree /dev/null)^[[0m
classify	Classify full diff, including deletions	2026-10-08T03:58:55.9501088Z ^[[36;1mfi^[[0m
classify	Classify full diff, including deletions	2026-10-08T03:58:55.9501476Z ^[[36;1mpython3 ci/classify.py --base "$base" --head "$HEAD_SHA" --github-output "$GITHUB_OUTPUT"^[[0m
classify	Classify full diff, including deletions	2026-10-08T03:58:55.9563453Z shell: /usr/bin/bash --noprofile --norc -e -o pipefail {0}
classify	Classify full diff, including deletions	2026-10-08T03:58:55.9563797Z env:
classify	Classify full diff, including deletions	2026-10-08T03:58:55.9564033Z   BASE_SHA: df61c1d06498dc0bf15238c957155f048dbd5210
classify	Classify full diff, including deletions	2026-10-08T03:58:55.9564365Z   HEAD_SHA: f2f35f26089bc27d4bebe665327f36b2496ee4b8
classify	Classify full diff, including deletions	2026-10-08T03:58:55.9564669Z   PYTHONDONTWRITEBYTECODE: 1
classify	Classify full diff, including deletions	2026-10-08T03:58:55.9565069Z ##[endgroup]
classify	Classify full diff, including deletions	2026-10-08T03:58:55.9943966Z {
classify	Classify full diff, including deletions	2026-10-08T03:58:55.9944319Z   "paths": [
classify	Classify full diff, including deletions	2026-10-08T03:58:55.9944900Z     "spec/architecture/decisions/ADR-0010-windows-tauri-wss-origin.md",
classify	Classify full diff, including deletions	2026-10-08T03:58:55.9945803Z     "spec/progress/current.md",
classify	Classify full diff, including deletions	2026-10-08T03:58:55.9946440Z     "spec/progress/evidence/LOOP1-CLIENT-GUI-001/ca-manual20261008/hive-identity.json",
classify	Classify full diff, including deletions	2026-10-08T03:58:55.9947094Z     "spec/progress/evidence/LOOP1-CLIENT-GUI-001/ca-manual20261008/manual-retry-store.json",
classify	Classify full diff, including deletions	2026-10-08T03:58:55.9947676Z     "spec/progress/evidence/LOOP1-CLIENT-GUI-001/ca-manual20261008/result.md",
classify	Classify full diff, including deletions	2026-10-08T03:58:55.9948247Z     "spec/progress/evidence/LOOP1-CLIENT-GUI-001/ca-native20261008/add-result.json",
classify	Classify full diff, including deletions	2026-10-08T03:58:55.9948857Z     "spec/progress/evidence/LOOP1-CLIENT-GUI-001/ca-native20261008/elevated-result.json",
classify	Classify full diff, including deletions	2026-10-08T03:58:55.9949533Z     "spec/progress/evidence/LOOP1-CLIENT-GUI-001/ca-native20261008/independent-acceptance.json",
classify	Classify full diff, including deletions	2026-10-08T03:58:55.9950151Z     "spec/progress/evidence/LOOP1-CLIENT-GUI-001/ca-native20261008/native-store.json",
classify	Classify full diff, including deletions	2026-10-08T03:58:55.9950742Z     "spec/progress/evidence/LOOP1-CLIENT-GUI-001/ca-native20261008/physical-store.json",
classify	Classify full diff, including deletions	2026-10-08T03:58:55.9951325Z     "spec/progress/evidence/LOOP1-CLIENT-GUI-001/ca-native20261008/positive-health.json",
classify	Classify full diff, including deletions	2026-10-08T03:58:55.9951957Z     "spec/progress/evidence/LOOP1-CLIENT-GUI-001/ca-native20261008/private-artifacts.json",
classify	Classify full diff, including deletions	2026-10-08T03:58:55.9952552Z     "spec/progress/evidence/LOOP1-CLIENT-GUI-001/ca-native20261008/result.md",
classify	Classify full diff, including deletions	2026-10-08T03:58:55.9953102Z     "spec/progress/evidence/LOOP1-CLIENT-GUI-001/ca-native20261008/review-binding.json",
classify	Classify full diff, including deletions	2026-10-08T03:58:55.9953654Z     "spec/progress/evidence/LOOP1-CLIENT-GUI-001/ca-native20261008/review.md",
classify	Classify full diff, including deletions	2026-10-08T03:58:55.9954183Z     "spec/progress/evidence/LOOP1-CLIENT-GUI-001/ca-native20261008/trust-state.json",
classify	Classify full diff, including deletions	2026-10-08T03:58:55.9954792Z     "spec/progress/evidence/LOOP1-CLIENT-GUI-001/helper-readonly-20261008/restore-receipt.json",
classify	Classify full diff, including deletions	2026-10-08T03:58:55.9955646Z     "spec/progress/evidence/LOOP1-CLIENT-GUI-001/helper-readonly-20261008/tool-results.json",
classify	Classify full diff, including deletions	2026-10-08T03:58:55.9956249Z     "spec/progress/evidence/LOOP1-CLIENT-GUI-001/helper-readonly-20261008/trial.md",
classify	Classify full diff, including deletions	2026-10-08T03:58:55.9956840Z     "spec/progress/evidence/LOOP1-CLIENT-GUI-001/windows-api20261008/api-input-current.json",
classify	Classify full diff, including deletions	2026-10-08T03:58:55.9957427Z     "spec/progress/evidence/LOOP1-CLIENT-GUI-001/windows-api20261008/baseline.json",
classify	Classify full diff, including deletions	2026-10-08T03:58:55.9957961Z     "spec/progress/evidence/LOOP1-CLIENT-GUI-001/windows-api20261008/cleanup.json",
classify	Classify full diff, including deletions	2026-10-08T03:58:55.9958553Z     "spec/progress/evidence/LOOP1-CLIENT-GUI-001/windows-api20261008/credential-native-test.json",
classify	Classify full diff, including deletions	2026-10-08T03:58:55.9959189Z     "spec/progress/evidence/LOOP1-CLIENT-GUI-001/windows-api20261008/current-login.png",
classify	Classify full diff, including deletions	2026-10-08T03:58:55.9959787Z     "spec/progress/evidence/LOOP1-CLIENT-GUI-001/windows-api20261008/current-register.png",
classify	Classify full diff, including deletions	2026-10-08T03:58:55.9960395Z     "spec/progress/evidence/LOOP1-CLIENT-GUI-001/windows-api20261008/current-shortcut.json",
classify	Classify full diff, including deletions	2026-10-08T03:58:55.9960984Z     "spec/progress/evidence/LOOP1-CLIENT-GUI-001/windows-api20261008/host-tests.json",
classify	Classify full diff, including deletions	2026-10-08T03:58:55.9961632Z     "spec/progress/evidence/LOOP1-CLIENT-GUI-001/windows-api20261008/independent-acceptance.json",
classify	Classify full diff, including deletions	2026-10-08T03:58:55.9962497Z     "spec/progress/evidence/LOOP1-CLIENT-GUI-001/windows-api20261008/manifest.json",
classify	Classify full diff, including deletions	2026-10-08T03:58:55.9963097Z     "spec/progress/evidence/LOOP1-CLIENT-GUI-001/windows-api20261008/package-byte-binding.json",
classify	Classify full diff, including deletions	2026-10-08T03:58:55.9963715Z     "spec/progress/evidence/LOOP1-CLIENT-GUI-001/windows-api20261008/private-index.json",
classify	Classify full diff, including deletions	2026-10-08T03:58:55.9964276Z     "spec/progress/evidence/LOOP1-CLIENT-GUI-001/windows-api20261008/recorder.json",
classify	Classify full diff, including deletions	2026-10-08T03:58:55.9964833Z     "spec/progress/evidence/LOOP1-CLIENT-GUI-001/windows-api20261008/result.md",
classify	Classify full diff, including deletions	2026-10-08T03:58:55.9965690Z     "spec/progress/evidence/LOOP1-CLIENT-GUI-001/windows-api20261008/review-binding.json",
classify	Classify full diff, including deletions	2026-10-08T03:58:55.9966297Z     "spec/progress/evidence/LOOP1-CLIENT-GUI-001/windows-api20261008/review.md",
classify	Classify full diff, including deletions	2026-10-08T03:58:55.9966999Z     "spec/progress/evidence/LOOP1-CLIENT-GUI-001/windows-api20261008/tauri-build.json",
classify	Classify full diff, including deletions	2026-10-08T03:58:55.9967576Z     "spec/progress/evidence/LOOP1-CLIENT-GUI-001/windows-api20261008/tls-rollback.json",
classify	Classify full diff, including deletions	2026-10-08T03:58:55.9968173Z     "spec/progress/evidence/LOOP1-CLIENT-GUI-001/windows-api20261008/trust-restored.json",
classify	Classify full diff, including deletions	2026-10-08T03:58:55.9968849Z     "spec/progress/evidence/LOOP1-CLIENT-GUI-001/windows-origin-fix20261008/clean-acceptance-result.json",
classify	Classify full diff, including deletions	2026-10-08T03:58:55.9969551Z     "spec/progress/evidence/LOOP1-CLIENT-GUI-001/windows-origin-fix20261008/fix-report.md",
classify	Classify full diff, including deletions	2026-10-08T03:58:55.9970169Z     "spec/progress/evidence/LOOP1-CLIENT-GUI-001/windows-origin-fix20261008/origin-proof.go",
classify	Classify full diff, including deletions	2026-10-08T03:58:55.9970818Z     "spec/progress/evidence/LOOP1-CLIENT-GUI-001/windows-origin-fix20261008/original-bindings.json",
classify	Classify full diff, including deletions	2026-10-08T03:58:55.9971478Z     "spec/progress/evidence/LOOP1-CLIENT-GUI-001/windows-origin-fix20261008/original-fold.go",
classify	Classify full diff, including deletions	2026-10-08T03:58:55.9972130Z     "spec/progress/evidence/LOOP1-CLIENT-GUI-001/windows-origin-fix20261008/original-proposal.diff",
classify	Classify full diff, including deletions	2026-10-08T03:58:55.9972795Z     "spec/progress/evidence/LOOP1-CLIENT-GUI-001/windows-origin-fix20261008/original-proposal.md",
classify	Classify full diff, including deletions	2026-10-08T03:58:55.9973499Z     "spec/progress/evidence/LOOP1-CLIENT-GUI-001/windows-origin-fix20261008/original-review-baseline.json",
classify	Classify full diff, including deletions	2026-10-08T03:58:55.9974242Z     "spec/progress/evidence/LOOP1-CLIENT-GUI-001/windows-origin-fix20261008/original-review-fail.md",
classify	Classify full diff, including deletions	2026-10-08T03:58:55.9974998Z     "spec/progress/evidence/LOOP1-CLIENT-GUI-001/windows-origin-fix20261008/original-review-research-summary.json",
classify	Classify full diff, including deletions	2026-10-08T03:58:55.9975951Z     "spec/progress/evidence/LOOP1-CLIENT-GUI-001/windows-origin-fix20261008/proof-result.json",
classify	Classify full diff, including deletions	2026-10-08T03:58:55.9976555Z     "spec/progress/evidence/LOOP1-CLIENT-GUI-001/windows-origin-fix20261008/proof.py",
classify	Classify full diff, including deletions	2026-10-08T03:58:55.9977161Z     "spec/progress/evidence/LOOP1-CLIENT-GUI-001/windows-origin-fix20261008/proof.stderr.txt",
classify	Classify full diff, including deletions	2026-10-08T03:58:55.9977783Z     "spec/progress/evidence/LOOP1-CLIENT-GUI-001/windows-origin-fix20261008/proof.stdout.txt",
classify	Classify full diff, including deletions	2026-10-08T03:58:55.9978372Z     "spec/progress/evidence/LOOP1-CLIENT-GUI-001/windows-origin20261008/approval.json",
classify	Classify full diff, including deletions	2026-10-08T03:58:55.9978986Z     "spec/progress/evidence/LOOP1-CLIENT-GUI-001/windows-origin20261008/default-tls.json",
classify	Classify full diff, including deletions	2026-10-08T03:58:55.9979617Z     "spec/progress/evidence/LOOP1-CLIENT-GUI-001/windows-origin20261008/desktop-root-result.json",
classify	Classify full diff, including deletions	2026-10-08T03:58:55.9980256Z     "spec/progress/evidence/LOOP1-CLIENT-GUI-001/windows-origin20261008/origin-proposal.diff",
classify	Classify full diff, including deletions	2026-10-08T03:58:55.9980875Z     "spec/progress/evidence/LOOP1-CLIENT-GUI-001/windows-origin20261008/origin-proposal.md",
classify	Classify full diff, including deletions	2026-10-08T03:58:55.9981464Z     "spec/progress/evidence/LOOP1-CLIENT-GUI-001/windows-origin20261008/wss-origin.json",
classify	Classify full diff, including deletions	2026-10-08T03:58:55.9981921Z     "spec/tasks/review/LOOP1-CLIENT-GUI-001.md"
classify	Classify full diff, including deletions	2026-10-08T03:58:55.9982194Z   ],
classify	Classify full diff, including deletions	2026-10-08T03:58:55.9982365Z   "jobs": {
classify	Classify full diff, including deletions	2026-10-08T03:58:55.9982539Z     "go": false,
classify	Classify full diff, including deletions	2026-10-08T03:58:55.9982749Z     "java": false,
classify	Classify full diff, including deletions	2026-10-08T03:58:55.9982969Z     "web": false,
classify	Classify full diff, including deletions	2026-10-08T03:58:55.9983221Z     "desktop": false,
classify	Classify full diff, including deletions	2026-10-08T03:58:55.9983422Z     "mobile": false,
classify	Classify full diff, including deletions	2026-10-08T03:58:55.9983759Z     "shared": false,
classify	Classify full diff, including deletions	2026-10-08T03:58:55.9983951Z     "old_client": false,
classify	Classify full diff, including deletions	2026-10-08T03:58:55.9984158Z     "plugin": false,
classify	Classify full diff, including deletions	2026-10-08T03:58:55.9984353Z     "migration": false,
classify	Classify full diff, including deletions	2026-10-08T03:58:55.9984565Z     "compatibility": false,
classify	Classify full diff, including deletions	2026-10-08T03:58:55.9984783Z     "deploy": false,
classify	Classify full diff, including deletions	2026-10-08T03:58:55.9984983Z     "architecture": true,
classify	Classify full diff, including deletions	2026-10-08T03:58:55.9985196Z     "source_go": true,
classify	Classify full diff, including deletions	2026-10-08T03:58:55.9985709Z     "source_java": true
classify	Classify full diff, including deletions	2026-10-08T03:58:55.9986042Z   }
classify	Classify full diff, including deletions	2026-10-08T03:58:55.9986313Z }
classify	Post Run actions/checkout@v4	﻿2026-10-08T03:58:56.0127245Z Post job cleanup.
classify	Post Run actions/checkout@v4	2026-10-08T03:58:56.0941048Z [command]/usr/bin/git version
classify	Post Run actions/checkout@v4	2026-10-08T03:58:56.0984710Z git version 2.55.0
classify	Post Run actions/checkout@v4	2026-10-08T03:58:56.1025971Z Temporarily overriding HOME='/home/runner/work/_temp/b296ceee-2ddb-46ae-a2d5-6b151791bbd9' before making global git config changes
classify	Post Run actions/checkout@v4	2026-10-08T03:58:56.1027818Z Adding repository directory to the temporary git global config as a safe directory
classify	Post Run actions/checkout@v4	2026-10-08T03:58:56.1033102Z [command]/usr/bin/git config --global --add safe.directory /home/runner/work/IM-platform/IM-platform
classify	Post Run actions/checkout@v4	2026-10-08T03:58:56.1074644Z [command]/usr/bin/git config --local --name-only --get-regexp core\.sshCommand
classify	Post Run actions/checkout@v4	2026-10-08T03:58:56.1109765Z [command]/usr/bin/git submodule foreach --recursive sh -c "git config --local --name-only --get-regexp 'core\.sshCommand' && git config --local --unset-all 'core.sshCommand' || :"
classify	Post Run actions/checkout@v4	2026-10-08T03:58:56.1384599Z [command]/usr/bin/git config --local --name-only --get-regexp http\.https\:\/\/github\.com\/\.extraheader
classify	Post Run actions/checkout@v4	2026-10-08T03:58:56.1415608Z http.https://github.com/.extraheader
classify	Post Run actions/checkout@v4	2026-10-08T03:58:56.1429987Z [command]/usr/bin/git config --local --unset-all http.https://github.com/.extraheader
classify	Post Run actions/checkout@v4	2026-10-08T03:58:56.1464749Z [command]/usr/bin/git submodule foreach --recursive sh -c "git config --local --name-only --get-regexp 'http\.https\:\/\/github\.com\/\.extraheader' && git config --local --unset-all 'http.https://github.com/.extraheader' || :"
classify	Post Run actions/checkout@v4	2026-10-08T03:58:56.1751096Z [command]/usr/bin/git config --local --name-only --get-regexp ^includeIf\.gitdir:
classify	Post Run actions/checkout@v4	2026-10-08T03:58:56.1790914Z [command]/usr/bin/git submodule foreach --recursive git config --local --show-origin --name-only --get-regexp remote.origin.url
classify	Complete job	﻿2026-10-08T03:58:56.2301637Z Evaluate and set job outputs
classify	Complete job	2026-10-08T03:58:56.2311744Z Set output 'go'
classify	Complete job	2026-10-08T03:58:56.2313376Z Set output 'java'
classify	Complete job	2026-10-08T03:58:56.2313962Z Set output 'web'
classify	Complete job	2026-10-08T03:58:56.2314253Z Set output 'desktop'
classify	Complete job	2026-10-08T03:58:56.2314541Z Set output 'mobile'
classify	Complete job	2026-10-08T03:58:56.2314805Z Set output 'shared'
classify	Complete job	2026-10-08T03:58:56.2315080Z Set output 'old_client'
classify	Complete job	2026-10-08T03:58:56.2315601Z Set output 'plugin'
classify	Complete job	2026-10-08T03:58:56.2316114Z Set output 'migration'
classify	Complete job	2026-10-08T03:58:56.2316445Z Set output 'compatibility'
classify	Complete job	2026-10-08T03:58:56.2316774Z Set output 'deploy'
classify	Complete job	2026-10-08T03:58:56.2317050Z Set output 'architecture'
classify	Complete job	2026-10-08T03:58:56.2317333Z Set output 'source_go'
classify	Complete job	2026-10-08T03:58:56.2317608Z Set output 'source_java'
classify	Complete job	2026-10-08T03:58:56.2318333Z Cleaning up orphan processes
classify	Complete job	2026-10-08T03:58:56.2625987Z ##[warning]Node.js 20 is deprecated. The following actions target Node.js 20 but are being forced to run on Node.js 24: actions/checkout@v4. For more information see: https://github.blog/changelog/2025-09-19-deprecation-of-node-20-on-github-actions-runners/
