classify	Set up job	﻿2026-10-03T12:19:18.7824535Z Current runner version: '2.337.0'
classify	Set up job	2026-10-03T12:19:18.7842951Z ##[group]Runner Image Provisioner
classify	Set up job	2026-10-03T12:19:18.7843481Z Hosted Compute Agent
classify	Set up job	2026-10-03T12:19:18.7843809Z Version: 20260901.588
classify	Set up job	2026-10-03T12:19:18.7844226Z Commit: f88ec8081b781fac6c440065ac7ff9e710ce3d0b
classify	Set up job	2026-10-03T12:19:18.7844650Z Build Date: 2026-09-01T19:56:44Z
classify	Set up job	2026-10-03T12:19:18.7845094Z Worker ID: {6b52eeeb-8fae-4ea4-b90d-91d4abe33f05}
classify	Set up job	2026-10-03T12:19:18.7845506Z Azure Region: centralus
classify	Set up job	2026-10-03T12:19:18.7845843Z ##[endgroup]
classify	Set up job	2026-10-03T12:19:18.7846709Z ##[group]Operating System
classify	Set up job	2026-10-03T12:19:18.7847081Z Ubuntu
classify	Set up job	2026-10-03T12:19:18.7847411Z 24.04.5
classify	Set up job	2026-10-03T12:19:18.7847921Z LTS
classify	Set up job	2026-10-03T12:19:18.7848294Z ##[endgroup]
classify	Set up job	2026-10-03T12:19:18.7848652Z ##[group]Runner Image
classify	Set up job	2026-10-03T12:19:18.7849017Z Image: ubuntu-24.04
classify	Set up job	2026-10-03T12:19:18.7849332Z Version: 20260927.320.1
classify	Set up job	2026-10-03T12:19:18.7849963Z Included Software: https://github.com/actions/runner-images/blob/ubuntu24/20260927.320/images/ubuntu/Ubuntu2404-Readme.md
classify	Set up job	2026-10-03T12:19:18.7850996Z Image Release: https://github.com/actions/runner-images/releases/tag/ubuntu24%2F20260927.320
classify	Set up job	2026-10-03T12:19:18.7851556Z ##[endgroup]
classify	Set up job	2026-10-03T12:19:18.7852225Z ##[group]GITHUB_TOKEN Permissions
classify	Set up job	2026-10-03T12:19:18.7853380Z Contents: read
classify	Set up job	2026-10-03T12:19:18.7853701Z Metadata: read
classify	Set up job	2026-10-03T12:19:18.7854137Z ##[endgroup]
classify	Set up job	2026-10-03T12:19:18.7855432Z Secret source: Actions
classify	Set up job	2026-10-03T12:19:18.7855991Z Cache mode: write
classify	Set up job	2026-10-03T12:19:18.7856395Z Prepare workflow directory
classify	Set up job	2026-10-03T12:19:18.8075304Z Prepare all required actions
classify	Set up job	2026-10-03T12:19:18.8105412Z Getting action download info
classify	Set up job	2026-10-03T12:19:19.0255449Z Download action repository 'actions/checkout@v4' (SHA:11d5960a326750d5838078e36cf38b85af677262)
classify	Set up job	2026-10-03T12:19:19.2443792Z Complete job name: classify
classify	Run actions/checkout@v4	﻿2026-10-03T12:19:19.2959055Z ##[group]Run actions/checkout@v4
classify	Run actions/checkout@v4	2026-10-03T12:19:19.2959484Z with:
classify	Run actions/checkout@v4	2026-10-03T12:19:19.2959712Z   fetch-depth: 0
classify	Run actions/checkout@v4	2026-10-03T12:19:19.2959982Z   ref: c2ff0502fdad80f463abe038a960ca1b798e6d7a
classify	Run actions/checkout@v4	2026-10-03T12:19:19.2960515Z   repository: nilesthump/IM-platform
classify	Run actions/checkout@v4	2026-10-03T12:19:19.2962687Z   token: ***
classify	Run actions/checkout@v4	2026-10-03T12:19:19.2962911Z   ssh-strict: true
classify	Run actions/checkout@v4	2026-10-03T12:19:19.2963145Z   ssh-user: git
classify	Run actions/checkout@v4	2026-10-03T12:19:19.2963385Z   persist-credentials: true
classify	Run actions/checkout@v4	2026-10-03T12:19:19.2963648Z   clean: true
classify	Run actions/checkout@v4	2026-10-03T12:19:19.2963992Z   sparse-checkout-cone-mode: true
classify	Run actions/checkout@v4	2026-10-03T12:19:19.2964406Z   fetch-tags: false
classify	Run actions/checkout@v4	2026-10-03T12:19:19.2964757Z   show-progress: true
classify	Run actions/checkout@v4	2026-10-03T12:19:19.2965110Z   lfs: false
classify	Run actions/checkout@v4	2026-10-03T12:19:19.2965446Z   submodules: false
classify	Run actions/checkout@v4	2026-10-03T12:19:19.2965803Z   set-safe-directory: true
classify	Run actions/checkout@v4	2026-10-03T12:19:19.2966203Z   allow-unsafe-pr-checkout: false
classify	Run actions/checkout@v4	2026-10-03T12:19:19.2966786Z ##[endgroup]
classify	Run actions/checkout@v4	2026-10-03T12:19:19.3688258Z Syncing repository: nilesthump/IM-platform
classify	Run actions/checkout@v4	2026-10-03T12:19:19.3689560Z ##[group]Getting Git version info
classify	Run actions/checkout@v4	2026-10-03T12:19:19.3690055Z Working directory is '/home/runner/work/IM-platform/IM-platform'
classify	Run actions/checkout@v4	2026-10-03T12:19:19.3690769Z [command]/usr/bin/git version
classify	Run actions/checkout@v4	2026-10-03T12:19:19.3778970Z git version 2.55.0
classify	Run actions/checkout@v4	2026-10-03T12:19:19.3794119Z ##[endgroup]
classify	Run actions/checkout@v4	2026-10-03T12:19:19.3803004Z Temporarily overriding HOME='/home/runner/work/_temp/2b183e00-1ceb-4587-be26-5ed1e143c55e' before making global git config changes
classify	Run actions/checkout@v4	2026-10-03T12:19:19.3804299Z Adding repository directory to the temporary git global config as a safe directory
classify	Run actions/checkout@v4	2026-10-03T12:19:19.3810224Z [command]/usr/bin/git config --global --add safe.directory /home/runner/work/IM-platform/IM-platform
classify	Run actions/checkout@v4	2026-10-03T12:19:19.4075686Z Deleting the contents of '/home/runner/work/IM-platform/IM-platform'
classify	Run actions/checkout@v4	2026-10-03T12:19:19.4080460Z ##[group]Initializing the repository
classify	Run actions/checkout@v4	2026-10-03T12:19:19.4084832Z [command]/usr/bin/git init /home/runner/work/IM-platform/IM-platform
classify	Run actions/checkout@v4	2026-10-03T12:19:19.4300009Z hint: Using 'master' as the name for the initial branch. This default branch name
classify	Run actions/checkout@v4	2026-10-03T12:19:19.4300867Z hint: will change to "main" in Git 3.0. To configure the initial branch name
classify	Run actions/checkout@v4	2026-10-03T12:19:19.4301420Z hint: to use in all of your new repositories, which will suppress this warning,
classify	Run actions/checkout@v4	2026-10-03T12:19:19.4302744Z hint: call:
classify	Run actions/checkout@v4	2026-10-03T12:19:19.4303008Z hint:
classify	Run actions/checkout@v4	2026-10-03T12:19:19.4303319Z hint: 	git config --global init.defaultBranch <name>
classify	Run actions/checkout@v4	2026-10-03T12:19:19.4303653Z hint:
classify	Run actions/checkout@v4	2026-10-03T12:19:19.4303965Z hint: Names commonly chosen instead of 'master' are 'main', 'trunk' and
classify	Run actions/checkout@v4	2026-10-03T12:19:19.4304454Z hint: 'development'. The just-created branch can be renamed via this command:
classify	Run actions/checkout@v4	2026-10-03T12:19:19.4304856Z hint:
classify	Run actions/checkout@v4	2026-10-03T12:19:19.4305081Z hint: 	git branch -m <name>
classify	Run actions/checkout@v4	2026-10-03T12:19:19.4305337Z hint:
classify	Run actions/checkout@v4	2026-10-03T12:19:19.4305670Z hint: Disable this message with "git config set advice.defaultBranchName false"
classify	Run actions/checkout@v4	2026-10-03T12:19:19.4306268Z Initialized empty Git repository in /home/runner/work/IM-platform/IM-platform/.git/
classify	Run actions/checkout@v4	2026-10-03T12:19:19.4312558Z [command]/usr/bin/git remote add origin https://github.com/nilesthump/IM-platform
classify	Run actions/checkout@v4	2026-10-03T12:19:19.4577422Z ##[endgroup]
classify	Run actions/checkout@v4	2026-10-03T12:19:19.4578214Z ##[group]Disabling automatic garbage collection
classify	Run actions/checkout@v4	2026-10-03T12:19:19.4581715Z [command]/usr/bin/git config --local gc.auto 0
classify	Run actions/checkout@v4	2026-10-03T12:19:19.4687930Z ##[endgroup]
classify	Run actions/checkout@v4	2026-10-03T12:19:19.4688405Z ##[group]Setting up auth
classify	Run actions/checkout@v4	2026-10-03T12:19:19.4693354Z [command]/usr/bin/git config --local --name-only --get-regexp core\.sshCommand
classify	Run actions/checkout@v4	2026-10-03T12:19:19.4722968Z [command]/usr/bin/git submodule foreach --recursive sh -c "git config --local --name-only --get-regexp 'core\.sshCommand' && git config --local --unset-all 'core.sshCommand' || :"
classify	Run actions/checkout@v4	2026-10-03T12:19:19.5015049Z [command]/usr/bin/git config --local --name-only --get-regexp http\.https\:\/\/github\.com\/\.extraheader
classify	Run actions/checkout@v4	2026-10-03T12:19:19.5044444Z [command]/usr/bin/git submodule foreach --recursive sh -c "git config --local --name-only --get-regexp 'http\.https\:\/\/github\.com\/\.extraheader' && git config --local --unset-all 'http.https://github.com/.extraheader' || :"
classify	Run actions/checkout@v4	2026-10-03T12:19:19.5216388Z [command]/usr/bin/git config --local --name-only --get-regexp ^includeIf\.gitdir:
classify	Run actions/checkout@v4	2026-10-03T12:19:19.5245314Z [command]/usr/bin/git submodule foreach --recursive git config --local --show-origin --name-only --get-regexp remote.origin.url
classify	Run actions/checkout@v4	2026-10-03T12:19:19.5423495Z [command]/usr/bin/git config --local http.https://github.com/.extraheader AUTHORIZATION: basic ***
classify	Run actions/checkout@v4	2026-10-03T12:19:19.5567897Z ##[endgroup]
classify	Run actions/checkout@v4	2026-10-03T12:19:19.5568954Z ##[group]Fetching the repository
classify	Run actions/checkout@v4	2026-10-03T12:19:19.5576989Z [command]/usr/bin/git -c protocol.version=2 fetch --prune --no-recurse-submodules origin +refs/heads/*:refs/remotes/origin/* +refs/tags/*:refs/tags/*
classify	Run actions/checkout@v4	2026-10-03T12:19:21.9932949Z From https://github.com/nilesthump/IM-platform
classify	Run actions/checkout@v4	2026-10-03T12:19:21.9934639Z  * [new branch]      docs/workspace-constraints-20261003 -> origin/docs/workspace-constraints-20261003
classify	Run actions/checkout@v4	2026-10-03T12:19:21.9936265Z  * [new branch]      fix/LOOP1-CI-001-s0-placeholder -> origin/fix/LOOP1-CI-001-s0-placeholder
classify	Run actions/checkout@v4	2026-10-03T12:19:21.9937579Z  * [new branch]      main                   -> origin/main
classify	Run actions/checkout@v4	2026-10-03T12:19:21.9939065Z  * [new branch]      recovery/s1-handoff-20261001 -> origin/recovery/s1-handoff-20261001
classify	Run actions/checkout@v4	2026-10-03T12:19:21.9940702Z  * [new branch]      recovery/s2-open-record-20261001 -> origin/recovery/s2-open-record-20261001
classify	Run actions/checkout@v4	2026-10-03T12:19:21.9942165Z  * [new branch]      rollback/pr7-20261001  -> origin/rollback/pr7-20261001
classify	Run actions/checkout@v4	2026-10-03T12:19:21.9943402Z  * [new branch]      task/LOOP1-ARCH-REMEDIATION -> origin/task/LOOP1-ARCH-REMEDIATION
classify	Run actions/checkout@v4	2026-10-03T12:19:21.9944580Z  * [new branch]      task/LOOP1-CI-001      -> origin/task/LOOP1-CI-001
classify	Run actions/checkout@v4	2026-10-03T12:19:21.9946084Z  * [new branch]      task/LOOP1-CLIENT-ARCH-CLARIFICATION-001 -> origin/task/LOOP1-CLIENT-ARCH-CLARIFICATION-001
classify	Run actions/checkout@v4	2026-10-03T12:19:21.9948045Z  * [new branch]      task/LOOP1-CLIENT-MVP-PLAN-20261003 -> origin/task/LOOP1-CLIENT-MVP-PLAN-20261003
classify	Run actions/checkout@v4	2026-10-03T12:19:21.9949674Z  * [new branch]      task/LOOP1-CLIENT-SEND-001 -> origin/task/LOOP1-CLIENT-SEND-001
classify	Run actions/checkout@v4	2026-10-03T12:19:21.9951077Z  * [new branch]      task/LOOP1-CLIENT-SQLITE-001 -> origin/task/LOOP1-CLIENT-SQLITE-001
classify	Run actions/checkout@v4	2026-10-03T12:19:21.9953054Z  * [new branch]      task/LOOP1-CLIENT-SQLITE-001-ts-kotlin -> origin/task/LOOP1-CLIENT-SQLITE-001-ts-kotlin
classify	Run actions/checkout@v4	2026-10-03T12:19:21.9954805Z  * [new branch]      task/LOOP1-CLIENT-UI-ARCH-001 -> origin/task/LOOP1-CLIENT-UI-ARCH-001
classify	Run actions/checkout@v4	2026-10-03T12:19:21.9956258Z  * [new branch]      task/LOOP1-E2E-001     -> origin/task/LOOP1-E2E-001
classify	Run actions/checkout@v4	2026-10-03T12:19:21.9957549Z  * [new branch]      task/LOOP1-GO-AUTH-001 -> origin/task/LOOP1-GO-AUTH-001
classify	Run actions/checkout@v4	2026-10-03T12:19:21.9958949Z  * [new branch]      task/LOOP1-GO-MSG-001  -> origin/task/LOOP1-GO-MSG-001
classify	Run actions/checkout@v4	2026-10-03T12:19:21.9960364Z  * [new branch]      task/LOOP1-GO-SOCIAL-001-v1.1 -> origin/task/LOOP1-GO-SOCIAL-001-v1.1
classify	Run actions/checkout@v4	2026-10-03T12:19:21.9961774Z  * [new branch]      task/LOOP1-SYNC-001    -> origin/task/LOOP1-SYNC-001
classify	Run actions/checkout@v4	2026-10-03T12:19:21.9964654Z [command]/usr/bin/git rev-parse --verify --quiet c2ff0502fdad80f463abe038a960ca1b798e6d7a^{object}
classify	Run actions/checkout@v4	2026-10-03T12:19:21.9968184Z c2ff0502fdad80f463abe038a960ca1b798e6d7a
classify	Run actions/checkout@v4	2026-10-03T12:19:21.9972521Z ##[endgroup]
classify	Run actions/checkout@v4	2026-10-03T12:19:21.9973955Z ##[group]Determining the checkout info
classify	Run actions/checkout@v4	2026-10-03T12:19:21.9975761Z ##[endgroup]
classify	Run actions/checkout@v4	2026-10-03T12:19:21.9976890Z [command]/usr/bin/git sparse-checkout disable
classify	Run actions/checkout@v4	2026-10-03T12:19:22.0970121Z [command]/usr/bin/git config --local --unset-all extensions.worktreeConfig
classify	Run actions/checkout@v4	2026-10-03T12:19:22.1062125Z ##[group]Checking out the ref
classify	Run actions/checkout@v4	2026-10-03T12:19:22.1064072Z [command]/usr/bin/git checkout --progress --force c2ff0502fdad80f463abe038a960ca1b798e6d7a
classify	Run actions/checkout@v4	2026-10-03T12:19:22.5751951Z Note: switching to 'c2ff0502fdad80f463abe038a960ca1b798e6d7a'.
classify	Run actions/checkout@v4	2026-10-03T12:19:22.5752764Z 
classify	Run actions/checkout@v4	2026-10-03T12:19:22.5752993Z You are in 'detached HEAD' state. You can look around, make experimental
classify	Run actions/checkout@v4	2026-10-03T12:19:22.5753451Z changes and commit them, and you can discard any commits you make in this
classify	Run actions/checkout@v4	2026-10-03T12:19:22.5753926Z state without impacting any branches by switching back to a branch.
classify	Run actions/checkout@v4	2026-10-03T12:19:22.5755758Z 
classify	Run actions/checkout@v4	2026-10-03T12:19:22.5755937Z If you want to create a new branch to retain commits you create, you may
classify	Run actions/checkout@v4	2026-10-03T12:19:22.5756360Z do so (now or later) by using -c with the switch command. Example:
classify	Run actions/checkout@v4	2026-10-03T12:19:22.5756592Z 
classify	Run actions/checkout@v4	2026-10-03T12:19:22.5756706Z   git switch -c <new-branch-name>
classify	Run actions/checkout@v4	2026-10-03T12:19:22.5756887Z 
classify	Run actions/checkout@v4	2026-10-03T12:19:22.5756996Z Or undo this operation with:
classify	Run actions/checkout@v4	2026-10-03T12:19:22.5757145Z 
classify	Run actions/checkout@v4	2026-10-03T12:19:22.5757240Z   git switch -
classify	Run actions/checkout@v4	2026-10-03T12:19:22.5757387Z 
classify	Run actions/checkout@v4	2026-10-03T12:19:22.5757629Z Turn off this advice by setting config variable advice.detachedHead to false
classify	Run actions/checkout@v4	2026-10-03T12:19:22.5758019Z 
classify	Run actions/checkout@v4	2026-10-03T12:19:22.5758227Z HEAD is now at c2ff050 Merge pull request #18 from nilesthump/task/LOOP1-SYNC-001
classify	Run actions/checkout@v4	2026-10-03T12:19:22.5797610Z ##[endgroup]
classify	Run actions/checkout@v4	2026-10-03T12:19:22.5841328Z [command]/usr/bin/git log -1 --format=%H
classify	Run actions/checkout@v4	2026-10-03T12:19:22.5868416Z c2ff0502fdad80f463abe038a960ca1b798e6d7a
classify	Diagnose checkout status	﻿2026-10-03T12:19:22.6026902Z ##[group]Run $status = @(git -c core.excludesFile=.git/info/exclude status --porcelain=v1 --untracked-files=all 2>&1)
classify	Diagnose checkout status	2026-10-03T12:19:22.6027456Z ^[[36;1m$status = @(git -c core.excludesFile=.git/info/exclude status --porcelain=v1 --untracked-files=all 2>&1)^[[0m
classify	Diagnose checkout status	2026-10-03T12:19:22.6028033Z ^[[36;1mif ($LASTEXITCODE -ne 0) { exit $LASTEXITCODE }^[[0m
classify	Diagnose checkout status	2026-10-03T12:19:22.6028270Z ^[[36;1mWrite-Host "checkout_status_entries=$($status.Count)"^[[0m
classify	Diagnose checkout status	2026-10-03T12:19:22.6028529Z ^[[36;1mforeach ($entry in $status) { Write-Host "checkout_status=$entry" }^[[0m
classify	Diagnose checkout status	2026-10-03T12:19:22.6050883Z shell: /usr/bin/pwsh -command ". '{0}'"
classify	Diagnose checkout status	2026-10-03T12:19:22.6051089Z ##[endgroup]
classify	Diagnose checkout status	2026-10-03T12:19:26.7048943Z checkout_status_entries=0
classify	Verify clean repository recovery	﻿2026-10-03T12:19:26.9233619Z ##[group]Run ./tools/verify-loop1-ctrl-002.ps1 -Mode Acceptance
classify	Verify clean repository recovery	2026-10-03T12:19:26.9233927Z ^[[36;1m./tools/verify-loop1-ctrl-002.ps1 -Mode Acceptance^[[0m
classify	Verify clean repository recovery	2026-10-03T12:19:26.9254983Z shell: /usr/bin/pwsh -command ". '{0}'"
classify	Verify clean repository recovery	2026-10-03T12:19:26.9255148Z ##[endgroup]
classify	Verify clean repository recovery	2026-10-03T12:19:40.4904191Z PASS: generic repository recovery verified task=LOOP1-SYNC-TRANSPORT-001 state=review mode=Acceptance queues=5 task_specs=29.
classify	Verify clean repository recovery	2026-10-03T12:19:40.4911091Z GIT: branch=HEAD status_entries=0 diff_lines=0 recent_commits=5.
classify	Test path matrix	﻿2026-10-03T12:19:40.5672200Z ##[group]Run python3 -m unittest discover -s tests/ci -v
classify	Test path matrix	2026-10-03T12:19:40.5672465Z ^[[36;1mpython3 -m unittest discover -s tests/ci -v^[[0m
classify	Test path matrix	2026-10-03T12:19:40.5722673Z shell: /usr/bin/bash -e {0}
classify	Test path matrix	2026-10-03T12:19:40.5722813Z env:
classify	Test path matrix	2026-10-03T12:19:40.5722928Z   PYTHONDONTWRITEBYTECODE: 1
classify	Test path matrix	2026-10-03T12:19:40.5723061Z ##[endgroup]
classify	Test path matrix	2026-10-03T12:19:40.6616929Z test_actual_storage_runner_and_deleted_fixture_select_actual_clients (test_classify.ClientStoragePaths.test_actual_storage_runner_and_deleted_fixture_select_actual_clients) ... ok
classify	Test path matrix	2026-10-03T12:19:40.6618223Z test_ci_changes_run_all_jobs (test_classify.PathMatrixTests.test_ci_changes_run_all_jobs) ... ok
classify	Test path matrix	2026-10-03T12:19:40.6618862Z test_client_changes_always_select_architecture (test_classify.PathMatrixTests.test_client_changes_always_select_architecture) ... ok
classify	Test path matrix	2026-10-03T12:19:40.7410939Z test_deleted_e2e_path_still_selects_live_checks (test_classify.PathMatrixTests.test_deleted_e2e_path_still_selects_live_checks) ... ok
classify	Test path matrix	2026-10-03T12:19:40.8390402Z test_deleted_send_fixture_still_runs_actual_checks (test_classify.PathMatrixTests.test_deleted_send_fixture_still_runs_actual_checks) ... ok
classify	Test path matrix	2026-10-03T12:19:40.8391542Z test_deploy_changes_run_deploy_validation (test_classify.PathMatrixTests.test_deploy_changes_run_deploy_validation) ... ok
classify	Test path matrix	2026-10-03T12:19:40.8392395Z test_e2e_paths_select_go_deploy_and_boundaries (test_classify.PathMatrixTests.test_e2e_paths_select_go_deploy_and_boundaries) ... ok
classify	Test path matrix	2026-10-03T12:19:42.3770677Z test_git_diff_includes_both_sides_of_shared_renames (test_classify.PathMatrixTests.test_git_diff_includes_both_sides_of_shared_renames) ... ok
classify	Test path matrix	2026-10-03T12:19:42.4084579Z test_git_diff_includes_deleted_shared_file (test_classify.PathMatrixTests.test_git_diff_includes_deleted_shared_file) ... ok
classify	Test path matrix	2026-10-03T12:19:42.4091280Z test_github_outputs_are_lowercase_booleans (test_classify.PathMatrixTests.test_github_outputs_are_lowercase_booleans) ... ok
classify	Test path matrix	2026-10-03T12:19:42.4093048Z test_governance_changes_cannot_skip_architecture (test_classify.PathMatrixTests.test_governance_changes_cannot_skip_architecture) ... ok
classify	Test path matrix	2026-10-03T12:19:42.4292331Z test_governance_deleted_and_renamed_paths_still_trigger (test_classify.PathMatrixTests.test_governance_deleted_and_renamed_paths_still_trigger) ... ok
classify	Test path matrix	2026-10-03T12:19:42.4293158Z test_profile_and_client_changes_are_local (test_classify.PathMatrixTests.test_profile_and_client_changes_are_local) ... ok
classify	Test path matrix	2026-10-03T12:19:42.4293882Z test_rejects_paths_outside_repo (test_classify.PathMatrixTests.test_rejects_paths_outside_repo) ... ok
classify	Test path matrix	2026-10-03T12:19:42.4294587Z test_send_verification_paths_select_actual_runtimes (test_classify.PathMatrixTests.test_send_verification_paths_select_actual_runtimes) ... ok
classify	Test path matrix	2026-10-03T12:19:42.4295375Z test_shared_changes_fan_out_to_full_compatibility (test_classify.PathMatrixTests.test_shared_changes_fan_out_to_full_compatibility) ... ok
classify	Test path matrix	2026-10-03T12:19:42.4295995Z test_union_and_deleted_paths (test_classify.PathMatrixTests.test_union_and_deleted_paths) ... ok
classify	Test path matrix	2026-10-03T12:19:42.4296654Z test_unrelated_files_do_not_schedule_product_jobs (test_classify.PathMatrixTests.test_unrelated_files_do_not_schedule_product_jobs) ... ok
classify	Test path matrix	2026-10-03T12:19:42.4298135Z test_architecture_jobs_missing_invalid_skipped_failed_cancelled (test_gate.GateTests.test_architecture_jobs_missing_invalid_skipped_failed_cancelled) ... ok
classify	Test path matrix	2026-10-03T12:19:42.4298804Z test_classifier_failure_fails_gate (test_gate.GateTests.test_classifier_failure_fails_gate) ... ok
classify	Test path matrix	2026-10-03T12:19:42.4299341Z test_selected_job_must_succeed (test_gate.GateTests.test_selected_job_must_succeed) ... ok
classify	Test path matrix	2026-10-03T12:19:42.4299918Z test_shared_subchecks_require_compatibility (test_gate.GateTests.test_shared_subchecks_require_compatibility) ... ok
classify	Test path matrix	2026-10-03T12:19:42.4300718Z test_recursive_live_go_verification_and_role_smoke_present (test_go_regression.GoRegressionTests.test_recursive_live_go_verification_and_role_smoke_present) ... ok
classify	Test path matrix	2026-10-03T12:19:42.4301498Z test_role_smoke_change_and_deletion_select_actual_jobs (test_go_regression.GoRegressionTests.test_role_smoke_change_and_deletion_select_actual_jobs) ... ok
classify	Test path matrix	2026-10-03T12:19:42.4429000Z test_websocket_upgrade_eof_terminates (test_go_regression.GoRegressionTests.test_websocket_upgrade_eof_terminates) ... ok
classify	Test path matrix	2026-10-03T12:19:42.4430515Z test_all_affected_workflow_jobs_use_boundary_checker (test_s0_boundary.S0BoundaryTests.test_all_affected_workflow_jobs_use_boundary_checker) ... ok
classify	Test path matrix	2026-10-03T12:19:42.4436898Z test_allowed_entry_name_is_only_allowed_at_profile_root (test_s0_boundary.S0BoundaryTests.test_allowed_entry_name_is_only_allowed_at_profile_root) ... ok
classify	Test path matrix	2026-10-03T12:19:42.4441136Z test_allowed_name_and_profile_root_symlink_checks_without_os_link_privilege (test_s0_boundary.S0BoundaryTests.test_allowed_name_and_profile_root_symlink_checks_without_os_link_privilege) ... ok
classify	Test path matrix	2026-10-03T12:19:42.4469461Z test_committed_skeleton_contains_no_unexpected_source (test_s0_boundary.S0BoundaryTests.test_committed_skeleton_contains_no_unexpected_source) ... ok
classify	Test path matrix	2026-10-03T12:19:42.4512899Z test_empty_markers_are_ignored_but_new_source_is_rejected (test_s0_boundary.S0BoundaryTests.test_empty_markers_are_ignored_but_new_source_is_rejected) ... ok
classify	Test path matrix	2026-10-03T12:19:42.4526735Z test_symlinks_cannot_hide_behind_allowed_names_or_profile_root (test_s0_boundary.S0BoundaryTests.test_symlinks_cannot_hide_behind_allowed_names_or_profile_root) ... ok
classify	Test path matrix	2026-10-03T12:19:42.4528465Z test_rejects_runner_context_at_deploy_job_env (test_workflow_context.WorkflowContextTests.test_rejects_runner_context_at_deploy_job_env) ... ok
classify	Test path matrix	2026-10-03T12:19:42.4529642Z test_runner_context_is_absent_from_job_env (test_workflow_context.WorkflowContextTests.test_runner_context_is_absent_from_job_env) ... ok
classify	Test path matrix	2026-10-03T12:19:42.4530038Z 
classify	Test path matrix	2026-10-03T12:19:42.4530166Z ----------------------------------------------------------------------
classify	Test path matrix	2026-10-03T12:19:42.4530463Z Ran 33 tests in 1.792s
classify	Test path matrix	2026-10-03T12:19:42.4530584Z 
classify	Test path matrix	2026-10-03T12:19:42.4530651Z OK
classify	Test path matrix	2026-10-03T12:19:42.4538392Z {
classify	Test path matrix	2026-10-03T12:19:42.4538602Z   "paths": [
classify	Test path matrix	2026-10-03T12:19:42.4538795Z     "contracts/errors/x.json"
classify	Test path matrix	2026-10-03T12:19:42.4539088Z   ],
classify	Test path matrix	2026-10-03T12:19:42.4539242Z   "jobs": {
classify	Test path matrix	2026-10-03T12:19:42.4539411Z     "go": true,
classify	Test path matrix	2026-10-03T12:19:42.4539618Z     "java": true,
classify	Test path matrix	2026-10-03T12:19:42.4539826Z     "web": true,
classify	Test path matrix	2026-10-03T12:19:42.4539994Z     "desktop": true,
classify	Test path matrix	2026-10-03T12:19:42.4540202Z     "mobile": true,
classify	Test path matrix	2026-10-03T12:19:42.4540413Z     "shared": true,
classify	Test path matrix	2026-10-03T12:19:42.4540591Z     "old_client": true,
classify	Test path matrix	2026-10-03T12:19:42.4540775Z     "plugin": true,
classify	Test path matrix	2026-10-03T12:19:42.4541013Z     "migration": true,
classify	Test path matrix	2026-10-03T12:19:42.4541209Z     "compatibility": true,
classify	Test path matrix	2026-10-03T12:19:42.4541411Z     "deploy": false,
classify	Test path matrix	2026-10-03T12:19:42.4541599Z     "architecture": true,
classify	Test path matrix	2026-10-03T12:19:42.4541796Z     "source_go": true,
classify	Test path matrix	2026-10-03T12:19:42.4541983Z     "source_java": true
classify	Test path matrix	2026-10-03T12:19:42.4542157Z   }
classify	Test path matrix	2026-10-03T12:19:42.4542304Z }
classify	Classify full diff, including deletions	﻿2026-10-03T12:19:42.4679047Z ##[group]Run base="$BASE_SHA"
classify	Classify full diff, including deletions	2026-10-03T12:19:42.4679253Z ^[[36;1mbase="$BASE_SHA"^[[0m
classify	Classify full diff, including deletions	2026-10-03T12:19:42.4679400Z ^[[36;1mif [[ -z "$base" || "$base" =~ ^0+$ ]]; then^[[0m
classify	Classify full diff, including deletions	2026-10-03T12:19:42.4679578Z ^[[36;1m  base=$(git hash-object -t tree /dev/null)^[[0m
classify	Classify full diff, including deletions	2026-10-03T12:19:42.4679734Z ^[[36;1mfi^[[0m
classify	Classify full diff, including deletions	2026-10-03T12:19:42.4679933Z ^[[36;1mpython3 ci/classify.py --base "$base" --head "$HEAD_SHA" --github-output "$GITHUB_OUTPUT"^[[0m
classify	Classify full diff, including deletions	2026-10-03T12:19:42.4730640Z shell: /usr/bin/bash --noprofile --norc -e -o pipefail {0}
classify	Classify full diff, including deletions	2026-10-03T12:19:42.4730825Z env:
classify	Classify full diff, including deletions	2026-10-03T12:19:42.4730967Z   BASE_SHA: a0304fcc7be18b87f5986d014849d6b48b96a071
classify	Classify full diff, including deletions	2026-10-03T12:19:42.4731149Z   HEAD_SHA: c2ff0502fdad80f463abe038a960ca1b798e6d7a
classify	Classify full diff, including deletions	2026-10-03T12:19:42.4731317Z   PYTHONDONTWRITEBYTECODE: 1
classify	Classify full diff, including deletions	2026-10-03T12:19:42.4731449Z ##[endgroup]
classify	Classify full diff, including deletions	2026-10-03T12:19:42.5004049Z {
classify	Classify full diff, including deletions	2026-10-03T12:19:42.5004299Z   "paths": [
classify	Classify full diff, including deletions	2026-10-03T12:19:42.5004494Z     ".github/workflows/ci.yml",
classify	Classify full diff, including deletions	2026-10-03T12:19:42.5004805Z     "contracts/http/sync.openapi.json",
classify	Classify full diff, including deletions	2026-10-03T12:19:42.5005280Z     "spec/architecture/README.md",
classify	Classify full diff, including deletions	2026-10-03T12:19:42.5005786Z     "spec/architecture/baseline.md",
classify	Classify full diff, including deletions	2026-10-03T12:19:42.5006091Z     "spec/architecture/decisions/ADR-0008-sync-https-transport.md",
classify	Classify full diff, including deletions	2026-10-03T12:19:42.5006423Z     "spec/architecture/frozen-architecture.md",
classify	Classify full diff, including deletions	2026-10-03T12:19:42.5006679Z     "spec/progress/current.md",
classify	Classify full diff, including deletions	2026-10-03T12:19:42.5007151Z     "spec/progress/evidence/LOOP1-SYNC-001/implementation-research/prompts/P-SYNC-IMPLEMENTATION-20261003/metadata.json",
classify	Classify full diff, including deletions	2026-10-03T12:19:42.5007956Z     "spec/progress/evidence/LOOP1-SYNC-001/implementation-research/prompts/P-SYNC-IMPLEMENTATION-20261003/prompt.txt",
classify	Classify full diff, including deletions	2026-10-03T12:19:42.5008667Z     "spec/progress/evidence/LOOP1-SYNC-001/implementation-research/prompts/P-SYNC-IMPLEMENTATION-EXACT-20261003/metadata.json",
classify	Classify full diff, including deletions	2026-10-03T12:19:42.5009386Z     "spec/progress/evidence/LOOP1-SYNC-001/implementation-research/prompts/P-SYNC-IMPLEMENTATION-EXACT-20261003/prompt.txt",
classify	Classify full diff, including deletions	2026-10-03T12:19:42.5010194Z     "spec/progress/evidence/LOOP1-SYNC-001/implementation-research/runs/R-SYNC-IMPLEMENTATION-20261003/blobs/C-0c854a25-4a44-48e0-8168-6fb80dac33af.stderr.txt",
classify	Classify full diff, including deletions	2026-10-03T12:19:42.5011104Z     "spec/progress/evidence/LOOP1-SYNC-001/implementation-research/runs/R-SYNC-IMPLEMENTATION-20261003/blobs/C-0c854a25-4a44-48e0-8168-6fb80dac33af.stdout.txt",
classify	Classify full diff, including deletions	2026-10-03T12:19:42.5012001Z     "spec/progress/evidence/LOOP1-SYNC-001/implementation-research/runs/R-SYNC-IMPLEMENTATION-20261003/blobs/C-5fbc4255-754d-441e-b961-dd6ff1af711f.stderr.txt",
classify	Classify full diff, including deletions	2026-10-03T12:19:42.5012903Z     "spec/progress/evidence/LOOP1-SYNC-001/implementation-research/runs/R-SYNC-IMPLEMENTATION-20261003/blobs/C-5fbc4255-754d-441e-b961-dd6ff1af711f.stdout.txt",
classify	Classify full diff, including deletions	2026-10-03T12:19:42.5013646Z     "spec/progress/evidence/LOOP1-SYNC-001/implementation-research/runs/R-SYNC-IMPLEMENTATION-20261003/blobs/C-80939d3e-9152-405f-abdf-758ed145573d.stderr.txt",
classify	Classify full diff, including deletions	2026-10-03T12:19:42.5014239Z     "spec/progress/evidence/LOOP1-SYNC-001/implementation-research/runs/R-SYNC-IMPLEMENTATION-20261003/blobs/C-80939d3e-9152-405f-abdf-758ed145573d.stdout.txt",
classify	Classify full diff, including deletions	2026-10-03T12:19:42.5014806Z     "spec/progress/evidence/LOOP1-SYNC-001/implementation-research/runs/R-SYNC-IMPLEMENTATION-20261003/blobs/C-9ad448a2-960f-4d5c-b787-7978ed017779.stderr.txt",
classify	Classify full diff, including deletions	2026-10-03T12:19:42.5015368Z     "spec/progress/evidence/LOOP1-SYNC-001/implementation-research/runs/R-SYNC-IMPLEMENTATION-20261003/blobs/C-9ad448a2-960f-4d5c-b787-7978ed017779.stdout.txt",
classify	Classify full diff, including deletions	2026-10-03T12:19:42.5015937Z     "spec/progress/evidence/LOOP1-SYNC-001/implementation-research/runs/R-SYNC-IMPLEMENTATION-20261003/blobs/C-baed6ac2-e12b-4ca5-a931-e960e2aefd6f.stderr.txt",
classify	Classify full diff, including deletions	2026-10-03T12:19:42.5016509Z     "spec/progress/evidence/LOOP1-SYNC-001/implementation-research/runs/R-SYNC-IMPLEMENTATION-20261003/blobs/C-baed6ac2-e12b-4ca5-a931-e960e2aefd6f.stdout.txt",
classify	Classify full diff, including deletions	2026-10-03T12:19:42.5017000Z     "spec/progress/evidence/LOOP1-SYNC-001/implementation-research/runs/R-SYNC-IMPLEMENTATION-20261003/diff.patch",
classify	Classify full diff, including deletions	2026-10-03T12:19:42.5017412Z     "spec/progress/evidence/LOOP1-SYNC-001/implementation-research/runs/R-SYNC-IMPLEMENTATION-20261003/events.jsonl",
classify	Classify full diff, including deletions	2026-10-03T12:19:42.5018138Z     "spec/progress/evidence/LOOP1-SYNC-001/implementation-research/runs/R-SYNC-IMPLEMENTATION-20261003/final_state.json",
classify	Classify full diff, including deletions	2026-10-03T12:19:42.5018570Z     "spec/progress/evidence/LOOP1-SYNC-001/implementation-research/runs/R-SYNC-IMPLEMENTATION-20261003/initial_state.json",
classify	Classify full diff, including deletions	2026-10-03T12:19:42.5018996Z     "spec/progress/evidence/LOOP1-SYNC-001/implementation-research/runs/R-SYNC-IMPLEMENTATION-20261003/metadata.json",
classify	Classify full diff, including deletions	2026-10-03T12:19:42.5019408Z     "spec/progress/evidence/LOOP1-SYNC-001/implementation-research/runs/R-SYNC-IMPLEMENTATION-20261003/summary.json",
classify	Classify full diff, including deletions	2026-10-03T12:19:42.5019755Z     "spec/progress/evidence/LOOP1-SYNC-001/implementation/authority-blocker.md",
classify	Classify full diff, including deletions	2026-10-03T12:19:42.5020073Z     "spec/progress/evidence/LOOP1-SYNC-001/research/prompts/P-SYNC-RESUME-20261003/metadata.json",
classify	Classify full diff, including deletions	2026-10-03T12:19:42.5020409Z     "spec/progress/evidence/LOOP1-SYNC-001/research/prompts/P-SYNC-RESUME-20261003/prompt.txt",
classify	Classify full diff, including deletions	2026-10-03T12:19:42.5020906Z     "spec/progress/evidence/LOOP1-SYNC-001/research/runs/R-SYNC-RESUME-20261003/blobs/C-31b59ec7-60c2-41a5-ac95-45793ff06e87.stderr.txt",
classify	Classify full diff, including deletions	2026-10-03T12:19:42.5021375Z     "spec/progress/evidence/LOOP1-SYNC-001/research/runs/R-SYNC-RESUME-20261003/blobs/C-31b59ec7-60c2-41a5-ac95-45793ff06e87.stdout.txt",
classify	Classify full diff, including deletions	2026-10-03T12:19:42.5021842Z     "spec/progress/evidence/LOOP1-SYNC-001/research/runs/R-SYNC-RESUME-20261003/blobs/C-56c712df-a873-408b-b60d-9783afa4c038.stderr.txt",
classify	Classify full diff, including deletions	2026-10-03T12:19:42.5022306Z     "spec/progress/evidence/LOOP1-SYNC-001/research/runs/R-SYNC-RESUME-20261003/blobs/C-56c712df-a873-408b-b60d-9783afa4c038.stdout.txt",
classify	Classify full diff, including deletions	2026-10-03T12:19:42.5022767Z     "spec/progress/evidence/LOOP1-SYNC-001/research/runs/R-SYNC-RESUME-20261003/blobs/C-a3581c26-3f5f-422d-9652-67c930c0b3fb.stderr.txt",
classify	Classify full diff, including deletions	2026-10-03T12:19:42.5023228Z     "spec/progress/evidence/LOOP1-SYNC-001/research/runs/R-SYNC-RESUME-20261003/blobs/C-a3581c26-3f5f-422d-9652-67c930c0b3fb.stdout.txt",
classify	Classify full diff, including deletions	2026-10-03T12:19:42.5023697Z     "spec/progress/evidence/LOOP1-SYNC-001/research/runs/R-SYNC-RESUME-20261003/blobs/C-ac5b9fe0-edd3-4e49-8307-06f4c603fbf0.stderr.txt",
classify	Classify full diff, including deletions	2026-10-03T12:19:42.5024170Z     "spec/progress/evidence/LOOP1-SYNC-001/research/runs/R-SYNC-RESUME-20261003/blobs/C-ac5b9fe0-edd3-4e49-8307-06f4c603fbf0.stdout.txt",
classify	Classify full diff, including deletions	2026-10-03T12:19:42.5024643Z     "spec/progress/evidence/LOOP1-SYNC-001/research/runs/R-SYNC-RESUME-20261003/blobs/C-bf8085dd-e0cf-47cb-a588-b8cdc342e901.stderr.txt",
classify	Classify full diff, including deletions	2026-10-03T12:19:42.5025112Z     "spec/progress/evidence/LOOP1-SYNC-001/research/runs/R-SYNC-RESUME-20261003/blobs/C-bf8085dd-e0cf-47cb-a588-b8cdc342e901.stdout.txt",
classify	Classify full diff, including deletions	2026-10-03T12:19:42.5025577Z     "spec/progress/evidence/LOOP1-SYNC-001/research/runs/R-SYNC-RESUME-20261003/blobs/C-fa570a6c-b69f-4b9b-bf34-727968dcae25.stderr.txt",
classify	Classify full diff, including deletions	2026-10-03T12:19:42.5026039Z     "spec/progress/evidence/LOOP1-SYNC-001/research/runs/R-SYNC-RESUME-20261003/blobs/C-fa570a6c-b69f-4b9b-bf34-727968dcae25.stdout.txt",
classify	Classify full diff, including deletions	2026-10-03T12:19:42.5026435Z     "spec/progress/evidence/LOOP1-SYNC-001/research/runs/R-SYNC-RESUME-20261003/diff.patch",
classify	Classify full diff, including deletions	2026-10-03T12:19:42.5026757Z     "spec/progress/evidence/LOOP1-SYNC-001/research/runs/R-SYNC-RESUME-20261003/events.jsonl",
classify	Classify full diff, including deletions	2026-10-03T12:19:42.5027081Z     "spec/progress/evidence/LOOP1-SYNC-001/research/runs/R-SYNC-RESUME-20261003/final_state.json",
classify	Classify full diff, including deletions	2026-10-03T12:19:42.5027418Z     "spec/progress/evidence/LOOP1-SYNC-001/research/runs/R-SYNC-RESUME-20261003/initial_state.json",
classify	Classify full diff, including deletions	2026-10-03T12:19:42.5027939Z     "spec/progress/evidence/LOOP1-SYNC-001/research/runs/R-SYNC-RESUME-20261003/metadata.json",
classify	Classify full diff, including deletions	2026-10-03T12:19:42.5028274Z     "spec/progress/evidence/LOOP1-SYNC-001/research/runs/R-SYNC-RESUME-20261003/summary.json",
classify	Classify full diff, including deletions	2026-10-03T12:19:42.5028591Z     "spec/progress/evidence/LOOP1-SYNC-TRANSPORT-001/external-publication-blocker.md",
classify	Classify full diff, including deletions	2026-10-03T12:19:42.5028898Z     "spec/progress/evidence/LOOP1-SYNC-TRANSPORT-001/go-implementation-proposal.md",
classify	Classify full diff, including deletions	2026-10-03T12:19:42.5029185Z     "spec/progress/evidence/LOOP1-SYNC-TRANSPORT-001/human-authorization.txt",
classify	Classify full diff, including deletions	2026-10-03T12:19:42.5029588Z     "spec/progress/evidence/LOOP1-SYNC-TRANSPORT-001/implementation-handoff.md",
classify	Classify full diff, including deletions	2026-10-03T12:19:42.5029919Z     "spec/progress/evidence/LOOP1-SYNC-TRANSPORT-001/independent-review-57404dcc/independent_probe.py",
classify	Classify full diff, including deletions	2026-10-03T12:19:42.5030378Z     "spec/progress/evidence/LOOP1-SYNC-TRANSPORT-001/independent-review-57404dcc/research/prompts/P-cc2c3143-f01e-4c50-88a5-821c8e611a4c/metadata.json",
classify	Classify full diff, including deletions	2026-10-03T12:19:42.5030919Z     "spec/progress/evidence/LOOP1-SYNC-TRANSPORT-001/independent-review-57404dcc/research/prompts/P-cc2c3143-f01e-4c50-88a5-821c8e611a4c/prompt.txt",
classify	Classify full diff, including deletions	2026-10-03T12:19:42.5031571Z     "spec/progress/evidence/LOOP1-SYNC-TRANSPORT-001/independent-review-57404dcc/research/runs/R-20261003T112320Z-9d2ad7fc-5017-4dc1-aac5-7b9dd76ed7ad/blobs/C-0e26c13f-fae8-4db8-8871-34a0c03f4633.stderr.txt",
classify	Classify full diff, including deletions	2026-10-03T12:19:42.5032321Z     "spec/progress/evidence/LOOP1-SYNC-TRANSPORT-001/independent-review-57404dcc/research/runs/R-20261003T112320Z-9d2ad7fc-5017-4dc1-aac5-7b9dd76ed7ad/blobs/C-0e26c13f-fae8-4db8-8871-34a0c03f4633.stdout.txt",
classify	Classify full diff, including deletions	2026-10-03T12:19:42.5033157Z     "spec/progress/evidence/LOOP1-SYNC-TRANSPORT-001/independent-review-57404dcc/research/runs/R-20261003T112320Z-9d2ad7fc-5017-4dc1-aac5-7b9dd76ed7ad/blobs/C-1296b063-67b5-45d6-90e8-f409def291e4.stderr.txt",
classify	Classify full diff, including deletions	2026-10-03T12:19:42.5033893Z     "spec/progress/evidence/LOOP1-SYNC-TRANSPORT-001/independent-review-57404dcc/research/runs/R-20261003T112320Z-9d2ad7fc-5017-4dc1-aac5-7b9dd76ed7ad/blobs/C-1296b063-67b5-45d6-90e8-f409def291e4.stdout.txt",
classify	Classify full diff, including deletions	2026-10-03T12:19:42.5034638Z     "spec/progress/evidence/LOOP1-SYNC-TRANSPORT-001/independent-review-57404dcc/research/runs/R-20261003T112320Z-9d2ad7fc-5017-4dc1-aac5-7b9dd76ed7ad/blobs/C-1abca076-37ed-4eed-99aa-cfd450b77c9a.stderr.txt",
classify	Classify full diff, including deletions	2026-10-03T12:19:42.5035390Z     "spec/progress/evidence/LOOP1-SYNC-TRANSPORT-001/independent-review-57404dcc/research/runs/R-20261003T112320Z-9d2ad7fc-5017-4dc1-aac5-7b9dd76ed7ad/blobs/C-1abca076-37ed-4eed-99aa-cfd450b77c9a.stdout.txt",
classify	Classify full diff, including deletions	2026-10-03T12:19:42.5036554Z     "spec/progress/evidence/LOOP1-SYNC-TRANSPORT-001/independent-review-57404dcc/research/runs/R-20261003T112320Z-9d2ad7fc-5017-4dc1-aac5-7b9dd76ed7ad/blobs/C-4b25bb8f-0ffa-4699-bae6-cbcce153cdd0.stderr.txt",
classify	Classify full diff, including deletions	2026-10-03T12:19:42.5037859Z     "spec/progress/evidence/LOOP1-SYNC-TRANSPORT-001/independent-review-57404dcc/research/runs/R-20261003T112320Z-9d2ad7fc-5017-4dc1-aac5-7b9dd76ed7ad/blobs/C-4b25bb8f-0ffa-4699-bae6-cbcce153cdd0.stdout.txt",
classify	Classify full diff, including deletions	2026-10-03T12:19:42.5039123Z     "spec/progress/evidence/LOOP1-SYNC-TRANSPORT-001/independent-review-57404dcc/research/runs/R-20261003T112320Z-9d2ad7fc-5017-4dc1-aac5-7b9dd76ed7ad/blobs/C-4ecd6df2-5058-424c-9745-cf1f0b27fb33.stderr.txt",
classify	Classify full diff, including deletions	2026-10-03T12:19:42.5039953Z     "spec/progress/evidence/LOOP1-SYNC-TRANSPORT-001/independent-review-57404dcc/research/runs/R-20261003T112320Z-9d2ad7fc-5017-4dc1-aac5-7b9dd76ed7ad/blobs/C-4ecd6df2-5058-424c-9745-cf1f0b27fb33.stdout.txt",
classify	Classify full diff, including deletions	2026-10-03T12:19:42.5040691Z     "spec/progress/evidence/LOOP1-SYNC-TRANSPORT-001/independent-review-57404dcc/research/runs/R-20261003T112320Z-9d2ad7fc-5017-4dc1-aac5-7b9dd76ed7ad/blobs/C-63d98804-f82b-4bc5-a0a2-75784b528864.stderr.txt",
classify	Classify full diff, including deletions	2026-10-03T12:19:42.5041438Z     "spec/progress/evidence/LOOP1-SYNC-TRANSPORT-001/independent-review-57404dcc/research/runs/R-20261003T112320Z-9d2ad7fc-5017-4dc1-aac5-7b9dd76ed7ad/blobs/C-63d98804-f82b-4bc5-a0a2-75784b528864.stdout.txt",
classify	Classify full diff, including deletions	2026-10-03T12:19:42.5042172Z     "spec/progress/evidence/LOOP1-SYNC-TRANSPORT-001/independent-review-57404dcc/research/runs/R-20261003T112320Z-9d2ad7fc-5017-4dc1-aac5-7b9dd76ed7ad/blobs/C-77f98739-b069-4f79-b061-34142e04807e.stderr.txt",
classify	Classify full diff, including deletions	2026-10-03T12:19:42.5042902Z     "spec/progress/evidence/LOOP1-SYNC-TRANSPORT-001/independent-review-57404dcc/research/runs/R-20261003T112320Z-9d2ad7fc-5017-4dc1-aac5-7b9dd76ed7ad/blobs/C-77f98739-b069-4f79-b061-34142e04807e.stdout.txt",
classify	Classify full diff, including deletions	2026-10-03T12:19:42.5043638Z     "spec/progress/evidence/LOOP1-SYNC-TRANSPORT-001/independent-review-57404dcc/research/runs/R-20261003T112320Z-9d2ad7fc-5017-4dc1-aac5-7b9dd76ed7ad/blobs/C-836a9a13-f09e-4c32-904e-cfd098164d99.stderr.txt",
classify	Classify full diff, including deletions	2026-10-03T12:19:42.5044487Z     "spec/progress/evidence/LOOP1-SYNC-TRANSPORT-001/independent-review-57404dcc/research/runs/R-20261003T112320Z-9d2ad7fc-5017-4dc1-aac5-7b9dd76ed7ad/blobs/C-836a9a13-f09e-4c32-904e-cfd098164d99.stdout.txt",
classify	Classify full diff, including deletions	2026-10-03T12:19:42.5045229Z     "spec/progress/evidence/LOOP1-SYNC-TRANSPORT-001/independent-review-57404dcc/research/runs/R-20261003T112320Z-9d2ad7fc-5017-4dc1-aac5-7b9dd76ed7ad/blobs/C-aae8efbe-1782-4f0f-ac50-710fe55aca08.stderr.txt",
classify	Classify full diff, including deletions	2026-10-03T12:19:42.5045976Z     "spec/progress/evidence/LOOP1-SYNC-TRANSPORT-001/independent-review-57404dcc/research/runs/R-20261003T112320Z-9d2ad7fc-5017-4dc1-aac5-7b9dd76ed7ad/blobs/C-aae8efbe-1782-4f0f-ac50-710fe55aca08.stdout.txt",
classify	Classify full diff, including deletions	2026-10-03T12:19:42.5046719Z     "spec/progress/evidence/LOOP1-SYNC-TRANSPORT-001/independent-review-57404dcc/research/runs/R-20261003T112320Z-9d2ad7fc-5017-4dc1-aac5-7b9dd76ed7ad/blobs/C-c0d2d105-3cca-4007-97f9-526c116ffa2a.stderr.txt",
classify	Classify full diff, including deletions	2026-10-03T12:19:42.5047545Z     "spec/progress/evidence/LOOP1-SYNC-TRANSPORT-001/independent-review-57404dcc/research/runs/R-20261003T112320Z-9d2ad7fc-5017-4dc1-aac5-7b9dd76ed7ad/blobs/C-c0d2d105-3cca-4007-97f9-526c116ffa2a.stdout.txt",
classify	Classify full diff, including deletions	2026-10-03T12:19:42.5048443Z     "spec/progress/evidence/LOOP1-SYNC-TRANSPORT-001/independent-review-57404dcc/research/runs/R-20261003T112320Z-9d2ad7fc-5017-4dc1-aac5-7b9dd76ed7ad/blobs/C-cba057eb-9318-41fc-a561-fd3a918b8015.stderr.txt",
classify	Classify full diff, including deletions	2026-10-03T12:19:42.5049186Z     "spec/progress/evidence/LOOP1-SYNC-TRANSPORT-001/independent-review-57404dcc/research/runs/R-20261003T112320Z-9d2ad7fc-5017-4dc1-aac5-7b9dd76ed7ad/blobs/C-cba057eb-9318-41fc-a561-fd3a918b8015.stdout.txt",
classify	Classify full diff, including deletions	2026-10-03T12:19:42.5049931Z     "spec/progress/evidence/LOOP1-SYNC-TRANSPORT-001/independent-review-57404dcc/research/runs/R-20261003T112320Z-9d2ad7fc-5017-4dc1-aac5-7b9dd76ed7ad/blobs/C-ccf4b9bf-7bd8-4c00-8fa6-dcf5e6e8a162.stderr.txt",
classify	Classify full diff, including deletions	2026-10-03T12:19:42.5050683Z     "spec/progress/evidence/LOOP1-SYNC-TRANSPORT-001/independent-review-57404dcc/research/runs/R-20261003T112320Z-9d2ad7fc-5017-4dc1-aac5-7b9dd76ed7ad/blobs/C-ccf4b9bf-7bd8-4c00-8fa6-dcf5e6e8a162.stdout.txt",
classify	Classify full diff, including deletions	2026-10-03T12:19:42.5051428Z     "spec/progress/evidence/LOOP1-SYNC-TRANSPORT-001/independent-review-57404dcc/research/runs/R-20261003T112320Z-9d2ad7fc-5017-4dc1-aac5-7b9dd76ed7ad/blobs/C-d069ca2f-11d9-423d-917b-489319903385.stderr.txt",
classify	Classify full diff, including deletions	2026-10-03T12:19:42.5052162Z     "spec/progress/evidence/LOOP1-SYNC-TRANSPORT-001/independent-review-57404dcc/research/runs/R-20261003T112320Z-9d2ad7fc-5017-4dc1-aac5-7b9dd76ed7ad/blobs/C-d069ca2f-11d9-423d-917b-489319903385.stdout.txt",
classify	Classify full diff, including deletions	2026-10-03T12:19:42.5052895Z     "spec/progress/evidence/LOOP1-SYNC-TRANSPORT-001/independent-review-57404dcc/research/runs/R-20261003T112320Z-9d2ad7fc-5017-4dc1-aac5-7b9dd76ed7ad/blobs/C-fdf8f272-93a8-4694-b5f7-993f4e84d3b1.stderr.txt",
classify	Classify full diff, including deletions	2026-10-03T12:19:42.5053631Z     "spec/progress/evidence/LOOP1-SYNC-TRANSPORT-001/independent-review-57404dcc/research/runs/R-20261003T112320Z-9d2ad7fc-5017-4dc1-aac5-7b9dd76ed7ad/blobs/C-fdf8f272-93a8-4694-b5f7-993f4e84d3b1.stdout.txt",
classify	Classify full diff, including deletions	2026-10-03T12:19:42.5054379Z     "spec/progress/evidence/LOOP1-SYNC-TRANSPORT-001/independent-review-57404dcc/research/runs/R-20261003T112320Z-9d2ad7fc-5017-4dc1-aac5-7b9dd76ed7ad/blobs/C-fe69fae2-86a5-45fe-8f88-c4abdea21cd6.stderr.txt",
classify	Classify full diff, including deletions	2026-10-03T12:19:42.5055125Z     "spec/progress/evidence/LOOP1-SYNC-TRANSPORT-001/independent-review-57404dcc/research/runs/R-20261003T112320Z-9d2ad7fc-5017-4dc1-aac5-7b9dd76ed7ad/blobs/C-fe69fae2-86a5-45fe-8f88-c4abdea21cd6.stdout.txt",
classify	Classify full diff, including deletions	2026-10-03T12:19:42.5055797Z     "spec/progress/evidence/LOOP1-SYNC-TRANSPORT-001/independent-review-57404dcc/research/runs/R-20261003T112320Z-9d2ad7fc-5017-4dc1-aac5-7b9dd76ed7ad/diff.patch",
classify	Classify full diff, including deletions	2026-10-03T12:19:42.5056380Z     "spec/progress/evidence/LOOP1-SYNC-TRANSPORT-001/independent-review-57404dcc/research/runs/R-20261003T112320Z-9d2ad7fc-5017-4dc1-aac5-7b9dd76ed7ad/events.jsonl",
classify	Classify full diff, including deletions	2026-10-03T12:19:42.5057061Z     "spec/progress/evidence/LOOP1-SYNC-TRANSPORT-001/independent-review-57404dcc/research/runs/R-20261003T112320Z-9d2ad7fc-5017-4dc1-aac5-7b9dd76ed7ad/final_state.json",
classify	Classify full diff, including deletions	2026-10-03T12:19:42.5057667Z     "spec/progress/evidence/LOOP1-SYNC-TRANSPORT-001/independent-review-57404dcc/research/runs/R-20261003T112320Z-9d2ad7fc-5017-4dc1-aac5-7b9dd76ed7ad/initial_state.json",
classify	Classify full diff, including deletions	2026-10-03T12:19:42.5058427Z     "spec/progress/evidence/LOOP1-SYNC-TRANSPORT-001/independent-review-57404dcc/research/runs/R-20261003T112320Z-9d2ad7fc-5017-4dc1-aac5-7b9dd76ed7ad/metadata.json",
classify	Classify full diff, including deletions	2026-10-03T12:19:42.5059013Z     "spec/progress/evidence/LOOP1-SYNC-TRANSPORT-001/independent-review-57404dcc/research/runs/R-20261003T112320Z-9d2ad7fc-5017-4dc1-aac5-7b9dd76ed7ad/summary.json",
classify	Classify full diff, including deletions	2026-10-03T12:19:42.5059468Z     "spec/progress/evidence/LOOP1-SYNC-TRANSPORT-001/independent-review-57404dcc/review.md",
classify	Classify full diff, including deletions	2026-10-03T12:19:42.5059789Z     "spec/progress/evidence/LOOP1-SYNC-TRANSPORT-001/independent-review-archive.json",
classify	Classify full diff, including deletions	2026-10-03T12:19:42.5060090Z     "spec/progress/evidence/LOOP1-SYNC-TRANSPORT-001/paging-revision/handoff.md",
classify	Classify full diff, including deletions	2026-10-03T12:19:42.5060481Z     "spec/progress/evidence/LOOP1-SYNC-TRANSPORT-001/paging-revision/human-authorization.txt",
classify	Classify full diff, including deletions	2026-10-03T12:19:42.5060870Z     "spec/progress/evidence/LOOP1-SYNC-TRANSPORT-001/paging-revision/research/prompts/P-SYNC-PAGING-20261003/metadata.json",
classify	Classify full diff, including deletions	2026-10-03T12:19:42.5061311Z     "spec/progress/evidence/LOOP1-SYNC-TRANSPORT-001/paging-revision/research/prompts/P-SYNC-PAGING-20261003/prompt.txt",
classify	Classify full diff, including deletions	2026-10-03T12:19:42.5061820Z     "spec/progress/evidence/LOOP1-SYNC-TRANSPORT-001/paging-revision/research/runs/R-SYNC-PAGING-20261003/blobs/C-16b17afe-f3bb-4caf-8c7b-da6bf5b5dc4f.stderr.txt",
classify	Classify full diff, including deletions	2026-10-03T12:19:42.5062405Z     "spec/progress/evidence/LOOP1-SYNC-TRANSPORT-001/paging-revision/research/runs/R-SYNC-PAGING-20261003/blobs/C-16b17afe-f3bb-4caf-8c7b-da6bf5b5dc4f.stdout.txt",
classify	Classify full diff, including deletions	2026-10-03T12:19:42.5062980Z     "spec/progress/evidence/LOOP1-SYNC-TRANSPORT-001/paging-revision/research/runs/R-SYNC-PAGING-20261003/blobs/C-6cb0d969-9b44-4935-ad4d-1b6ac1c24bdd.stderr.txt",
classify	Classify full diff, including deletions	2026-10-03T12:19:42.5063556Z     "spec/progress/evidence/LOOP1-SYNC-TRANSPORT-001/paging-revision/research/runs/R-SYNC-PAGING-20261003/blobs/C-6cb0d969-9b44-4935-ad4d-1b6ac1c24bdd.stdout.txt",
classify	Classify full diff, including deletions	2026-10-03T12:19:42.5064132Z     "spec/progress/evidence/LOOP1-SYNC-TRANSPORT-001/paging-revision/research/runs/R-SYNC-PAGING-20261003/blobs/C-8b5d233e-96c3-4b27-bea4-cbf9524b5352.stderr.txt",
classify	Classify full diff, including deletions	2026-10-03T12:19:42.5064708Z     "spec/progress/evidence/LOOP1-SYNC-TRANSPORT-001/paging-revision/research/runs/R-SYNC-PAGING-20261003/blobs/C-8b5d233e-96c3-4b27-bea4-cbf9524b5352.stdout.txt",
classify	Classify full diff, including deletions	2026-10-03T12:19:42.5065281Z     "spec/progress/evidence/LOOP1-SYNC-TRANSPORT-001/paging-revision/research/runs/R-SYNC-PAGING-20261003/blobs/C-db35a34d-4a22-4003-a1dc-e747f9f082d5.stderr.txt",
classify	Classify full diff, including deletions	2026-10-03T12:19:42.5065854Z     "spec/progress/evidence/LOOP1-SYNC-TRANSPORT-001/paging-revision/research/runs/R-SYNC-PAGING-20261003/blobs/C-db35a34d-4a22-4003-a1dc-e747f9f082d5.stdout.txt",
classify	Classify full diff, including deletions	2026-10-03T12:19:42.5066426Z     "spec/progress/evidence/LOOP1-SYNC-TRANSPORT-001/paging-revision/research/runs/R-SYNC-PAGING-20261003/blobs/C-e4450445-1681-4667-8dc9-84d4f5509103.stderr.txt",
classify	Classify full diff, including deletions	2026-10-03T12:19:42.5066987Z     "spec/progress/evidence/LOOP1-SYNC-TRANSPORT-001/paging-revision/research/runs/R-SYNC-PAGING-20261003/blobs/C-e4450445-1681-4667-8dc9-84d4f5509103.stdout.txt",
classify	Classify full diff, including deletions	2026-10-03T12:19:42.5067554Z     "spec/progress/evidence/LOOP1-SYNC-TRANSPORT-001/paging-revision/research/runs/R-SYNC-PAGING-20261003/blobs/C-ecf75946-e790-459b-8b8f-f7f7621a7697.stderr.txt",
classify	Classify full diff, including deletions	2026-10-03T12:19:42.5068259Z     "spec/progress/evidence/LOOP1-SYNC-TRANSPORT-001/paging-revision/research/runs/R-SYNC-PAGING-20261003/blobs/C-ecf75946-e790-459b-8b8f-f7f7621a7697.stdout.txt",
classify	Classify full diff, including deletions	2026-10-03T12:19:42.5068827Z     "spec/progress/evidence/LOOP1-SYNC-TRANSPORT-001/paging-revision/research/runs/R-SYNC-PAGING-20261003/blobs/C-f19ada17-0e57-47d0-ae1b-c2341d4c6fb6.stderr.txt",
classify	Classify full diff, including deletions	2026-10-03T12:19:42.5069547Z     "spec/progress/evidence/LOOP1-SYNC-TRANSPORT-001/paging-revision/research/runs/R-SYNC-PAGING-20261003/blobs/C-f19ada17-0e57-47d0-ae1b-c2341d4c6fb6.stdout.txt",
classify	Classify full diff, including deletions	2026-10-03T12:19:42.5070123Z     "spec/progress/evidence/LOOP1-SYNC-TRANSPORT-001/paging-revision/research/runs/R-SYNC-PAGING-20261003/blobs/C-f2303073-8dfb-4fd7-8e1a-7277addd57eb.stderr.txt",
classify	Classify full diff, including deletions	2026-10-03T12:19:42.5070696Z     "spec/progress/evidence/LOOP1-SYNC-TRANSPORT-001/paging-revision/research/runs/R-SYNC-PAGING-20261003/blobs/C-f2303073-8dfb-4fd7-8e1a-7277addd57eb.stdout.txt",
classify	Classify full diff, including deletions	2026-10-03T12:19:42.5071269Z     "spec/progress/evidence/LOOP1-SYNC-TRANSPORT-001/paging-revision/research/runs/R-SYNC-PAGING-20261003/blobs/C-f6425a4c-ea80-4991-a769-32ea163a20c0.stderr.txt",
classify	Classify full diff, including deletions	2026-10-03T12:19:42.5071840Z     "spec/progress/evidence/LOOP1-SYNC-TRANSPORT-001/paging-revision/research/runs/R-SYNC-PAGING-20261003/blobs/C-f6425a4c-ea80-4991-a769-32ea163a20c0.stdout.txt",
classify	Classify full diff, including deletions	2026-10-03T12:19:42.5072332Z     "spec/progress/evidence/LOOP1-SYNC-TRANSPORT-001/paging-revision/research/runs/R-SYNC-PAGING-20261003/diff.patch",
classify	Classify full diff, including deletions	2026-10-03T12:19:42.5072837Z     "spec/progress/evidence/LOOP1-SYNC-TRANSPORT-001/paging-revision/research/runs/R-SYNC-PAGING-20261003/events.jsonl",
classify	Classify full diff, including deletions	2026-10-03T12:19:42.5073265Z     "spec/progress/evidence/LOOP1-SYNC-TRANSPORT-001/paging-revision/research/runs/R-SYNC-PAGING-20261003/final_state.json",
classify	Classify full diff, including deletions	2026-10-03T12:19:42.5073704Z     "spec/progress/evidence/LOOP1-SYNC-TRANSPORT-001/paging-revision/research/runs/R-SYNC-PAGING-20261003/initial_state.json",
classify	Classify full diff, including deletions	2026-10-03T12:19:42.5074139Z     "spec/progress/evidence/LOOP1-SYNC-TRANSPORT-001/paging-revision/research/runs/R-SYNC-PAGING-20261003/metadata.json",
classify	Classify full diff, including deletions	2026-10-03T12:19:42.5074556Z     "spec/progress/evidence/LOOP1-SYNC-TRANSPORT-001/paging-revision/research/runs/R-SYNC-PAGING-20261003/summary.json",
classify	Classify full diff, including deletions	2026-10-03T12:19:42.5074947Z     "spec/progress/evidence/LOOP1-SYNC-TRANSPORT-001/recovery-fix/failure-and-repair.md",
classify	Classify full diff, including deletions	2026-10-03T12:19:42.5075244Z     "spec/progress/evidence/LOOP1-SYNC-TRANSPORT-001/recovery-fix/handoff.md",
classify	Classify full diff, including deletions	2026-10-03T12:19:42.5075583Z     "spec/progress/evidence/LOOP1-SYNC-TRANSPORT-001/recovery-fix/hosted-failure-8c672a2/37121195918-failed.log",
classify	Classify full diff, including deletions	2026-10-03T12:19:42.5075980Z     "spec/progress/evidence/LOOP1-SYNC-TRANSPORT-001/recovery-fix/hosted-failure-8c672a2/37121195918-provider.json",
classify	Classify full diff, including deletions	2026-10-03T12:19:42.5076372Z     "spec/progress/evidence/LOOP1-SYNC-TRANSPORT-001/recovery-fix/hosted-failure-8c672a2/37121215717-failed.log",
classify	Classify full diff, including deletions	2026-10-03T12:19:42.5076764Z     "spec/progress/evidence/LOOP1-SYNC-TRANSPORT-001/recovery-fix/hosted-failure-8c672a2/37121215717-provider.json",
classify	Classify full diff, including deletions	2026-10-03T12:19:42.5077115Z     "spec/progress/evidence/LOOP1-SYNC-TRANSPORT-001/recovery-fix/import-manifest.json",
classify	Classify full diff, including deletions	2026-10-03T12:19:42.5077528Z     "spec/progress/evidence/LOOP1-SYNC-TRANSPORT-001/recovery-fix/independent-fail-8c672a2/prompts/P-SYNC-PAGING-REVIEW-20261003/metadata.json",
classify	Classify full diff, including deletions	2026-10-03T12:19:42.5078182Z     "spec/progress/evidence/LOOP1-SYNC-TRANSPORT-001/recovery-fix/independent-fail-8c672a2/prompts/P-SYNC-PAGING-REVIEW-20261003/prompt.txt",
classify	Classify full diff, including deletions	2026-10-03T12:19:42.5078625Z     "spec/progress/evidence/LOOP1-SYNC-TRANSPORT-001/recovery-fix/independent-fail-8c672a2/review.md",
classify	Classify full diff, including deletions	2026-10-03T12:19:42.5079135Z     "spec/progress/evidence/LOOP1-SYNC-TRANSPORT-001/recovery-fix/independent-fail-8c672a2/runs/R-SYNC-PAGING-REVIEW-20261003/blobs/C-00d2e658-1107-4245-9d86-360adbed7a47.stderr.txt",
classify	Classify full diff, including deletions	2026-10-03T12:19:42.5079792Z     "spec/progress/evidence/LOOP1-SYNC-TRANSPORT-001/recovery-fix/independent-fail-8c672a2/runs/R-SYNC-PAGING-REVIEW-20261003/blobs/C-00d2e658-1107-4245-9d86-360adbed7a47.stdout.txt",
classify	Classify full diff, including deletions	2026-10-03T12:19:42.5080445Z     "spec/progress/evidence/LOOP1-SYNC-TRANSPORT-001/recovery-fix/independent-fail-8c672a2/runs/R-SYNC-PAGING-REVIEW-20261003/blobs/C-3085c988-efed-4ac2-a3d5-16926684bb4c.stderr.txt",
classify	Classify full diff, including deletions	2026-10-03T12:19:42.5081101Z     "spec/progress/evidence/LOOP1-SYNC-TRANSPORT-001/recovery-fix/independent-fail-8c672a2/runs/R-SYNC-PAGING-REVIEW-20261003/blobs/C-3085c988-efed-4ac2-a3d5-16926684bb4c.stdout.txt",
classify	Classify full diff, including deletions	2026-10-03T12:19:42.5081865Z     "spec/progress/evidence/LOOP1-SYNC-TRANSPORT-001/recovery-fix/independent-fail-8c672a2/runs/R-SYNC-PAGING-REVIEW-20261003/blobs/C-3e9e9ff6-6e4e-4844-aae9-6b8d90e05dae.stderr.txt",
classify	Classify full diff, including deletions	2026-10-03T12:19:42.5082528Z     "spec/progress/evidence/LOOP1-SYNC-TRANSPORT-001/recovery-fix/independent-fail-8c672a2/runs/R-SYNC-PAGING-REVIEW-20261003/blobs/C-3e9e9ff6-6e4e-4844-aae9-6b8d90e05dae.stdout.txt",
classify	Classify full diff, including deletions	2026-10-03T12:19:42.5083191Z     "spec/progress/evidence/LOOP1-SYNC-TRANSPORT-001/recovery-fix/independent-fail-8c672a2/runs/R-SYNC-PAGING-REVIEW-20261003/blobs/C-3e9fd6ae-f698-45ac-959d-50bdd53b7f04.stderr.txt",
classify	Classify full diff, including deletions	2026-10-03T12:19:42.5083848Z     "spec/progress/evidence/LOOP1-SYNC-TRANSPORT-001/recovery-fix/independent-fail-8c672a2/runs/R-SYNC-PAGING-REVIEW-20261003/blobs/C-3e9fd6ae-f698-45ac-959d-50bdd53b7f04.stdout.txt",
classify	Classify full diff, including deletions	2026-10-03T12:19:42.5084503Z     "spec/progress/evidence/LOOP1-SYNC-TRANSPORT-001/recovery-fix/independent-fail-8c672a2/runs/R-SYNC-PAGING-REVIEW-20261003/blobs/C-45b2b10d-0972-43dd-b7f1-b946d6d9e0c7.stderr.txt",
classify	Classify full diff, including deletions	2026-10-03T12:19:42.5085253Z     "spec/progress/evidence/LOOP1-SYNC-TRANSPORT-001/recovery-fix/independent-fail-8c672a2/runs/R-SYNC-PAGING-REVIEW-20261003/blobs/C-45b2b10d-0972-43dd-b7f1-b946d6d9e0c7.stdout.txt",
classify	Classify full diff, including deletions	2026-10-03T12:19:42.5085904Z     "spec/progress/evidence/LOOP1-SYNC-TRANSPORT-001/recovery-fix/independent-fail-8c672a2/runs/R-SYNC-PAGING-REVIEW-20261003/blobs/C-4c730074-87ec-46d7-854d-f84274efb6c4.stderr.txt",
classify	Classify full diff, including deletions	2026-10-03T12:19:42.5086559Z     "spec/progress/evidence/LOOP1-SYNC-TRANSPORT-001/recovery-fix/independent-fail-8c672a2/runs/R-SYNC-PAGING-REVIEW-20261003/blobs/C-4c730074-87ec-46d7-854d-f84274efb6c4.stdout.txt",
classify	Classify full diff, including deletions	2026-10-03T12:19:42.5087213Z     "spec/progress/evidence/LOOP1-SYNC-TRANSPORT-001/recovery-fix/independent-fail-8c672a2/runs/R-SYNC-PAGING-REVIEW-20261003/blobs/C-57edbf20-9f79-484f-a4ff-64e25b2d572d.stderr.txt",
classify	Classify full diff, including deletions	2026-10-03T12:19:42.5088017Z     "spec/progress/evidence/LOOP1-SYNC-TRANSPORT-001/recovery-fix/independent-fail-8c672a2/runs/R-SYNC-PAGING-REVIEW-20261003/blobs/C-57edbf20-9f79-484f-a4ff-64e25b2d572d.stdout.txt",
classify	Classify full diff, including deletions	2026-10-03T12:19:42.5088678Z     "spec/progress/evidence/LOOP1-SYNC-TRANSPORT-001/recovery-fix/independent-fail-8c672a2/runs/R-SYNC-PAGING-REVIEW-20261003/blobs/C-7391347a-7103-4a97-92f5-6ccab33c50cd.stderr.txt",
classify	Classify full diff, including deletions	2026-10-03T12:19:42.5089330Z     "spec/progress/evidence/LOOP1-SYNC-TRANSPORT-001/recovery-fix/independent-fail-8c672a2/runs/R-SYNC-PAGING-REVIEW-20261003/blobs/C-7391347a-7103-4a97-92f5-6ccab33c50cd.stdout.txt",
classify	Classify full diff, including deletions	2026-10-03T12:19:42.5089979Z     "spec/progress/evidence/LOOP1-SYNC-TRANSPORT-001/recovery-fix/independent-fail-8c672a2/runs/R-SYNC-PAGING-REVIEW-20261003/blobs/C-8337138b-76d8-402a-9651-29231e07976d.stderr.txt",
classify	Classify full diff, including deletions	2026-10-03T12:19:42.5090623Z     "spec/progress/evidence/LOOP1-SYNC-TRANSPORT-001/recovery-fix/independent-fail-8c672a2/runs/R-SYNC-PAGING-REVIEW-20261003/blobs/C-8337138b-76d8-402a-9651-29231e07976d.stdout.txt",
classify	Classify full diff, including deletions	2026-10-03T12:19:42.5091272Z     "spec/progress/evidence/LOOP1-SYNC-TRANSPORT-001/recovery-fix/independent-fail-8c672a2/runs/R-SYNC-PAGING-REVIEW-20261003/blobs/C-870b536c-80bd-4d4f-b85c-71ce9956234b.stderr.txt",
classify	Classify full diff, including deletions	2026-10-03T12:19:42.5091932Z     "spec/progress/evidence/LOOP1-SYNC-TRANSPORT-001/recovery-fix/independent-fail-8c672a2/runs/R-SYNC-PAGING-REVIEW-20261003/blobs/C-870b536c-80bd-4d4f-b85c-71ce9956234b.stdout.txt",
classify	Classify full diff, including deletions	2026-10-03T12:19:42.5092586Z     "spec/progress/evidence/LOOP1-SYNC-TRANSPORT-001/recovery-fix/independent-fail-8c672a2/runs/R-SYNC-PAGING-REVIEW-20261003/blobs/C-9a9adc14-4c33-464a-8c7c-7f22def977ae.stderr.txt",
classify	Classify full diff, including deletions	2026-10-03T12:19:42.5093246Z     "spec/progress/evidence/LOOP1-SYNC-TRANSPORT-001/recovery-fix/independent-fail-8c672a2/runs/R-SYNC-PAGING-REVIEW-20261003/blobs/C-9a9adc14-4c33-464a-8c7c-7f22def977ae.stdout.txt",
classify	Classify full diff, including deletions	2026-10-03T12:19:42.5093900Z     "spec/progress/evidence/LOOP1-SYNC-TRANSPORT-001/recovery-fix/independent-fail-8c672a2/runs/R-SYNC-PAGING-REVIEW-20261003/blobs/C-ba663833-5328-462c-aae7-54218ae6089b.stderr.txt",
classify	Classify full diff, including deletions	2026-10-03T12:19:42.5094548Z     "spec/progress/evidence/LOOP1-SYNC-TRANSPORT-001/recovery-fix/independent-fail-8c672a2/runs/R-SYNC-PAGING-REVIEW-20261003/blobs/C-ba663833-5328-462c-aae7-54218ae6089b.stdout.txt",
classify	Classify full diff, including deletions	2026-10-03T12:19:42.5095291Z     "spec/progress/evidence/LOOP1-SYNC-TRANSPORT-001/recovery-fix/independent-fail-8c672a2/runs/R-SYNC-PAGING-REVIEW-20261003/blobs/C-ee584cee-d697-4052-b817-3970c23cd139.stderr.txt",
classify	Classify full diff, including deletions	2026-10-03T12:19:42.5095946Z     "spec/progress/evidence/LOOP1-SYNC-TRANSPORT-001/recovery-fix/independent-fail-8c672a2/runs/R-SYNC-PAGING-REVIEW-20261003/blobs/C-ee584cee-d697-4052-b817-3970c23cd139.stdout.txt",
classify	Classify full diff, including deletions	2026-10-03T12:19:42.5096609Z     "spec/progress/evidence/LOOP1-SYNC-TRANSPORT-001/recovery-fix/independent-fail-8c672a2/runs/R-SYNC-PAGING-REVIEW-20261003/blobs/C-fb0a53d8-a4bf-4fa4-8bb3-047ac0fca16c.stderr.txt",
classify	Classify full diff, including deletions	2026-10-03T12:19:42.5097269Z     "spec/progress/evidence/LOOP1-SYNC-TRANSPORT-001/recovery-fix/independent-fail-8c672a2/runs/R-SYNC-PAGING-REVIEW-20261003/blobs/C-fb0a53d8-a4bf-4fa4-8bb3-047ac0fca16c.stdout.txt",
classify	Classify full diff, including deletions	2026-10-03T12:19:42.5098015Z     "spec/progress/evidence/LOOP1-SYNC-TRANSPORT-001/recovery-fix/independent-fail-8c672a2/runs/R-SYNC-PAGING-REVIEW-20261003/diff.patch",
classify	Classify full diff, including deletions	2026-10-03T12:19:42.5098598Z     "spec/progress/evidence/LOOP1-SYNC-TRANSPORT-001/recovery-fix/independent-fail-8c672a2/runs/R-SYNC-PAGING-REVIEW-20261003/events.jsonl",
classify	Classify full diff, including deletions	2026-10-03T12:19:42.5099105Z     "spec/progress/evidence/LOOP1-SYNC-TRANSPORT-001/recovery-fix/independent-fail-8c672a2/runs/R-SYNC-PAGING-REVIEW-20261003/final_state.json",
classify	Classify full diff, including deletions	2026-10-03T12:19:42.5099619Z     "spec/progress/evidence/LOOP1-SYNC-TRANSPORT-001/recovery-fix/independent-fail-8c672a2/runs/R-SYNC-PAGING-REVIEW-20261003/initial_state.json",
classify	Classify full diff, including deletions	2026-10-03T12:19:42.5100130Z     "spec/progress/evidence/LOOP1-SYNC-TRANSPORT-001/recovery-fix/independent-fail-8c672a2/runs/R-SYNC-PAGING-REVIEW-20261003/metadata.json",
classify	Classify full diff, including deletions	2026-10-03T12:19:42.5100627Z     "spec/progress/evidence/LOOP1-SYNC-TRANSPORT-001/recovery-fix/independent-fail-8c672a2/runs/R-SYNC-PAGING-REVIEW-20261003/summary.json",
classify	Classify full diff, including deletions	2026-10-03T12:19:42.5101077Z     "spec/progress/evidence/LOOP1-SYNC-TRANSPORT-001/recovery-fix/research-import-manifest.json",
classify	Classify full diff, including deletions	2026-10-03T12:19:42.5101483Z     "spec/progress/evidence/LOOP1-SYNC-TRANSPORT-001/recovery-fix/research/prompts/P-SYNC-RECOVERY-FIX-20261003/metadata.json",
classify	Classify full diff, including deletions	2026-10-03T12:19:42.5101928Z     "spec/progress/evidence/LOOP1-SYNC-TRANSPORT-001/recovery-fix/research/prompts/P-SYNC-RECOVERY-FIX-20261003/prompt.txt",
classify	Classify full diff, including deletions	2026-10-03T12:19:42.5102445Z     "spec/progress/evidence/LOOP1-SYNC-TRANSPORT-001/recovery-fix/research/runs/R-SYNC-RECOVERY-FIX-20261003/blobs/C-07dfe398-ed42-4537-abb2-1f2ee622c718.stderr.txt",
classify	Classify full diff, including deletions	2026-10-03T12:19:42.5103029Z     "spec/progress/evidence/LOOP1-SYNC-TRANSPORT-001/recovery-fix/research/runs/R-SYNC-RECOVERY-FIX-20261003/blobs/C-07dfe398-ed42-4537-abb2-1f2ee622c718.stdout.txt",
classify	Classify full diff, including deletions	2026-10-03T12:19:42.5103616Z     "spec/progress/evidence/LOOP1-SYNC-TRANSPORT-001/recovery-fix/research/runs/R-SYNC-RECOVERY-FIX-20261003/blobs/C-0ebc3f55-983f-449f-b9bb-89eb35fce9ea.stderr.txt",
classify	Classify full diff, including deletions	2026-10-03T12:19:42.5104206Z     "spec/progress/evidence/LOOP1-SYNC-TRANSPORT-001/recovery-fix/research/runs/R-SYNC-RECOVERY-FIX-20261003/blobs/C-0ebc3f55-983f-449f-b9bb-89eb35fce9ea.stdout.txt",
classify	Classify full diff, including deletions	2026-10-03T12:19:42.5104792Z     "spec/progress/evidence/LOOP1-SYNC-TRANSPORT-001/recovery-fix/research/runs/R-SYNC-RECOVERY-FIX-20261003/blobs/C-2d355087-e892-4527-a976-385f4e6fc3eb.stderr.txt",
classify	Classify full diff, including deletions	2026-10-03T12:19:42.5105366Z     "spec/progress/evidence/LOOP1-SYNC-TRANSPORT-001/recovery-fix/research/runs/R-SYNC-RECOVERY-FIX-20261003/blobs/C-2d355087-e892-4527-a976-385f4e6fc3eb.stdout.txt",
classify	Classify full diff, including deletions	2026-10-03T12:19:42.5105939Z     "spec/progress/evidence/LOOP1-SYNC-TRANSPORT-001/recovery-fix/research/runs/R-SYNC-RECOVERY-FIX-20261003/blobs/C-33d595b9-2736-4f4b-b3d6-432d863985cb.stderr.txt",
classify	Classify full diff, including deletions	2026-10-03T12:19:42.5106516Z     "spec/progress/evidence/LOOP1-SYNC-TRANSPORT-001/recovery-fix/research/runs/R-SYNC-RECOVERY-FIX-20261003/blobs/C-33d595b9-2736-4f4b-b3d6-432d863985cb.stdout.txt",
classify	Classify full diff, including deletions	2026-10-03T12:19:42.5107089Z     "spec/progress/evidence/LOOP1-SYNC-TRANSPORT-001/recovery-fix/research/runs/R-SYNC-RECOVERY-FIX-20261003/blobs/C-36ae5232-d03a-437d-a228-84b66c58c936.stderr.txt",
classify	Classify full diff, including deletions	2026-10-03T12:19:42.5107866Z     "spec/progress/evidence/LOOP1-SYNC-TRANSPORT-001/recovery-fix/research/runs/R-SYNC-RECOVERY-FIX-20261003/blobs/C-36ae5232-d03a-437d-a228-84b66c58c936.stdout.txt",
classify	Classify full diff, including deletions	2026-10-03T12:19:42.5108445Z     "spec/progress/evidence/LOOP1-SYNC-TRANSPORT-001/recovery-fix/research/runs/R-SYNC-RECOVERY-FIX-20261003/blobs/C-5da951b7-b0a4-40cc-92e7-951bcc90caa8.stderr.txt",
classify	Classify full diff, including deletions	2026-10-03T12:19:42.5109030Z     "spec/progress/evidence/LOOP1-SYNC-TRANSPORT-001/recovery-fix/research/runs/R-SYNC-RECOVERY-FIX-20261003/blobs/C-5da951b7-b0a4-40cc-92e7-951bcc90caa8.stdout.txt",
classify	Classify full diff, including deletions	2026-10-03T12:19:42.5109610Z     "spec/progress/evidence/LOOP1-SYNC-TRANSPORT-001/recovery-fix/research/runs/R-SYNC-RECOVERY-FIX-20261003/blobs/C-6367a221-a906-44ce-af73-32dd5bd58a27.stderr.txt",
classify	Classify full diff, including deletions	2026-10-03T12:19:42.5110190Z     "spec/progress/evidence/LOOP1-SYNC-TRANSPORT-001/recovery-fix/research/runs/R-SYNC-RECOVERY-FIX-20261003/blobs/C-6367a221-a906-44ce-af73-32dd5bd58a27.stdout.txt",
classify	Classify full diff, including deletions	2026-10-03T12:19:42.5110859Z     "spec/progress/evidence/LOOP1-SYNC-TRANSPORT-001/recovery-fix/research/runs/R-SYNC-RECOVERY-FIX-20261003/blobs/C-644c92bd-1714-4cb7-b801-06bd6b8b1d46.stderr.txt",
classify	Classify full diff, including deletions	2026-10-03T12:19:42.5111439Z     "spec/progress/evidence/LOOP1-SYNC-TRANSPORT-001/recovery-fix/research/runs/R-SYNC-RECOVERY-FIX-20261003/blobs/C-644c92bd-1714-4cb7-b801-06bd6b8b1d46.stdout.txt",
classify	Classify full diff, including deletions	2026-10-03T12:19:42.5112025Z     "spec/progress/evidence/LOOP1-SYNC-TRANSPORT-001/recovery-fix/research/runs/R-SYNC-RECOVERY-FIX-20261003/blobs/C-651712a8-6b4d-4b5a-a8a7-2a8d109c74e2.stderr.txt",
classify	Classify full diff, including deletions	2026-10-03T12:19:42.5112604Z     "spec/progress/evidence/LOOP1-SYNC-TRANSPORT-001/recovery-fix/research/runs/R-SYNC-RECOVERY-FIX-20261003/blobs/C-651712a8-6b4d-4b5a-a8a7-2a8d109c74e2.stdout.txt",
classify	Classify full diff, including deletions	2026-10-03T12:19:42.5113183Z     "spec/progress/evidence/LOOP1-SYNC-TRANSPORT-001/recovery-fix/research/runs/R-SYNC-RECOVERY-FIX-20261003/blobs/C-73ed9e40-6f3f-4e15-b830-8fe3409bdb87.stderr.txt",
classify	Classify full diff, including deletions	2026-10-03T12:19:42.5113771Z     "spec/progress/evidence/LOOP1-SYNC-TRANSPORT-001/recovery-fix/research/runs/R-SYNC-RECOVERY-FIX-20261003/blobs/C-73ed9e40-6f3f-4e15-b830-8fe3409bdb87.stdout.txt",
classify	Classify full diff, including deletions	2026-10-03T12:19:42.5114349Z     "spec/progress/evidence/LOOP1-SYNC-TRANSPORT-001/recovery-fix/research/runs/R-SYNC-RECOVERY-FIX-20261003/blobs/C-816a826e-02a8-4016-ac1d-32417988538e.stderr.txt",
classify	Classify full diff, including deletions	2026-10-03T12:19:42.5114929Z     "spec/progress/evidence/LOOP1-SYNC-TRANSPORT-001/recovery-fix/research/runs/R-SYNC-RECOVERY-FIX-20261003/blobs/C-816a826e-02a8-4016-ac1d-32417988538e.stdout.txt",
classify	Classify full diff, including deletions	2026-10-03T12:19:42.5115507Z     "spec/progress/evidence/LOOP1-SYNC-TRANSPORT-001/recovery-fix/research/runs/R-SYNC-RECOVERY-FIX-20261003/blobs/C-ada1d826-3753-4dc1-a4be-6644199ef6fb.stderr.txt",
classify	Classify full diff, including deletions	2026-10-03T12:19:42.5116091Z     "spec/progress/evidence/LOOP1-SYNC-TRANSPORT-001/recovery-fix/research/runs/R-SYNC-RECOVERY-FIX-20261003/blobs/C-ada1d826-3753-4dc1-a4be-6644199ef6fb.stdout.txt",
classify	Classify full diff, including deletions	2026-10-03T12:19:42.5116677Z     "spec/progress/evidence/LOOP1-SYNC-TRANSPORT-001/recovery-fix/research/runs/R-SYNC-RECOVERY-FIX-20261003/blobs/C-aefa9c61-8b23-466c-b482-f5df5765e0eb.stderr.txt",
classify	Classify full diff, including deletions	2026-10-03T12:19:42.5117265Z     "spec/progress/evidence/LOOP1-SYNC-TRANSPORT-001/recovery-fix/research/runs/R-SYNC-RECOVERY-FIX-20261003/blobs/C-aefa9c61-8b23-466c-b482-f5df5765e0eb.stdout.txt",
classify	Classify full diff, including deletions	2026-10-03T12:19:42.5118034Z     "spec/progress/evidence/LOOP1-SYNC-TRANSPORT-001/recovery-fix/research/runs/R-SYNC-RECOVERY-FIX-20261003/blobs/C-c9e38840-1f7c-49b4-bc06-ffb594c0ff0c.stderr.txt",
classify	Classify full diff, including deletions	2026-10-03T12:19:42.5118620Z     "spec/progress/evidence/LOOP1-SYNC-TRANSPORT-001/recovery-fix/research/runs/R-SYNC-RECOVERY-FIX-20261003/blobs/C-c9e38840-1f7c-49b4-bc06-ffb594c0ff0c.stdout.txt",
classify	Classify full diff, including deletions	2026-10-03T12:19:42.5119201Z     "spec/progress/evidence/LOOP1-SYNC-TRANSPORT-001/recovery-fix/research/runs/R-SYNC-RECOVERY-FIX-20261003/blobs/C-ced3a636-d72d-4186-971e-580ff8a140d0.stderr.txt",
classify	Classify full diff, including deletions	2026-10-03T12:19:42.5119872Z     "spec/progress/evidence/LOOP1-SYNC-TRANSPORT-001/recovery-fix/research/runs/R-SYNC-RECOVERY-FIX-20261003/blobs/C-ced3a636-d72d-4186-971e-580ff8a140d0.stdout.txt",
classify	Classify full diff, including deletions	2026-10-03T12:19:42.5120454Z     "spec/progress/evidence/LOOP1-SYNC-TRANSPORT-001/recovery-fix/research/runs/R-SYNC-RECOVERY-FIX-20261003/blobs/C-d3dbc3fb-c662-4919-a414-9471e48a57b6.stderr.txt",
classify	Classify full diff, including deletions	2026-10-03T12:19:42.5121037Z     "spec/progress/evidence/LOOP1-SYNC-TRANSPORT-001/recovery-fix/research/runs/R-SYNC-RECOVERY-FIX-20261003/blobs/C-d3dbc3fb-c662-4919-a414-9471e48a57b6.stdout.txt",
classify	Classify full diff, including deletions	2026-10-03T12:19:42.5121538Z     "spec/progress/evidence/LOOP1-SYNC-TRANSPORT-001/recovery-fix/research/runs/R-SYNC-RECOVERY-FIX-20261003/diff.patch",
classify	Classify full diff, including deletions	2026-10-03T12:19:42.5121973Z     "spec/progress/evidence/LOOP1-SYNC-TRANSPORT-001/recovery-fix/research/runs/R-SYNC-RECOVERY-FIX-20261003/events.jsonl",
classify	Classify full diff, including deletions	2026-10-03T12:19:42.5122415Z     "spec/progress/evidence/LOOP1-SYNC-TRANSPORT-001/recovery-fix/research/runs/R-SYNC-RECOVERY-FIX-20261003/final_state.json",
classify	Classify full diff, including deletions	2026-10-03T12:19:42.5122870Z     "spec/progress/evidence/LOOP1-SYNC-TRANSPORT-001/recovery-fix/research/runs/R-SYNC-RECOVERY-FIX-20261003/initial_state.json",
classify	Classify full diff, including deletions	2026-10-03T12:19:42.5123400Z     "spec/progress/evidence/LOOP1-SYNC-TRANSPORT-001/recovery-fix/research/runs/R-SYNC-RECOVERY-FIX-20261003/metadata.json",
classify	Classify full diff, including deletions	2026-10-03T12:19:42.5123835Z     "spec/progress/evidence/LOOP1-SYNC-TRANSPORT-001/recovery-fix/research/runs/R-SYNC-RECOVERY-FIX-20261003/summary.json",
classify	Classify full diff, including deletions	2026-10-03T12:19:42.5124221Z     "spec/progress/evidence/LOOP1-SYNC-TRANSPORT-001/recovery-fix/verification-history.md",
classify	Classify full diff, including deletions	2026-10-03T12:19:42.5124586Z     "spec/progress/evidence/LOOP1-SYNC-TRANSPORT-001/research/prompts/P-SYNC-TRANSPORT-20261003/metadata.json",
classify	Classify full diff, including deletions	2026-10-03T12:19:42.5124978Z     "spec/progress/evidence/LOOP1-SYNC-TRANSPORT-001/research/prompts/P-SYNC-TRANSPORT-20261003/prompt.txt",
classify	Classify full diff, including deletions	2026-10-03T12:19:42.5125434Z     "spec/progress/evidence/LOOP1-SYNC-TRANSPORT-001/research/runs/R-SYNC-TRANSPORT-20261003/blobs/C-0f0e3dbe-c189-44e8-8957-1aab5e157b35.stderr.txt",
classify	Classify full diff, including deletions	2026-10-03T12:19:42.5125970Z     "spec/progress/evidence/LOOP1-SYNC-TRANSPORT-001/research/runs/R-SYNC-TRANSPORT-20261003/blobs/C-0f0e3dbe-c189-44e8-8957-1aab5e157b35.stdout.txt",
classify	Classify full diff, including deletions	2026-10-03T12:19:42.5126496Z     "spec/progress/evidence/LOOP1-SYNC-TRANSPORT-001/research/runs/R-SYNC-TRANSPORT-20261003/blobs/C-10ce5d69-d03c-4522-9be7-6326329cd513.stderr.txt",
classify	Classify full diff, including deletions	2026-10-03T12:19:42.5127019Z     "spec/progress/evidence/LOOP1-SYNC-TRANSPORT-001/research/runs/R-SYNC-TRANSPORT-20261003/blobs/C-10ce5d69-d03c-4522-9be7-6326329cd513.stdout.txt",
classify	Classify full diff, including deletions	2026-10-03T12:19:42.5127541Z     "spec/progress/evidence/LOOP1-SYNC-TRANSPORT-001/research/runs/R-SYNC-TRANSPORT-20261003/blobs/C-14c36375-e5e8-4488-8d4b-b5c39ddcafa7.stderr.txt",
classify	Classify full diff, including deletions	2026-10-03T12:19:42.5128204Z     "spec/progress/evidence/LOOP1-SYNC-TRANSPORT-001/research/runs/R-SYNC-TRANSPORT-20261003/blobs/C-14c36375-e5e8-4488-8d4b-b5c39ddcafa7.stdout.txt",
classify	Classify full diff, including deletions	2026-10-03T12:19:42.5128725Z     "spec/progress/evidence/LOOP1-SYNC-TRANSPORT-001/research/runs/R-SYNC-TRANSPORT-20261003/blobs/C-2e30696d-08a8-4852-9a98-ab1f95077606.stderr.txt",
classify	Classify full diff, including deletions	2026-10-03T12:19:42.5129247Z     "spec/progress/evidence/LOOP1-SYNC-TRANSPORT-001/research/runs/R-SYNC-TRANSPORT-20261003/blobs/C-2e30696d-08a8-4852-9a98-ab1f95077606.stdout.txt",
classify	Classify full diff, including deletions	2026-10-03T12:19:42.5129767Z     "spec/progress/evidence/LOOP1-SYNC-TRANSPORT-001/research/runs/R-SYNC-TRANSPORT-20261003/blobs/C-328e8210-c027-4ee0-ba5c-f2edb117a882.stderr.txt",
classify	Classify full diff, including deletions	2026-10-03T12:19:42.5130286Z     "spec/progress/evidence/LOOP1-SYNC-TRANSPORT-001/research/runs/R-SYNC-TRANSPORT-20261003/blobs/C-328e8210-c027-4ee0-ba5c-f2edb117a882.stdout.txt",
classify	Classify full diff, including deletions	2026-10-03T12:19:42.5130806Z     "spec/progress/evidence/LOOP1-SYNC-TRANSPORT-001/research/runs/R-SYNC-TRANSPORT-20261003/blobs/C-36bff3c3-725e-4804-b28a-e316e1ad2970.stderr.txt",
classify	Classify full diff, including deletions	2026-10-03T12:19:42.5131326Z     "spec/progress/evidence/LOOP1-SYNC-TRANSPORT-001/research/runs/R-SYNC-TRANSPORT-20261003/blobs/C-36bff3c3-725e-4804-b28a-e316e1ad2970.stdout.txt",
classify	Classify full diff, including deletions	2026-10-03T12:19:42.5131846Z     "spec/progress/evidence/LOOP1-SYNC-TRANSPORT-001/research/runs/R-SYNC-TRANSPORT-20261003/blobs/C-472c0e29-3930-475e-807e-57a7d230aff6.stderr.txt",
classify	Classify full diff, including deletions	2026-10-03T12:19:42.5132457Z     "spec/progress/evidence/LOOP1-SYNC-TRANSPORT-001/research/runs/R-SYNC-TRANSPORT-20261003/blobs/C-472c0e29-3930-475e-807e-57a7d230aff6.stdout.txt",
classify	Classify full diff, including deletions	2026-10-03T12:19:42.5132977Z     "spec/progress/evidence/LOOP1-SYNC-TRANSPORT-001/research/runs/R-SYNC-TRANSPORT-20261003/blobs/C-4b16273d-6116-44fe-b6d2-08b02a25b1f6.stderr.txt",
classify	Classify full diff, including deletions	2026-10-03T12:19:42.5133497Z     "spec/progress/evidence/LOOP1-SYNC-TRANSPORT-001/research/runs/R-SYNC-TRANSPORT-20261003/blobs/C-4b16273d-6116-44fe-b6d2-08b02a25b1f6.stdout.txt",
classify	Classify full diff, including deletions	2026-10-03T12:19:42.5134016Z     "spec/progress/evidence/LOOP1-SYNC-TRANSPORT-001/research/runs/R-SYNC-TRANSPORT-20261003/blobs/C-526820db-34ec-4af6-911c-5261c3fb7c91.stderr.txt",
classify	Classify full diff, including deletions	2026-10-03T12:19:42.5134538Z     "spec/progress/evidence/LOOP1-SYNC-TRANSPORT-001/research/runs/R-SYNC-TRANSPORT-20261003/blobs/C-526820db-34ec-4af6-911c-5261c3fb7c91.stdout.txt",
classify	Classify full diff, including deletions	2026-10-03T12:19:42.5135149Z     "spec/progress/evidence/LOOP1-SYNC-TRANSPORT-001/research/runs/R-SYNC-TRANSPORT-20261003/blobs/C-5a3c83fc-ae99-4b66-b4aa-0ed6ee84a9dd.stderr.txt",
classify	Classify full diff, including deletions	2026-10-03T12:19:42.5135685Z     "spec/progress/evidence/LOOP1-SYNC-TRANSPORT-001/research/runs/R-SYNC-TRANSPORT-20261003/blobs/C-5a3c83fc-ae99-4b66-b4aa-0ed6ee84a9dd.stdout.txt",
classify	Classify full diff, including deletions	2026-10-03T12:19:42.5136210Z     "spec/progress/evidence/LOOP1-SYNC-TRANSPORT-001/research/runs/R-SYNC-TRANSPORT-20261003/blobs/C-5d4aa70e-ba70-4ff3-a1a2-5386e2782c6c.stderr.txt",
classify	Classify full diff, including deletions	2026-10-03T12:19:42.5136735Z     "spec/progress/evidence/LOOP1-SYNC-TRANSPORT-001/research/runs/R-SYNC-TRANSPORT-20261003/blobs/C-5d4aa70e-ba70-4ff3-a1a2-5386e2782c6c.stdout.txt",
classify	Classify full diff, including deletions	2026-10-03T12:19:42.5137259Z     "spec/progress/evidence/LOOP1-SYNC-TRANSPORT-001/research/runs/R-SYNC-TRANSPORT-20261003/blobs/C-6daaedae-4649-4140-b654-c337affdb98f.stderr.txt",
classify	Classify full diff, including deletions	2026-10-03T12:19:42.5137914Z     "spec/progress/evidence/LOOP1-SYNC-TRANSPORT-001/research/runs/R-SYNC-TRANSPORT-20261003/blobs/C-6daaedae-4649-4140-b654-c337affdb98f.stdout.txt",
classify	Classify full diff, including deletions	2026-10-03T12:19:42.5138444Z     "spec/progress/evidence/LOOP1-SYNC-TRANSPORT-001/research/runs/R-SYNC-TRANSPORT-20261003/blobs/C-6f106dec-3aec-4854-b984-c52728eb5b6c.stderr.txt",
classify	Classify full diff, including deletions	2026-10-03T12:19:42.5138967Z     "spec/progress/evidence/LOOP1-SYNC-TRANSPORT-001/research/runs/R-SYNC-TRANSPORT-20261003/blobs/C-6f106dec-3aec-4854-b984-c52728eb5b6c.stdout.txt",
classify	Classify full diff, including deletions	2026-10-03T12:19:42.5139488Z     "spec/progress/evidence/LOOP1-SYNC-TRANSPORT-001/research/runs/R-SYNC-TRANSPORT-20261003/blobs/C-959958f7-33e8-4c93-8a08-dc1e492104ee.stderr.txt",
classify	Classify full diff, including deletions	2026-10-03T12:19:42.5140004Z     "spec/progress/evidence/LOOP1-SYNC-TRANSPORT-001/research/runs/R-SYNC-TRANSPORT-20261003/blobs/C-959958f7-33e8-4c93-8a08-dc1e492104ee.stdout.txt",
classify	Classify full diff, including deletions	2026-10-03T12:19:42.5140523Z     "spec/progress/evidence/LOOP1-SYNC-TRANSPORT-001/research/runs/R-SYNC-TRANSPORT-20261003/blobs/C-b7f5b89f-b881-44dd-abcc-f0475d2231c8.stderr.txt",
classify	Classify full diff, including deletions	2026-10-03T12:19:42.5141045Z     "spec/progress/evidence/LOOP1-SYNC-TRANSPORT-001/research/runs/R-SYNC-TRANSPORT-20261003/blobs/C-b7f5b89f-b881-44dd-abcc-f0475d2231c8.stdout.txt",
classify	Classify full diff, including deletions	2026-10-03T12:19:42.5141576Z     "spec/progress/evidence/LOOP1-SYNC-TRANSPORT-001/research/runs/R-SYNC-TRANSPORT-20261003/blobs/C-bad62218-035c-4c1f-b9ec-ca1cdcfdba74.stderr.txt",
classify	Classify full diff, including deletions	2026-10-03T12:19:42.5142107Z     "spec/progress/evidence/LOOP1-SYNC-TRANSPORT-001/research/runs/R-SYNC-TRANSPORT-20261003/blobs/C-bad62218-035c-4c1f-b9ec-ca1cdcfdba74.stdout.txt",
classify	Classify full diff, including deletions	2026-10-03T12:19:42.5142634Z     "spec/progress/evidence/LOOP1-SYNC-TRANSPORT-001/research/runs/R-SYNC-TRANSPORT-20261003/blobs/C-bbc1e173-7182-4fbe-9402-fca8a5ab2da4.stderr.txt",
classify	Classify full diff, including deletions	2026-10-03T12:19:42.5143156Z     "spec/progress/evidence/LOOP1-SYNC-TRANSPORT-001/research/runs/R-SYNC-TRANSPORT-20261003/blobs/C-bbc1e173-7182-4fbe-9402-fca8a5ab2da4.stdout.txt",
classify	Classify full diff, including deletions	2026-10-03T12:19:42.5143677Z     "spec/progress/evidence/LOOP1-SYNC-TRANSPORT-001/research/runs/R-SYNC-TRANSPORT-20261003/blobs/C-c4539fee-5cb1-4e30-a0aa-3ef6d59995df.stderr.txt",
classify	Classify full diff, including deletions	2026-10-03T12:19:42.5144294Z     "spec/progress/evidence/LOOP1-SYNC-TRANSPORT-001/research/runs/R-SYNC-TRANSPORT-20261003/blobs/C-c4539fee-5cb1-4e30-a0aa-3ef6d59995df.stdout.txt",
classify	Classify full diff, including deletions	2026-10-03T12:19:42.5144821Z     "spec/progress/evidence/LOOP1-SYNC-TRANSPORT-001/research/runs/R-SYNC-TRANSPORT-20261003/blobs/C-e4711082-9e92-4b94-b9bc-425523669bd7.stderr.txt",
classify	Classify full diff, including deletions	2026-10-03T12:19:42.5145340Z     "spec/progress/evidence/LOOP1-SYNC-TRANSPORT-001/research/runs/R-SYNC-TRANSPORT-20261003/blobs/C-e4711082-9e92-4b94-b9bc-425523669bd7.stdout.txt",
classify	Classify full diff, including deletions	2026-10-03T12:19:42.5145861Z     "spec/progress/evidence/LOOP1-SYNC-TRANSPORT-001/research/runs/R-SYNC-TRANSPORT-20261003/blobs/C-ea5a963d-e89c-41a5-aa0c-b7b4829be552.stderr.txt",
classify	Classify full diff, including deletions	2026-10-03T12:19:42.5146385Z     "spec/progress/evidence/LOOP1-SYNC-TRANSPORT-001/research/runs/R-SYNC-TRANSPORT-20261003/blobs/C-ea5a963d-e89c-41a5-aa0c-b7b4829be552.stdout.txt",
classify	Classify full diff, including deletions	2026-10-03T12:19:42.5146832Z     "spec/progress/evidence/LOOP1-SYNC-TRANSPORT-001/research/runs/R-SYNC-TRANSPORT-20261003/diff.patch",
classify	Classify full diff, including deletions	2026-10-03T12:19:42.5147285Z     "spec/progress/evidence/LOOP1-SYNC-TRANSPORT-001/research/runs/R-SYNC-TRANSPORT-20261003/events.jsonl",
classify	Classify full diff, including deletions	2026-10-03T12:19:42.5147668Z     "spec/progress/evidence/LOOP1-SYNC-TRANSPORT-001/research/runs/R-SYNC-TRANSPORT-20261003/final_state.json",
classify	Classify full diff, including deletions	2026-10-03T12:19:42.5148169Z     "spec/progress/evidence/LOOP1-SYNC-TRANSPORT-001/research/runs/R-SYNC-TRANSPORT-20261003/initial_state.json",
classify	Classify full diff, including deletions	2026-10-03T12:19:42.5148553Z     "spec/progress/evidence/LOOP1-SYNC-TRANSPORT-001/research/runs/R-SYNC-TRANSPORT-20261003/metadata.json",
classify	Classify full diff, including deletions	2026-10-03T12:19:42.5148926Z     "spec/progress/evidence/LOOP1-SYNC-TRANSPORT-001/research/runs/R-SYNC-TRANSPORT-20261003/summary.json",
classify	Classify full diff, including deletions	2026-10-03T12:19:42.5149250Z     "spec/progress/evidence/LOOP1-SYNC-TRANSPORT-001/verification-history.md",
classify	Classify full diff, including deletions	2026-10-03T12:19:42.5149478Z     "spec/tasks/backlog/LOOP1-SYNC-001.md",
classify	Classify full diff, including deletions	2026-10-03T12:19:42.5149658Z     "spec/tasks/review/LOOP1-SYNC-TRANSPORT-001.md",
classify	Classify full diff, including deletions	2026-10-03T12:19:42.5149841Z     "tests/contract/test_sync_transport.py",
classify	Classify full diff, including deletions	2026-10-03T12:19:42.5150008Z     "tools/verify_sync_transport.py"
classify	Classify full diff, including deletions	2026-10-03T12:19:42.5150143Z   ],
classify	Classify full diff, including deletions	2026-10-03T12:19:42.5150243Z   "jobs": {
classify	Classify full diff, including deletions	2026-10-03T12:19:42.5150346Z     "go": true,
classify	Classify full diff, including deletions	2026-10-03T12:19:42.5150454Z     "java": true,
classify	Classify full diff, including deletions	2026-10-03T12:19:42.5150561Z     "web": true,
classify	Classify full diff, including deletions	2026-10-03T12:19:42.5150670Z     "desktop": true,
classify	Classify full diff, including deletions	2026-10-03T12:19:42.5150783Z     "mobile": true,
classify	Classify full diff, including deletions	2026-10-03T12:19:42.5150893Z     "shared": true,
classify	Classify full diff, including deletions	2026-10-03T12:19:42.5151004Z     "old_client": true,
classify	Classify full diff, including deletions	2026-10-03T12:19:42.5151121Z     "plugin": true,
classify	Classify full diff, including deletions	2026-10-03T12:19:42.5151234Z     "migration": true,
classify	Classify full diff, including deletions	2026-10-03T12:19:42.5151358Z     "compatibility": true,
classify	Classify full diff, including deletions	2026-10-03T12:19:42.5151481Z     "deploy": true,
classify	Classify full diff, including deletions	2026-10-03T12:19:42.5151593Z     "architecture": true,
classify	Classify full diff, including deletions	2026-10-03T12:19:42.5151714Z     "source_go": true,
classify	Classify full diff, including deletions	2026-10-03T12:19:42.5151829Z     "source_java": true
classify	Classify full diff, including deletions	2026-10-03T12:19:42.5151941Z   }
classify	Classify full diff, including deletions	2026-10-03T12:19:42.5152040Z }
classify	Post Run actions/checkout@v4	﻿2026-10-03T12:19:42.5241187Z Post job cleanup.
classify	Post Run actions/checkout@v4	2026-10-03T12:19:42.5797024Z [command]/usr/bin/git version
classify	Post Run actions/checkout@v4	2026-10-03T12:19:42.5834710Z git version 2.55.0
classify	Post Run actions/checkout@v4	2026-10-03T12:19:42.5860956Z Temporarily overriding HOME='/home/runner/work/_temp/00a780b0-f6c6-475e-a7c2-89adb4846a01' before making global git config changes
classify	Post Run actions/checkout@v4	2026-10-03T12:19:42.5861686Z Adding repository directory to the temporary git global config as a safe directory
classify	Post Run actions/checkout@v4	2026-10-03T12:19:42.5864989Z [command]/usr/bin/git config --global --add safe.directory /home/runner/work/IM-platform/IM-platform
classify	Post Run actions/checkout@v4	2026-10-03T12:19:42.5898757Z [command]/usr/bin/git config --local --name-only --get-regexp core\.sshCommand
classify	Post Run actions/checkout@v4	2026-10-03T12:19:42.5931393Z [command]/usr/bin/git submodule foreach --recursive sh -c "git config --local --name-only --get-regexp 'core\.sshCommand' && git config --local --unset-all 'core.sshCommand' || :"
classify	Post Run actions/checkout@v4	2026-10-03T12:19:42.6135929Z [command]/usr/bin/git config --local --name-only --get-regexp http\.https\:\/\/github\.com\/\.extraheader
classify	Post Run actions/checkout@v4	2026-10-03T12:19:42.6167284Z http.https://github.com/.extraheader
classify	Post Run actions/checkout@v4	2026-10-03T12:19:42.6203172Z [command]/usr/bin/git config --local --unset-all http.https://github.com/.extraheader
classify	Post Run actions/checkout@v4	2026-10-03T12:19:42.6233995Z [command]/usr/bin/git submodule foreach --recursive sh -c "git config --local --name-only --get-regexp 'http\.https\:\/\/github\.com\/\.extraheader' && git config --local --unset-all 'http.https://github.com/.extraheader' || :"
classify	Post Run actions/checkout@v4	2026-10-03T12:19:42.6440011Z [command]/usr/bin/git config --local --name-only --get-regexp ^includeIf\.gitdir:
classify	Post Run actions/checkout@v4	2026-10-03T12:19:42.6470425Z [command]/usr/bin/git submodule foreach --recursive git config --local --show-origin --name-only --get-regexp remote.origin.url
classify	Complete job	﻿2026-10-03T12:19:42.6771093Z Evaluate and set job outputs
classify	Complete job	2026-10-03T12:19:42.6778450Z Set output 'go'
classify	Complete job	2026-10-03T12:19:42.6779556Z Set output 'java'
classify	Complete job	2026-10-03T12:19:42.6780054Z Set output 'web'
classify	Complete job	2026-10-03T12:19:42.6780219Z Set output 'desktop'
classify	Complete job	2026-10-03T12:19:42.6780379Z Set output 'mobile'
classify	Complete job	2026-10-03T12:19:42.6780533Z Set output 'shared'
classify	Complete job	2026-10-03T12:19:42.6780688Z Set output 'old_client'
classify	Complete job	2026-10-03T12:19:42.6780852Z Set output 'plugin'
classify	Complete job	2026-10-03T12:19:42.6781219Z Set output 'migration'
classify	Complete job	2026-10-03T12:19:42.6781389Z Set output 'compatibility'
classify	Complete job	2026-10-03T12:19:42.6781555Z Set output 'deploy'
classify	Complete job	2026-10-03T12:19:42.6781712Z Set output 'architecture'
classify	Complete job	2026-10-03T12:19:42.6781881Z Set output 'source_go'
classify	Complete job	2026-10-03T12:19:42.6782047Z Set output 'source_java'
classify	Complete job	2026-10-03T12:19:42.6782396Z Cleaning up orphan processes
classify	Complete job	2026-10-03T12:19:42.7013294Z ##[warning]Node.js 20 is deprecated. The following actions target Node.js 20 but are being forced to run on Node.js 24: actions/checkout@v4. For more information see: https://github.blog/changelog/2025-09-19-deprecation-of-node-20-on-github-actions-runners/
