classify	Verify clean repository recovery	﻿2026-10-03T11:55:40.4829829Z ##[group]Run ./tools/verify-loop1-ctrl-002.ps1 -Mode Acceptance
classify	Verify clean repository recovery	2026-10-03T11:55:40.4830498Z ^[[36;1m./tools/verify-loop1-ctrl-002.ps1 -Mode Acceptance^[[0m
classify	Verify clean repository recovery	2026-10-03T11:55:40.4858255Z shell: /usr/bin/pwsh -command ". '{0}'"
classify	Verify clean repository recovery	2026-10-03T11:55:40.4858663Z ##[endgroup]
classify	Verify clean repository recovery	2026-10-03T11:56:03.5606984Z FAIL: recovery verification found 8 issue(s).
classify	Verify clean repository recovery	2026-10-03T11:56:03.5639433Z  - current.md Verification is missing an exact command.
classify	Verify clean repository recovery	2026-10-03T11:56:03.5641413Z  - current.md Verification is missing a non-empty result.
classify	Verify clean repository recovery	2026-10-03T11:56:03.5643879Z  - current.md Verification is missing a durable evidence path.
classify	Verify clean repository recovery	2026-10-03T11:56:03.5645984Z  - current.md Last Known Good Commit is missing a full commit SHA.
classify	Verify clean repository recovery	2026-10-03T11:56:03.5648541Z  - current.md Latest Checkpoint is missing a repository checkpoint path.
classify	Verify clean repository recovery	2026-10-03T11:56:03.5650530Z  - Current Task is missing a non-empty # Evidence section.
classify	Verify clean repository recovery	2026-10-03T11:56:03.5652675Z  - Current Task is missing a non-empty # Next Action section.
classify	Verify clean repository recovery	2026-10-03T11:56:03.5654707Z  - Current Task verification exposes no discoverable tools/ entry point.
classify	Verify clean repository recovery	2026-10-03T11:56:03.6161040Z ##[error]Process completed with exit code 1.
gate	Require every selected job to pass	﻿2026-10-03T11:56:13.4262122Z ##[group]Run python3 ci/check_gate.py
gate	Require every selected job to pass	2026-10-03T11:56:13.4262407Z ^[[36;1mpython3 ci/check_gate.py^[[0m
gate	Require every selected job to pass	2026-10-03T11:56:13.4469079Z shell: /usr/bin/bash -e {0}
gate	Require every selected job to pass	2026-10-03T11:56:13.4469280Z env:
gate	Require every selected job to pass	2026-10-03T11:56:13.4470271Z   NEEDS_JSON: {
gate	Require every selected job to pass	  "classify": {
gate	Require every selected job to pass	    "result": "failure",
gate	Require every selected job to pass	    "outputs": {}
gate	Require every selected job to pass	  },
gate	Require every selected job to pass	  "architecture": {
gate	Require every selected job to pass	    "result": "skipped",
gate	Require every selected job to pass	    "outputs": {}
gate	Require every selected job to pass	  },
gate	Require every selected job to pass	  "source_go": {
gate	Require every selected job to pass	    "result": "skipped",
gate	Require every selected job to pass	    "outputs": {}
gate	Require every selected job to pass	  },
gate	Require every selected job to pass	  "source_java": {
gate	Require every selected job to pass	    "result": "skipped",
gate	Require every selected job to pass	    "outputs": {}
gate	Require every selected job to pass	  },
gate	Require every selected job to pass	  "go": {
gate	Require every selected job to pass	    "result": "skipped",
gate	Require every selected job to pass	    "outputs": {}
gate	Require every selected job to pass	  },
gate	Require every selected job to pass	  "java": {
gate	Require every selected job to pass	    "result": "skipped",
gate	Require every selected job to pass	    "outputs": {}
gate	Require every selected job to pass	  },
gate	Require every selected job to pass	  "web": {
gate	Require every selected job to pass	    "result": "skipped",
gate	Require every selected job to pass	    "outputs": {}
gate	Require every selected job to pass	  },
gate	Require every selected job to pass	  "desktop": {
gate	Require every selected job to pass	    "result": "skipped",
gate	Require every selected job to pass	    "outputs": {}
gate	Require every selected job to pass	  },
gate	Require every selected job to pass	  "mobile": {
gate	Require every selected job to pass	    "result": "skipped",
gate	Require every selected job to pass	    "outputs": {}
gate	Require every selected job to pass	  },
gate	Require every selected job to pass	  "shared": {
gate	Require every selected job to pass	    "result": "skipped",
gate	Require every selected job to pass	    "outputs": {}
gate	Require every selected job to pass	  },
gate	Require every selected job to pass	  "compatibility": {
gate	Require every selected job to pass	    "result": "skipped",
gate	Require every selected job to pass	    "outputs": {}
gate	Require every selected job to pass	  },
gate	Require every selected job to pass	  "deploy": {
gate	Require every selected job to pass	    "result": "skipped",
gate	Require every selected job to pass	    "outputs": {}
gate	Require every selected job to pass	  }
gate	Require every selected job to pass	}
gate	Require every selected job to pass	2026-10-03T11:56:13.4471590Z   PYTHONDONTWRITEBYTECODE: 1
gate	Require every selected job to pass	2026-10-03T11:56:13.4471759Z ##[endgroup]
gate	Require every selected job to pass	2026-10-03T11:56:13.4672789Z FAIL: classification and repository recovery did not pass
gate	Require every selected job to pass	2026-10-03T11:56:13.4705485Z ##[error]Process completed with exit code 1.
